2.684: [GC 34560K->21486K(125248K), 0.0615853 secs]
2.967: [GC 37212K(125248K), 0.0125627 secs]
3.094: [GC 56046K->32727K(125248K), 0.0189210 secs]
3.195: [GC 67287K->36966K(125248K), 0.0064279 secs]
3.273: [GC 71526K->36656K(125248K), 0.0021206 secs]
3.964: [GC 53008K(125248K), 0.0108301 secs]
4.229: [GC 70141K->65883K(125248K), 0.0331815 secs]
4.517: [GC 78958K(125248K), 0.0115133 secs]
4.560: [GC 100443K->70488K(125248K), 0.0094475 secs]
4.621: [GC 105048K->72528K(125248K), 0.0084635 secs]
4.913: [GC 107088K->79225K(125248K), 0.0106945 secs]
5.379: [GC 99242K(125248K), 0.0071008 secs]
5.666: [GC 87460K->74582K(125248K), 0.0280054 secs]
5.696: [GC 77343K(125248K), 0.0041117 secs]
5.727: [GC 109142K->78739K(125248K), 0.0062672 secs]
5.763: [GC 113299K->77670K(125248K), 0.0022592 secs]
5.940: [GC 112230K->85103K(125248K), 0.0101775 secs]
6.505: [GC 108833K(125248K), 0.0078019 secs]
6.670: [GC 93528K->82905K(129984K), 0.0316405 secs]
6.707: [GC 87046K(129984K), 0.0051694 secs]
6.733: [GC 117465K->87450K(129984K), 0.0062454 secs]
6.763: [GC 122010K->88297K(129984K), 0.0040321 secs]
7.196: [GC 122857K->103037K(138432K), 0.0213386 secs]
7.422: [GC 137597K->115415K(151104K), 0.0182003 secs]
7.441: [GC 116110K(151104K), 0.0042778 secs]
7.468: [GC 127821K->97404K(151296K), 0.0066110 secs]
7.761: [GC 125036K->95435K(182840K), 0.0102336 secs]
7.833: [GC 100300K(182840K), 0.0056726 secs]
8.183: [GC 129995K->115529K(182840K), 0.0266616 secs]
8.210: [GC 116224K(182840K), 0.0078170 secs]
8.241: [GC 142747K->112336K(182840K), 0.0059471 secs]
8.346: [GC 129750K->94435K(190664K), 0.0025578 secs]
8.415: [GC 99344K(190664K), 0.0050594 secs]
8.615: [GC 128995K->108408K(190664K), 0.0184951 secs]
8.680: [GC 132734K(190664K), 0.0162471 secs]
8.982: [GC 119106K->91735K(190664K), 0.0111695 secs]
9.056: [GC 97295K(190664K), 0.0062477 secs]
9.332: [GC 126295K->111226K(190664K), 0.0276244 secs]
9.382: [GC 145786K->114469K(190664K), 0.0091444 secs]
9.414: [GC 149029K->114382K(190664K), 0.0023166 secs]
9.424: [GC 115773K(190664K), 0.0014638 secs]
10.038: [GC 115560K->108567K(190664K), 0.0321524 secs]
10.073: [GC 114128K(190664K), 0.0062756 secs]
10.098: [GC 143127K->112909K(190664K), 0.0058929 secs]
10.128: [GC 147469K->112075K(190664K), 0.0025029 secs]
10.560: [GC 146635K->128827K(190664K), 0.0224027 secs]
10.582: [GC 129522K(190664K), 0.0074786 secs]
10.774: [GC 139329K->117112K(206320K), 0.0162086 secs]
10.793: [GC 121977K(206320K), 0.0057342 secs]
10.818: [GC 151672K->120301K(206320K), 0.0061607 secs]
10.950: [GC 154861K->123114K(206320K), 0.0056235 secs]
11.107: [GC 157674K->131923K(206320K), 0.0128523 secs]
11.130: [GC 141654K(206320K), 0.0027197 secs]
11.729: [GC 141780K->128343K(210404K), 0.0292428 secs]
11.806: [GC 133903K(210404K), 0.0060058 secs]
11.855: [GC 162903K->135521K(210404K), 0.0109943 secs]
11.890: [GC 170081K->139870K(210404K), 0.0062156 secs]
12.276: [GC 174430K->150298K(210404K), 0.0183668 secs]
12.548: [GC 184858K->165494K(210404K), 0.0208068 secs]
12.590: [GC 200054K->169656K(210404K), 0.0066399 secs]
12.616: [GC 200934K(210404K), 0.0064462 secs]
12.806: [GC 168782K->135783K(255712K), 0.0050594 secs]
12.862: [GC 140649K(255712K), 0.0056053 secs]
13.220: [GC 170343K->160588K(255712K), 0.0311947 secs]
13.273: [GC 195148K->164730K(255712K), 0.0072227 secs]
13.302: [GC 199290K->163642K(255712K), 0.0023339 secs]
13.322: [GC 173373K(255712K), 0.0026427 secs]
13.587: [GC 174417K->153093K(266920K), 0.0161390 secs]
13.606: [GC 157958K(266920K), 0.0057621 secs]
13.899: [GC 187653K->156558K(266920K), 0.0068711 secs]
14.215: [GC 175325K(266920K), 0.0078096 secs]
14.491: [GC 142357K->131985K(266920K), 0.0297806 secs]
14.526: [GC 139630K(266920K), 0.0079693 secs]
14.553: [GC 166545K->135141K(266920K), 0.0065389 secs]
14.584: [GC 169701K->135059K(266920K), 0.0023926 secs]
15.037: [GC 169619K->153666K(266920K), 0.0245246 secs]
15.234: [GC 188226K->164514K(266920K), 0.0161926 secs]
15.273: [GC 199074K->168740K(266920K), 0.0064937 secs]
15.713: [GC 203300K->170959K(266920K), 0.0056396 secs]
15.829: [GC 178605K(266920K), 0.0068048 secs]
16.151: [GC 196392K->186928K(301424K), 0.0305186 secs]
16.188: [GC 197354K(301424K), 0.0098808 secs]
16.213: [GC 221488K->191072K(301424K), 0.0068827 secs]
16.241: [GC 225632K->190308K(301424K), 0.0024144 secs]
16.627: [GC 224868K->198685K(301424K), 0.0126573 secs]
17.086: [GC 225601K(301424K), 0.0073455 secs]
17.220: [GC 207053K->190374K(301424K), 0.0260272 secs]
17.406: [GC 199722K->175796K(306976K), 0.0147753 secs]
17.427: [GC 184136K(306976K), 0.0085629 secs]
17.453: [GC 210356K->179039K(306976K), 0.0069741 secs]
17.677: [GC 213599K->181914K(306976K), 0.0049314 secs]
19.005: [GC 216474K->207300K(306976K), 0.0329878 secs]
19.039: [GC 207995K(306976K), 0.0102246 secs]
19.071: [GC 241448K->211032K(306976K), 0.0065251 secs]
19.100: [GC 240208K->204548K(306976K), 0.0024362 secs]
19.508: [GC 213420K->196712K(331940K), 0.0221397 secs]
19.603: [GC 205052K(331940K), 0.0080678 secs]
19.673: [GC 231272K->208327K(331940K), 0.0158558 secs]
19.712: [GC 242887K->212551K(331940K), 0.0060042 secs]
19.824: [GC 247111K->214177K(331940K), 0.0051781 secs]
20.362: [GC 248737K->217518K(331940K), 0.0074193 secs]
20.730: [GC 252078K->241747K(331940K), 0.0340129 secs]
20.764: [GC 242442K(331940K), 0.0073917 secs]
20.794: [GC 260657K->229309K(331940K), 0.0068333 secs]
20.824: [GC 254299K->219642K(331940K), 0.0025103 secs]
21.277: [GC 227770K->212521K(355744K), 0.0253335 secs]
21.336: [GC 217386K(355744K), 0.0056011 secs]
21.448: [GC 247081K->222890K(355744K), 0.0144036 secs]
21.488: [GC 257450K->227118K(355744K), 0.0068182 secs]
21.712: [GC 261678K->229007K(355744K), 0.0049866 secs]
22.269: [GC 251944K(355744K), 0.0076720 secs]
22.363: [GC 245147K->235975K(355744K), 0.0318364 secs]
22.417: [GC 263091K->232675K(355744K), 0.0058984 secs]
22.445: [GC 267235K->231576K(419804K), 0.0025145 secs]
22.451: [GC 236441K(419804K), 0.0049805 secs]
22.643: [GC 266136K->239719K(419804K), 0.0109969 secs]
23.219: [GC 274279K->257559K(419804K), 0.0293043 secs]
23.249: [GC 258254K(419804K), 0.0060411 secs]
23.396: [GC 240108K->215500K(419804K), 0.0155107 secs]
23.435: [GC 236961K->206726K(419804K), 0.0080822 secs]
23.649: [GC 228982K->196512K(419804K), 0.0052974 secs]
23.759: [GC 204157K(419804K), 0.0076755 secs]
24.045: [GC 231072K->221498K(419804K), 0.0315285 secs]
24.099: [GC 256058K->225643K(419804K), 0.0062242 secs]
24.129: [GC 260203K->224881K(419804K), 0.0024041 secs]
24.521: [GC 252689K(419804K), 0.0083163 secs]
24.649: [GC 259441K->244531K(419804K), 0.0257058 secs]
24.796: [GC 277218K->250764K(419804K), 0.0115819 secs]
24.831: [GC 285138K->254940K(419804K), 0.0061280 secs]
25.193: [GC 287167K->265819K(452716K), 0.0176140 secs]
25.217: [GC 276245K(452716K), 0.0100136 secs]
25.243: [GC 300379K->269467K(452716K), 0.0064805 secs]
25.945: [GC 304027K->295786K(452716K), 0.0342704 secs]
26.002: [GC 330346K->299406K(452716K), 0.0063371 secs]
26.030: [GC 333966K->298953K(452716K), 0.0028413 secs]
26.799: [GC 333513K->323029K(452716K), 0.0323749 secs]
26.896: [GC 357589K->328634K(452716K), 0.0095104 secs]
26.927: [GC 363194K->332886K(452716K), 0.0068654 secs]
26.939: [GC 341226K(452716K), 0.0054180 secs]
27.391: [GC 292340K->274040K(461536K), 0.0246109 secs]
27.558: [GC 284467K(461536K), 0.0094914 secs]
27.609: [GC 308600K->285019K(461536K), 0.0158706 secs]
27.649: [GC 319579K->288172K(461536K), 0.0065944 secs]
27.972: [GC 322732K->298693K(461536K), 0.0155380 secs]
28.171: [GC 333253K->309056K(461536K), 0.0144504 secs]
28.395: [GC 343616K->313561K(461536K), 0.0075690 secs]
28.922: [GC 342060K(461536K), 0.0067355 secs]
28.968: [GC 348121K->339016K(461536K), 0.0315093 secs]
29.023: [GC 373576K->343082K(461536K), 0.0065466 secs]
29.052: [GC 377002K->341470K(461536K), 0.0029012 secs]
29.758: [GC 313323K->306553K(498376K), 0.0305622 secs]
29.794: [GC 315588K(498376K), 0.0087105 secs]
29.821: [GC 341113K->310882K(498376K), 0.0059202 secs]
29.850: [GC 345442K->309532K(498376K), 0.0029045 secs]
30.395: [GC 344092K->336832K(498376K), 0.0346591 secs]
30.454: [GC 371392K->340718K(498376K), 0.0070809 secs]
30.484: [GC 375278K->342779K(498376K), 0.0051271 secs]
30.948: [GC 377339K->363855K(498376K), 0.0279958 secs]
31.000: [GC 398415K->369269K(498376K), 0.0093032 secs]
31.229: [GC 403829K->371264K(498376K), 0.0055459 secs]
31.316: [GC 378214K(498376K), 0.0050254 secs]
31.727: [GC 337582K->329623K(537352K), 0.0352816 secs]
31.768: [GC 338657K(537352K), 0.0089202 secs]
31.796: [GC 364183K->333550K(537352K), 0.0070812 secs]
31.827: [GC 368110K->332903K(537352K), 0.0025218 secs]
32.350: [GC 367463K->355239K(537352K), 0.0339567 secs]
32.482: [GC 389799K->362831K(537352K), 0.0130887 secs]
32.519: [GC 397391K->367074K(537352K), 0.0081800 secs]
32.535: [GC 378193K(537352K), 0.0104639 secs]
32.907: [GC 331038K->308858K(537352K), 0.0185303 secs]
33.064: [GC 319977K(537352K), 0.0100735 secs]
33.167: [GC 343418K->324110K(537352K), 0.0204075 secs]
33.211: [GC 358670K->328279K(537352K), 0.0065806 secs]
33.411: [GC 362839K->331987K(537352K), 0.0077031 secs]
33.628: [GC 366547K->343667K(537352K), 0.0172250 secs]
33.973: [GC 378227K->352670K(537352K), 0.0135489 secs]
34.287: [GC 387230K->373171K(537352K), 0.0339545 secs]
34.344: [GC 407731K->377377K(537352K), 0.0085354 secs]
34.374: [GC 411937K->375924K(537352K), 0.0024032 secs]
34.981: [GC 410484K->401994K(537352K), 0.0425809 secs]
35.053: [GC 436554K->405860K(537352K), 0.0082159 secs]
35.084: [GC 440420K->409168K(537352K), 0.0063859 secs]
35.098: [GC 421678K(537352K), 0.0079590 secs]
35.549: [GC 418066K->396376K(672124K), 0.0213155 secs]
35.952: [GC 408886K(672124K), 0.0111172 secs]
36.026: [GC 430936K->410746K(672124K), 0.0206243 secs]
36.071: [GC 445306K->414902K(672124K), 0.0069581 secs]
36.222: [GC 449462K->416609K(672124K), 0.0054237 secs]
36.400: [GC 451169K->426433K(672124K), 0.0162413 secs]
37.161: [GC 460993K->444524K(672124K), 0.0267588 secs]
37.358: [GC 479084K->456205K(672124K), 0.0177693 secs]
37.384: [GC 468715K(672124K), 0.0089911 secs]
37.408: [GC 490765K->460572K(672124K), 0.0070068 secs]
37.660: [GC 495132K->464200K(672124K), 0.0083057 secs]
38.098: [GC 419825K->408556K(672124K), 0.0309740 secs]
38.152: [GC 440247K->409839K(672124K), 0.0072345 secs]
38.183: [GC 439544K->403907K(672124K), 0.0025930 secs]
38.708: [GC 434793K->424096K(700856K), 0.0326392 secs]
38.789: [GC 437995K(700856K), 0.0128606 secs]
38.816: [GC 458656K->429666K(700856K), 0.0096136 secs]
38.850: [GC 464226K->433914K(700856K), 0.0067999 secs]
39.142: [GC 468474K->444546K(700856K), 0.0157856 secs]
39.181: [GC 479106K->448222K(700856K), 0.0066826 secs]
39.854: [GC 482782K->473511K(700856K), 0.0337723 secs]
39.912: [GC 508071K->477122K(700856K), 0.0073606 secs]
39.943: [GC 511682K->477716K(700856K), 0.0028487 secs]
40.364: [GC 512276K->494102K(700856K), 0.0241029 secs]
40.577: [GC 528662K->506834K(700856K), 0.0204653 secs]
40.621: [GC 541394K->511114K(700856K), 0.0077134 secs]
40.805: [GC 545674K->511363K(700856K), 0.0040825 secs]
40.980: [GC 523873K(700856K), 0.0098176 secs]
41.672: [GC 504999K->497575K(700856K), 0.0406945 secs]
41.739: [GC 531062K->499595K(700856K), 0.0084962 secs]
41.776: [GC 528591K->494762K(700856K), 0.0032261 secs]
42.049: [GC 465613K->441438K(750984K), 0.0140508 secs]
42.072: [GC 454642K(750984K), 0.0125203 secs]
42.421: [GC 475998K->448919K(750984K), 0.0126714 secs]
42.776: [GC 483479K->469986K(750984K), 0.0277469 secs]
42.827: [GC 504546K->474295K(750984K), 0.0067974 secs]
42.856: [GC 508855K->473128K(750984K), 0.0032983 secs]
43.321: [GC 507688K->496157K(750984K), 0.0298887 secs]
43.437: [GC 530717K->502854K(750984K), 0.0129334 secs]
43.472: [GC 537414K->507092K(750984K), 0.0071736 secs]
43.758: [GC 541652K->514840K(750984K), 0.0131733 secs]
44.059: [GC 549400K->534437K(750984K), 0.0269865 secs]
44.109: [GC 568997K->538606K(750984K), 0.0087323 secs]
44.140: [GC 573166K->537534K(750984K), 0.0035129 secs]
44.533: [GC 572094K->547025K(750984K), 0.0143212 secs]
45.125: [GC 581585K->566339K(750984K), 0.0287492 secs]
45.243: [GC 600899K->574564K(750984K), 0.0156826 secs]
45.280: [GC 609124K->577072K(750984K), 0.0056174 secs]
45.295: [GC 591666K(750984K), 0.0098715 secs]
45.625: [GC 552156K->527007K(750984K), 0.0224730 secs]
45.946: [GC 508413K->491063K(821460K), 0.0231830 secs]
45.978: [GC 504267K(821460K), 0.0121448 secs]
46.005: [GC 525623K->495209K(821460K), 0.0072980 secs]
46.192: [GC 529769K->495430K(821460K), 0.0034750 secs]
46.650: [GC 529990K->520965K(821460K), 0.0347621 secs]
46.707: [GC 555525K->525030K(821460K), 0.0070883 secs]
46.737: [GC 559590K->524304K(821460K), 0.0028698 secs]
47.051: [GC 558864K->537649K(821460K), 0.0176843 secs]
47.330: [GC 572209K->540846K(821460K), 0.0072005 secs]
47.744: [GC 575406K->564707K(821460K), 0.0317110 secs]
47.798: [GC 599267K->568906K(821460K), 0.0070514 secs]
47.827: [GC 603466K->567789K(821460K), 0.0030950 secs]
48.365: [GC 602349K->589860K(821460K), 0.0329205 secs]
48.476: [GC 624420K->596112K(821460K), 0.0102692 secs]
48.509: [GC 630672K->600348K(821460K), 0.0071486 secs]
48.713: [GC 623978K(821460K), 0.0100989 secs]
48.866: [GC 634908K->611883K(821460K), 0.0181516 secs]
49.129: [GC 635096K->615104K(821460K), 0.0214970 secs]
49.172: [GC 649036K->618641K(821460K), 0.0073840 secs]
49.340: [GC 652589K->620520K(821460K), 0.0063432 secs]
49.515: [GC 654211K->629606K(821460K), 0.0145588 secs]
49.986: [GC 562644K->544055K(911844K), 0.0220134 secs]
50.178: [GC 557955K(911844K), 0.0120656 secs]
50.221: [GC 578615K->557382K(911844K), 0.0188671 secs]
50.263: [GC 591942K->561721K(911844K), 0.0069911 secs]
50.478: [GC 596281K->563143K(911844K), 0.0060331 secs]
50.924: [GC 597703K->587216K(911844K), 0.0314647 secs]
50.978: [GC 621776K->591365K(911844K), 0.0069209 secs]
51.007: [GC 625925K->590273K(911844K), 0.0034901 secs]
51.551: [GC 624833K->613773K(911844K), 0.0340456 secs]
51.627: [GC 648333K->618779K(911844K), 0.0088028 secs]
51.658: [GC 653339K->622914K(911844K), 0.0070761 secs]
51.962: [GC 657474K->633462K(911844K), 0.0167365 secs]
52.000: [GC 668022K->637099K(911844K), 0.0072929 secs]
52.683: [GC 671659K->662223K(911844K), 0.0342928 secs]
52.741: [GC 696783K->665834K(911844K), 0.0095928 secs]
52.773: [GC 700394K->667421K(911844K), 0.0061809 secs]
53.125: [GC 701981K->680047K(911844K), 0.0183985 secs]
53.367: [GC 714607K->696123K(911844K), 0.0230067 secs]
53.412: [GC 730683K->700276K(911844K), 0.0070485 secs]
53.441: [GC 734836K->699184K(911844K), 0.0038705 secs]
53.712: [GC 712389K(911844K), 0.0091085 secs]
54.016: [GC 683908K->676822K(911844K), 0.0387640 secs]
54.079: [GC 710912K->680700K(911844K), 0.0072271 secs]
54.110: [GC 712822K->677789K(911844K), 0.0035600 secs]
54.303: [GC 678764K->653061K(911844K), 0.0139501 secs]
54.705: [GC 631988K->607892K(1027420K), 0.0170788 secs]
54.872: [GC 621791K(1027420K), 0.0118289 secs]
54.954: [GC 642452K->624911K(1027420K), 0.0245865 secs]
55.002: [GC 659471K->629234K(1027420K), 0.0082009 secs]
55.033: [GC 663794K->628064K(1027420K), 0.0032447 secs]
55.557: [GC 662624K->654059K(1027420K), 0.0379828 secs]
55.620: [GC 688619K->657921K(1027420K), 0.0099177 secs]
55.653: [GC 692481K->661930K(1027420K), 0.0066335 secs]
55.984: [GC 696490K->671320K(1027420K), 0.0155807 secs]
56.229: [GC 703983K->688900K(1027420K), 0.0229861 secs]
56.278: [GC 723460K->693356K(1027420K), 0.0107740 secs]
56.313: [GC 727916K->694360K(1027420K), 0.0082400 secs]
56.482: [GC 728920K->702296K(1027420K), 0.0120037 secs]
57.044: [GC 736856K->723291K(1027420K), 0.0321556 secs]
57.145: [GC 757851K->729491K(1027420K), 0.0104459 secs]
57.179: [GC 764051K->733806K(1027420K), 0.0075434 secs]
57.464: [GC 768366K->740913K(1027420K), 0.0128975 secs]
57.748: [GC 775473K->760842K(1027420K), 0.0274127 secs]
57.797: [GC 795402K->763975K(1027420K), 0.0071585 secs]
57.826: [GC 798535K->764251K(1027420K), 0.0031697 secs]
58.324: [GC 798811K->787810K(1027420K), 0.0337261 secs]
58.404: [GC 822370K->793071K(1027420K), 0.0095354 secs]
58.435: [GC 827631K->796271K(1027420K), 0.0071505 secs]
58.450: [GC 810142K(1027420K), 0.0081627 secs]
58.630: [GC 810574K->783917K(1027420K), 0.0129023 secs]
58.963: [GC 818397K->791211K(1027420K), 0.0132461 secs]
59.264: [GC 782052K->768425K(1027420K), 0.0289685 secs]
59.316: [GC 796717K->765390K(1027420K), 0.0079821 secs]
59.348: [GC 798115K->763456K(1027420K), 0.0029692 secs]
59.832: [GC 704020K->691814K(1027420K), 0.0303255 secs]
59.954: [GC 726374K->699153K(1184728K), 0.0116044 secs]
59.989: [GC 733713K->702349K(1184728K), 0.0080604 secs]
60.005: [GC 715524K(1184728K), 0.0104677 secs]
60.267: [GC 736909K->708586K(1184728K), 0.0117243 secs]
60.624: [GC 743146K->730627K(1184728K), 0.0315661 secs]
60.679: [GC 765187K->734779K(1184728K), 0.0081043 secs]
60.710: [GC 769339K->733681K(1184728K), 0.0034510 secs]
60.904: [GC 768241K->742855K(1184728K), 0.0134447 secs]
61.433: [GC 777415K->763488K(1184728K), 0.0353532 secs]
61.577: [GC 798048K->771193K(1184728K), 0.0129562 secs]
61.613: [GC 805753K->775526K(1184728K), 0.0080703 secs]
61.954: [GC 810086K->784449K(1184728K), 0.0204624 secs]
62.268: [GC 819009K->802883K(1184728K), 0.0256430 secs]
62.315: [GC 837443K->807047K(1184728K), 0.0075934 secs]
62.345: [GC 841607K->805955K(1184728K), 0.0034837 secs]
62.889: [GC 840515K->832245K(1184728K), 0.0350481 secs]
62.947: [GC 866805K->836600K(1184728K), 0.0087265 secs]
62.978: [GC 871160K->839141K(1184728K), 0.0076797 secs]
63.212: [GC 873701K->848499K(1184728K), 0.0148286 secs]
63.487: [GC 883059K->851432K(1184728K), 0.0098349 secs]
64.041: [GC 885992K->875832K(1184728K), 0.0357858 secs]
64.099: [GC 910392K->880085K(1184728K), 0.0075864 secs]
64.129: [GC 914645K->878958K(1184728K), 0.0032463 secs]
64.538: [GC 907391K(1184728K), 0.0107246 secs]
64.633: [GC 913518K->902552K(1184728K), 0.0326075 secs]
64.735: [GC 933578K->905274K(1184728K), 0.0118580 secs]
64.769: [GC 936263K->905944K(1184728K), 0.0077483 secs]
65.084: [GC 881536K->857059K(1184728K), 0.0197638 secs]
65.341: [GC 847638K->829987K(1184728K), 0.0253309 secs]
65.390: [GC 859049K->828653K(1184728K), 0.0081932 secs]
65.498: [GC 856846K->822212K(1184728K), 0.0038814 secs]
65.712: [GC 846135K->823484K(1184728K), 0.0199219 secs]
66.163: [GC 773490K->752683K(1263252K), 0.0210316 secs]
66.349: [GC 765858K(1263252K), 0.0113433 secs]
66.414: [GC 787243K->767139K(1263252K), 0.0214008 secs]
66.458: [GC 801699K->771469K(1263252K), 0.0081274 secs]
66.651: [GC 806029K->772004K(1263252K), 0.0048612 secs]
67.091: [GC 806564K->797943K(1263252K), 0.0346335 secs]
67.155: [GC 832503K->802089K(1263252K), 0.0077239 secs]
67.187: [GC 836649K->801337K(1263252K), 0.0039359 secs]
67.636: [GC 835897K->821906K(1263252K), 0.0304265 secs]
67.760: [GC 856466K->829891K(1263252K), 0.0129315 secs]
67.795: [GC 864451K->834125K(1263252K), 0.0073551 secs]
68.048: [GC 868685K->842757K(1263252K), 0.0151692 secs]
68.089: [GC 877317K->846439K(1263252K), 0.0081851 secs]
68.710: [GC 880999K->872002K(1263252K), 0.0342358 secs]
68.769: [GC 906562K->875994K(1263252K), 0.0083144 secs]
68.800: [GC 910554K->878296K(1263252K), 0.0063827 secs]
69.182: [GC 912856K->892688K(1263252K), 0.0235535 secs]
69.372: [GC 927248K->905793K(1263252K), 0.0193620 secs]
69.415: [GC 940353K->909949K(1263252K), 0.0092814 secs]
69.634: [GC 944509K->912711K(1263252K), 0.0076133 secs]
70.026: [GC 947271K->936633K(1263252K), 0.0324195 secs]
70.081: [GC 971193K->940780K(1263252K), 0.0080055 secs]
70.111: [GC 975340K->939690K(1263252K), 0.0034545 secs]
70.375: [GC 974250K->952159K(1263252K), 0.0176971 secs]
70.729: [GC 986719K->959838K(1263252K), 0.0145922 secs]
71.028: [GC 994398K->979692K(1263252K), 0.0281157 secs]
71.056: [GC 980386K(1263252K), 0.0065001 secs]
71.086: [GC 1010863K->980611K(1263252K), 0.0083455 secs]
71.117: [GC 1011613K->975899K(1263252K), 0.0034202 secs]
71.664: [GC 988139K->980309K(1263252K), 0.0370511 secs]
71.725: [GC 1014570K->983879K(1263252K), 0.0080059 secs]
71.757: [GC 1018388K->984341K(1263252K), 0.0039843 secs]
72.161: [GC 920134K->901647K(1263252K), 0.0261494 secs]
72.355: [GC 925894K->903762K(1263252K), 0.0181987 secs]
72.398: [GC 931337K->901049K(1263252K), 0.0072419 secs]
72.562: [GC 928162K->897430K(1263252K), 0.0088580 secs]
72.686: [GC 925233K->898522K(1263252K), 0.0132086 secs]
73.197: [GC 891297K->877442K(1459600K), 0.0313098 secs]
73.319: [GC 891310K(1459600K), 0.0121717 secs]
73.345: [GC 912002K->886118K(1459600K), 0.0141195 secs]
73.382: [GC 920678K->890469K(1459600K), 0.0076386 secs]
73.641: [GC 925029K->897818K(1459600K), 0.0142067 secs]
73.938: [GC 932378K->917666K(1459600K), 0.0264801 secs]
73.987: [GC 952226K->921825K(1459600K), 0.0078731 secs]
74.017: [GC 956385K->921085K(1459600K), 0.0035318 secs]
74.517: [GC 955645K->946376K(1459600K), 0.0353291 secs]
74.599: [GC 980936K->950874K(1459600K), 0.0089093 secs]
74.631: [GC 985434K->954576K(1459600K), 0.0072573 secs]
74.873: [GC 989136K->963871K(1459600K), 0.0158796 secs]
74.971: [GC 998431K->966835K(1459600K), 0.0106775 secs]
75.597: [GC 1001395K->992503K(1459600K), 0.0350142 secs]
75.653: [GC 1027063K->996612K(1459600K), 0.0075463 secs]
75.684: [GC 1031172K->995545K(1459600K), 0.0036771 secs]
76.064: [GC 1030105K->1010673K(1459600K), 0.0220034 secs]
76.311: [GC 1045233K->1025131K(1459600K), 0.0214659 secs]
76.355: [GC 1059691K->1029341K(1459600K), 0.0080565 secs]
76.510: [GC 1063901K->1029469K(1459600K), 0.0045517 secs]
77.010: [GC 1064029K->1056378K(1459600K), 0.0382268 secs]
77.071: [GC 1090938K->1060395K(1459600K), 0.0083048 secs]
77.103: [GC 1094955K->1060123K(1459600K), 0.0115764 secs]
77.347: [GC 1094683K->1070873K(1459600K), 0.0174123 secs]
77.675: [GC 1105433K->1077048K(1459600K), 0.0131874 secs]
78.021: [GC 1111608K->1098620K(1459600K), 0.0308335 secs]
78.076: [GC 1133180K->1101860K(1459600K), 0.0104700 secs]
78.110: [GC 1136420K->1101775K(1459600K), 0.0036514 secs]
78.318: [GC 1114257K(1459600K), 0.0101345 secs]
78.615: [GC 1098909K->1088284K(1459600K), 0.0354163 secs]
78.705: [GC 1117861K->1088319K(1459600K), 0.0102208 secs]
78.738: [GC 1122103K->1091678K(1459600K), 0.0080806 secs]
79.106: [GC 1035501K->1012616K(1459600K), 0.0213267 secs]
79.327: [GC 1026713K->1006905K(1459600K), 0.0222526 secs]
79.374: [GC 1035806K->1005412K(1459600K), 0.0091669 secs]
79.509: [GC 1033133K->1000320K(1459600K), 0.0070973 secs]
79.666: [GC 1027824K->1003361K(1459600K), 0.0167680 secs]
80.149: [GC 956810K->940795K(1568788K), 0.0258210 secs]
80.303: [GC 954664K(1568788K), 0.0121329 secs]
80.329: [GC 975355K->951598K(1568788K), 0.0172545 secs]
80.369: [GC 986158K->955947K(1568788K), 0.0086232 secs]
80.647: [GC 990507K->961367K(1568788K), 0.0131345 secs]
80.967: [GC 995927K->982229K(1568788K), 0.0288063 secs]
81.018: [GC 1016789K->986385K(1568788K), 0.0083487 secs]
81.049: [GC 1020945K->985299K(1568788K), 0.0036322 secs]
81.582: [GC 1019859K->1011282K(1568788K), 0.0367897 secs]
81.644: [GC 1045842K->1015150K(1568788K), 0.0084545 secs]
81.676: [GC 1049710K->1017299K(1568788K), 0.0060690 secs]
81.968: [GC 1051859K->1028973K(1568788K), 0.0176788 secs]
82.187: [GC 1063533K->1030550K(1568788K), 0.0067422 secs]
82.614: [GC 1065110K->1056355K(1568788K), 0.0334330 secs]
82.670: [GC 1090915K->1060026K(1568788K), 0.0076669 secs]
82.701: [GC 1094586K->1059469K(1568788K), 0.0037165 secs]
83.125: [GC 1094029K->1078531K(1568788K), 0.0275917 secs]
83.325: [GC 1113091K->1088591K(1568788K), 0.0161923 secs]
83.365: [GC 1123151K->1092823K(1568788K), 0.0082624 secs]
83.658: [GC 1127383K->1099791K(1568788K), 0.0150694 secs]
84.003: [GC 1134351K->1120698K(1568788K), 0.0289615 secs]
84.054: [GC 1155258K->1125043K(1568788K), 0.0079796 secs]
84.085: [GC 1159603K->1124160K(1568788K), 0.0045353 secs]
84.386: [GC 1158720K->1137134K(1568788K), 0.0190704 secs]
84.963: [GC 1171694K->1146160K(1568788K), 0.0167683 secs]
85.233: [GC 1180720K->1164905K(1568788K), 0.0266257 secs]
85.282: [GC 1199465K->1169220K(1568788K), 0.0082297 secs]
85.313: [GC 1203780K->1168070K(1568788K), 0.0037553 secs]
85.827: [GC 1202630K->1194266K(1568788K), 0.0370722 secs]
85.889: [GC 1228826K->1198137K(1568788K), 0.0088397 secs]
85.920: [GC 1232697K->1200725K(1568788K), 0.0068933 secs]
86.284: [GC 1235285K->1215846K(1568788K), 0.0244720 secs]
86.475: [GC 1250406K->1229238K(1568788K), 0.0205207 secs]
86.518: [GC 1263798K->1232381K(1568788K), 0.0082743 secs]
86.690: [GC 1266941K->1238042K(1568788K), 0.0112503 secs]
86.808: [GC 1253298K(1568788K), 0.0092467 secs]
86.830: [GC 1270432K->1243736K(1568788K), 0.0145216 secs]
87.341: [GC 1240520K->1226517K(1568788K), 0.0319766 secs]
87.698: [GC 1260865K->1235253K(1568788K), 0.0147737 secs]
87.736: [GC 1269602K->1239394K(1568788K), 0.0081579 secs]
88.032: [GC 1240839K->1214676K(1568788K), 0.0177968 secs]
88.321: [GC 1199199K->1182575K(1568788K), 0.0266157 secs]
88.371: [GC 1211157K->1180760K(1568788K), 0.0081566 secs]
88.533: [GC 1209221K->1174579K(1568788K), 0.0046341 secs]
88.951: [GC 1117745K->1109661K(1568788K), 0.0335363 secs]
89.008: [GC 1136344K->1105778K(1568788K), 0.0077807 secs]
89.040: [GC 1132212K->1096953K(1568788K), 0.0043750 secs]
89.323: [GC 1121073K->1100077K(1844276K), 0.0179546 secs]
89.350: [GC 1113945K(1844276K), 0.0128006 secs]
89.572: [GC 1134637K->1102268K(1844276K), 0.0083349 secs]
89.981: [GC 1136828K->1127133K(1844276K), 0.0338358 secs]
90.038: [GC 1161693K->1131131K(1844276K), 0.0083551 secs]
90.069: [GC 1165691K->1130435K(1844276K), 0.0053314 secs]
90.529: [GC 1164995K->1150762K(1844276K), 0.0286042 secs]
90.656: [GC 1185322K->1159026K(1844276K), 0.0141666 secs]
90.693: [GC 1193586K->1163259K(1844276K), 0.0082660 secs]
90.994: [GC 1197819K->1171514K(1844276K), 0.0156612 secs]
91.283: [GC 1206074K->1190028K(1844276K), 0.0257536 secs]
91.331: [GC 1224588K->1194191K(1844276K), 0.0083792 secs]
91.362: [GC 1228751K->1193111K(1844276K), 0.0042550 secs]
91.630: [GC 1227671K->1206827K(1844276K), 0.0194992 secs]
92.064: [GC 1241387K->1218370K(1844276K), 0.0192831 secs]
92.352: [GC 1252930K->1234534K(1844276K), 0.0233412 secs]
92.398: [GC 1269094K->1238849K(1844276K), 0.0087326 secs]
92.828: [GC 1273409K->1239261K(1844276K), 0.0055754 secs]
93.258: [GC 1273821K->1265440K(1844276K), 0.0354115 secs]
93.315: [GC 1300000K->1269590K(1844276K), 0.0088712 secs]
93.347: [GC 1304150K->1268851K(1844276K), 0.0043913 secs]
93.841: [GC 1303411K->1290138K(1844276K), 0.0339401 secs]
93.966: [GC 1324698K->1297415K(1844276K), 0.0134113 secs]
94.002: [GC 1331975K->1301653K(1844276K), 0.0087605 secs]
94.265: [GC 1336213K->1310851K(1844276K), 0.0174024 secs]
94.310: [GC 1345411K->1315263K(1844276K), 0.0092875 secs]
94.857: [GC 1349823K->1337848K(1844276K), 0.0342800 secs]
95.230: [GC 1372408K->1343854K(1844276K), 0.0119158 secs]
95.264: [GC 1378414K->1348154K(1844276K), 0.0087810 secs]
95.616: [GC 1382714K->1359318K(1844276K), 0.0197100 secs]
95.850: [GC 1393878K->1374498K(1844276K), 0.0234492 secs]
95.896: [GC 1409058K->1378665K(1844276K), 0.0087519 secs]
96.089: [GC 1413225K->1380331K(1844276K), 0.0073824 secs]
96.425: [GC 1406684K(1844276K), 0.0103507 secs]
96.466: [GC 1414891K->1405228K(1844276K), 0.0346020 secs]
96.522: [GC 1437131K->1406719K(1844276K), 0.0096005 secs]
96.555: [GC 1438540K->1402893K(1844276K), 0.0049680 secs]
96.845: [GC 1401911K->1381156K(1844276K), 0.0215573 secs]
97.130: [GC 1414320K->1383434K(1844276K), 0.0104363 secs]
97.491: [GC 1354595K->1343946K(1844276K), 0.0386755 secs]
97.554: [GC 1374243K->1343983K(1844276K), 0.0103106 secs]
97.588: [GC 1373644K->1337931K(1844276K), 0.0054125 secs]
98.080: [GC 1332071K->1320479K(1844276K), 0.0362884 secs]
98.170: [GC 1351008K->1322290K(1844276K), 0.0119956 secs]
98.206: [GC 1350917K->1320596K(1844276K), 0.0092275 secs]
98.565: [GC 1282556K->1258946K(1844276K), 0.0189514 secs]
98.794: [GC 1258350K->1239135K(1844276K), 0.0221542 secs]
98.840: [GC 1266134K->1235741K(1844276K), 0.0091281 secs]
98.985: [GC 1263822K->1230798K(1844276K), 0.0066877 secs]
99.141: [GC 1259142K->1235469K(1844276K), 0.0174444 secs]
99.602: [GC 1232741K->1214396K(2028672K), 0.0240628 secs]
99.774: [GC 1228265K(2028672K), 0.0119296 secs]
99.809: [GC 1248956K->1227377K(2028672K), 0.0205012 secs]
99.853: [GC 1261937K->1231722K(2028672K), 0.0086553 secs]
100.105: [GC 1266282K->1235480K(2028672K), 0.0126640 secs]
100.462: [GC 1270040K->1258178K(2028672K), 0.0313002 secs]
100.516: [GC 1292738K->1262334K(2028672K), 0.0086162 secs]
100.547: [GC 1296894K->1261593K(2028672K), 0.0044603 secs]
101.068: [GC 1296153K->1285931K(2028672K), 0.0358634 secs]
101.130: [GC 1320491K->1290506K(2028672K), 0.0106589 secs]
101.164: [GC 1325066K->1294140K(2028672K), 0.0080854 secs]
101.440: [GC 1328700K->1305430K(2028672K), 0.0179203 secs]
101.481: [GC 1339990K->1309089K(2028672K), 0.0086062 secs]
102.206: [GC 1343649K->1333553K(2028672K), 0.0376906 secs]
102.268: [GC 1368113K->1337163K(2028672K), 0.0088635 secs]
102.299: [GC 1371723K->1339010K(2028672K), 0.0068525 secs]
102.716: [GC 1373570K->1354554K(2028672K), 0.0251071 secs]
102.956: [GC 1389114K->1370778K(2028672K), 0.0268232 secs]
103.006: [GC 1405338K->1374931K(2028672K), 0.0090710 secs]
103.194: [GC 1409491K->1375922K(2028672K), 0.0068548 secs]
103.603: [GC 1410482K->1401261K(2028672K), 0.0355318 secs]
103.661: [GC 1435821K->1405406K(2028672K), 0.0089276 secs]
103.692: [GC 1439966K->1404653K(2028672K), 0.0042194 secs]
103.985: [GC 1439213K->1417826K(2028672K), 0.0199919 secs]
104.289: [GC 1452386K->1421923K(2028672K), 0.0110453 secs]
104.668: [GC 1456483K->1444848K(2028672K), 0.0320930 secs]
104.723: [GC 1479408K->1449150K(2028672K), 0.0089924 secs]
104.754: [GC 1483710K->1447996K(2028672K), 0.0041928 secs]
105.258: [GC 1482556K->1472520K(2028672K), 0.0355071 secs]
105.322: [GC 1507080K->1477063K(2028672K), 0.0102920 secs]
105.355: [GC 1511623K->1480722K(2028672K), 0.0100485 secs]
105.717: [GC 1515282K->1493639K(2028672K), 0.0228412 secs]
105.926: [GC 1528199K->1507292K(2028672K), 0.0233556 secs]
105.971: [GC 1541852K->1511458K(2028672K), 0.0095591 secs]
106.134: [GC 1546018K->1514613K(2028672K), 0.0097246 secs]
106.271: [GC 1549173K->1524177K(2028672K), 0.0174306 secs]
106.728: [GC 1558737K->1540891K(2028672K), 0.0272626 secs]
106.935: [GC 1555437K(2028672K), 0.0098529 secs]
106.958: [GC 1573267K->1551160K(2028672K), 0.0208469 secs]
107.001: [GC 1582787K->1552572K(2028672K), 0.0097329 secs]
107.279: [GC 1583952K->1553773K(2028672K), 0.0115040 secs]
107.669: [GC 1548486K->1535796K(2028672K), 0.0326257 secs]
107.726: [GC 1566211K->1535806K(2028672K), 0.0089196 secs]
107.760: [GC 1567398K->1531748K(2028672K), 0.0040575 secs]
108.286: [GC 1544459K->1535310K(2028672K), 0.0380774 secs]
108.354: [GC 1567419K->1537253K(2028672K), 0.0091698 secs]
108.390: [GC 1570368K->1538042K(2028672K), 0.0077980 secs]
108.702: [GC 1503582K->1481128K(2028672K), 0.0215185 secs]
108.751: [GC 1510081K->1479141K(2028672K), 0.0114722 secs]
109.340: [GC 1352697K->1332696K(2028672K), 0.0229733 secs]
109.574: [GC 1332695K->1311391K(2028672K), 0.0204964 secs]
109.619: [GC 1345951K->1315536K(2028672K), 0.0084635 secs]
109.825: [GC 1350096K->1318190K(2028672K), 0.0082233 secs]
110.237: [GC 1352750K->1342739K(2228688K), 0.0324067 secs]
110.279: [GC 1356591K(2228688K), 0.0125428 secs]
110.306: [GC 1377299K->1346885K(2228688K), 0.0093205 secs]
110.339: [GC 1381445K->1346149K(2228688K), 0.0047739 secs]
110.776: [GC 1380709K->1367527K(2228688K), 0.0309156 secs]
110.892: [GC 1402087K->1375275K(2228688K), 0.0138953 secs]
110.929: [GC 1409835K->1379494K(2228688K), 0.0087631 secs]
111.164: [GC 1414054K->1387585K(2228688K), 0.0154476 secs]
111.209: [GC 1422145K->1391996K(2228688K), 0.0098256 secs]
111.760: [GC 1426556K->1415227K(2228688K), 0.0344526 secs]
111.873: [GC 1449787K->1420874K(2228688K), 0.0112429 secs]
111.907: [GC 1455434K->1424105K(2228688K), 0.0081983 secs]
112.208: [GC 1458665K->1434323K(2228688K), 0.0188110 secs]
112.470: [GC 1468883K->1452192K(2228688K), 0.0256138 secs]
112.519: [GC 1486752K->1456363K(2228688K), 0.0091024 secs]
112.551: [GC 1490923K->1455282K(2228688K), 0.0044875 secs]
113.113: [GC 1489842K->1483491K(2228688K), 0.0368718 secs]
113.173: [GC 1518051K->1486401K(2228688K), 0.0296671 secs]
113.227: [GC 1520961K->1486766K(2228688K), 0.0059744 secs]
113.465: [GC 1521326K->1498526K(2228688K), 0.0182876 secs]
113.574: [GC 1533086K->1501060K(2228688K), 0.0079946 secs]
114.143: [GC 1535620K->1524769K(2228688K), 0.0356482 secs]
114.203: [GC 1559329K->1529112K(2228688K), 0.0094360 secs]
114.251: [GC 1563672K->1531634K(2228688K), 0.0090909 secs]
114.610: [GC 1566194K->1545180K(2228688K), 0.0213145 secs]
114.819: [GC 1579740K->1559243K(2228688K), 0.0218485 secs]
114.863: [GC 1593803K->1563389K(2228688K), 0.0086694 secs]
115.066: [GC 1597949K->1566088K(2228688K), 0.0094863 secs]
115.514: [GC 1600648K->1590355K(2228688K), 0.0334667 secs]
115.569: [GC 1624915K->1594506K(2228688K), 0.0088256 secs]
115.600: [GC 1629066K->1593765K(2228688K), 0.0045626 secs]
115.856: [GC 1628325K->1606774K(2228688K), 0.0200974 secs]
116.174: [GC 1641334K->1610660K(2228688K), 0.0109629 secs]
116.581: [GC 1645220K->1634689K(2228688K), 0.0377865 secs]
116.642: [GC 1669249K->1638983K(2228688K), 0.0089991 secs]
116.674: [GC 1673543K->1637844K(2228688K), 0.0046062 secs]
117.225: [GC 1672404K->1661054K(2228688K), 0.0355562 secs]
117.310: [GC 1695614K->1666992K(2228688K), 0.0151785 secs]
117.348: [GC 1701552K->1671256K(2228688K), 0.0097089 secs]
117.619: [GC 1705816K->1679206K(2228688K), 0.0178645 secs]
117.896: [GC 1713766K->1698491K(2228688K), 0.0284599 secs]
117.948: [GC 1733051K->1702884K(2228688K), 0.0094462 secs]
117.980: [GC 1737444K->1702435K(2228688K), 0.0052829 secs]
118.417: [GC 1736995K->1713684K(2228688K), 0.0187991 secs]
118.619: [GC 1734464K(2228688K), 0.0110726 secs]
118.794: [GC 1747646K->1724203K(2228688K), 0.0190589 secs]
119.055: [GC 1734951K->1717196K(2228688K), 0.0264098 secs]
119.103: [GC 1750883K->1720676K(2228688K), 0.0107839 secs]
119.247: [GC 1752000K->1717467K(2228688K), 0.0058779 secs]
119.664: [GC 1709648K->1701940K(2228688K), 0.0384731 secs]
119.727: [GC 1733773K->1703337K(2228688K), 0.0086867 secs]
119.759: [GC 1733775K->1698676K(2228688K), 0.0046768 secs]
120.399: [GC 1608587K->1594685K(2228688K), 0.0344304 secs]
120.536: [GC 1629245K->1603672K(2228688K), 0.0182317 secs]
120.580: [GC 1638232K->1607968K(2228688K), 0.0097871 secs]
120.903: [GC 1569091K->1546685K(2228688K), 0.0206442 secs]
120.977: [GC 1581245K->1551498K(2228688K), 0.0101120 secs]
121.363: [GC 1493648K->1472652K(2463520K), 0.0212796 secs]
121.625: [GC 1507212K->1488256K(2463520K), 0.0217594 secs]
121.656: [GC 1502108K(2463520K), 0.0125290 secs]
121.682: [GC 1522816K->1492592K(2463520K), 0.0094424 secs]
121.882: [GC 1527152K->1493648K(2463520K), 0.0079472 secs]
122.344: [GC 1528208K->1518720K(2463520K), 0.0351270 secs]
122.401: [GC 1553280K->1522869K(2463520K), 0.0095751 secs]
122.434: [GC 1557429K->1521781K(2463520K), 0.0047146 secs]
122.918: [GC 1556341K->1544183K(2463520K), 0.0324487 secs]
123.016: [GC 1578743K->1550573K(2463520K), 0.0126018 secs]
123.051: [GC 1585133K->1554817K(2463520K), 0.0092371 secs]
123.343: [GC 1589377K->1565627K(2463520K), 0.0196952 secs]
123.387: [GC 1600187K->1569303K(2463520K), 0.0092759 secs]
123.940: [GC 1603863K->1591503K(2463520K), 0.0324365 secs]
124.022: [GC 1626063K->1596723K(2463520K), 0.0113484 secs]
124.056: [GC 1631283K->1600925K(2463520K), 0.0090915 secs]
124.397: [GC 1635485K->1612912K(2463520K), 0.0231327 secs]
124.619: [GC 1647472K->1627156K(2463520K), 0.0211740 secs]
124.662: [GC 1661716K->1631325K(2463520K), 0.0093205 secs]
124.871: [GC 1665885K->1634310K(2463520K), 0.0091701 secs]
125.230: [GC 1668870K->1657727K(2463520K), 0.0334304 secs]
125.286: [GC 1692287K->1661877K(2463520K), 0.0099911 secs]
125.320: [GC 1696437K->1661127K(2463520K), 0.0052778 secs]
125.594: [GC 1695687K->1674854K(2463520K), 0.0206606 secs]
125.874: [GC 1709414K->1681886K(2463520K), 0.0150858 secs]
126.201: [GC 1716446K->1704063K(2463520K), 0.0314224 secs]
126.254: [GC 1738623K->1708230K(2463520K), 0.0102031 secs]
126.286: [GC 1742790K->1707137K(2463520K), 0.0047393 secs]
126.777: [GC 1741697K->1731706K(2463520K), 0.0356578 secs]
126.838: [GC 1766266K->1736162K(2463520K), 0.0103205 secs]
126.872: [GC 1770722K->1739722K(2463520K), 0.0086162 secs]
127.229: [GC 1774282K->1753122K(2463520K), 0.0279390 secs]
127.413: [GC 1787682K->1766326K(2463520K), 0.0210454 secs]
127.456: [GC 1800886K->1770494K(2463520K), 0.0095835 secs]
127.621: [GC 1805054K->1774474K(2463520K), 0.0129485 secs]
127.749: [GC 1809034K->1783468K(2463520K), 0.0163937 secs]
128.174: [GC 1818028K->1800057K(2463520K), 0.0286497 secs]
128.361: [GC 1834617K->1812703K(2463520K), 0.0202318 secs]
128.403: [GC 1847263K->1817047K(2463520K), 0.0099472 secs]
128.643: [GC 1851607K->1821147K(2463520K), 0.0111919 secs]
128.967: [GC 1855707K->1843234K(2463520K), 0.0372066 secs]
129.030: [GC 1877794K->1847390K(2463520K), 0.0108006 secs]
129.063: [GC 1881950K->1846640K(2463520K), 0.0049664 secs]
129.573: [GC 1881200K->1871729K(2463520K), 0.0380831 secs]
129.637: [GC 1906289K->1876115K(2463520K), 0.0110094 secs]
129.671: [GC 1910675K->1878443K(2463520K), 0.0081685 secs]
129.938: [GC 1913003K->1890662K(2463520K), 0.0208232 secs]
129.982: [GC 1925222K->1894285K(2463520K), 0.0109748 secs]
130.545: [GC 1928845K->1918930K(2463520K), 0.0370135 secs]
130.605: [GC 1953490K->1922539K(2463520K), 0.0095941 secs]
130.638: [GC 1957099K->1923961K(2463520K), 0.0085969 secs]
130.944: [GC 1953742K(2463520K), 0.0091059 secs]
131.010: [GC 1958521K->1940243K(2463520K), 0.0253319 secs]
131.171: [GC 1971064K->1948105K(2463520K), 0.0234589 secs]
131.219: [GC 1979493K->1949095K(2463520K), 0.0123471 secs]
131.495: [GC 1980985K->1951968K(2463520K), 0.0132641 secs]
131.791: [GC 1958564K->1944753K(2463520K), 0.0317524 secs]
131.846: [GC 1978730K->1948326K(2463520K), 0.0089363 secs]
131.878: [GC 1979291K->1943645K(2463520K), 0.0044398 secs]
132.150: [GC 1965182K->1944655K(2463520K), 0.0213027 secs]
132.470: [GC 1978790K->1953374K(2463520K), 0.0180313 secs]
132.764: [GC 1957708K->1943336K(2463520K), 0.0304743 secs]
132.818: [GC 1973834K->1943585K(2463520K), 0.0135592 secs]
132.857: [GC 1972695K->1936983K(2463520K), 0.0066758 secs]
133.370: [GC 1928941K->1921717K(2463520K), 0.0383760 secs]
133.433: [GC 1954780K->1924084K(2463520K), 0.0087086 secs]
133.465: [GC 1957673K->1922592K(2463520K), 0.0046915 secs]
133.866: [GC 1900164K->1884458K(2463520K), 0.0284682 secs]
134.011: [GC 1919018K->1894562K(2463520K), 0.0172247 secs]
134.053: [GC 1929122K->1897751K(2463520K), 0.0094122 secs]
134.286: [GC 1932311K->1906327K(2463520K), 0.0150165 secs]
134.371: [GC 1940887K->1912218K(2463520K), 0.0117599 secs]
134.835: [GC 1769396K->1753481K(2463520K), 0.0283476 secs]
135.000: [GC 1781962K->1757960K(2463520K), 0.0184120 secs]
135.042: [GC 1786339K->1756130K(2463520K), 0.0087355 secs]
135.355: [GC 1785109K->1756861K(2463520K), 0.0139424 secs]
135.689: [GC 1780538K->1765752K(2941668K), 0.0266933 secs]
135.724: [GC 1779604K(2941668K), 0.0128282 secs]
135.751: [GC 1800312K->1769913K(2941668K), 0.0101152 secs]
135.784: [GC 1804473K->1769161K(2941668K), 0.0056197 secs]
136.689: [GC 1803721K->1796917K(2941668K), 0.0372906 secs]
136.750: [GC 1831477K->1800784K(2941668K), 0.0099760 secs]
136.783: [GC 1835344K->1800851K(2941668K), 0.0068692 secs]
137.134: [GC 1835411K->1813342K(2941668K), 0.0206686 secs]
137.177: [GC 1847902K->1817748K(2941668K), 0.0091085 secs]
137.751: [GC 1852308K->1833801K(2941668K), 0.0268906 secs]
137.955: [GC 1868361K->1845367K(2941668K), 0.0188972 secs]
137.997: [GC 1879927K->1849575K(2941668K), 0.0098365 secs]
138.177: [GC 1884135K->1850702K(2941668K), 0.0073041 secs]
138.682: [GC 1885262K->1876666K(2941668K), 0.0358743 secs]
138.741: [GC 1911226K->1880837K(2941668K), 0.0098474 secs]
138.775: [GC 1915397K->1880538K(2941668K), 0.0060276 secs]
139.376: [GC 1915098K->1903383K(2941668K), 0.0333961 secs]
139.487: [GC 1937943K->1909407K(2941668K), 0.0128109 secs]
139.523: [GC 1943967K->1913751K(2941668K), 0.0098519 secs]
139.908: [GC 1948311K->1928149K(2941668K), 0.0235442 secs]
139.955: [GC 1962709K->1931939K(2941668K), 0.0099600 secs]
140.451: [GC 1966499K->1945120K(2941668K), 0.0223299 secs]
140.905: [GC 1979680K->1959879K(2941668K), 0.0236119 secs]
140.952: [GC 1994439K->1963094K(2941668K), 0.0102974 secs]
141.138: [GC 1997654K->1965747K(2941668K), 0.0096608 secs]
141.636: [GC 2000307K->1991146K(2941668K), 0.0360664 secs]
141.695: [GC 2025706K->1995352K(2941668K), 0.0112246 secs]
141.729: [GC 2029912K->1995485K(2941668K), 0.0056816 secs]
142.564: [GC 2030045K->2020506K(2941668K), 0.0369782 secs]
142.631: [GC 2055066K->2025306K(2941668K), 0.0135604 secs]
142.667: [GC 2059866K->2028539K(2941668K), 0.0090790 secs]
143.609: [GC 2063099K->2047094K(2941668K), 0.0286809 secs]
143.661: [GC 2081654K->2050798K(2941668K), 0.0099485 secs]
144.020: [GC 2085358K->2059835K(2941668K), 0.0169675 secs]
144.338: [GC 2094395K->2078539K(2941668K), 0.0284564 secs]
144.390: [GC 2113099K->2082750K(2941668K), 0.0100363 secs]
144.634: [GC 2117310K->2088027K(2941668K), 0.0128667 secs]
145.677: [GC 2122587K->2109946K(2941668K), 0.0331546 secs]
145.734: [GC 2144506K->2114137K(2941668K), 0.0097907 secs]
146.333: [GC 2148697K->2115553K(2941668K), 0.0088782 secs]
146.574: [GC 2129405K(2941668K), 0.0103863 secs]
146.836: [GC 2118934K->2109761K(2941668K), 0.0377149 secs]
146.898: [GC 2141225K->2110851K(2941668K), 0.0111457 secs]
147.054: [GC 2143226K->2109125K(2941668K), 0.0068083 secs]
147.502: [GC 2104552K->2094855K(2941668K), 0.0360963 secs]
147.562: [GC 2125639K->2095260K(2941668K), 0.0100405 secs]
147.767: [GC 2125889K->2091720K(2941668K), 0.0078336 secs]
148.361: [GC 2083198K->2073823K(2941668K), 0.0380616 secs]
148.422: [GC 2105524K->2075215K(2941668K), 0.0109879 secs]
148.456: [GC 2105599K->2071245K(2941668K), 0.0070620 secs]
149.029: [GC 2039892K->2031720K(2941668K), 0.0388295 secs]
149.091: [GC 2062578K->2032515K(2941668K), 0.0107689 secs]
149.124: [GC 2065209K->2030649K(2941668K), 0.0070370 secs]
149.751: [GC 2029423K->2020317K(2941668K), 0.0402968 secs]
149.816: [GC 2053591K->2024040K(2941668K), 0.0112868 secs]
149.852: [GC 2056370K->2023435K(2941668K), 0.0091906 secs]
150.460: [GC 1991501K->1979343K(2941668K), 0.0341822 secs]
150.528: [GC 2013903K->1984394K(2941668K), 0.0119350 secs]
150.563: [GC 2018954K->1988557K(2941668K), 0.0102006 secs]
151.126: [GC 1953329K->1936412K(2941668K), 0.0285221 secs]
151.282: [GC 1970972K->1945157K(2941668K), 0.0186288 secs]
151.324: [GC 1979716K->1949520K(2941668K), 0.0108869 secs]
152.024: [GC 1825210K->1805956K(3016120K), 0.0236388 secs]
152.257: [GC 1820501K(3016120K), 0.0122352 secs]
152.282: [GC 1840516K->1816741K(3016120K), 0.0187154 secs]
152.325: [GC 1851301K->1821354K(3016120K), 0.0115181 secs]
152.779: [GC 1855914K->1834656K(3016120K), 0.0249005 secs]
153.028: [GC 1869216K->1847661K(3016120K), 0.0206808 secs]
153.071: [GC 1882221K->1852091K(3016120K), 0.0111826 secs]
153.443: [GC 1886651K->1862660K(3016120K), 0.0199066 secs]
153.742: [GC 1897220K->1877413K(3016120K), 0.0229431 secs]
153.787: [GC 1911973K->1881826K(3016120K), 0.0112118 secs]
154.186: [GC 1916386K->1891280K(3016120K), 0.0182394 secs]
154.447: [GC 1925840K->1908090K(3016120K), 0.0277501 secs]
154.497: [GC 1942650K->1912733K(3016120K), 0.0109126 secs]
154.798: [GC 1947293K->1919684K(3016120K), 0.0171233 secs]
155.191: [GC 1954244K->1939044K(3016120K), 0.0290388 secs]
155.242: [GC 1973604K->1943316K(3016120K), 0.0120428 secs]
155.493: [GC 1977876K->1948201K(3016120K), 0.0164793 secs]
155.918: [GC 1982761K->1969657K(3016120K), 0.0315539 secs]
155.972: [GC 2004217K->1974000K(3016120K), 0.0115890 secs]
156.171: [GC 2008560K->1976976K(3016120K), 0.0131942 secs]
156.636: [GC 2011536K->1999681K(3016120K), 0.0321283 secs]
156.691: [GC 2034241K->2004007K(3016120K), 0.0103805 secs]
156.918: [GC 2038567K->2005919K(3016120K), 0.0100450 secs]
157.461: [GC 2040479K->2030626K(3016120K), 0.0356126 secs]
157.519: [GC 2065186K->2035355K(3016120K), 0.0110485 secs]
157.552: [GC 2069915K->2035269K(3016120K), 0.0070751 secs]
158.203: [GC 2069829K->2061146K(3016120K), 0.0377919 secs]
158.263: [GC 2095706K->2065526K(3016120K), 0.0138709 secs]
158.300: [GC 2100086K->2067206K(3016120K), 0.0124722 secs]
159.096: [GC 2101766K->2089017K(3016120K), 0.0343236 secs]
159.193: [GC 2123577K->2094620K(3016120K), 0.0131015 secs]
159.229: [GC 2129180K->2099461K(3016120K), 0.0113436 secs]
159.749: [GC 2134021K->2116823K(3016120K), 0.0286453 secs]
159.863: [GC 2151383K->2123506K(3016120K), 0.0147535 secs]
159.899: [GC 2158066K->2128090K(3016120K), 0.0112134 secs]
160.534: [GC 2162650K->2148231K(3016120K), 0.0326973 secs]
160.625: [GC 2182791K->2154181K(3016120K), 0.0133882 secs]
160.661: [GC 2188741K->2159046K(3016120K), 0.0113991 secs]
161.186: [GC 2193606K->2176685K(3016120K), 0.0298351 secs]
161.342: [GC 2211245K->2185331K(3016120K), 0.0160666 secs]
161.380: [GC 2219891K->2189264K(3016120K), 0.0106903 secs]
161.849: [GC 2223824K->2204991K(3016120K), 0.0277181 secs]
162.266: [GC 2239551K->2216067K(3016120K), 0.0206006 secs]
162.310: [GC 2250627K->2220513K(3016120K), 0.0132086 secs]
162.702: [GC 2255073K->2232750K(3016120K), 0.0228841 secs]
162.936: [GC 2267310K->2245356K(3016120K), 0.0219457 secs]
162.981: [GC 2279916K->2249949K(3016120K), 0.0113548 secs]
163.480: [GC 2284509K->2263539K(3016120K), 0.0250913 secs]
163.723: [GC 2298099K->2276718K(3016120K), 0.0222703 secs]
163.767: [GC 2311278K->2281257K(3016120K), 0.0114575 secs]
164.109: [GC 2315817K->2290062K(3016120K), 0.0185345 secs]
165.074: [GC 2324622K->2307539K(3016120K), 0.0279143 secs]
165.124: [GC 2342099K->2311814K(3016120K), 0.0102400 secs]
165.334: [GC 2346374K->2314978K(3016120K), 0.0103051 secs]
165.729: [GC 2342684K(3016120K), 0.0107628 secs]
165.745: [GC 2349538K->2338398K(3016120K), 0.0377008 secs]
165.809: [GC 2369240K->2338920K(3016120K), 0.0099546 secs]
165.842: [GC 2371252K->2335779K(3016120K), 0.0077204 secs]
166.276: [GC 2346130K->2331475K(3016120K), 0.0299057 secs]
166.329: [GC 2364764K->2334317K(3016120K), 0.0110290 secs]
167.020: [GC 2300297K->2281416K(3016120K), 0.0268733 secs]
167.240: [GC 2315657K->2291870K(3016120K), 0.0189248 secs]
167.282: [GC 2326096K->2295795K(3016120K), 0.0099991 secs]
167.822: [GC 2330147K->2304564K(3016120K), 0.0179469 secs]
168.178: [GC 2305552K->2288180K(3016120K), 0.0284955 secs]
168.229: [GC 2318954K->2288617K(3016120K), 0.0104991 secs]
168.460: [GC 2318489K->2286430K(3016120K), 0.0096964 secs]
168.923: [GC 2279316K->2268557K(3016120K), 0.0357646 secs]
168.982: [GC 2298199K->2267834K(3016120K), 0.0104042 secs]
169.016: [GC 2298656K->2263794K(3016120K), 0.0054026 secs]
169.442: [GC 2239895K->2222493K(3016120K), 0.0256917 secs]
169.492: [GC 2257041K->2226539K(3016120K), 0.0100549 secs]
170.351: [GC 2060159K->2046366K(3016120K), 0.0314038 secs]
170.455: [GC 2080926K->2052065K(3016120K), 0.0122564 secs]
170.491: [GC 2086625K->2056345K(3016120K), 0.0100665 secs]
170.949: [GC 2090905K->2070146K(3459256K), 0.0229326 secs]
171.163: [GC 2084690K(3459256K), 0.0125633 secs]
171.189: [GC 2104706K->2082570K(3459256K), 0.0222417 secs]
171.235: [GC 2117130K->2086821K(3459256K), 0.0109132 secs]
171.552: [GC 2121381K->2093940K(3459256K), 0.0168979 secs]
171.929: [GC 2128500K->2112995K(3459256K), 0.0286446 secs]
171.980: [GC 2147555K->2117214K(3459256K), 0.0108109 secs]
172.118: [GC 2151774K->2118024K(3459256K), 0.0082223 secs]
172.421: [GC 2152584K->2134324K(3459256K), 0.0259146 secs]
172.470: [GC 2168884K->2138558K(3459256K), 0.0108064 secs]
173.398: [GC 2173118K->2163101K(3459256K), 0.0385350 secs]
173.460: [GC 2197661K->2166858K(3459256K), 0.0103272 secs]
173.494: [GC 2201418K->2166900K(3459256K), 0.0059010 secs]
174.068: [GC 2201460K->2187738K(3459256K), 0.0313461 secs]
174.209: [GC 2222298K->2195105K(3459256K), 0.0150489 secs]
174.246: [GC 2229665K->2199449K(3459256K), 0.0103051 secs]
174.589: [GC 2234009K->2211780K(3459256K), 0.0261109 secs]
175.277: [GC 2246340K->2225551K(3459256K), 0.0222286 secs]
175.322: [GC 2260111K->2229787K(3459256K), 0.0105444 secs]
175.580: [GC 2264347K->2235811K(3459256K), 0.0148241 secs]
175.812: [GC 2270371K->2247106K(3459256K), 0.0195140 secs]
176.069: [GC 2281666K->2253529K(3459256K), 0.0146717 secs]
176.451: [GC 2288089K->2275941K(3459256K), 0.0325253 secs]
176.506: [GC 2310501K->2280197K(3459256K), 0.0109110 secs]
176.540: [GC 2314757K->2279955K(3459256K), 0.0063301 secs]
177.752: [GC 2314515K->2306445K(3459256K), 0.0374055 secs]
177.812: [GC 2341005K->2310533K(3459256K), 0.0109055 secs]
177.849: [GC 2345093K->2310756K(3459256K), 0.0070071 secs]
178.446: [GC 2345316K->2334641K(3459256K), 0.0364840 secs]
178.548: [GC 2369201K->2339727K(3459256K), 0.0130858 secs]
178.585: [GC 2374287K->2344132K(3459256K), 0.0114761 secs]
179.170: [GC 2378692K->2365252K(3459256K), 0.0345145 secs]
179.235: [GC 2399812K->2369764K(3459256K), 0.0121512 secs]
179.272: [GC 2404324K->2372671K(3459256K), 0.0107936 secs]
179.949: [GC 2407231K->2393280K(3459256K), 0.0322434 secs]
180.087: [GC 2427840K->2400345K(3459256K), 0.0154071 secs]
180.127: [GC 2434905K->2404635K(3459256K), 0.0121877 secs]
180.856: [GC 2439195K->2422153K(3459256K), 0.0293300 secs]
181.019: [GC 2456713K->2431701K(3459256K), 0.0185117 secs]
181.062: [GC 2466261K->2435963K(3459256K), 0.0110822 secs]
181.494: [GC 2470523K->2450184K(3459256K), 0.0254717 secs]
181.759: [GC 2484744K->2463127K(3459256K), 0.0225153 secs]
181.806: [GC 2497687K->2467364K(3459256K), 0.0149748 secs]
182.437: [GC 2501924K->2477369K(3459256K), 0.0204313 secs]
182.735: [GC 2511929K->2492596K(3459256K), 0.0256526 secs]
182.784: [GC 2527156K->2496833K(3459256K), 0.0111425 secs]
183.192: [GC 2531393K->2504354K(3459256K), 0.0172353 secs]
183.775: [GC 2538914K->2523885K(3459256K), 0.0309436 secs]
183.829: [GC 2558445K->2528090K(3459256K), 0.0115431 secs]
184.031: [GC 2562650K->2531064K(3459256K), 0.0108811 secs]
184.477: [GC 2565624K->2555262K(3459256K), 0.0366540 secs]
184.537: [GC 2589822K->2559457K(3459256K), 0.0111842 secs]
184.572: [GC 2594017K->2559261K(3459256K), 0.0059744 secs]
185.193: [GC 2593821K->2586503K(3459256K), 0.0409728 secs]
185.257: [GC 2621063K->2590579K(3459256K), 0.0108276 secs]
185.292: [GC 2625139K->2590592K(3459256K), 0.0060363 secs]
185.858: [GC 2625152K->2614148K(3459256K), 0.0365142 secs]
185.918: [GC 2648708K->2618258K(3459256K), 0.0135893 secs]
186.005: [GC 2652818K->2618743K(3459256K), 0.0064279 secs]
186.668: [GC 2653303K->2645800K(3459256K), 0.0420431 secs]
186.734: [GC 2680360K->2649925K(3459256K), 0.0108157 secs]
186.768: [GC 2684485K->2649723K(3459256K), 0.0060764 secs]
187.494: [GC 2684283K->2671584K(3459256K), 0.0370341 secs]
187.642: [GC 2706144K->2678771K(3459256K), 0.0157455 secs]
187.682: [GC 2713331K->2683100K(3459256K), 0.0110133 secs]
187.950: [GC 2708034K(3459256K), 0.0113587 secs]
188.110: [GC 2717660K->2697688K(3459256K), 0.0256475 secs]
188.338: [GC 2730073K->2707927K(3459256K), 0.0220788 secs]
188.383: [GC 2740285K->2709977K(3459256K), 0.0123090 secs]
188.730: [GC 2741718K->2716794K(3459256K), 0.0218630 secs]
188.974: [GC 2742118K->2720626K(3459256K), 0.0228562 secs]
189.025: [GC 2754215K->2723896K(3459256K), 0.0107945 secs]
190.558: [GC 2631058K->2616599K(3459256K), 0.0392223 secs]
190.876: [GC 2644992K->2616217K(3459256K), 0.0132663 secs]
190.921: [GC 2645670K->2614376K(3459256K), 0.0112002 secs]
191.343: [GC 2611088K->2595385K(3459256K), 0.0312947 secs]
191.725: [GC 2628911K->2603018K(3459256K), 0.0169370 secs]
191.773: [GC 2637484K->2607193K(3459256K), 0.0103276 secs]
192.471: [GC 2584311K->2567584K(3459256K), 0.0304397 secs]
192.628: [GC 2600686K->2574962K(3459256K), 0.0172333 secs]
192.674: [GC 2608727K->2578448K(3459256K), 0.0107862 secs]
193.840: [GC 2321501K->2307077K(3459256K), 0.0381322 secs]
194.138: [GC 2341637K->2313358K(3459256K), 0.0135851 secs]
194.178: [GC 2347918K->2317875K(3459256K), 0.0105335 secs]
194.469: [GC 2352435K->2318691K(3459256K), 0.0082916 secs]
194.897: [GC 2353251K->2342722K(3892416K), 0.0333765 secs]
194.941: [GC 2357267K(3892416K), 0.0132481 secs]
194.970: [GC 2377282K->2346895K(3892416K), 0.0118824 secs]
195.300: [GC 2381455K->2351423K(3892416K), 0.0181888 secs]
195.609: [GC 2385983K->2374125K(3892416K), 0.0514508 secs]
196.013: [GC 2408685K->2378064K(3892416K), 0.0124013 secs]
196.163: [GC 2412624K->2377113K(3892416K), 0.0048759 secs]
196.317: [GC 2411673K->2378359K(3892416K), 0.0060921 secs]
196.465: [GC 2412919K->2379326K(3892416K), 0.0051322 secs]
196.604: [GC 2413886K->2380074K(3892416K), 0.0062076 secs]
196.735: [GC 2414634K->2380883K(3892416K), 0.0051162 secs]
196.872: [GC 2415443K->2381152K(3892416K), 0.0051639 secs]
197.008: [GC 2415712K->2382020K(3892416K), 0.0053435 secs]
197.136: [GC 2416580K->2383917K(3892416K), 0.0094045 secs]
197.256: [GC 2418477K->2385417K(3892416K), 0.0054269 secs]
197.366: [GC 2419977K->2387152K(3892416K), 0.0053939 secs]
197.476: [GC 2421712K->2389020K(3892416K), 0.0053160 secs]
197.588: [GC 2423580K->2390393K(3892416K), 0.0057557 secs]
197.698: [GC 2424953K->2392274K(3892416K), 0.0053038 secs]
197.812: [GC 2426834K->2393387K(3892416K), 0.0056223 secs]
197.929: [GC 2427947K->2395317K(3892416K), 0.0073208 secs]
198.041: [GC 2429877K->2398537K(3892416K), 0.0066293 secs]
198.162: [GC 2433097K->2399932K(3892416K), 0.0058634 secs]
198.280: [GC 2434492K->2402797K(3892416K), 0.0054173 secs]
198.556: [GC 2437357K->2405208K(3892416K), 0.0060889 secs]
198.774: [GC 2439768K->2404391K(3892416K), 0.0077820 secs]
198.835: [GC 2438951K->2404381K(3892416K), 0.0049407 secs]
198.951: [GC 2438941K->2404460K(3892416K), 0.0098260 secs]
198.997: [GC 2439020K->2404446K(3892416K), 0.0071986 secs]
199.099: [GC 2439006K->2404465K(3892416K), 0.0073477 secs]
199.255: [GC 2439025K->2404448K(3892416K), 0.0048872 secs]
199.361: [GC 2439008K->2405767K(3892416K), 0.0050280 secs]
199.461: [GC 2440327K->2406760K(3892416K), 0.0053310 secs]
199.566: [GC 2441320K->2407693K(3892416K), 0.0071252 secs]
199.678: [GC 2442253K->2408649K(3892416K), 0.0052784 secs]
199.790: [GC 2443209K->2409445K(3892416K), 0.0053589 secs]
199.901: [GC 2444005K->2410484K(3892416K), 0.0053583 secs]
200.023: [GC 2445044K->2411655K(3892416K), 0.0053484 secs]
200.136: [GC 2446215K->2413262K(3892416K), 0.0054516 secs]
200.254: [GC 2447822K->2414366K(3892416K), 0.0057627 secs]
200.364: [GC 2448926K->2416269K(3892416K), 0.0051575 secs]
200.469: [GC 2450829K->2417863K(3892416K), 0.0065956 secs]
200.579: [GC 2452423K->2418913K(3892416K), 0.0055045 secs]
200.688: [GC 2453473K->2420655K(3892416K), 0.0055055 secs]
200.803: [GC 2455215K->2422139K(3892416K), 0.0058891 secs]
200.913: [GC 2456699K->2424987K(3892416K), 0.0054279 secs]
201.033: [GC 2459547K->2426336K(3892416K), 0.0058641 secs]
201.144: [GC 2460896K->2430791K(3892416K), 0.0056158 secs]
201.265: [GC 2465351K->2432395K(3892416K), 0.0054523 secs]
201.368: [GC 2466955K->2434220K(3892416K), 0.0051697 secs]
201.455: [GC 2468780K->2434210K(3892416K), 0.0052916 secs]
201.497: [GC 2468770K->2433114K(3892416K), 0.0049580 secs]
201.557: [GC 2467674K->2433128K(3892416K), 0.0048301 secs]
201.614: [GC 2467688K->2433292K(3892416K), 0.0049699 secs]
201.680: [GC 2467852K->2433061K(3892416K), 0.0070790 secs]
201.816: [GC 2467621K->2433201K(3892416K), 0.0048416 secs]
201.912: [GC 2467761K->2434263K(3892416K), 0.0048814 secs]
202.018: [GC 2468823K->2435502K(3892416K), 0.0050437 secs]
202.123: [GC 2470062K->2436295K(3892416K), 0.0052146 secs]
202.230: [GC 2470855K->2437855K(3892416K), 0.0053079 secs]
202.341: [GC 2472415K->2438819K(3892416K), 0.0054362 secs]
202.451: [GC 2473379K->2439362K(3892416K), 0.0052804 secs]
202.561: [GC 2473922K->2441235K(3892416K), 0.0052977 secs]
202.673: [GC 2475795K->2441813K(3892416K), 0.0054802 secs]
202.785: [GC 2476373K->2443475K(3892416K), 0.0059956 secs]
202.896: [GC 2478035K->2445741K(3892416K), 0.0053785 secs]
203.012: [GC 2480301K->2447207K(3892416K), 0.0054026 secs]
203.125: [GC 2481767K->2448419K(3892416K), 0.0059337 secs]
203.238: [GC 2482979K->2450685K(3892416K), 0.0053147 secs]
203.355: [GC 2485245K->2452523K(3892416K), 0.0057586 secs]
203.469: [GC 2487083K->2455431K(3892416K), 0.0054994 secs]
203.583: [GC 2489991K->2457734K(3892416K), 0.0055988 secs]
203.697: [GC 2492294K->2459491K(3892416K), 0.0072939 secs]
203.813: [GC 2494051K->2461735K(3892416K), 0.0054176 secs]
203.922: [GC 2496295K->2465247K(3892416K), 0.0054240 secs]
203.994: [GC 2499807K->2465915K(3892416K), 0.0056219 secs]
204.084: [GC 2500475K->2465884K(3892416K), 0.0050732 secs]
204.132: [GC 2500444K->2465499K(3892416K), 0.0048564 secs]
204.181: [GC 2500059K->2465634K(3892416K), 0.0049423 secs]
204.253: [GC 2500194K->2465678K(3892416K), 0.0049532 secs]
204.329: [GC 2500238K->2465849K(3892416K), 0.0051332 secs]
204.424: [GC 2500409K->2466418K(3892416K), 0.0049465 secs]
204.521: [GC 2500978K->2467500K(3892416K), 0.0054747 secs]
204.624: [GC 2502060K->2468408K(3892416K), 0.0051578 secs]
204.734: [GC 2502968K->2470278K(3892416K), 0.0061479 secs]
204.845: [GC 2504838K->2470975K(3892416K), 0.0054728 secs]
204.956: [GC 2505535K->2472935K(3892416K), 0.0051857 secs]
205.076: [GC 2507495K->2473664K(3892416K), 0.0072002 secs]
205.200: [GC 2508183K->2475051K(3892416K), 0.0052377 secs]
205.313: [GC 2509611K->2475997K(3892416K), 0.0053051 secs]
205.429: [GC 2510557K->2477560K(3892416K), 0.0052871 secs]
205.546: [GC 2512120K->2478762K(3892416K), 0.0052085 secs]
205.659: [GC 2513322K->2480032K(3892416K), 0.0055668 secs]
205.773: [GC 2514592K->2482163K(3892416K), 0.0054808 secs]
205.888: [GC 2516723K->2484123K(3892416K), 0.0055774 secs]
206.007: [GC 2518683K->2486576K(3892416K), 0.0055013 secs]
206.122: [GC 2521136K->2489854K(3892416K), 0.0057252 secs]
206.239: [GC 2524414K->2491914K(3892416K), 0.0055629 secs]
206.356: [GC 2526474K->2493832K(3892416K), 0.0055879 secs]
206.451: [GC 2528392K->2496010K(3892416K), 0.0059317 secs]
206.532: [GC 2530570K->2495833K(3892416K), 0.0053208 secs]
206.571: [GC 2530393K->2495742K(3892416K), 0.0048673 secs]
206.622: [GC 2530302K->2495771K(3892416K), 0.0048217 secs]
206.679: [GC 2530331K->2495723K(3892416K), 0.0048708 secs]
206.740: [GC 2530283K->2495829K(3892416K), 0.0048467 secs]
206.832: [GC 2530389K->2496062K(3892416K), 0.0048676 secs]
206.927: [GC 2530622K->2497307K(3892416K), 0.0050177 secs]
207.029: [GC 2531867K->2498430K(3892416K), 0.0050915 secs]
207.137: [GC 2532990K->2499627K(3892416K), 0.0062249 secs]
207.248: [GC 2534187K->2500434K(3892416K), 0.0052534 secs]
207.361: [GC 2534994K->2501206K(3892416K), 0.0072531 secs]
207.478: [GC 2535766K->2502663K(3892416K), 0.0050773 secs]
207.590: [GC 2537223K->2503985K(3892416K), 0.0054632 secs]
207.701: [GC 2538545K->2504826K(3892416K), 0.0055908 secs]
207.814: [GC 2539386K->2505612K(3892416K), 0.0053868 secs]
207.927: [GC 2540172K->2507091K(3892416K), 0.0051992 secs]
208.041: [GC 2541651K->2508216K(3892416K), 0.0057181 secs]
208.155: [GC 2542776K->2510831K(3892416K), 0.0053698 secs]
208.271: [GC 2545391K->2511767K(3892416K), 0.0058949 secs]
208.383: [GC 2546327K->2515575K(3892416K), 0.0056569 secs]
208.501: [GC 2550135K->2517411K(3892416K), 0.0059273 secs]
208.616: [GC 2551971K->2519822K(3892416K), 0.0050485 secs]
208.729: [GC 2554382K->2522665K(3892416K), 0.0057291 secs]
208.848: [GC 2557225K->2524701K(3892416K), 0.0059824 secs]
208.942: [GC 2559261K->2526030K(3892416K), 0.0051546 secs]
209.015: [GC 2560590K->2525163K(3892416K), 0.0053140 secs]
209.075: [GC 2559723K->2525086K(3892416K), 0.0050940 secs]
209.102: [GC 2559646K->2525246K(3892416K), 0.0048111 secs]
209.181: [GC 2559806K->2525098K(3892416K), 0.0047085 secs]
209.222: [GC 2559658K->2525213K(3892416K), 0.0047185 secs]
209.343: [GC 2559773K->2525628K(3892416K), 0.0047749 secs]
209.439: [GC 2560188K->2526850K(3892416K), 0.0048176 secs]
209.539: [GC 2561410K->2527705K(3892416K), 0.0049670 secs]
209.645: [GC 2562265K->2528602K(3892416K), 0.0103872 secs]
209.764: [GC 2563162K->2529539K(3892416K), 0.0103898 secs]
209.882: [GC 2564099K->2530515K(3892416K), 0.0052307 secs]
209.993: [GC 2565075K->2531853K(3892416K), 0.0052419 secs]
210.105: [GC 2566413K->2532852K(3892416K), 0.0051957 secs]
210.110: [GC 2533538K(3892416K), 0.0017819 secs]
210.219: [GC 2559164K->2525997K(3892416K), 0.0051768 secs]
210.334: [GC 2552129K->2518619K(3892416K), 0.0053435 secs]
210.443: [GC 2549413K->2517803K(3892416K), 0.0051928 secs]
210.554: [GC 2551785K->2517822K(3892416K), 0.0055158 secs]
210.664: [GC 2545538K->2513109K(3892416K), 0.0052416 secs]
210.780: [GC 2542395K->2510143K(3892416K), 0.0052839 secs]
210.894: [GC 2533396K->2500265K(3892416K), 0.0051841 secs]
211.005: [GC 2523980K->2492544K(3892416K), 0.0054859 secs]
211.121: [GC 2524961K->2491259K(3892416K), 0.0057217 secs]
211.243: [GC 2515914K->2482321K(3892416K), 0.0049003 secs]
211.358: [GC 2508860K->2476376K(3892416K), 0.0052313 secs]
211.474: [GC 2507875K->2476587K(3892416K), 0.0063105 secs]
211.530: [GC 2507770K->2473271K(3892416K), 0.0071361 secs]
211.611: [GC 2507739K->2473120K(3892416K), 0.0048134 secs]
211.636: [GC 2507520K->2473064K(3892416K), 0.0048304 secs]
211.660: [GC 2506879K->2472362K(3892416K), 0.0047913 secs]
211.720: [GC 2506367K->2472043K(3892416K), 0.0049638 secs]
211.784: [GC 2505931K->2471316K(3892416K), 0.0048554 secs]
211.882: [GC 2504839K->2470475K(3892416K), 0.0048022 secs]
211.977: [GC 2503614K->2470125K(3892416K), 0.0048583 secs]
212.075: [GC 2504161K->2470163K(3892416K), 0.0049317 secs]
212.181: [GC 2503687K->2470027K(3892416K), 0.0050764 secs]
212.285: [GC 2504153K->2470741K(3892416K), 0.0053076 secs]
212.394: [GC 2503029K->2469493K(3892416K), 0.0051970 secs]
212.500: [GC 2489614K->2456394K(3892416K), 0.0054436 secs]
212.607: [GC 2489310K->2455416K(3892416K), 0.0051469 secs]
212.712: [GC 2489382K->2456050K(3892416K), 0.0051514 secs]
212.821: [GC 2487266K->2454070K(3892416K), 0.0051601 secs]
212.932: [GC 2475633K->2442880K(3892416K), 0.0053140 secs]
213.040: [GC 2462525K->2428732K(3892416K), 0.0052938 secs]
213.154: [GC 2455795K->2422859K(3892416K), 0.0056941 secs]
213.263: [GC 2454682K->2422946K(3892416K), 0.0052698 secs]
213.381: [GC 2456552K->2423352K(3892416K), 0.0059019 secs]
213.496: [GC 2456602K->2424869K(3892416K), 0.0055363 secs]
213.610: [GC 2447379K->2416259K(3892416K), 0.0060430 secs]
213.721: [GC 2430538K->2398882K(3892416K), 0.0066425 secs]
213.839: [GC 2416093K->2383017K(3892416K), 0.0057483 secs]
213.914: [GC 2412570K->2378099K(3892416K), 0.0047829 secs]
213.996: [GC 2408783K->2374155K(3892416K), 0.0057390 secs]
214.055: [GC 2406931K->2372293K(3892416K), 0.0069779 secs]
214.084: [GC 2406070K->2371619K(3892416K), 0.0048971 secs]
214.140: [GC 2405855K->2371324K(3892416K), 0.0049032 secs]
214.202: [GC 2404985K->2370630K(3892416K), 0.0050331 secs]
214.325: [GC 2404451K->2370048K(3892416K), 0.0048852 secs]
214.419: [GC 2403974K->2370667K(3892416K), 0.0050100 secs]
214.519: [GC 2405168K->2371528K(3892416K), 0.0050992 secs]
214.622: [GC 2404445K->2371220K(3892416K), 0.0053291 secs]
214.728: [GC 2396634K->2363361K(3892416K), 0.0073702 secs]
214.840: [GC 2380777K->2347215K(3892416K), 0.0051774 secs]
214.955: [GC 2363889K->2331253K(3892416K), 0.0051174 secs]
215.068: [GC 2347679K->2314852K(3892416K), 0.0078667 secs]
215.187: [GC 2343673K->2309827K(3892416K), 0.0066242 secs]
215.303: [GC 2344387K->2310695K(3892416K), 0.0050408 secs]
215.419: [GC 2345255K->2312531K(3892416K), 0.0053480 secs]
215.538: [GC 2347090K->2314664K(3892416K), 0.0053917 secs]
215.651: [GC 2349222K->2316199K(3892416K), 0.0055924 secs]
215.772: [GC 2346309K->2314127K(3892416K), 0.0058997 secs]
215.885: [GC 2338657K->2306155K(3892416K), 0.0053205 secs]
216.008: [GC 2320494K->2287966K(3892416K), 0.0057762 secs]
216.119: [GC 2300569K->2269769K(3892416K), 0.0059221 secs]
216.243: [GC 2288290K->2254336K(3892416K), 0.0057807 secs]
216.373: [GC 2278348K->2247756K(3892416K), 0.0054792 secs]
216.409: [GC 2282313K->2247742K(3892416K), 0.0060697 secs]
216.486: [GC 2282302K->2247916K(3892416K), 0.0049382 secs]
216.545: [GC 2282459K->2247982K(3892416K), 0.0047348 secs]
216.600: [GC 2282541K->2248208K(3892416K), 0.0049802 secs]
216.652: [GC 2282766K->2247957K(3892416K), 0.0049327 secs]
216.725: [GC 2282512K->2248072K(3892416K), 0.0047794 secs]
216.858: [GC 2282626K->2249147K(3892416K), 0.0048923 secs]
216.955: [GC 2283704K->2250431K(3892416K), 0.0048840 secs]
217.055: [GC 2275228K->2241710K(3892416K), 0.0052307 secs]
217.160: [GC 2260508K->2226866K(3892416K), 0.0051206 secs]
217.269: [GC 2247002K->2213135K(3892416K), 0.0049661 secs]
217.377: [GC 2233074K->2199960K(3892416K), 0.0069863 secs]
217.485: [GC 2220999K->2188075K(3892416K), 0.0051049 secs]
217.593: [GC 2206124K->2172158K(3892416K), 0.0050934 secs]
217.704: [GC 2193649K->2160031K(3892416K), 0.0050315 secs]
217.819: [GC 2176018K->2142786K(3892416K), 0.0053593 secs]
217.933: [GC 2155177K->2122403K(3892416K), 0.0054202 secs]
218.049: [GC 2138664K->2106926K(3892416K), 0.0051825 secs]
218.165: [GC 2122739K->2090657K(3892416K), 0.0052400 secs]
218.281: [GC 2104917K->2073742K(3892416K), 0.0053201 secs]
218.397: [GC 2089281K->2056609K(3892416K), 0.0052958 secs]
218.512: [GC 2072301K->2038843K(3892416K), 0.0054818 secs]
218.627: [GC 2058944K->2026870K(3892416K), 0.0049956 secs]
218.749: [GC 2057480K->2025581K(3892416K), 0.0055376 secs]
218.766: [GC 2040806K(3892416K), 0.0047547 secs]
218.807: [GC 2060141K->2024712K(3892416K), 0.0049657 secs]
218.871: [GC 2059272K->2024477K(3892416K), 0.0046290 secs]
218.929: [GC 2059037K->2024523K(3892416K), 0.0045796 secs]
218.979: [GC 2059083K->2024480K(3892416K), 0.0046101 secs]
219.033: [GC 2059040K->2024507K(3892416K), 0.0047079 secs]
219.105: [GC 2059067K->2024688K(3892416K), 0.0047643 secs]
219.191: [GC 2059248K->2025478K(3892416K), 0.0046902 secs]
219.289: [GC 2060038K->2026711K(3892416K), 0.0048230 secs]
219.388: [GC 2061271K->2027882K(3892416K), 0.0050603 secs]
219.493: [GC 2062442K->2028763K(3892416K), 0.0051094 secs]
219.601: [GC 2063323K->2029747K(3892416K), 0.0052804 secs]
219.712: [GC 2064307K->2030866K(3892416K), 0.0052021 secs]
219.827: [GC 2065426K->2032036K(3892416K), 0.0069658 secs]
219.942: [GC 2066596K->2032858K(3892416K), 0.0050392 secs]
220.054: [GC 2067418K->2034432K(3892416K), 0.0050873 secs]
220.168: [GC 2068992K->2036081K(3892416K), 0.0052502 secs]
220.286: [GC 2070641K->2037210K(3892416K), 0.0053961 secs]
220.408: [GC 2071770K->2038433K(3892416K), 0.0055023 secs]
220.520: [GC 2072993K->2041611K(3892416K), 0.0069770 secs]
220.641: [GC 2076171K->2042436K(3892416K), 0.0077057 secs]
220.755: [GC 2076996K->2045453K(3892416K), 0.0072393 secs]
220.872: [GC 2080013K->2046564K(3892416K), 0.0072262 secs]
220.992: [GC 2081124K->2047452K(3892416K), 0.0047752 secs]
221.102: [GC 2082012K->2048583K(3892416K), 0.0052390 secs]
221.219: [GC 2083143K->2049671K(3892416K), 0.0055677 secs]
221.339: [GC 2084231K->2052936K(3892416K), 0.0056348 secs]
221.410: [GC 2087496K->2054462K(3892416K), 0.0061319 secs]
221.488: [GC 2089022K->2053230K(3892416K), 0.0048471 secs]
221.543: [GC 2087790K->2053275K(3892416K), 0.0046864 secs]
221.568: [GC 2087835K->2053397K(3892416K), 0.0049721 secs]
221.617: [GC 2087957K->2053668K(3892416K), 0.0055786 secs]
221.679: [GC 2088228K->2053561K(3892416K), 0.0047499 secs]
221.763: [GC 2088121K->2053223K(3892416K), 0.0053144 secs]
221.863: [GC 2087783K->2054412K(3892416K), 0.0047585 secs]
221.958: [GC 2088972K->2055384K(3892416K), 0.0049580 secs]
222.057: [GC 2089944K->2056461K(3892416K), 0.0049314 secs]
222.160: [GC 2091021K->2057351K(3892416K), 0.0051049 secs]
222.269: [GC 2091911K->2058459K(3892416K), 0.0070693 secs]
222.379: [GC 2093019K->2059622K(3892416K), 0.0050918 secs]
222.487: [GC 2094182K->2060590K(3892416K), 0.0050937 secs]
222.599: [GC 2095150K->2062108K(3892416K), 0.0065629 secs]
222.710: [GC 2096668K->2063442K(3892416K), 0.0073291 secs]
222.826: [GC 2098002K->2064270K(3892416K), 0.0050456 secs]
222.938: [GC 2098830K->2066220K(3892416K), 0.0050655 secs]
223.055: [GC 2100780K->2067538K(3892416K), 0.0055145 secs]
223.168: [GC 2102098K->2070235K(3892416K), 0.0063359 secs]
223.282: [GC 2104795K->2072625K(3892416K), 0.0058038 secs]
223.400: [GC 2107185K->2073107K(3892416K), 0.0054956 secs]
223.510: [GC 2107667K->2077393K(3892416K), 0.0058426 secs]
223.634: [GC 2111953K->2078411K(3892416K), 0.0168748 secs]
223.763: [GC 2112971K->2083024K(3892416K), 0.0054423 secs]
223.887: [GC 2117584K->2085411K(3892416K), 0.0059872 secs]
223.945: [GC 2119971K->2085538K(3892416K), 0.0054096 secs]
223.997: [GC 2120098K->2085500K(3892416K), 0.0045510 secs]
224.052: [GC 2120060K->2085581K(3892416K), 0.0046973 secs]
224.101: [GC 2120141K->2085473K(3892416K), 0.0045818 secs]
224.157: [GC 2120033K->2085572K(3892416K), 0.0046232 secs]
224.227: [GC 2120132K->2085784K(3892416K), 0.0048201 secs]
224.349: [GC 2120344K->2086826K(3892416K), 0.0050347 secs]
224.444: [GC 2121386K->2088206K(3892416K), 0.0052403 secs]
224.532: [GC 2122766K->2089889K(3892416K), 0.0075405 secs]
224.606: [GC 2124449K->2091096K(3892416K), 0.0058038 secs]
224.656: [GC 2125656K->2091619K(3892416K), 0.0071816 secs]
224.686: [GC 2126179K->2090774K(3892416K), 0.0052409 secs]
224.716: [GC 2125334K->2091952K(3892416K), 0.0051421 secs]
224.748: [GC 2126512K->2092029K(3892416K), 0.0049946 secs]
224.775: [GC 2126589K->2091434K(3892416K), 0.0050514 secs]
224.800: [GC 2125994K->2092170K(3892416K), 0.0052072 secs]
224.827: [GC 2126730K->2092678K(3892416K), 0.0050363 secs]
224.858: [GC 2127238K->2092669K(3892416K), 0.0050616 secs]
224.893: [GC 2127229K->2093451K(3892416K), 0.0055434 secs]
224.929: [GC 2127974K->2094146K(3892416K), 0.0049542 secs]
224.962: [GC 2128706K->2094271K(3892416K), 0.0048403 secs]
224.995: [GC 2128831K->2095803K(3892416K), 0.0072874 secs]
225.033: [GC 2130363K->2095679K(3892416K), 0.0062756 secs]
225.120: [GC 2130239K->2096755K(3892416K), 0.0070953 secs]
225.187: [GC 2131315K->2097198K(3892416K), 0.0052441 secs]
225.221: [GC 2131758K->2097951K(3892416K), 0.0049638 secs]
225.250: [GC 2132511K->2098634K(3892416K), 0.0065312 secs]
225.288: [GC 2133194K->2098883K(3892416K), 0.0048057 secs]
225.328: [GC 2133443K->2099472K(3892416K), 0.0049442 secs]
225.399: [GC 2134032K->2100863K(3892416K), 0.0049677 secs]
225.428: [GC 2135423K->2101346K(3892416K), 0.0051777 secs]
225.453: [GC 2135906K->2101773K(3892416K), 0.0050520 secs]
225.479: [GC 2136333K->2102401K(3892416K), 0.0047191 secs]
225.508: [GC 2136961K->2102639K(3892416K), 0.0047884 secs]
225.537: [GC 2137199K->2102715K(3892416K), 0.0067935 secs]
225.563: [GC 2137275K->2103854K(3892416K), 0.0049776 secs]
225.586: [GC 2138414K->2104169K(3892416K), 0.0051569 secs]
225.610: [GC 2138729K->2105263K(3892416K), 0.0049417 secs]
225.637: [GC 2139823K->2105793K(3892416K), 0.0052964 secs]
225.668: [GC 2140353K->2105464K(3892416K), 0.0048204 secs]
225.697: [GC 2140024K->2105817K(3892416K), 0.0048785 secs]
225.725: [GC 2140377K->2107461K(3892416K), 0.0051630 secs]
225.752: [GC 2142021K->2107043K(3892416K), 0.0051806 secs]
225.781: [GC 2141603K->2108855K(3892416K), 0.0049324 secs]
225.810: [GC 2143415K->2108933K(3892416K), 0.0051617 secs]
225.839: [GC 2143493K->2109790K(3892416K), 0.0048605 secs]
225.893: [GC 2144350K->2109301K(3892416K), 0.0050802 secs]
225.935: [GC 2143861K->2110466K(3892416K), 0.0048564 secs]
226.003: [GC 2145026K->2112482K(3892416K), 0.0050523 secs]
226.035: [GC 2147042K->2113458K(3892416K), 0.0066213 secs]
226.067: [GC 2148018K->2113243K(3892416K), 0.0047242 secs]
226.096: [GC 2147803K->2113301K(3892416K), 0.0045700 secs]
226.124: [GC 2147861K->2113450K(3892416K), 0.0046934 secs]
226.152: [GC 2148010K->2114765K(3892416K), 0.0047736 secs]
226.182: [GC 2149325K->2114625K(3892416K), 0.0071505 secs]
226.212: [GC 2149185K->2115436K(3892416K), 0.0048474 secs]
226.241: [GC 2149996K->2116597K(3892416K), 0.0055732 secs]
226.270: [GC 2151157K->2117316K(3892416K), 0.0047964 secs]
226.297: [GC 2151876K->2118218K(3892416K), 0.0054080 secs]
226.329: [GC 2152778K->2118296K(3892416K), 0.0073349 secs]
226.359: [GC 2152856K->2118257K(3892416K), 0.0054186 secs]
226.391: [GC 2152817K->2119127K(3892416K), 0.0049590 secs]
226.430: [GC 2153687K->2120543K(3892416K), 0.0053285 secs]
226.473: [GC 2155103K->2122010K(3892416K), 0.0073112 secs]
226.505: [GC 2156570K->2121974K(3892416K), 0.0071829 secs]
226.558: [GC 2156534K->2122659K(3892416K), 0.0050113 secs]
226.583: [GC 2157219K->2123179K(3892416K), 0.0054180 secs]
226.633: [GC 2157739K->2123789K(3892416K), 0.0050469 secs]
226.734: [GC 2158349K->2126615K(3892416K), 0.0052233 secs]
226.788: [GC 2161175K->2127049K(3892416K), 0.0053933 secs]
226.836: [GC 2161609K->2127223K(3892416K), 0.0047069 secs]
226.888: [GC 2161783K->2128035K(3892416K), 0.0046659 secs]
226.941: [GC 2162595K->2129729K(3892416K), 0.0047695 secs]
226.998: [GC 2164289K->2130887K(3892416K), 0.0052566 secs]
227.026: [GC 2165447K->2130841K(3892416K), 0.0048984 secs]
227.071: [GC 2165401K->2131077K(3892416K), 0.0048413 secs]
227.113: [GC 2165637K->2131197K(3892416K), 0.0071219 secs]
227.172: [GC 2165757K->2131285K(3892416K), 0.0071444 secs]
227.200: [GC 2165845K->2131561K(3892416K), 0.0072429 secs]
227.280: [GC 2166121K->2131715K(3892416K), 0.0052072 secs]
227.327: [GC 2166275K->2131261K(3892416K), 0.0048102 secs]
227.373: [GC 2165821K->2131258K(3892416K), 0.0048044 secs]
227.390: [GC 2165818K->2131563K(3892416K), 0.0069786 secs]
227.420: [GC 2166123K->2131709K(3892416K), 0.0049879 secs]
227.447: [GC 2166269K->2131912K(3892416K), 0.0048217 secs]
227.472: [GC 2166472K->2131976K(3892416K), 0.0046893 secs]
227.496: [GC 2166536K->2132572K(3892416K), 0.0047553 secs]
227.520: [GC 2167132K->2132943K(3892416K), 0.0053375 secs]
227.545: [GC 2167503K->2133758K(3892416K), 0.0049398 secs]
227.573: [GC 2168318K->2134325K(3892416K), 0.0054802 secs]
227.647: [GC 2168885K->2134082K(3892416K), 0.0048637 secs]
227.751: [GC 2168642K->2135683K(3892416K), 0.0051027 secs]
227.859: [GC 2170243K->2137217K(3892416K), 0.0050523 secs]
227.966: [GC 2171777K->2137043K(3892416K), 0.0048034 secs]
228.071: [GC 2171603K->2139169K(3892416K), 0.0051360 secs]
228.176: [GC 2173729K->2140030K(3892416K), 0.0048320 secs]
228.285: [GC 2174590K->2140949K(3892416K), 0.0049667 secs]
228.396: [GC 2175477K->2141495K(3892416K), 0.0048653 secs]
228.507: [GC 2176055K->2142008K(3892416K), 0.0052906 secs]
228.620: [GC 2176568K->2143009K(3892416K), 0.0052031 secs]
228.730: [GC 2177569K->2144890K(3892416K), 0.0050639 secs]
228.840: [GC 2179450K->2146435K(3892416K), 0.0053884 secs]
228.948: [GC 2180947K->2147553K(3892416K), 0.0052576 secs]
229.055: [GC 2182113K->2149955K(3892416K), 0.0050222 secs]
229.165: [GC 2184515K->2150482K(3892416K), 0.0101605 secs]
229.279: [GC 2185042K->2152382K(3892416K), 0.0049234 secs]
229.388: [GC 2186942K->2153399K(3892416K), 0.0071495 secs]
229.496: [GC 2187959K->2155354K(3892416K), 0.0054273 secs]
229.607: [GC 2189914K->2157091K(3892416K), 0.0058224 secs]
229.724: [GC 2191651K->2157471K(3892416K), 0.0051643 secs]
229.844: [GC 2192031K->2158927K(3892416K), 0.0049061 secs]
229.935: [GC 2193487K->2160694K(3892416K), 0.0052685 secs]
229.999: [GC 2195254K->2159976K(3892416K), 0.0050373 secs]
230.072: [GC 2194536K->2160123K(3892416K), 0.0048073 secs]
230.097: [GC 2194683K->2160201K(3892416K), 0.0048256 secs]
230.174: [GC 2194761K->2160187K(3892416K), 0.0069972 secs]
230.247: [GC 2194747K->2159956K(3892416K), 0.0047008 secs]
230.347: [GC 2194516K->2159109K(3892416K), 0.0046444 secs]
230.443: [GC 2193669K->2160117K(3892416K), 0.0048195 secs]
230.540: [GC 2194677K->2161014K(3892416K), 0.0047592 secs]
230.638: [GC 2195574K->2162010K(3892416K), 0.0072134 secs]
230.740: [GC 2196570K->2162871K(3892416K), 0.0051460 secs]
230.841: [GC 2197431K->2163813K(3892416K), 0.0049696 secs]
230.943: [GC 2198373K->2164509K(3892416K), 0.0052031 secs]
231.046: [GC 2199069K->2165816K(3892416K), 0.0051069 secs]
231.151: [GC 2200376K->2166872K(3892416K), 0.0050947 secs]
231.255: [GC 2201432K->2167720K(3892416K), 0.0051874 secs]
231.365: [GC 2202280K->2169267K(3892416K), 0.0057544 secs]
231.480: [GC 2203827K->2170980K(3892416K), 0.0050575 secs]
231.588: [GC 2205540K->2172806K(3892416K), 0.0070158 secs]
231.700: [GC 2207366K->2174679K(3892416K), 0.0051184 secs]
231.810: [GC 2209239K->2177208K(3892416K), 0.0084350 secs]
231.918: [GC 2211680K->2178776K(3892416K), 0.0059597 secs]
232.030: [GC 2213336K->2179944K(3892416K), 0.0052217 secs]
232.139: [GC 2214504K->2183220K(3892416K), 0.0052024 secs]
232.252: [GC 2217780K->2184478K(3892416K), 0.0055559 secs]
232.369: [GC 2219038K->2187774K(3892416K), 0.0057393 secs]
232.494: [GC 2222334K->2190167K(3892416K), 0.0056681 secs]
232.543: [GC 2224727K->2190166K(3892416K), 0.0052027 secs]
232.594: [GC 2224726K->2190264K(3892416K), 0.0058561 secs]
232.644: [GC 2224824K->2190270K(3892416K), 0.0050963 secs]
232.670: [GC 2224830K->2190366K(3892416K), 0.0051569 secs]
232.748: [GC 2224926K->2190283K(3892416K), 0.0050661 secs]
232.806: [GC 2224843K->2190267K(3892416K), 0.0051463 secs]
232.910: [GC 2224827K->2190912K(3892416K), 0.0078615 secs]
233.005: [GC 2225472K->2192029K(3892416K), 0.0053015 secs]
233.104: [GC 2226589K->2193032K(3892416K), 0.0053198 secs]
233.203: [GC 2227592K->2193918K(3892416K), 0.0054192 secs]
233.308: [GC 2228478K->2194660K(3892416K), 0.0071072 secs]
233.413: [GC 2229220K->2195810K(3892416K), 0.0059071 secs]
233.520: [GC 2230370K->2196972K(3892416K), 0.0053650 secs]
233.624: [GC 2231521K->2197924K(3892416K), 0.0070568 secs]
233.733: [GC 2232430K->2199329K(3892416K), 0.0051049 secs]
233.844: [GC 2233889K->2201683K(3892416K), 0.0051383 secs]
233.954: [GC 2236243K->2202591K(3892416K), 0.0054180 secs]
234.061: [GC 2237151K->2205053K(3892416K), 0.0052595 secs]
234.172: [GC 2239613K->2205658K(3892416K), 0.0055876 secs]
234.281: [GC 2240218K->2208416K(3892416K), 0.0051967 secs]
234.394: [GC 2242976K->2209068K(3892416K), 0.0054468 secs]
234.510: [GC 2243628K->2211231K(3892416K), 0.0051091 secs]
234.622: [GC 2245791K->2212654K(3892416K), 0.0056428 secs]
234.733: [GC 2247214K->2215627K(3892416K), 0.0060235 secs]
234.854: [GC 2250187K->2216550K(3892416K), 0.0058885 secs]
234.981: [GC 2251110K->2222938K(3892416K), 0.0065863 secs]
235.034: [GC 2257498K->2222412K(3892416K), 0.0064815 secs]
235.086: [GC 2256972K->2222534K(3892416K), 0.0050110 secs]
235.137: [GC 2257094K->2222471K(3892416K), 0.0050126 secs]
235.184: [GC 2257031K->2222530K(3892416K), 0.0060841 secs]
235.242: [GC 2257090K->2222508K(3892416K), 0.0049494 secs]
235.317: [GC 2257068K->2222520K(3892416K), 0.0061146 secs]
235.417: [GC 2257080K->2223354K(3892416K), 0.0051075 secs]
235.513: [GC 2257914K->2224486K(3892416K), 0.0050719 secs]
235.612: [GC 2259046K->2225462K(3892416K), 0.0054382 secs]
235.711: [GC 2260022K->2226400K(3892416K), 0.0051014 secs]
235.815: [GC 2260960K->2227086K(3892416K), 0.0050786 secs]
235.919: [GC 2261646K->2228354K(3892416K), 0.0051457 secs]
236.024: [GC 2262914K->2229061K(3892416K), 0.0052598 secs]
236.132: [GC 2263621K->2230392K(3892416K), 0.0052621 secs]
236.238: [GC 2264952K->2231741K(3892416K), 0.0051896 secs]
236.347: [GC 2266301K->2233513K(3892416K), 0.0052361 secs]
236.453: [GC 2268073K->2234856K(3892416K), 0.0063824 secs]
236.560: [GC 2269416K->2237275K(3892416K), 0.0052765 secs]
236.668: [GC 2271835K->2238080K(3892416K), 0.0064558 secs]
236.779: [GC 2272640K->2239972K(3892416K), 0.0054718 secs]
236.893: [GC 2274532K->2241628K(3892416K), 0.0058086 secs]
237.006: [GC 2276188K->2244357K(3892416K), 0.0051315 secs]
237.121: [GC 2278917K->2245804K(3892416K), 0.0064398 secs]
237.234: [GC 2280364K->2250549K(3892416K), 0.0063102 secs]
237.353: [GC 2285109K->2251674K(3892416K), 0.0069484 secs]
237.445: [GC 2286234K->2255957K(3892416K), 0.0054401 secs]
237.505: [GC 2290517K->2255999K(3892416K), 0.0059930 secs]
237.557: [GC 2290559K->2255936K(3892416K), 0.0048724 secs]
237.612: [GC 2290496K->2255862K(3892416K), 0.0047528 secs]
237.658: [GC 2290422K->2255997K(3892416K), 0.0071159 secs]
237.716: [GC 2290557K->2255918K(3892416K), 0.0047749 secs]
237.787: [GC 2290478K->2256124K(3892416K), 0.0058987 secs]
237.893: [GC 2290684K->2256977K(3892416K), 0.0047672 secs]
237.989: [GC 2291537K->2258063K(3892416K), 0.0049843 secs]
238.091: [GC 2292623K->2259139K(3892416K), 0.0050671 secs]
238.194: [GC 2293699K->2260434K(3892416K), 0.0051267 secs]
238.298: [GC 2294994K->2261399K(3892416K), 0.0049414 secs]
238.402: [GC 2295959K->2262245K(3892416K), 0.0055863 secs]
238.511: [GC 2296805K->2263618K(3892416K), 0.0049827 secs]
238.616: [GC 2298178K->2265367K(3892416K), 0.0052387 secs]
238.721: [GC 2299927K->2266745K(3892416K), 0.0050854 secs]
238.832: [GC 2301305K->2268442K(3892416K), 0.0055482 secs]
238.838: [GC 2269121K(3892416K), 0.0018031 secs]
238.940: [GC 2302919K->2270339K(3892416K), 0.0074055 secs]
239.061: [GC 2304897K->2270663K(3892416K), 0.0071691 secs]
239.167: [GC 2305223K->2273941K(3892416K), 0.0054295 secs]
239.280: [GC 2308498K->2275122K(3892416K), 0.0058115 secs]
239.399: [GC 2309676K->2276602K(3892416K), 0.0054503 secs]
239.508: [GC 2311052K->2279806K(3892416K), 0.0053124 secs]
239.624: [GC 2314365K->2282260K(3892416K), 0.0058211 secs]
239.737: [GC 2316819K->2285023K(3892416K), 0.0068570 secs]
239.849: [GC 2319583K->2288478K(3892416K), 0.0067749 secs]
239.909: [GC 2323038K->2288545K(3892416K), 0.0054799 secs]
239.964: [GC 2323105K->2288521K(3892416K), 0.0045507 secs]
240.013: [GC 2323081K->2288735K(3892416K), 0.0046643 secs]
240.085: [GC 2323295K->2288584K(3892416K), 0.0049365 secs]
240.125: [GC 2323144K->2288630K(3892416K), 0.0046617 secs]
240.238: [GC 2323190K->2289190K(3892416K), 0.0046623 secs]
240.334: [GC 2323186K->2289703K(3892416K), 0.0048288 secs]
240.433: [GC 2324263K->2290686K(3892416K), 0.0048528 secs]
240.533: [GC 2322150K->2288520K(3892416K), 0.0051129 secs]
240.636: [GC 2318987K->2285306K(3892416K), 0.0050966 secs]
240.740: [GC 2319838K->2286121K(3892416K), 0.0053022 secs]
240.847: [GC 2320508K->2287500K(3892416K), 0.0050546 secs]
240.952: [GC 2320991K->2286980K(3892416K), 0.0050716 secs]
241.060: [GC 2320856K->2287426K(3892416K), 0.0051550 secs]
241.168: [GC 2321914K->2289011K(3892416K), 0.0053913 secs]
241.275: [GC 2322133K->2289141K(3892416K), 0.0051697 secs]
241.387: [GC 2323163K->2290061K(3892416K), 0.0074420 secs]
241.495: [GC 2324487K->2292088K(3892416K), 0.0050729 secs]
241.612: [GC 2326287K->2292580K(3892416K), 0.0057072 secs]
241.723: [GC 2327129K->2294902K(3892416K), 0.0071457 secs]
241.839: [GC 2329415K->2296807K(3892416K), 0.0053833 secs]
241.954: [GC 2330953K->2298660K(3892416K), 0.0055902 secs]
242.071: [GC 2332850K->2299388K(3892416K), 0.0052695 secs]
242.181: [GC 2333785K->2304840K(3892416K), 0.0070363 secs]
242.284: [GC 2339329K->2306952K(3892416K), 0.0063076 secs]
242.367: [GC 2341373K->2306778K(3892416K), 0.0051046 secs]
242.423: [GC 2341338K->2306754K(3892416K), 0.0046591 secs]
242.450: [GC 2341299K->2306823K(3892416K), 0.0046235 secs]
242.527: [GC 2341383K->2306826K(3892416K), 0.0067111 secs]
242.606: [GC 2341386K->2306946K(3892416K), 0.0066733 secs]
242.698: [GC 2341462K->2307595K(3892416K), 0.0046001 secs]
242.795: [GC 2342150K->2308608K(3892416K), 0.0047111 secs]
242.897: [GC 2343150K->2309504K(3892416K), 0.0048387 secs]
243.002: [GC 2343968K->2310283K(3892416K), 0.0053112 secs]
243.115: [GC 2344773K->2311357K(3892416K), 0.0050475 secs]
243.227: [GC 2344661K->2311104K(3892416K), 0.0049834 secs]
243.342: [GC 2345295K->2311331K(3892416K), 0.0054423 secs]
243.454: [GC 2345702K->2313008K(3892416K), 0.0050620 secs]
243.567: [GC 2347420K->2313550K(3892416K), 0.0055552 secs]
243.684: [GC 2348018K->2314168K(3892416K), 0.0052942 secs]
243.799: [GC 2348222K->2315549K(3892416K), 0.0056585 secs]
243.913: [GC 2349914K->2316294K(3892416K), 0.0050866 secs]
244.030: [GC 2350802K->2317544K(3892416K), 0.0057044 secs]
244.147: [GC 2352054K->2318708K(3892416K), 0.0069905 secs]
244.260: [GC 2352564K->2319143K(3892416K), 0.0051822 secs]
244.375: [GC 2351630K->2318117K(3892416K), 0.0052711 secs]
244.489: [GC 2350788K->2317880K(3892416K), 0.0053843 secs]
244.611: [GC 2351307K->2317542K(3892416K), 0.0072884 secs]
244.731: [GC 2351758K->2319903K(3892416K), 0.0072486 secs]
244.849: [GC 2354172K->2321178K(3892416K), 0.0060889 secs]
244.967: [GC 2355738K->2324403K(3892416K), 0.0079664 secs]
245.091: [GC 2358963K->2324953K(3892416K), 0.0054956 secs]
245.166: [GC 2359513K->2326760K(3892416K), 0.0050411 secs]
245.244: [GC 2361055K->2326064K(3892416K), 0.0049757 secs]
245.302: [GC 2360301K->2325911K(3892416K), 0.0071367 secs]
245.348: [GC 2360373K->2325812K(3892416K), 0.0049109 secs]
245.414: [GC 2360372K->2325715K(3892416K), 0.0048801 secs]
245.507: [GC 2360275K->2323965K(3892416K), 0.0046607 secs]
245.636: [GC 2358525K->2325136K(3892416K), 0.0049888 secs]
245.737: [GC 2359696K->2326054K(3892416K), 0.0048775 secs]
245.846: [GC 2360614K->2326999K(3892416K), 0.0051306 secs]
245.955: [GC 2361559K->2327813K(3892416K), 0.0074831 secs]
246.065: [GC 2362308K->2328521K(3892416K), 0.0050696 secs]
246.174: [GC 2362952K->2329590K(3892416K), 0.0072592 secs]
246.285: [GC 2363861K->2330190K(3892416K), 0.0053192 secs]
246.398: [GC 2364668K->2330884K(3892416K), 0.0051485 secs]
246.510: [GC 2365444K->2332400K(3892416K), 0.0051444 secs]
246.625: [GC 2366855K->2333572K(3892416K), 0.0052470 secs]
246.738: [GC 2368015K->2335099K(3892416K), 0.0051190 secs]
246.850: [GC 2369646K->2336905K(3892416K), 0.0051229 secs]
246.964: [GC 2371399K->2338398K(3892416K), 0.0054247 secs]
247.076: [GC 2372870K->2340572K(3892416K), 0.0052691 secs]
247.195: [GC 2375036K->2341598K(3892416K), 0.0055632 secs]
247.311: [GC 2376074K->2343877K(3892416K), 0.0055379 secs]
247.433: [GC 2378272K->2345385K(3892416K), 0.0063978 secs]
247.553: [GC 2378457K->2345959K(3892416K), 0.0053163 secs]
247.675: [GC 2374703K->2341098K(3892416K), 0.0053830 secs]
247.794: [GC 2373441K->2341359K(3892416K), 0.0054706 secs]
247.913: [GC 2375098K->2343519K(3892416K), 0.0055854 secs]
248.002: [GC 2138729K->2104458K(3892416K), 0.0050055 secs]
248.069: [GC 2139018K->2104587K(3892416K), 0.0047922 secs]
248.124: [GC 2139147K->2104736K(3892416K), 0.0047460 secs]
248.138: [GC 2120597K(3892416K), 0.0066925 secs]
248.183: [GC 2139296K->2104679K(3892416K), 0.0048118 secs]
248.244: [GC 2139239K->2104720K(3892416K), 0.0049917 secs]
248.324: [GC 2139280K->2104773K(3892416K), 0.0101980 secs]
248.430: [GC 2139333K->2105466K(3892416K), 0.0049382 secs]
248.525: [GC 2140026K->2106303K(3892416K), 0.0048384 secs]
248.624: [GC 2140863K->2107429K(3892416K), 0.0049609 secs]
248.726: [GC 2141989K->2108129K(3892416K), 0.0052383 secs]
248.833: [GC 2142689K->2109088K(3892416K), 0.0051463 secs]
248.947: [GC 2143648K->2110262K(3892416K), 0.0050328 secs]
249.058: [GC 2144822K->2111291K(3892416K), 0.0052220 secs]
249.169: [GC 2145851K->2112980K(3892416K), 0.0051832 secs]
249.281: [GC 2147540K->2113520K(3892416K), 0.0050264 secs]
249.396: [GC 2148080K->2114435K(3892416K), 0.0051627 secs]
249.510: [GC 2148995K->2115315K(3892416K), 0.0051081 secs]
249.626: [GC 2149875K->2116931K(3892416K), 0.0051473 secs]
249.741: [GC 2151491K->2117935K(3892416K), 0.0050110 secs]
249.853: [GC 2152495K->2120341K(3892416K), 0.0054487 secs]
249.973: [GC 2154901K->2121409K(3892416K), 0.0052723 secs]
250.087: [GC 2155969K->2123728K(3892416K), 0.0052842 secs]
250.207: [GC 2158243K->2126309K(3892416K), 0.0054090 secs]
250.325: [GC 2160869K->2128310K(3892416K), 0.0051139 secs]
250.444: [GC 2162870K->2129706K(3892416K), 0.0050504 secs]
250.558: [GC 2164266K->2133463K(3892416K), 0.0052355 secs]
250.677: [GC 2168023K->2135740K(3892416K), 0.0055238 secs]
250.780: [GC 2170300K->2136184K(3892416K), 0.0051332 secs]
250.841: [GC 2170744K->2136173K(3892416K), 0.0047682 secs]
250.916: [GC 2170733K->2136206K(3892416K), 0.0049070 secs]
250.942: [GC 2170766K->2136226K(3892416K), 0.0047579 secs]
251.023: [GC 2170786K->2136114K(3892416K), 0.0047701 secs]
251.080: [GC 2170674K->2136183K(3892416K), 0.0047444 secs]
251.181: [GC 2170743K->2136804K(3892416K), 0.0072987 secs]
251.231: [GC 2171364K->2137843K(3892416K), 0.0050530 secs]
251.258: [GC 2172403K->2138143K(3892416K), 0.0053192 secs]
251.281: [GC 2172703K->2138694K(3892416K), 0.0050020 secs]
251.302: [GC 2173254K->2139399K(3892416K), 0.0058711 secs]
251.325: [GC 2173959K->2138851K(3892416K), 0.0061700 secs]
251.347: [GC 2173411K->2139245K(3892416K), 0.0049228 secs]
251.366: [GC 2173805K->2139599K(3892416K), 0.0052573 secs]
251.387: [GC 2174159K->2139306K(3892416K), 0.0051530 secs]
251.413: [GC 2173866K->2139804K(3892416K), 0.0049260 secs]
251.438: [GC 2174364K->2139957K(3892416K), 0.0052778 secs]
251.469: [GC 2174517K->2139958K(3892416K), 0.0049311 secs]
251.497: [GC 2174518K->2140339K(3892416K), 0.0048554 secs]
251.539: [GC 2174899K->2141119K(3892416K), 0.0048634 secs]
251.613: [GC 2175679K->2141501K(3892416K), 0.0050510 secs]
251.640: [GC 2176061K->2142102K(3892416K), 0.0050966 secs]
251.673: [GC 2176662K->2142250K(3892416K), 0.0067210 secs]
251.703: [GC 2176810K->2142252K(3892416K), 0.0048682 secs]
251.727: [GC 2176812K->2142889K(3892416K), 0.0049212 secs]
251.751: [GC 2177449K->2143364K(3892416K), 0.0050655 secs]
251.780: [GC 2177924K->2143104K(3892416K), 0.0050549 secs]
251.810: [GC 2177661K->2143622K(3892416K), 0.0072804 secs]
251.851: [GC 2178182K->2144553K(3892416K), 0.0049558 secs]
251.914: [GC 2179113K->2144900K(3892416K), 0.0050077 secs]
251.965: [GC 2179460K->2144810K(3892416K), 0.0050956 secs]
251.992: [GC 2179370K->2146602K(3892416K), 0.0050382 secs]
252.014: [GC 2181162K->2146393K(3892416K), 0.0051534 secs]
252.037: [GC 2180953K->2146652K(3892416K), 0.0049365 secs]
252.060: [GC 2181212K->2146661K(3892416K), 0.0050876 secs]
252.080: [GC 2181221K->2146220K(3892416K), 0.0048320 secs]
252.101: [GC 2180780K->2146577K(3892416K), 0.0050809 secs]
252.124: [GC 2181137K->2146800K(3892416K), 0.0048894 secs]
252.148: [GC 2181360K->2147850K(3892416K), 0.0049673 secs]
252.177: [GC 2182410K->2149553K(3892416K), 0.0062005 secs]
252.208: [GC 2184113K->2149540K(3892416K), 0.0055264 secs]
252.237: [GC 2184100K->2149186K(3892416K), 0.0050539 secs]
252.294: [GC 2183746K->2150341K(3892416K), 0.0048750 secs]
252.372: [GC 2184901K->2151266K(3892416K), 0.0051129 secs]
252.401: [GC 2185826K->2152232K(3892416K), 0.0054388 secs]
252.433: [GC 2186792K->2151756K(3892416K), 0.0048022 secs]
252.460: [GC 2186316K->2152407K(3892416K), 0.0048916 secs]
252.488: [GC 2186967K->2152890K(3892416K), 0.0072095 secs]
252.519: [GC 2187450K->2153397K(3892416K), 0.0071887 secs]
252.550: [GC 2187957K->2153700K(3892416K), 0.0051085 secs]
252.578: [GC 2188260K->2153855K(3892416K), 0.0050773 secs]
252.606: [GC 2188415K->2154752K(3892416K), 0.0049285 secs]
252.634: [GC 2189312K->2155934K(3892416K), 0.0052252 secs]
252.662: [GC 2190494K->2156378K(3892416K), 0.0053471 secs]
252.690: [GC 2190938K->2156944K(3892416K), 0.0056935 secs]
252.719: [GC 2191504K->2157257K(3892416K), 0.0051732 secs]
252.747: [GC 2191817K->2158003K(3892416K), 0.0050834 secs]
252.783: [GC 2192563K->2158758K(3892416K), 0.0051732 secs]
252.838: [GC 2193318K->2160219K(3892416K), 0.0051485 secs]
252.872: [GC 2194779K->2160358K(3892416K), 0.0052284 secs]
252.922: [GC 2194918K->2162542K(3892416K), 0.0054914 secs]
252.959: [GC 2197102K->2163716K(3892416K), 0.0053410 secs]
253.003: [GC 2198276K->2164082K(3892416K), 0.0048958 secs]
253.059: [GC 2198642K->2164209K(3892416K), 0.0048063 secs]
253.097: [GC 2198769K->2165535K(3892416K), 0.0050632 secs]
253.135: [GC 2200095K->2167039K(3892416K), 0.0073689 secs]
253.185: [GC 2201599K->2168239K(3892416K), 0.0053378 secs]
253.240: [GC 2202799K->2168403K(3892416K), 0.0051652 secs]
253.294: [GC 2202963K->2170310K(3892416K), 0.0049548 secs]
253.351: [GC 2204870K->2170780K(3892416K), 0.0052162 secs]
253.405: [GC 2205340K->2171965K(3892416K), 0.0077663 secs]
253.505: [GC 2206525K->2172588K(3892416K), 0.0051877 secs]
253.610: [GC 2207148K->2174862K(3892416K), 0.0072685 secs]
253.671: [GC 2209416K->2177073K(3892416K), 0.0075075 secs]
253.700: [GC 2211633K->2178105K(3892416K), 0.0074379 secs]
253.730: [GC 2212665K->2178410K(3892416K), 0.0049875 secs]
253.756: [GC 2212970K->2178505K(3892416K), 0.0048474 secs]
253.782: [GC 2213017K->2178882K(3892416K), 0.0049901 secs]
253.809: [GC 2213442K->2179223K(3892416K), 0.0050094 secs]
253.836: [GC 2213783K->2179088K(3892416K), 0.0048609 secs]
253.861: [GC 2213648K->2179961K(3892416K), 0.0049199 secs]
253.886: [GC 2214521K->2180082K(3892416K), 0.0050735 secs]
253.905: [GC 2214642K->2180099K(3892416K), 0.0048836 secs]
253.955: [GC 2214659K->2179525K(3892416K), 0.0049571 secs]
254.001: [GC 2214085K->2179521K(3892416K), 0.0072454 secs]
254.059: [GC 2214081K->2180066K(3892416K), 0.0052925 secs]
254.116: [GC 2214626K->2180196K(3892416K), 0.0050510 secs]
254.182: [GC 2214756K->2180224K(3892416K), 0.0048349 secs]
254.284: [GC 2214784K->2180192K(3892416K), 0.0063253 secs]
254.378: [GC 2214752K->2181097K(3892416K), 0.0049885 secs]
254.475: [GC 2215657K->2182064K(3892416K), 0.0051501 secs]
254.576: [GC 2216624K->2183328K(3892416K), 0.0052576 secs]
254.685: [GC 2217888K->2184048K(3892416K), 0.0051203 secs]
254.795: [GC 2218608K->2184878K(3892416K), 0.0053006 secs]
254.906: [GC 2219438K->2185727K(3892416K), 0.0053015 secs]
255.018: [GC 2220287K->2188111K(3892416K), 0.0056312 secs]
255.131: [GC 2222671K->2189162K(3892416K), 0.0051040 secs]
255.243: [GC 2223722K->2190266K(3892416K), 0.0051482 secs]
255.360: [GC 2224826K->2190608K(3892416K), 0.0051145 secs]
255.472: [GC 2225168K->2192573K(3892416K), 0.0050818 secs]
255.586: [GC 2227133K->2194741K(3892416K), 0.0068987 secs]
255.701: [GC 2229301K->2196141K(3892416K), 0.0053128 secs]
255.817: [GC 2230701K->2197934K(3892416K), 0.0065982 secs]
255.933: [GC 2232494K->2199995K(3892416K), 0.0053358 secs]
256.049: [GC 2234555K->2201029K(3892416K), 0.0052124 secs]
256.164: [GC 2235589K->2203664K(3892416K), 0.0051906 secs]
256.279: [GC 2238224K->2205737K(3892416K), 0.0053782 secs]
256.399: [GC 2240297K->2207599K(3892416K), 0.0052627 secs]
256.520: [GC 2242159K->2210447K(3892416K), 0.0075668 secs]
256.648: [GC 2245007K->2211059K(3892416K), 0.0068285 secs]
256.767: [GC 2245619K->2213061K(3892416K), 0.0083067 secs]
256.843: [GC 2247621K->2212558K(3892416K), 0.0049568 secs]
256.904: [GC 2247102K->2212500K(3892416K), 0.0068817 secs]
256.934: [GC 2247060K->2212626K(3892416K), 0.0070187 secs]
257.022: [GC 2247186K->2212554K(3892416K), 0.0068442 secs]
257.070: [GC 2247114K->2212605K(3892416K), 0.0047390 secs]
257.188: [GC 2247165K->2212854K(3892416K), 0.0070812 secs]
257.285: [GC 2247414K->2214014K(3892416K), 0.0049487 secs]
257.384: [GC 2248574K->2214973K(3892416K), 0.0050992 secs]
257.487: [GC 2249533K->2215824K(3892416K), 0.0070854 secs]
257.597: [GC 2250384K->2216516K(3892416K), 0.0051671 secs]
257.706: [GC 2251076K->2217437K(3892416K), 0.0051550 secs]
257.818: [GC 2251997K->2218680K(3892416K), 0.0055401 secs]
257.929: [GC 2253240K->2219663K(3892416K), 0.0051396 secs]
258.040: [GC 2254223K->2221141K(3892416K), 0.0052194 secs]
258.155: [GC 2255701K->2221803K(3892416K), 0.0050520 secs]
258.266: [GC 2256363K->2223394K(3892416K), 0.0050863 secs]
258.381: [GC 2257954K->2224839K(3892416K), 0.0052861 secs]
258.493: [GC 2259399K->2226365K(3892416K), 0.0051886 secs]
258.609: [GC 2260925K->2227810K(3892416K), 0.0051883 secs]
258.724: [GC 2262370K->2228634K(3892416K), 0.0049997 secs]
258.838: [GC 2263194K->2230909K(3892416K), 0.0054269 secs]
258.954: [GC 2265469K->2231838K(3892416K), 0.0052586 secs]
259.068: [GC 2266398K->2233065K(3892416K), 0.0072336 secs]
259.188: [GC 2267625K->2234729K(3892416K), 0.0051774 secs]
259.304: [GC 2269289K->2236755K(3892416K), 0.0053509 secs]
259.421: [GC 2271315K->2238988K(3892416K), 0.0052913 secs]
259.544: [GC 2273548K->2239244K(3892416K), 0.0049885 secs]
259.660: [GC 2273804K->2242487K(3892416K), 0.0066078 secs]
259.737: [GC 2277047K->2244620K(3892416K), 0.0062066 secs]
259.807: [GC 2279180K->2244692K(3892416K), 0.0054038 secs]
259.867: [GC 2279252K->2244746K(3892416K), 0.0048769 secs]
259.924: [GC 2279306K->2244712K(3892416K), 0.0047547 secs]
259.990: [GC 2279272K->2244788K(3892416K), 0.0047958 secs]
260.072: [GC 2279348K->2244748K(3892416K), 0.0050661 secs]
260.184: [GC 2279308K->2245796K(3892416K), 0.0049135 secs]
260.284: [GC 2280356K->2246658K(3892416K), 0.0052329 secs]
260.388: [GC 2281218K->2247688K(3892416K), 0.0050648 secs]
260.493: [GC 2282248K->2248336K(3892416K), 0.0052557 secs]
260.601: [GC 2282896K->2249233K(3892416K), 0.0053731 secs]
260.712: [GC 2283793K->2250380K(3892416K), 0.0053900 secs]
260.827: [GC 2284940K->2251395K(3892416K), 0.0050719 secs]
260.940: [GC 2285955K->2252430K(3892416K), 0.0074141 secs]
261.057: [GC 2286990K->2253597K(3892416K), 0.0053006 secs]
261.170: [GC 2288157K->2254839K(3892416K), 0.0052265 secs]
261.286: [GC 2289399K->2256102K(3892416K), 0.0053073 secs]
261.402: [GC 2290662K->2258311K(3892416K), 0.0053923 secs]
261.520: [GC 2292871K->2259096K(3892416K), 0.0054728 secs]
261.637: [GC 2293656K->2260773K(3892416K), 0.0051495 secs]
261.751: [GC 2295333K->2262410K(3892416K), 0.0069212 secs]
261.872: [GC 2296970K->2264361K(3892416K), 0.0052457 secs]
261.989: [GC 2298921K->2265948K(3892416K), 0.0051591 secs]
262.107: [GC 2300508K->2268087K(3892416K), 0.0053920 secs]
262.223: [GC 2302647K->2270446K(3892416K), 0.0054981 secs]
262.346: [GC 2305006K->2271477K(3892416K), 0.0054151 secs]
262.466: [GC 2306037K->2273351K(3892416K), 0.0050450 secs]
262.570: [GC 2307911K->2275352K(3892416K), 0.0053435 secs]
262.642: [GC 2309912K->2274593K(3892416K), 0.0050767 secs]
262.704: [GC 2309153K->2274619K(3892416K), 0.0049109 secs]
262.731: [GC 2309179K->2274689K(3892416K), 0.0064536 secs]
262.809: [GC 2309249K->2273426K(3892416K), 0.0049436 secs]
262.897: [GC 2307986K->2273389K(3892416K), 0.0047229 secs]
262.975: [GC 2307949K->2273896K(3892416K), 0.0049106 secs]
263.072: [GC 2308456K->2274784K(3892416K), 0.0048868 secs]
263.172: [GC 2309344K->2275741K(3892416K), 0.0050061 secs]
263.277: [GC 2310301K->2276609K(3892416K), 0.0051627 secs]
263.387: [GC 2311169K->2277921K(3892416K), 0.0074308 secs]
263.500: [GC 2312481K->2278847K(3892416K), 0.0073195 secs]
263.614: [GC 2313407K->2280114K(3892416K), 0.0050838 secs]
263.726: [GC 2314674K->2281153K(3892416K), 0.0071197 secs]
263.842: [GC 2315713K->2283147K(3892416K), 0.0051726 secs]
263.958: [GC 2317707K->2283887K(3892416K), 0.0052845 secs]
264.070: [GC 2318447K->2285215K(3892416K), 0.0051739 secs]
264.184: [GC 2319775K->2286857K(3892416K), 0.0053038 secs]
264.301: [GC 2321417K->2288592K(3892416K), 0.0052374 secs]
264.425: [GC 2323152K->2289831K(3892416K), 0.0072114 secs]
264.543: [GC 2324391K->2291574K(3892416K), 0.0071200 secs]
264.664: [GC 2326134K->2293003K(3892416K), 0.0068541 secs]
264.783: [GC 2327563K->2295889K(3892416K), 0.0053115 secs]
264.903: [GC 2330449K->2296686K(3892416K), 0.0053205 secs]
265.020: [GC 2331246K->2297999K(3892416K), 0.0051399 secs]
265.139: [GC 2332559K->2300235K(3892416K), 0.0053439 secs]
265.251: [GC 2334795K->2301930K(3892416K), 0.0055353 secs]
265.375: [GC 2336490K->2302621K(3892416K), 0.0055296 secs]
265.445: [GC 2337181K->2302858K(3892416K), 0.0048355 secs]
265.506: [GC 2337418K->2302606K(3892416K), 0.0047768 secs]
265.566: [GC 2337166K->2302644K(3892416K), 0.0049305 secs]
265.609: [GC 2337204K->2302599K(3892416K), 0.0048025 secs]
265.671: [GC 2337159K->2302707K(3892416K), 0.0048974 secs]
265.749: [GC 2337267K->2302785K(3892416K), 0.0050350 secs]
265.851: [GC 2337345K->2303361K(3892416K), 0.0050690 secs]
265.998: [GC 2337921K->2303284K(3892416K), 0.0053827 secs]
266.029: [GC 2337844K->2303256K(3892416K), 0.0050530 secs]
266.060: [GC 2337816K->2303482K(3892416K), 0.0051501 secs]
266.095: [GC 2338042K->2303833K(3892416K), 0.0051723 secs]
266.129: [GC 2338393K->2303962K(3892416K), 0.0052120 secs]
266.158: [GC 2338522K->2303736K(3892416K), 0.0050886 secs]
266.184: [GC 2338296K->2303819K(3892416K), 0.0058445 secs]
266.211: [GC 2338379K->2303699K(3892416K), 0.0050167 secs]
266.239: [GC 2338259K->2303437K(3892416K), 0.0048881 secs]
266.263: [GC 2337997K->2303557K(3892416K), 0.0049831 secs]
266.288: [GC 2338117K->2303686K(3892416K), 0.0050061 secs]
266.313: [GC 2338246K->2303595K(3892416K), 0.0048374 secs]
266.347: [GC 2338135K->2303390K(3892416K), 0.0049616 secs]
266.377: [GC 2337950K->2303370K(3892416K), 0.0056761 secs]
266.408: [GC 2337930K->2303335K(3892416K), 0.0048913 secs]
266.436: [GC 2337895K->2303414K(3892416K), 0.0048509 secs]
266.469: [GC 2337974K->2303693K(3892416K), 0.0050507 secs]
266.507: [GC 2338253K->2303864K(3892416K), 0.0049641 secs]
266.546: [GC 2338424K->2304192K(3892416K), 0.0050562 secs]
266.584: [GC 2338752K->2303827K(3892416K), 0.0049074 secs]
266.621: [GC 2338387K->2303586K(3892416K), 0.0049016 secs]
266.657: [GC 2338146K->2303656K(3892416K), 0.0048634 secs]
266.698: [GC 2338216K->2303626K(3892416K), 0.0050927 secs]
266.946: [GC 2338186K->2303960K(3892416K), 0.0048682 secs]
266.976: [GC 2338520K->2303975K(3892416K), 0.0048795 secs]
267.011: [GC 2338535K->2304074K(3892416K), 0.0048942 secs]
267.049: [GC 2338634K->2304327K(3892416K), 0.0049449 secs]
267.077: [GC 2338887K->2304514K(3892416K), 0.0049641 secs]
267.104: [GC 2339074K->2304482K(3892416K), 0.0049378 secs]
267.130: [GC 2339042K->2304460K(3892416K), 0.0050549 secs]
267.160: [GC 2339020K->2304437K(3892416K), 0.0050559 secs]
267.198: [GC 2338997K->2304378K(3892416K), 0.0050045 secs]
267.246: [GC 2338938K->2304446K(3892416K), 0.0050177 secs]
267.285: [GC 2339006K->2304430K(3892416K), 0.0049256 secs]
267.345: [GC 2338990K->2304447K(3892416K), 0.0049189 secs]
267.517: [GC 2339007K->2304444K(3892416K), 0.0071033 secs]
267.550: [GC 2339004K->2304521K(3892416K), 0.0049407 secs]
267.581: [GC 2339081K->2304640K(3892416K), 0.0049654 secs]
267.612: [GC 2339200K->2304622K(3892416K), 0.0048368 secs]
267.647: [GC 2339182K->2305168K(3892416K), 0.0050841 secs]
267.682: [GC 2339728K->2305042K(3892416K), 0.0050732 secs]
267.712: [GC 2339602K->2305085K(3892416K), 0.0050292 secs]
267.740: [GC 2339645K->2305045K(3892416K), 0.0062653 secs]
267.768: [GC 2339605K->2305085K(3892416K), 0.0051319 secs]
267.796: [GC 2339645K->2305080K(3892416K), 0.0050498 secs]
267.820: [GC 2339640K->2305006K(3892416K), 0.0052252 secs]
267.846: [GC 2339566K->2305315K(3892416K), 0.0050674 secs]
267.871: [GC 2339875K->2305258K(3892416K), 0.0052085 secs]
267.906: [GC 2339818K->2305028K(3892416K), 0.0059459 secs]
267.938: [GC 2339588K->2305086K(3892416K), 0.0051611 secs]
267.968: [GC 2339646K->2305211K(3892416K), 0.0049657 secs]
267.997: [GC 2339771K->2305365K(3892416K), 0.0065097 secs]
268.034: [GC 2339925K->2305134K(3892416K), 0.0048544 secs]
268.068: [GC 2339694K->2305133K(3892416K), 0.0049333 secs]
268.101: [GC 2339693K->2305250K(3892416K), 0.0049362 secs]
268.134: [GC 2339810K->2305577K(3892416K), 0.0053185 secs]
268.169: [GC 2340137K->2305558K(3892416K), 0.0050270 secs]
268.202: [GC 2340118K->2305523K(3892416K), 0.0048929 secs]
268.237: [GC 2340083K->2305269K(3892416K), 0.0072419 secs]
268.273: [GC 2339829K->2305414K(3892416K), 0.0050716 secs]
268.308: [GC 2339974K->2305366K(3892416K), 0.0048185 secs]
268.347: [GC 2339926K->2305418K(3892416K), 0.0049449 secs]
268.395: [GC 2339978K->2305229K(3892416K), 0.0047675 secs]
268.525: [GC 2339789K->2305783K(3892416K), 0.0049167 secs]
268.698: [GC 2340343K->2305675K(3892416K), 0.0049420 secs]
268.734: [GC 2340230K->2305662K(3892416K), 0.0049523 secs]
268.771: [GC 2340222K->2305818K(3892416K), 0.0048208 secs]
268.806: [GC 2340378K->2305866K(3892416K), 0.0049433 secs]
268.839: [GC 2340426K->2305949K(3892416K), 0.0049096 secs]
268.872: [GC 2340509K->2305870K(3892416K), 0.0049343 secs]
268.906: [GC 2340430K->2305948K(3892416K), 0.0081030 secs]
268.944: [GC 2340508K->2305842K(3892416K), 0.0052736 secs]
268.979: [GC 2340402K->2305948K(3892416K), 0.0050033 secs]
269.013: [GC 2340508K->2305965K(3892416K), 0.0048884 secs]
269.048: [GC 2340525K->2305847K(3892416K), 0.0049738 secs]
269.082: [GC 2340407K->2305824K(3892416K), 0.0049831 secs]
269.116: [GC 2340384K->2305902K(3892416K), 0.0050969 secs]
269.151: [GC 2340462K->2305970K(3892416K), 0.0048618 secs]
269.186: [GC 2340530K->2305912K(3892416K), 0.0048163 secs]
269.220: [GC 2340472K->2305870K(3892416K), 0.0049885 secs]
269.253: [GC 2340430K->2305893K(3892416K), 0.0048843 secs]
269.288: [GC 2340453K->2305837K(3892416K), 0.0047714 secs]
269.322: [GC 2340397K->2305885K(3892416K), 0.0072387 secs]
269.359: [GC 2340445K->2305967K(3892416K), 0.0047996 secs]
269.393: [GC 2340527K->2305970K(3892416K), 0.0048493 secs]
269.427: [GC 2340530K->2306005K(3892416K), 0.0052887 secs]
269.477: [GC 2340565K->2306411K(3892416K), 0.0049250 secs]
269.531: [GC 2340971K->2306692K(3892416K), 0.0050696 secs]
269.594: [GC 2341252K->2306847K(3892416K), 0.0050671 secs]
269.636: [GC 2341407K->2306522K(3892416K), 0.0049026 secs]
269.716: [GC 2341082K->2306996K(3892416K), 0.0051357 secs]
269.746: [GC 2341556K->2306979K(3892416K), 0.0069500 secs]
269.827: [GC 2341539K->2306489K(3892416K), 0.0049022 secs]
269.925: [GC 2341049K->2306527K(3892416K), 0.0181038 secs]
269.991: [GC 2341087K->2306648K(3892416K), 0.0048859 secs]
270.045: [GC 2341208K->2306577K(3892416K), 0.0048836 secs]
270.155: [GC 2341137K->2306668K(3892416K), 0.0048714 secs]
270.271: [GC 2341228K->2306799K(3892416K), 0.0050437 secs]
270.383: [GC 2341359K->2306898K(3892416K), 0.0052194 secs]
270.388: [GC 2307582K(3892416K), 0.0018676 secs]
270.494: [GC 2341358K->2306710K(3892416K), 0.0049513 secs]
271.062: [GC 2341052K->2306758K(3892416K), 0.0050555 secs]
271.088: [GC 2341318K->2306914K(3892416K), 0.0049863 secs]
271.118: [GC 2341473K->2306956K(3892416K), 0.0050462 secs]
271.149: [GC 2341516K->2306672K(3892416K), 0.0049587 secs]
271.180: [GC 2341215K->2307066K(3892416K), 0.0051328 secs]
271.212: [GC 2341625K->2306708K(3892416K), 0.0048663 secs]
271.241: [GC 2341267K->2307348K(3892416K), 0.0052845 secs]
271.274: [GC 2341906K->2307193K(3892416K), 0.0050940 secs]
271.306: [GC 2341753K->2307272K(3892416K), 0.0056001 secs]
271.339: [GC 2341818K->2307294K(3892416K), 0.0049067 secs]
271.372: [GC 2341854K->2307237K(3892416K), 0.0058435 secs]
271.404: [GC 2341788K->2307189K(3892416K), 0.0048756 secs]
271.436: [GC 2341745K->2307166K(3892416K), 0.0054160 secs]
271.469: [GC 2341719K->2306974K(3892416K), 0.0048981 secs]
271.501: [GC 2341402K->2306973K(3892416K), 0.0050344 secs]
271.533: [GC 2341529K->2307430K(3892416K), 0.0061377 secs]
271.566: [GC 2341990K->2307651K(3892416K), 0.0061659 secs]
271.599: [GC 2342211K->2307242K(3892416K), 0.0072281 secs]
271.635: [GC 2341766K->2307287K(3892416K), 0.0073612 secs]
271.681: [GC 2341847K->2307733K(3892416K), 0.0073930 secs]
310.966: [GC 1977735K->1946810K(3892416K), 0.0069565 secs]
394.353: [GC 1962580K(3892416K), 0.0025465 secs]
419.878: [GC 1981283K->1947054K(3892416K), 0.0086499 secs]
474.952: [GC 1964560K(3892416K), 0.0022293 secs]
492.494: [GC 1773833K->1740017K(3892416K), 0.0054988 secs]
516.723: [GC 1756737K(3892416K), 0.0034705 secs]
528.899: [GC 1774577K->1740189K(3892416K), 0.0064164 secs]
548.778: [GC 1756980K(3892416K), 0.0028531 secs]
565.257: [GC 1771741K->1737517K(3892416K), 0.0092374 secs]
625.679: [GC 1771975K->1736436K(3892416K), 0.0066880 secs]
686.088: [GC 1770996K->1737506K(3892416K), 0.0075296 secs]
758.505: [GC 1772066K->1737293K(3892416K), 0.0073128 secs]
794.810: [GC 1771853K->1737683K(3892416K), 0.0071094 secs]
855.172: [GC 1772241K->1737480K(3892416K), 0.0073509 secs]
878.141: [GC 1772040K->1751018K(3892416K), 0.0547934 secs]
878.402: [GC 1785578K->1765495K(3892416K), 0.0355472 secs]
878.466: [GC 1800055K->1769533K(3892416K), 0.0185345 secs]
878.513: [GC 1804093K->1768952K(3892416K), 0.0069324 secs]
879.194: [GC 1803512K->1794460K(3892416K), 0.0880907 secs]
879.348: [GC 1829020K->1799347K(3892416K), 0.0237796 secs]
879.402: [GC 1833907K->1803078K(3892416K), 0.0204887 secs]
879.674: [GC 1837638K->1808110K(3892416K), 0.0242645 secs]
880.000: [GC 1842670K->1830751K(3892416K), 0.0710860 secs]
880.098: [GC 1865311K->1834909K(3892416K), 0.0173703 secs]
880.146: [GC 1869469K->1834175K(3892416K), 0.0069375 secs]
880.303: [GC 1868735K->1841237K(3892416K), 0.0246170 secs]
880.847: [GC 1875797K->1865535K(3892416K), 0.0722310 secs]
880.948: [GC 1900095K->1869991K(3892416K), 0.0163465 secs]
880.995: [GC 1904551K->1871283K(3892416K), 0.0121390 secs]
881.398: [GC 1905843K->1885649K(3892416K), 0.0390373 secs]
881.615: [GC 1920209K->1898240K(3892416K), 0.0360918 secs]
881.678: [GC 1932800K->1901363K(3892416K), 0.0155496 secs]
881.927: [GC 1935923K->1907133K(3892416K), 0.0180810 secs]
882.242: [GC 1941693K->1927436K(3892416K), 0.0507905 secs]
882.318: [GC 1961996K->1931594K(3892416K), 0.0154296 secs]
882.428: [GC 1966154K->1930834K(3892416K), 0.0074289 secs]
882.634: [GC 1965394K->1944783K(3892416K), 0.0340687 secs]
882.932: [GC 1979343K->1952346K(3892416K), 0.0239101 secs]
883.215: [GC 1986906K->1972015K(3892416K), 0.0477818 secs]
883.289: [GC 2006575K->1976396K(3892416K), 0.0168366 secs]
883.336: [GC 2010956K->1975190K(3892416K), 0.0077785 secs]
883.866: [GC 2009750K->2002739K(3892416K), 0.0586969 secs]
883.951: [GC 2037299K->2007080K(3892416K), 0.0136287 secs]
883.993: [GC 2041640K->2006182K(3892416K), 0.0098914 secs]
884.380: [GC 2040742K->2022779K(3892416K), 0.0387146 secs]
884.566: [GC 2057339K->2035342K(3892416K), 0.0292643 secs]
884.621: [GC 2069902K->2039693K(3892416K), 0.0137429 secs]
884.758: [GC 2074253K->2041105K(3892416K), 0.0096579 secs]
884.884: [GC 2075665K->2050155K(3892416K), 0.0232815 secs]
885.349: [GC 2084715K->2071113K(3892416K), 0.0461881 secs]
885.462: [GC 2105673K->2078456K(3892416K), 0.0192696 secs]
885.507: [GC 2113016K->2082817K(3892416K), 0.0139681 secs]
885.833: [GC 2117377K->2093064K(3892416K), 0.0303409 secs]
886.059: [GC 2127624K->2108430K(3892416K), 0.0337938 secs]
886.118: [GC 2142990K->2112591K(3892416K), 0.0139119 secs]
886.330: [GC 2147151K->2113949K(3892416K), 0.0093160 secs]
886.679: [GC 2148509K->2138958K(3892416K), 0.0493418 secs]
886.753: [GC 2173518K->2143285K(3892416K), 0.0131781 secs]
886.792: [GC 2177845K->2142348K(3892416K), 0.0089010 secs]
887.066: [GC 2176908K->2155224K(3892416K), 0.0262642 secs]
887.313: [GC 2189784K->2158622K(3892416K), 0.0136538 secs]
887.718: [GC 2193182K->2183390K(3892416K), 0.0461057 secs]
887.788: [GC 2217950K->2187661K(3892416K), 0.0133908 secs]
887.827: [GC 2222221K->2186849K(3892416K), 0.0069824 secs]
888.211: [GC 2221409K->2204882K(3892416K), 0.0370280 secs]
888.370: [GC 2239442K->2215920K(3892416K), 0.0278556 secs]
888.424: [GC 2250480K->2220144K(3892416K), 0.0126194 secs]
888.635: [GC 2254704K->2222208K(3892416K), 0.0107204 secs]
888.974: [GC 2256768K->2247460K(3892416K), 0.0451294 secs]
889.044: [GC 2282020K->2250578K(3892416K), 0.0162317 secs]
889.086: [GC 2285138K->2250480K(3892416K), 0.0078208 secs]
889.250: [GC 2285040K->2259213K(3892416K), 0.0207558 secs]
889.669: [GC 2293773K->2278596K(3892416K), 0.0384308 secs]
889.822: [GC 2313156K->2289393K(3892416K), 0.0224752 secs]
889.869: [GC 2323953K->2293718K(3892416K), 0.0121217 secs]
889.893: [GC 2311077K(3892416K), 0.0137378 secs]
890.096: [GC 2328278K->2295380K(3892416K), 0.0108901 secs]
890.477: [GC 2329940K->2320896K(3892416K), 0.0480996 secs]
890.548: [GC 2355456K->2325224K(3892416K), 0.0129097 secs]
890.586: [GC 2359784K->2324276K(3892416K), 0.0070350 secs]
891.043: [GC 2358836K->2341635K(3892416K), 0.0339006 secs]
891.225: [GC 2376195K->2353409K(3892416K), 0.0249810 secs]
891.275: [GC 2387969K->2357632K(3892416K), 0.0127689 secs]
891.399: [GC 2392192K->2359089K(3892416K), 0.0104991 secs]
891.698: [GC 2393649K->2362692K(3892416K), 0.0139084 secs]
892.080: [GC 2397252K->2386821K(3892416K), 0.0440739 secs]
892.148: [GC 2421381K->2391038K(3892416K), 0.0131916 secs]
892.185: [GC 2425598K->2389907K(3892416K), 0.0071268 secs]
892.644: [GC 2424467K->2409065K(3892416K), 0.0362903 secs]
892.811: [GC 2443625K->2419618K(3892416K), 0.0226975 secs]
892.858: [GC 2454178K->2423844K(3892416K), 0.0122984 secs]
893.085: [GC 2458404K->2425565K(3892416K), 0.0098013 secs]
893.725: [GC 2460125K->2451123K(3892416K), 0.0436669 secs]
893.792: [GC 2485683K->2455265K(3892416K), 0.0120027 secs]
893.828: [GC 2489825K->2454500K(3892416K), 0.0071515 secs]
894.027: [GC 2489060K->2462311K(3892416K), 0.0174691 secs]
894.522: [GC 2496871K->2479927K(3892416K), 0.0340122 secs]
894.695: [GC 2514487K->2490046K(3892416K), 0.0204569 secs]
894.740: [GC 2524606K->2493307K(3892416K), 0.0117349 secs]
894.960: [GC 2527867K->2496295K(3892416K), 0.0097079 secs]
895.382: [GC 2530855K->2521447K(3892416K), 0.0385129 secs]
895.444: [GC 2556007K->2525593K(3892416K), 0.0112679 secs]
895.478: [GC 2560153K->2524830K(3892416K), 0.0068461 secs]
895.966: [GC 2559390K->2544371K(3892416K), 0.0303759 secs]
896.105: [GC 2578931K->2552582K(3892416K), 0.0164152 secs]
896.144: [GC 2587142K->2556819K(3892416K), 0.0108648 secs]
896.692: [GC 2591379K->2570152K(3892416K), 0.0230644 secs]
896.738: [GC 2604712K->2572917K(3892416K), 0.0103763 secs]
897.357: [GC 2607477K->2600129K(3892416K), 0.0378949 secs]
897.417: [GC 2634689K->2604510K(3892416K), 0.0119684 secs]
897.452: [GC 2639070K->2603942K(3892416K), 0.0071008 secs]
897.968: [GC 2638502K->2627217K(3892416K), 0.0362893 secs]
898.067: [GC 2661777K->2632976K(3892416K), 0.0152080 secs]
898.106: [GC 2667536K->2637227K(3892416K), 0.0116403 secs]
898.522: [GC 2671787K->2653321K(3892416K), 0.0283146 secs]
898.699: [GC 2687881K->2664467K(3892416K), 0.0198395 secs]
898.740: [GC 2699027K->2668647K(3892416K), 0.0115335 secs]
898.938: [GC 2697117K(3892416K), 0.0081960 secs]
899.032: [GC 2703207K->2677983K(3892416K), 0.0191275 secs]
899.208: [GC 2699346K->2675307K(3892416K), 0.0215907 secs]
899.384: [GC 2707850K->2677469K(3892416K), 0.0127407 secs]
899.859: [GC 2652701K->2643922K(3892416K), 0.0435530 secs]
899.928: [GC 2673465K->2642964K(3892416K), 0.0129572 secs]
899.965: [GC 2676806K->2641615K(3892416K), 0.0070084 secs]
900.540: [GC 2625450K->2618245K(3892416K), 0.0493241 secs]
900.615: [GC 2648659K->2618482K(3892416K), 0.0123648 secs]
900.655: [GC 2648818K->2613887K(3892416K), 0.0070466 secs]
901.210: [GC 2593614K->2585189K(3892416K), 0.0509229 secs]
901.288: [GC 2616315K->2585673K(3892416K), 0.0137824 secs]
901.330: [GC 2616480K->2585037K(3892416K), 0.0111335 secs]
901.790: [GC 2551757K->2537214K(3892416K), 0.0399940 secs]
901.860: [GC 2564592K->2535447K(3892416K), 0.0171451 secs]
902.046: [GC 2565328K->2533027K(3892416K), 0.0110736 secs]
902.521: [GC 2472621K->2464503K(3892416K), 0.0454504 secs]
902.591: [GC 2493016K->2462358K(3892416K), 0.0129786 secs]
902.629: [GC 2491087K->2455889K(3892416K), 0.0072660 secs]
903.126: [GC 2437062K->2424709K(3892416K), 0.0377166 secs]
903.249: [GC 2436513K(3892416K), 0.0108593 secs]
903.277: [GC 2459269K->2432451K(3892416K), 0.0180945 secs]
903.321: [GC 2467011K->2436688K(3892416K), 0.0124062 secs]
903.690: [GC 2471248K->2448915K(3892416K), 0.0281594 secs]
903.911: [GC 2483475K->2464322K(3892416K), 0.0322668 secs]
903.968: [GC 2498882K->2468673K(3892416K), 0.0125553 secs]
904.140: [GC 2503233K->2472052K(3892416K), 0.0138998 secs]
904.305: [GC 2506612K->2483875K(3892416K), 0.0280471 secs]
904.599: [GC 2518435K->2492116K(3892416K), 0.0212494 secs]
904.915: [GC 2526676K->2513381K(3892416K), 0.0414677 secs]
904.980: [GC 2547941K->2517701K(3892416K), 0.0133751 secs]
905.019: [GC 2552261K->2516537K(3892416K), 0.0064725 secs]
905.511: [GC 2551097K->2541877K(3892416K), 0.0509367 secs]
905.589: [GC 2576437K->2546486K(3892416K), 0.0142760 secs]
905.629: [GC 2581046K->2549147K(3892416K), 0.0129379 secs]
905.988: [GC 2583707K->2561922K(3892416K), 0.0301507 secs]
906.193: [GC 2596482K->2576443K(3892416K), 0.0360504 secs]
906.255: [GC 2611003K->2580598K(3892416K), 0.0142224 secs]
906.391: [GC 2615158K->2582156K(3892416K), 0.0101723 secs]
906.534: [GC 2616716K->2592129K(3892416K), 0.0243255 secs]
906.940: [GC 2626689K->2610071K(3892416K), 0.0463956 secs]
907.106: [GC 2644631K->2621901K(3892416K), 0.0311940 secs]
907.164: [GC 2656461K->2626269K(3892416K), 0.0131486 secs]
907.386: [GC 2660829K->2629748K(3892416K), 0.0133872 secs]
907.711: [GC 2664308K->2653188K(3892416K), 0.0386457 secs]
907.772: [GC 2687748K->2657338K(3892416K), 0.0122769 secs]
907.808: [GC 2691898K->2656597K(3892416K), 0.0072871 secs]
908.279: [GC 2691157K->2679976K(3892416K), 0.0448318 secs]
908.364: [GC 2714536K->2685694K(3892416K), 0.0152215 secs]
908.405: [GC 2720254K->2689942K(3892416K), 0.0122532 secs]
908.668: [GC 2724502K->2700580K(3892416K), 0.0251132 secs]
908.717: [GC 2735140K->2704250K(3892416K), 0.0114347 secs]
909.239: [GC 2738810K->2729393K(3892416K), 0.0489447 secs]
909.313: [GC 2763953K->2733002K(3892416K), 0.0161525 secs]
909.355: [GC 2767562K->2734250K(3892416K), 0.0101287 secs]
909.749: [GC 2768810K->2750007K(3892416K), 0.0318916 secs]
909.929: [GC 2784567K->2762855K(3892416K), 0.0254143 secs]
909.978: [GC 2797415K->2767023K(3892416K), 0.0116502 secs]
910.157: [GC 2801583K->2767235K(3892416K), 0.0080902 secs]
910.529: [GC 2801795K->2794520K(3892416K), 0.0440813 secs]
910.596: [GC 2829080K->2798630K(3892416K), 0.0109684 secs]
910.631: [GC 2833190K->2797932K(3892416K), 0.0075610 secs]
910.841: [GC 2832492K->2808755K(3892416K), 0.0188546 secs]
911.118: [GC 2843315K->2815745K(3892416K), 0.0171291 secs]
911.403: [GC 2850305K->2836935K(3892416K), 0.0315609 secs]
911.457: [GC 2871495K->2840180K(3892416K), 0.0107875 secs]
911.489: [GC 2874740K->2840078K(3892416K), 0.0071864 secs]
911.952: [GC 2874638K->2862984K(3892416K), 0.0358278 secs]
912.055: [GC 2897544K->2869803K(3892416K), 0.0146650 secs]
912.092: [GC 2904363K->2874042K(3892416K), 0.0110017 secs]
912.370: [GC 2908602K->2881650K(3892416K), 0.0171904 secs]
912.661: [GC 2916210K->2901388K(3892416K), 0.0297684 secs]
912.712: [GC 2935948K->2905555K(3892416K), 0.0107054 secs]
912.745: [GC 2940115K->2904484K(3892416K), 0.0066351 secs]
912.926: [GC 2939044K->2913968K(3892416K), 0.0170383 secs]
913.383: [GC 2948528K->2933308K(3892416K), 0.0318682 secs]
913.485: [GC 2967868K->2940600K(3892416K), 0.0149655 secs]
913.522: [GC 2975160K->2944936K(3892416K), 0.0108545 secs]
913.828: [GC 2979496K->2953458K(3892416K), 0.0204736 secs]
914.093: [GC 2988018K->2970776K(3892416K), 0.0277039 secs]
914.142: [GC 3005336K->2975117K(3892416K), 0.0111608 secs]
914.153: [GC 2975811K(3892416K), 0.0104247 secs]
914.331: [GC 3006124K->2971594K(3892416K), 0.0078477 secs]
914.923: [GC 2962493K->2953465K(3892416K), 0.0419164 secs]
914.989: [GC 2985003K->2954768K(3892416K), 0.0110803 secs]
915.024: [GC 2983826K->2948267K(3892416K), 0.0070158 secs]
915.292: [GC 2936008K->2914798K(3892416K), 0.0267857 secs]
915.524: [GC 2946550K->2915031K(3892416K), 0.0127962 secs]
915.869: [GC 2906860K->2896512K(3892416K), 0.0446220 secs]
915.938: [GC 2927050K->2896870K(3892416K), 0.0123497 secs]
915.976: [GC 2925460K->2889649K(3892416K), 0.0070116 secs]
916.436: [GC 2877716K->2865048K(3892416K), 0.0400976 secs]
916.525: [GC 2897945K->2869769K(3892416K), 0.0159713 secs]
916.566: [GC 2903122K->2872795K(3892416K), 0.0117917 secs]
916.898: [GC 2867245K->2844084K(3892416K), 0.0267568 secs]
917.117: [GC 2861271K->2841419K(3892416K), 0.0276818 secs]
917.169: [GC 2873300K->2842904K(3892416K), 0.0119341 secs]
917.320: [GC 2874777K->2842569K(3892416K), 0.0106903 secs]
917.470: [GC 2871453K->2846993K(3892416K), 0.0204909 secs]
917.863: [GC 2721084K->2702375K(3892416K), 0.0305824 secs]
918.070: [GC 2736935K->2715817K(3892416K), 0.0241426 secs]
918.118: [GC 2750377K->2720200K(3892416K), 0.0114806 secs]
918.317: [GC 2754760K->2721421K(3892416K), 0.0098891 secs]
918.675: [GC 2755981K->2745651K(3892416K), 0.0377550 secs]
918.720: [GC 2757454K(3892416K), 0.0110649 secs]
918.747: [GC 2780211K->2749798K(3892416K), 0.0111393 secs]
918.782: [GC 2784358K->2749041K(3892416K), 0.0070588 secs]
919.254: [GC 2783601K->2772139K(3892416K), 0.0384722 secs]
919.335: [GC 2806699K->2776976K(3892416K), 0.0127365 secs]
919.373: [GC 2811536K->2781218K(3892416K), 0.0113612 secs]
919.662: [GC 2815778K->2791893K(3892416K), 0.0212234 secs]
919.706: [GC 2826453K->2795544K(3892416K), 0.0117904 secs]
920.246: [GC 2830104K->2820545K(3892416K), 0.0416085 secs]
920.313: [GC 2855105K->2824156K(3892416K), 0.0111002 secs]
920.347: [GC 2858716K->2825937K(3892416K), 0.0097580 secs]
920.680: [GC 2860497K->2838361K(3892416K), 0.0220442 secs]
920.903: [GC 2872921K->2854558K(3892416K), 0.0277569 secs]
920.954: [GC 2889118K->2858907K(3892416K), 0.0106345 secs]
920.988: [GC 2893467K->2857952K(3892416K), 0.0067688 secs]
921.546: [GC 2892512K->2884958K(3892416K), 0.0389228 secs]
921.609: [GC 2919518K->2889326K(3892416K), 0.0104655 secs]
921.642: [GC 2923886K->2889326K(3892416K), 0.0074109 secs]
921.826: [GC 2923886K->2897780K(3892416K), 0.0170903 secs]
922.171: [GC 2932340K->2909032K(3892416K), 0.0225653 secs]
922.397: [GC 2943592K->2926164K(3892416K), 0.0282113 secs]
922.448: [GC 2960724K->2930528K(3892416K), 0.0106043 secs]
922.482: [GC 2965088K->2929327K(3892416K), 0.0067768 secs]
922.995: [GC 2963887K->2955200K(3892416K), 0.0383256 secs]
923.058: [GC 2989760K->2959584K(3892416K), 0.0115380 secs]
923.091: [GC 2994144K->2962476K(3892416K), 0.0101941 secs]
923.392: [GC 2997036K->2972461K(3892416K), 0.0189649 secs]
923.633: [GC 3005095K->2990160K(3892416K), 0.0269717 secs]
923.686: [GC 3024720K->2994954K(3892416K), 0.0194854 secs]
923.727: [GC 3029514K->2995906K(3892416K), 0.0084581 secs]
923.893: [GC 3030466K->3003573K(3892416K), 0.0142439 secs]
924.376: [GC 3038133K->3024186K(3892416K), 0.0310609 secs]
924.489: [GC 3058746K->3030363K(3892416K), 0.0136243 secs]
924.525: [GC 3064923K->3034677K(3892416K), 0.0099562 secs]
924.814: [GC 3069237K->3041803K(3892416K), 0.0157118 secs]
925.087: [GC 3076363K->3061714K(3892416K), 0.0289304 secs]
925.137: [GC 3096274K->3065873K(3892416K), 0.0106810 secs]
925.170: [GC 3100433K->3065107K(3892416K), 0.0067185 secs]
925.647: [GC 3099667K->3088707K(3892416K), 0.0366723 secs]
925.720: [GC 3123267K->3093943K(3892416K), 0.0123574 secs]
925.754: [GC 3128503K->3097141K(3892416K), 0.0102432 secs]
925.937: [GC 3131701K->3105045K(3892416K), 0.0153796 secs]
926.225: [GC 3139605K->3112472K(3892416K), 0.0164562 secs]
926.512: [GC 3147032K->3133379K(3892416K), 0.0312181 secs]
926.565: [GC 3167939K->3137776K(3892416K), 0.0107875 secs]
926.598: [GC 3172336K->3136878K(3892416K), 0.0068179 secs]
927.045: [GC 3171438K->3158876K(3892416K), 0.0334285 secs]
927.149: [GC 3193436K->3166206K(3892416K), 0.0152070 secs]
927.186: [GC 3200766K->3169399K(3892416K), 0.0109857 secs]
927.446: [GC 3203959K->3175640K(3892416K), 0.0142000 secs]
927.748: [GC 3210200K->3197680K(3892416K), 0.0396418 secs]
927.809: [GC 3232240K->3202016K(3892416K), 0.0126900 secs]
927.844: [GC 3236576K->3201067K(3892416K), 0.0072284 secs]
927.905: [GC 3210076K(3892416K), 0.0068118 secs]
928.029: [GC 3211185K->3185444K(3892416K), 0.0185101 secs]
928.495: [GC 3123610K->3110276K(3892416K), 0.0434777 secs]
928.601: [GC 3144123K->3117241K(3892416K), 0.0173549 secs]
928.643: [GC 3150227K->3120002K(3892416K), 0.0123128 secs]
928.944: [GC 3108801K->3083192K(3892416K), 0.0248787 secs]
929.200: [GC 3079672K->3063519K(3892416K), 0.0364972 secs]
929.261: [GC 3093024K->3062817K(3892416K), 0.0123093 secs]
929.298: [GC 3091797K->3055960K(3892416K), 0.0069834 secs]
929.797: [GC 3023261K->3014997K(3892416K), 0.0474835 secs]
929.871: [GC 3045793K->3015754K(3892416K), 0.0126762 secs]
929.909: [GC 3046030K->3013702K(3892416K), 0.0104315 secs]
930.132: [GC 3001189K->2976120K(3892416K), 0.0191753 secs]
930.361: [GC 3006069K->2974402K(3892416K), 0.0124530 secs]
930.688: [GC 2944754K->2934602K(3892416K), 0.0411467 secs]
930.753: [GC 2958651K->2927295K(3892416K), 0.0127041 secs]
930.792: [GC 2949533K->2915254K(3892416K), 0.0074529 secs]
931.265: [GC 2784418K->2773122K(3892416K), 0.0446271 secs]
931.349: [GC 2807682K->2779348K(3892416K), 0.0148308 secs]
931.389: [GC 2813908K->2782550K(3892416K), 0.0109478 secs]
931.407: [GC 2793639K(3892416K), 0.0089318 secs]
931.709: [GC 2817110K->2793699K(3892416K), 0.0242254 secs]
931.948: [GC 2828259K->2810578K(3892416K), 0.0330295 secs]
932.005: [GC 2845138K->2814754K(3892416K), 0.0122817 secs]
932.110: [GC 2849314K->2814677K(3892416K), 0.0075536 secs]
932.302: [GC 2849237K->2826579K(3892416K), 0.0275686 secs]
932.699: [GC 2861139K->2840370K(3892416K), 0.0321078 secs]
932.911: [GC 2874930K->2854806K(3892416K), 0.0312431 secs]
932.967: [GC 2889366K->2859138K(3892416K), 0.0127907 secs]
933.157: [GC 2893698K->2859692K(3892416K), 0.0081617 secs]
933.523: [GC 2894252K->2885609K(3892416K), 0.0493321 secs]
933.597: [GC 2920169K->2889757K(3892416K), 0.0121647 secs]
933.635: [GC 2924317K->2888669K(3892416K), 0.0064645 secs]
934.104: [GC 2923229K->2909593K(3892416K), 0.0404337 secs]
934.224: [GC 2944153K->2917550K(3892416K), 0.0177048 secs]
934.267: [GC 2952110K->2921786K(3892416K), 0.0124700 secs]
934.497: [GC 2956346K->2930467K(3892416K), 0.0220650 secs]
934.545: [GC 2965027K->2934881K(3892416K), 0.0122933 secs]
935.103: [GC 2969441K->2959690K(3892416K), 0.0477157 secs]
935.176: [GC 2994250K->2963675K(3892416K), 0.0133625 secs]
935.215: [GC 2998235K->2965950K(3892416K), 0.0103378 secs]
935.576: [GC 3000510K->2980375K(3892416K), 0.0321411 secs]
935.760: [GC 3014935K->2993464K(3892416K), 0.0267245 secs]
935.811: [GC 3028024K->2997619K(3892416K), 0.0132076 secs]
936.029: [GC 3032179K->3000400K(3892416K), 0.0121935 secs]
936.358: [GC 3034960K->3024303K(3892416K), 0.0405238 secs]
936.422: [GC 3058863K->3028451K(3892416K), 0.0107955 secs]
936.458: [GC 3063011K->3027360K(3892416K), 0.0062515 secs]
936.707: [GC 3061920K->3039829K(3892416K), 0.0246699 secs]
937.006: [GC 3074389K->3047605K(3892416K), 0.0238428 secs]
937.279: [GC 3082165K->3067414K(3892416K), 0.0429552 secs]
937.347: [GC 3101974K->3071724K(3892416K), 0.0132009 secs]
937.387: [GC 3106284K->3070915K(3892416K), 0.0074343 secs]
938.145: [GC 3105475K->3097344K(3892416K), 0.0472721 secs]
938.217: [GC 3131904K->3101214K(3892416K), 0.0119786 secs]
938.254: [GC 3135774K->3101712K(3892416K), 0.0077188 secs]
938.625: [GC 3136272K->3117797K(3892416K), 0.0341841 secs]
938.802: [GC 3152357K->3130184K(3892416K), 0.0278284 secs]
938.855: [GC 3164744K->3134453K(3892416K), 0.0124039 secs]
939.025: [GC 3169013K->3138329K(3892416K), 0.0136643 secs]
939.136: [GC 3172889K->3146132K(3892416K), 0.0207677 secs]
939.587: [GC 3180692K->3166881K(3892416K), 0.0379189 secs]
939.710: [GC 3201441K->3175514K(3892416K), 0.0172673 secs]
939.751: [GC 3210074K->3179865K(3892416K), 0.0110681 secs]
940.013: [GC 3214425K->3187259K(3892416K), 0.0176900 secs]
940.292: [GC 3221819K->3207062K(3892416K), 0.0311863 secs]
940.346: [GC 3241622K->3211221K(3892416K), 0.0114972 secs]
940.380: [GC 3245781K->3210482K(3892416K), 0.0071046 secs]
940.901: [GC 3245042K->3235798K(3892416K), 0.0392528 secs]
940.965: [GC 3270358K->3240446K(3892416K), 0.0121143 secs]
940.999: [GC 3275006K->3243842K(3892416K), 0.0103718 secs]
941.220: [GC 3278402K->3253267K(3892416K), 0.0178860 secs]
941.311: [GC 3287827K->3255952K(3892416K), 0.0117852 secs]
941.830: [GC 3290512K->3281799K(3892416K), 0.0411633 secs]
941.895: [GC 3316359K->3285968K(3892416K), 0.0153905 secs]
941.934: [GC 3320528K->3285212K(3892416K), 0.0070530 secs]
942.277: [GC 3319772K->3299991K(3892416K), 0.0248656 secs]
942.485: [GC 3334551K->3314414K(3892416K), 0.0246016 secs]
942.532: [GC 3348974K->3318637K(3892416K), 0.0108446 secs]
942.687: [GC 3353197K->3318543K(3892416K), 0.0074308 secs]
942.812: [GC 3328245K(3892416K), 0.0081364 secs]
943.098: [GC 3311058K->3303625K(3892416K), 0.0412121 secs]
943.163: [GC 3337644K->3307110K(3892416K), 0.0116553 secs]
943.199: [GC 3339712K->3304206K(3892416K), 0.0066008 secs]
943.456: [GC 3287610K->3264478K(3892416K), 0.0242870 secs]
943.784: [GC 3289070K->3260438K(3892416K), 0.0163183 secs]
944.361: [GC 3202768K->3189734K(3892416K), 0.0434956 secs]
944.429: [GC 3221608K->3191352K(3892416K), 0.0136797 secs]
944.469: [GC 3222457K->3187093K(3892416K), 0.0069937 secs]
944.963: [GC 3189302K->3178379K(3892416K), 0.0468783 secs]
945.042: [GC 3211053K->3181425K(3892416K), 0.0144511 secs]
945.083: [GC 3213564K->3183208K(3892416K), 0.0138690 secs]
945.469: [GC 3105397K->3082527K(3892416K), 0.0272100 secs]
945.731: [GC 3094148K->3074295K(3892416K), 0.0290600 secs]
945.785: [GC 3108855K->3078462K(3892416K), 0.0123590 secs]
945.930: [GC 3108449K->3075684K(3892416K), 0.0107022 secs]
946.102: [GC 3079718K->3055206K(3892416K), 0.0217539 secs]
946.549: [GC 2975797K->2959828K(3892416K), 0.0323765 secs]
946.691: [GC 2971609K(3892416K), 0.0104469 secs]
946.717: [GC 2994388K->2970585K(3892416K), 0.0212789 secs]
946.763: [GC 3005145K->2974933K(3892416K), 0.0113221 secs]
947.038: [GC 3009493K->2980400K(3892416K), 0.0155483 secs]
947.403: [GC 3014960K->3001216K(3892416K), 0.0338095 secs]
947.460: [GC 3035776K->3005372K(3892416K), 0.0113699 secs]
947.495: [GC 3039932K->3004285K(3892416K), 0.0061213 secs]
948.035: [GC 3038845K->3030315K(3892416K), 0.0403125 secs]
948.101: [GC 3064875K->3034699K(3892416K), 0.0137198 secs]
948.138: [GC 3069259K->3036251K(3892416K), 0.0087361 secs]
948.410: [GC 3070811K->3047960K(3892416K), 0.0210252 secs]
948.591: [GC 3082520K->3049535K(3892416K), 0.0090806 secs]
949.025: [GC 3084095K->3075343K(3892416K), 0.0382583 secs]
949.087: [GC 3109903K->3079018K(3892416K), 0.0104696 secs]
949.121: [GC 3113578K->3078460K(3892416K), 0.0062268 secs]
949.557: [GC 3113020K->3097563K(3892416K), 0.0312155 secs]
949.694: [GC 3132123K->3107578K(3892416K), 0.0189364 secs]
949.737: [GC 3142138K->3111811K(3892416K), 0.0115129 secs]
949.989: [GC 3146371K->3118826K(3892416K), 0.0167635 secs]
950.269: [GC 3153386K->3139685K(3892416K), 0.0319333 secs]
950.326: [GC 3174245K->3144031K(3892416K), 0.0110389 secs]
950.360: [GC 3178591K->3143489K(3892416K), 0.0067974 secs]
950.593: [GC 3178049K->3156101K(3892416K), 0.0218678 secs]
950.897: [GC 3190661K->3165571K(3892416K), 0.0201497 secs]
951.164: [GC 3200131K->3184271K(3892416K), 0.0294211 secs]
951.216: [GC 3218831K->3188585K(3892416K), 0.0109049 secs]
951.250: [GC 3223145K->3187434K(3892416K), 0.0073304 secs]
951.795: [GC 3221994K->3213641K(3892416K), 0.0381489 secs]
951.858: [GC 3248201K->3217513K(3892416K), 0.0116473 secs]
951.893: [GC 3252073K->3220022K(3892416K), 0.0095264 secs]
952.268: [GC 3254582K->3235219K(3892416K), 0.0248851 secs]
952.475: [GC 3269779K->3248568K(3892416K), 0.0220442 secs]
952.520: [GC 3283128K->3251711K(3892416K), 0.0107352 secs]
952.700: [GC 3286271K->3257439K(3892416K), 0.0134581 secs]
952.824: [GC 3291999K->3265238K(3892416K), 0.0206509 secs]
953.315: [GC 3299798K->3285837K(3892416K), 0.0356999 secs]
953.443: [GC 3320397K->3294742K(3892416K), 0.0175990 secs]
953.483: [GC 3329302K->3299094K(3892416K), 0.0109225 secs]
953.779: [GC 3333654K->3307534K(3892416K), 0.0184274 secs]
954.058: [GC 3342094K->3325428K(3892416K), 0.0306193 secs]
954.112: [GC 3359988K->3329590K(3892416K), 0.0114382 secs]
954.278: [GC 3364150K->3329508K(3892416K), 0.0069234 secs]
954.682: [GC 3364068K->3355984K(3892416K), 0.0371563 secs]
954.741: [GC 3390544K->3359987K(3892416K), 0.0102365 secs]
954.774: [GC 3394547K->3358959K(3892416K), 0.0062214 secs]
955.045: [GC 3393519K->3372837K(3892416K), 0.0218456 secs]
955.242: [GC 3407397K->3375201K(3892416K), 0.0102535 secs]
955.616: [GC 3404312K(3892416K), 0.0079112 secs]
955.649: [GC 3409761K->3400065K(3892416K), 0.0384869 secs]
955.711: [GC 3430390K->3399838K(3892416K), 0.0117304 secs]
955.745: [GC 3429983K->3394396K(3892416K), 0.0061447 secs]
956.164: [GC 3369353K->3355487K(3892416K), 0.0342281 secs]
956.284: [GC 3387975K->3361633K(3892416K), 0.0170717 secs]
956.325: [GC 3392537K->3362211K(3892416K), 0.0106329 secs]
956.610: [GC 3360965K->3334704K(3892416K), 0.0219996 secs]
956.870: [GC 3333466K->3317375K(3892416K), 0.0340600 secs]
956.929: [GC 3349091K->3318694K(3892416K), 0.0119289 secs]
956.965: [GC 3351304K->3316001K(3892416K), 0.0060818 secs]
957.236: [GC 3323872K->3302692K(3892416K), 0.0264384 secs]
957.592: [GC 3274492K->3251539K(3892416K), 0.0293431 secs]
957.820: [GC 3239965K->3221525K(3892416K), 0.0336129 secs]
957.878: [GC 3251255K->3221011K(3892416K), 0.0121416 secs]
958.070: [GC 3250041K->3215940K(3892416K), 0.0080985 secs]
958.469: [GC 3112271K->3103843K(3892416K), 0.0457949 secs]
958.540: [GC 3124727K->3094316K(3892416K), 0.0120181 secs]
958.578: [GC 3115895K->3080596K(3892416K), 0.0063323 secs]
959.038: [GC 3033172K->3019950K(3892416K), 0.0379747 secs]
959.127: [GC 3030346K(3892416K), 0.0098481 secs]
959.155: [GC 3054510K->3027176K(3892416K), 0.0182237 secs]
959.199: [GC 3061736K->3031415K(3892416K), 0.0124844 secs]
959.462: [GC 3065975K->3040660K(3892416K), 0.0234685 secs]
959.521: [GC 3075220K->3045071K(3892416K), 0.0120951 secs]
960.012: [GC 3079631K->3067658K(3892416K), 0.0400646 secs]
960.107: [GC 3102218K->3073615K(3892416K), 0.0145932 secs]
960.146: [GC 3108175K->3077913K(3892416K), 0.0110572 secs]
960.484: [GC 3112473K->3089129K(3892416K), 0.0241718 secs]
960.701: [GC 3123689K->3104259K(3892416K), 0.0281481 secs]
960.753: [GC 3138819K->3108428K(3892416K), 0.0115611 secs]
960.955: [GC 3142988K->3110142K(3892416K), 0.0095832 secs]
961.317: [GC 3144702K->3134990K(3892416K), 0.0407284 secs]
961.381: [GC 3169550K->3139137K(3892416K), 0.0115232 secs]
961.417: [GC 3173697K->3138051K(3892416K), 0.0061800 secs]
961.690: [GC 3172611K->3151863K(3892416K), 0.0272533 secs]
961.937: [GC 3186423K->3158270K(3892416K), 0.0169113 secs]
962.306: [GC 3192830K->3181367K(3892416K), 0.0420995 secs]
962.372: [GC 3215927K->3185526K(3892416K), 0.0128350 secs]
962.409: [GC 3220086K->3184435K(3892416K), 0.0061546 secs]
962.894: [GC 3218995K->3207535K(3892416K), 0.0418500 secs]
962.993: [GC 3242095K->3213322K(3892416K), 0.0141403 secs]
963.032: [GC 3247882K->3217563K(3892416K), 0.0115909 secs]
963.362: [GC 3252123K->3228567K(3892416K), 0.0283496 secs]
963.586: [GC 3263127K->3243858K(3892416K), 0.0287485 secs]
963.640: [GC 3278418K->3248025K(3892416K), 0.0113535 secs]
963.785: [GC 3282585K->3249613K(3892416K), 0.0094145 secs]
963.947: [GC 3284173K->3260448K(3892416K), 0.0233819 secs]
964.346: [GC 3295008K->3276717K(3892416K), 0.0347361 secs]
964.538: [GC 3311277K->3289646K(3892416K), 0.0226609 secs]
964.585: [GC 3324206K->3293990K(3892416K), 0.0113927 secs]
964.813: [GC 3328550K->3297802K(3892416K), 0.0124456 secs]
965.144: [GC 3332362K->3320446K(3892416K), 0.0410434 secs]
965.209: [GC 3355006K->3324601K(3892416K), 0.0115392 secs]
965.245: [GC 3359161K->3323860K(3892416K), 0.0062380 secs]
965.735: [GC 3358420K->3348251K(3892416K), 0.0437978 secs]
965.805: [GC 3382811K->3352781K(3892416K), 0.0127275 secs]
965.842: [GC 3387341K->3356401K(3892416K), 0.0111576 secs]
966.106: [GC 3390961K->3367697K(3892416K), 0.0231013 secs]
966.153: [GC 3402257K->3371356K(3892416K), 0.0114725 secs]
966.681: [GC 3405916K->3395874K(3892416K), 0.0420678 secs]
966.747: [GC 3430434K->3399484K(3892416K), 0.0117743 secs]
966.783: [GC 3434044K->3401236K(3892416K), 0.0094639 secs]
967.165: [GC 3435796K->3416875K(3892416K), 0.0290798 secs]
967.356: [GC 3451435K->3433045K(3892416K), 0.0400411 secs]
967.419: [GC 3467605K->3437198K(3892416K), 0.0103006 secs]
967.609: [GC 3471758K->3438241K(3892416K), 0.0082102 secs]
967.983: [GC 3472801K->3463529K(3892416K), 0.0368804 secs]
968.042: [GC 3498089K->3467673K(3892416K), 0.0106505 secs]
968.075: [GC 3502233K->3466586K(3892416K), 0.0059988 secs]
968.355: [GC 3501146K->3480087K(3892416K), 0.0219130 secs]
968.597: [GC 3514647K->3484411K(3892416K), 0.0135223 secs]
968.922: [GC 3518971K->3507282K(3892416K), 0.0339022 secs]
968.957: [GC 3507974K(3892416K), 0.0089420 secs]
968.988: [GC 3537433K->3507177K(3892416K), 0.0104501 secs]
969.021: [GC 3536963K->3500904K(3892416K), 0.0061925 secs]
969.506: [GC 3494757K->3485117K(3892416K), 0.0398295 secs]
969.572: [GC 3517443K->3487424K(3892416K), 0.0143905 secs]
969.611: [GC 3520441K->3489453K(3892416K), 0.0101983 secs]
969.970: [GC 3479219K->3457667K(3892416K), 0.0281116 secs]
970.184: [GC 3461866K->3440905K(3892416K), 0.0265683 secs]
970.234: [GC 3474525K->3444131K(3892416K), 0.0110126 secs]
970.397: [GC 3477101K->3445751K(3892416K), 0.0113869 secs]
970.540: [GC 3470789K->3445739K(3892416K), 0.0189842 secs]
970.925: [GC 3438729K->3420936K(3892416K), 0.1341547 secs]
971.190: [GC 3437725K->3415563K(3892416K), 0.0292687 secs]
971.245: [GC 3446190K->3415975K(3892416K), 0.0118920 secs]
971.493: [GC 3396780K->3366654K(3892416K), 0.0147901 secs]
971.807: [GC 3322776K->3310031K(3892416K), 0.0399311 secs]
971.872: [GC 3331627K->3301223K(3892416K), 0.0122557 secs]
971.910: [GC 3322196K->3286881K(3892416K), 0.0077525 secs]
972.438: [GC 3209053K->3199196K(3892416K), 0.0385033 secs]
972.485: [GC 3209578K(3892416K), 0.0099106 secs]
972.512: [GC 3233756K->3203582K(3892416K), 0.0120482 secs]
972.548: [GC 3238142K->3206461K(3892416K), 0.0102422 secs]
972.816: [GC 3241021K->3218299K(3892416K), 0.0214444 secs]
972.861: [GC 3252859K->3221937K(3892416K), 0.0106034 secs]
973.315: [GC 3256497K->3236432K(3892416K), 0.0274515 secs]
973.503: [GC 3270992K->3249736K(3892416K), 0.0233476 secs]
973.551: [GC 3284296K->3253880K(3892416K), 0.0114244 secs]
973.745: [GC 3288440K->3256494K(3892416K), 0.0110639 secs]
974.086: [GC 3291054K->3281083K(3892416K), 0.0369702 secs]
974.146: [GC 3315643K->3285229K(3892416K), 0.0111425 secs]
974.181: [GC 3319789K->3284156K(3892416K), 0.0065507 secs]
974.619: [GC 3318716K->3305852K(3892416K), 0.0361736 secs]
974.727: [GC 3340412K->3313618K(3892416K), 0.0159729 secs]
974.768: [GC 3348178K->3317838K(3892416K), 0.0112846 secs]
974.990: [GC 3352398K->3325879K(3892416K), 0.0204226 secs]
975.039: [GC 3360439K->3330290K(3892416K), 0.0113882 secs]
975.556: [GC 3364850K->3353524K(3892416K), 0.0388635 secs]
975.638: [GC 3388084K->3359218K(3892416K), 0.0131518 secs]
975.675: [GC 3393778K->3363505K(3892416K), 0.0110178 secs]
975.976: [GC 3398065K->3372625K(3892416K), 0.0194659 secs]
976.248: [GC 3407185K->3390537K(3892416K), 0.0276308 secs]
976.299: [GC 3425097K->3394698K(3892416K), 0.0116383 secs]
976.333: [GC 3429258K->3393621K(3892416K), 0.0061659 secs]
976.909: [GC 3428181K->3421837K(3892416K), 0.0388160 secs]
976.971: [GC 3456397K->3425692K(3892416K), 0.0101861 secs]
977.005: [GC 3460252K->3424754K(3892416K), 0.0060998 secs]
977.236: [GC 3459314K->3436890K(3892416K), 0.0198177 secs]
977.340: [GC 3471450K->3439089K(3892416K), 0.0090569 secs]
977.855: [GC 3473649K->3462640K(3892416K), 0.0391373 secs]
977.919: [GC 3497200K->3467004K(3892416K), 0.0110319 secs]
977.954: [GC 3501564K->3469574K(3892416K), 0.0092836 secs]
978.314: [GC 3504134K->3483061K(3892416K), 0.0248130 secs]
978.516: [GC 3517621K->3497165K(3892416K), 0.0249028 secs]
978.564: [GC 3531725K->3501311K(3892416K), 0.0108895 secs]
978.762: [GC 3535871K->3503968K(3892416K), 0.0106284 secs]
979.096: [GC 3538528K->3528277K(3892416K), 0.0359673 secs]
979.132: [GC 3528969K(3892416K), 0.0089542 secs]
979.163: [GC 3556894K->3525458K(3892416K), 0.0101624 secs]
979.196: [GC 3554231K->3519604K(3892416K), 0.0061425 secs]
979.446: [GC 3520692K->3499509K(3892416K), 0.0217799 secs]
979.736: [GC 3496471K->3465643K(3892416K), 0.0132468 secs]
980.089: [GC 3443676K->3432788K(3892416K), 0.0381370 secs]
980.151: [GC 3461058K->3430718K(3892416K), 0.0106897 secs]
980.186: [GC 3458628K->3422620K(3892416K), 0.0061415 secs]
980.653: [GC 3350131K->3339116K(3892416K), 0.0459402 secs]
980.739: [GC 3363989K->3335414K(3892416K), 0.0162256 secs]
980.780: [GC 3364063K->3333767K(3892416K), 0.0118747 secs]
981.051: [GC 3263524K->3236805K(3892416K), 0.0202799 secs]
981.320: [GC 3191077K->3175912K(3892416K), 0.0362300 secs]
981.380: [GC 3210472K->3180120K(3892416K), 0.0116444 secs]
981.418: [GC 3200599K->3165425K(3892416K), 0.0066251 secs]
981.631: [GC 3158197K->3135241K(3892416K), 0.0194405 secs]
981.655: [GC 3142163K(3892416K), 0.0077538 secs]
981.966: [GC 3169801K->3146086K(3892416K), 0.0223790 secs]
982.407: [GC 3180646K->3162946K(3892416K), 0.0281080 secs]
982.458: [GC 3197506K->3167296K(3892416K), 0.0107702 secs]
982.602: [GC 3201856K->3167281K(3892416K), 0.0072480 secs]
982.991: [GC 3201841K->3194176K(3892416K), 0.0413968 secs]
983.057: [GC 3228736K->3198288K(3892416K), 0.0105386 secs]
983.092: [GC 3232848K->3198094K(3892416K), 0.0065142 secs]
983.520: [GC 3232654K->3218364K(3892416K), 0.0347589 secs]
983.664: [GC 3252924K->3227402K(3892416K), 0.0181243 secs]
983.708: [GC 3261962K->3230654K(3892416K), 0.0109536 secs]
984.329: [GC 3265214K->3243804K(3892416K), 0.0251324 secs]
984.394: [GC 3278364K->3248743K(3892416K), 0.0124135 secs]
984.723: [GC 3283303K->3262179K(3892416K), 0.0266924 secs]
984.945: [GC 3296739K->3277835K(3892416K), 0.0288168 secs]
984.998: [GC 3312395K->3282169K(3892416K), 0.0108208 secs]
985.196: [GC 3316729K->3283175K(3892416K), 0.0089286 secs]
985.553: [GC 3317735K->3308299K(3892416K), 0.0405918 secs]
985.616: [GC 3342859K->3312449K(3892416K), 0.0112166 secs]
985.653: [GC 3347009K->3311361K(3892416K), 0.0059959 secs]
986.095: [GC 3345921K->3333710K(3892416K), 0.0398250 secs]
986.187: [GC 3368270K->3340152K(3892416K), 0.0145091 secs]
986.225: [GC 3374712K->3344396K(3892416K), 0.0105761 secs]
986.488: [GC 3378956K->3355155K(3892416K), 0.0231718 secs]
986.537: [GC 3389715K->3358833K(3892416K), 0.0111188 secs]
987.006: [GC 3393393K->3381038K(3892416K), 0.0393718 secs]
987.084: [GC 3415598K->3386303K(3892416K), 0.0142375 secs]
987.122: [GC 3420863K->3390506K(3892416K), 0.0111759 secs]
987.459: [GC 3425066K->3402441K(3892416K), 0.0280984 secs]
987.876: [GC 3437001K->3416736K(3892416K), 0.0258768 secs]
987.926: [GC 3451296K->3420904K(3892416K), 0.0112487 secs]
988.150: [GC 3455464K->3423838K(3892416K), 0.0119312 secs]
988.483: [GC 3458398K->3447307K(3892416K), 0.0425620 secs]
988.550: [GC 3481867K->3451458K(3892416K), 0.0121185 secs]
988.587: [GC 3486018K->3450373K(3892416K), 0.0059616 secs]
988.866: [GC 3484933K->3464439K(3892416K), 0.0261667 secs]
989.116: [GC 3498999K->3468685K(3892416K), 0.0153350 secs]
989.467: [GC 3503245K->3491617K(3892416K), 0.0419087 secs]
989.532: [GC 3526177K->3495922K(3892416K), 0.0130909 secs]
989.570: [GC 3530482K->3494423K(3892416K), 0.0060232 secs]
990.051: [GC 3528983K->3519231K(3892416K), 0.0470582 secs]
990.124: [GC 3553791K->3523706K(3892416K), 0.0126095 secs]
990.162: [GC 3558266K->3527287K(3892416K), 0.0111185 secs]
990.492: [GC 3559127K(3892416K), 0.0105033 secs]
990.524: [GC 3561847K->3540653K(3892416K), 0.0306328 secs]
990.710: [GC 3566578K->3545247K(3892416K), 0.0224037 secs]
990.756: [GC 3578019K->3547626K(3892416K), 0.0101178 secs]
990.918: [GC 3573564K->3542955K(3892416K), 0.0125146 secs]
991.051: [GC 3565194K->3539660K(3892416K), 0.0182016 secs]
991.429: [GC 3531302K->3513299K(3892416K), 0.0342261 secs]
991.614: [GC 3530856K->3508972K(3892416K), 0.0276141 secs]
991.665: [GC 3539121K->3508905K(3892416K), 0.0117910 secs]
991.894: [GC 3524024K->3493534K(3892416K), 0.0147612 secs]
992.217: [GC 3492575K->3480133K(3892416K), 0.0493488 secs]
992.291: [GC 3510056K->3479652K(3892416K), 0.0124777 secs]
992.331: [GC 3509923K->3474612K(3892416K), 0.0059805 secs]
992.871: [GC 3413718K->3404219K(3892416K), 0.0533280 secs]
992.951: [GC 3432320K->3402146K(3892416K), 0.0120223 secs]
992.989: [GC 3427349K->3395167K(3892416K), 0.0104555 secs]
993.284: [GC 3347626K->3325264K(3892416K), 0.0239018 secs]
993.333: [GC 3346674K->3315739K(3892416K), 0.0111124 secs]
993.876: [GC 3350299K->3340362K(3892416K), 0.0387611 secs]
993.922: [GC 3349361K(3892416K), 0.0088869 secs]
993.950: [GC 3374922K->3343953K(3892416K), 0.0115729 secs]
993.986: [GC 3378513K->3345434K(3892416K), 0.0080341 secs]
994.374: [GC 3379994K->3361666K(3892416K), 0.0270994 secs]
994.538: [GC 3396226K->3373297K(3892416K), 0.0207927 secs]
994.582: [GC 3407857K->3377458K(3892416K), 0.0106027 secs]
994.841: [GC 3412018K->3382971K(3892416K), 0.0142987 secs]
995.226: [GC 3417531K->3403750K(3892416K), 0.0326132 secs]
995.282: [GC 3438310K->3407906K(3892416K), 0.0105742 secs]
995.316: [GC 3442466K->3407155K(3892416K), 0.0064478 secs]
995.596: [GC 3441715K->3420843K(3892416K), 0.0225509 secs]
995.872: [GC 3455403K->3428219K(3892416K), 0.0233415 secs]
996.160: [GC 3462779K->3448438K(3892416K), 0.0318528 secs]
996.215: [GC 3482998K->3452748K(3892416K), 0.0107317 secs]
996.249: [GC 3487308K->3451251K(3892416K), 0.0059638 secs]
996.747: [GC 3485811K->3478902K(3892416K), 0.0386319 secs]
996.810: [GC 3513462K->3482766K(3892416K), 0.0102060 secs]
996.843: [GC 3517326K->3482264K(3892416K), 0.0067326 secs]
997.224: [GC 3516824K->3501109K(3892416K), 0.0292113 secs]
997.367: [GC 3535669K->3511232K(3892416K), 0.0186557 secs]
997.409: [GC 3545792K->3515466K(3892416K), 0.0108285 secs]
997.636: [GC 3550026K->3522969K(3892416K), 0.0180079 secs]
997.721: [GC 3557529K->3528889K(3892416K), 0.0137724 secs]
998.189: [GC 3563449K->3547504K(3892416K), 0.0314179 secs]
998.356: [GC 3582064K->3558094K(3892416K), 0.0208392 secs]
998.400: [GC 3592654K->3562443K(3892416K), 0.0107689 secs]
998.695: [GC 3597003K->3568722K(3892416K), 0.0192850 secs]
998.992: [GC 3603282K->3588529K(3892416K), 0.0455964 secs]
999.060: [GC 3623089K->3592691K(3892416K), 0.0131204 secs]
999.097: [GC 3627251K->3591939K(3892416K), 0.0060754 secs]
999.612: [GC 3626499K->3619691K(3892416K), 0.0560108 secs]
999.669: [GC 3620383K(3892416K), 0.0119084 secs]
999.704: [GC 3646594K->3650445K(3892416K), 0.0246969 secs]
1001.515: [Full GC 3219875K->2958616K(3892416K), 9.9297770 secs]
1011.450: [GC 2964078K(4160256K), 0.0002704 secs]
1012.933: [GC 3231256K->3000312K(4160256K), 0.0364298 secs]
1014.210: [GC 3272952K->3017559K(4160256K), 0.0420777 secs]
1015.738: [GC 3290199K->3043328K(4160256K), 0.0497635 secs]
1017.226: [GC 3315968K->3091907K(4160256K), 0.0792814 secs]
1017.306: [GC 3097367K(4160256K), 0.0175156 secs]
1018.463: [GC 3339494K->3090073K(4160256K), 0.0496573 secs]
1020.177: [GC 3362182K->3113429K(4160256K), 0.0483857 secs]
1020.246: [GC 3151650K(4160256K), 0.0441550 secs]
1021.440: [GC 3386069K->3140172K(4160256K), 0.0522183 secs]
1023.179: [GC 3412812K->3160161K(4160256K), 0.0499373 secs]
1024.577: [GC 3432801K->3188749K(4160256K), 0.0613451 secs]
1026.265: [GC 3461389K->3216344K(4160256K), 0.0555977 secs]
1027.896: [GC 3488984K->3250733K(4160256K), 0.0709841 secs]
1028.833: [GC 3441840K(4160256K), 0.0820108 secs]
1029.307: [GC 3520315K->3265506K(4160256K), 0.0474399 secs]
1031.237: [GC 3496422K->3250823K(4160256K), 0.0486435 secs]
1031.320: [GC 3310884K(4160256K), 0.0566513 secs]
1032.664: [GC 3523463K->3273326K(4160256K), 0.0487946 secs]
1034.324: [GC 3545966K->3295078K(4160256K), 0.0482058 secs]
1035.855: [GC 3567718K->3317241K(4160256K), 0.0484354 secs]
1037.068: [GC 3589881K->3341229K(4160256K), 0.0486509 secs]
1038.643: [GC 3613869K->3362162K(4160256K), 0.0473180 secs]
1040.216: [GC 3634802K->3384080K(4160256K), 0.0479396 secs]
1040.931: [GC 3569727K(4160256K), 0.0737323 secs]
1041.388: [GC 3654484K->3404303K(4160256K), 0.0483969 secs]
1043.055: [GC 3673703K->3425494K(4160256K), 0.0498199 secs]
1044.223: [GC 3665702K->3411776K(4160256K), 0.0362008 secs]
1044.798: [GC 3493681K(4160256K), 0.0652624 secs]
1045.924: [GC 3684416K->3437602K(4160256K), 0.0524062 secs]
1047.237: [GC 3710242K->3465625K(4160256K), 0.0597104 secs]
1048.614: [GC 3738265K->3486660K(4160256K), 0.0475492 secs]
1050.215: [GC 3759300K->3534568K(4160256K), 0.0793097 secs]
1051.555: [GC 3807208K->3558890K(4160256K), 0.0654792 secs]
1052.388: [GC 3831530K->3576750K(4160256K), 0.0254993 secs]
1053.192: [GC 3849390K->3561649K(4160256K), 0.0064026 secs]
1053.868: [GC 3834289K->3562460K(4160256K), 0.0067329 secs]
1054.595: [GC 3835100K->3556560K(4160256K), 0.0058333 secs]
1055.384: [GC 3829200K->3558064K(4160256K), 0.0063750 secs]
1056.106: [GC 3830704K->3562595K(4160256K), 0.0065559 secs]
1056.529: [GC 3775982K(4160256K), 0.0275359 secs]
1056.724: [GC 3835235K->3557176K(4160256K), 0.0062570 secs]
1057.521: [GC 3822936K->3550283K(4160256K), 0.0060693 secs]
1058.309: [GC 3822874K->3558463K(4160256K), 0.0078914 secs]
1058.827: [GC 3829893K->3546801K(4160256K), 0.0048878 secs]
1059.609: [GC 3772377K->3500961K(4160256K), 0.0060276 secs]
1060.410: [GC 3773601K->3510856K(4160256K), 0.0111977 secs]
1060.565: [GC 3598506K(4160256K), 0.0266978 secs]
1060.939: [GC 3783496K->3503081K(4160256K), 0.0048384 secs]
1061.710: [GC 3775721K->3499521K(4160256K), 0.0058355 secs]
1062.538: [GC 3772161K->3507924K(4160256K), 0.0064747 secs]
1063.087: [GC 3780564K->3502127K(4160256K), 0.0045328 secs]
1063.835: [GC 3774767K->3498681K(4160256K), 0.0055568 secs]
1064.637: [GC 3771321K->3506884K(4160256K), 0.0064391 secs]
1065.207: [GC 3779524K->3510417K(4160256K), 0.0062916 secs]
1065.860: [GC 3783057K->3501924K(4160256K), 0.0052031 secs]
1066.639: [GC 3774564K->3504808K(4160256K), 0.0061037 secs]
1067.350: [GC 3777448K->3507386K(4160256K), 0.0066723 secs]
1067.922: [GC 3780026K->3501619K(4160256K), 0.0073564 secs]
1068.713: [GC 3774259K->3504607K(4160256K), 0.0060629 secs]
1069.471: [GC 3777247K->3509691K(4160256K), 0.0066146 secs]
1070.038: [GC 3782331K->3502597K(4160256K), 0.0049988 secs]
1070.806: [GC 3775237K->3502199K(4160256K), 0.0060402 secs]
1071.561: [GC 3774839K->3510003K(4160256K), 0.0106306 secs]
1072.086: [GC 3782643K->3501610K(4160256K), 0.0048618 secs]
1072.869: [GC 3774250K->3502566K(4160256K), 0.0060677 secs]
1073.682: [GC 3775206K->3508446K(4160256K), 0.0064972 secs]
1074.088: [GC 3754791K(4160256K), 0.0370174 secs]
1074.226: [GC 3781086K->3502641K(4160256K), 0.0044603 secs]
1074.956: [GC 3775279K->3498213K(4160256K), 0.0072121 secs]
1075.772: [GC 3770852K->3507943K(4160256K), 0.0064831 secs]
1076.362: [GC 3780578K->3504258K(4160256K), 0.0060761 secs]
1076.712: [GC 3776887K->3500276K(4160256K), 0.0050042 secs]
1076.909: [GC 3772915K->3496616K(4160256K), 0.0068596 secs]
1077.204: [GC 3769256K->3497723K(4160256K), 0.0055058 secs]
1077.378: [GC 3770363K->3502508K(4160256K), 0.0057919 secs]
1077.575: [GC 3775148K->3503877K(4160256K), 0.0059827 secs]
1077.846: [GC 3776503K->3503893K(4160256K), 0.0062425 secs]
1078.033: [GC 3766008K->3497506K(4160256K), 0.0076505 secs]
1078.339: [GC 3741515K->3469611K(4160256K), 0.0059532 secs]
1078.737: [GC 3727893K->3460456K(4160256K), 0.0061874 secs]
1078.847: [GC 3557307K(4160256K), 0.0288358 secs]
1078.966: [GC 3733096K->3453668K(4160256K), 0.0057576 secs]
1079.614: [GC 3726308K->3450509K(4160256K), 0.0049452 secs]
1080.381: [GC 3723149K->3451326K(4160256K), 0.0078471 secs]
1081.189: [GC 3723966K->3456531K(4160256K), 0.0062775 secs]
1081.829: [GC 3729171K->3462096K(4160256K), 0.0077063 secs]
1082.475: [GC 3734736K->3453906K(4160256K), 0.0052191 secs]
1083.222: [GC 3726546K->3456338K(4160256K), 0.0075649 secs]
1083.965: [GC 3728978K->3460848K(4160256K), 0.0069542 secs]
1084.480: [GC 3733488K->3455246K(4160256K), 0.0048955 secs]
1085.229: [GC 3727886K->3451414K(4160256K), 0.0057271 secs]
1086.012: [GC 3724054K->3458274K(4160256K), 0.0064481 secs]
1086.512: [GC 3730914K->3456844K(4160256K), 0.0059382 secs]
1087.247: [GC 3729484K->3454274K(4160256K), 0.0054163 secs]
1088.027: [GC 3726914K->3457778K(4160256K), 0.0077413 secs]
1088.600: [GC 3730418K->3457783K(4160256K), 0.0060783 secs]
1089.253: [GC 3730423K->3452695K(4160256K), 0.0052178 secs]
1090.027: [GC 3725335K->3455096K(4160256K), 0.0065613 secs]
1090.703: [GC 3727736K->3462312K(4160256K), 0.0079144 secs]
1091.319: [GC 3734952K->3453388K(4160256K), 0.0053041 secs]
1092.078: [GC 3726028K->3454960K(4160256K), 0.0070357 secs]
1092.811: [GC 3727600K->3460335K(4160256K), 0.0063836 secs]
1093.384: [GC 3732975K->3454121K(4160256K), 0.0048942 secs]
1094.176: [GC 3726761K->3452666K(4160256K), 0.0075485 secs]
1094.975: [GC 3725306K->3458468K(4160256K), 0.0067114 secs]
1095.559: [GC 3731108K->3456519K(4160256K), 0.0060498 secs]
1096.289: [GC 3729159K->3454726K(4160256K), 0.0053391 secs]
1096.765: [GC 3624333K(4160256K), 0.0602591 secs]
1097.131: [GC 3727334K->3456910K(4160256K), 0.0060947 secs]
1097.892: [GC 3729541K->3462421K(4160256K), 0.0066492 secs]
1098.514: [GC 3735057K->3454605K(4160256K), 0.0051444 secs]
1099.275: [GC 3727240K->3451881K(4160256K), 0.0058342 secs]
1100.090: [GC 3724429K->3460474K(4160256K), 0.0074565 secs]
1100.644: [GC 3733114K->3454105K(4160256K), 0.0045953 secs]
1100.821: [GC 3726745K->3445975K(4160256K), 0.0067945 secs]
1101.070: [GC 3718615K->3448467K(4160256K), 0.0070244 secs]
1101.293: [GC 3721107K->3448902K(4160256K), 0.0054122 secs]
1101.482: [GC 3721519K->3453090K(4160256K), 0.0062887 secs]
1101.741: [GC 3725655K->3454109K(4160256K), 0.0057460 secs]
1101.921: [GC 3726733K->3454841K(4160256K), 0.0064661 secs]
1102.155: [GC 3727480K->3457970K(4160256K), 0.0064208 secs]
1102.465: [GC 3730573K->3460068K(4160256K), 0.0060758 secs]
1102.607: [GC 3566536K(4160256K), 0.0518953 secs]
1102.907: [GC 3732708K->3465195K(4160256K), 0.0064061 secs]
1103.055: [GC 3737835K->3461795K(4160256K), 0.0061652 secs]
1103.640: [GC 3734435K->3456345K(4160256K), 0.0053391 secs]
1104.429: [GC 3728985K->3457780K(4160256K), 0.0078721 secs]
1105.251: [GC 3730420K->3465740K(4160256K), 0.0067794 secs]
1105.818: [GC 3738380K->3459291K(4160256K), 0.0046511 secs]
1106.579: [GC 3731931K->3454353K(4160256K), 0.0057060 secs]
1107.362: [GC 3726993K->3462192K(4160256K), 0.0062890 secs]
1108.153: [GC 3734832K->3469270K(4160256K), 0.0085456 secs]
1108.740: [GC 3741910K->3459794K(4160256K), 0.0049112 secs]
1109.539: [GC 3732434K->3457650K(4160256K), 0.0057403 secs]
1110.353: [GC 3730290K->3464103K(4160256K), 0.0065703 secs]
1110.924: [GC 3736743K->3462154K(4160256K), 0.0063022 secs]
1111.681: [GC 3734794K->3460946K(4160256K), 0.0055799 secs]
1112.492: [GC 3733586K->3459444K(4160256K), 0.0061473 secs]
1113.243: [GC 3732084K->3466951K(4160256K), 0.0066361 secs]
1113.692: [GC 3739591K->3459068K(4160256K), 0.0071171 secs]
1113.890: [GC 3731708K->3449073K(4160256K), 0.0047428 secs]
1114.135: [GC 3721713K->3447029K(4160256K), 0.0045854 secs]
1114.592: [GC 3719669K->3446836K(4160256K), 0.0062326 secs]
1114.994: [GC 3719476K->3446628K(4160256K), 0.0047050 secs]
1115.221: [GC 3719268K->3446528K(4160256K), 0.0048496 secs]
1115.421: [GC 3719168K->3446823K(4160256K), 0.0051274 secs]
1115.672: [GC 3719463K->3446702K(4160256K), 0.0045504 secs]
1116.175: [GC 3719342K->3446486K(4160256K), 0.0057117 secs]
1116.418: [GC 3719126K->3446721K(4160256K), 0.0046396 secs]
1116.659: [GC 3719361K->3446676K(4160256K), 0.0046774 secs]
1117.062: [GC 3719316K->3447004K(4160256K), 0.0047271 secs]
1118.233: [GC 3719644K->3446550K(4160256K), 0.0045466 secs]
1118.462: [GC 3719190K->3446821K(4160256K), 0.0053461 secs]
1118.702: [GC 3719461K->3446976K(4160256K), 0.0048506 secs]
1125.124: [GC 3563315K(4160256K), 0.0585644 secs]
1339.580: [GC 3714267K->3446602K(4160256K), 0.0103744 secs]
1496.501: [GC 3561301K(4160256K), 0.0116258 secs]
1504.322: [GC 3566736K(4160256K), 0.0096284 secs]
1689.820: [GC 2013992K->1743652K(4160256K), 0.0102878 secs]
1726.061: [GC 1864800K(4160256K), 0.0706999 secs]
1726.933: [GC 2016292K->1779099K(4160256K), 0.0524566 secs]
1728.550: [GC 2051739K->1797609K(4160256K), 0.0498851 secs]
1730.006: [GC 2070249K->1808184K(4160256K), 0.0326562 secs]
1731.897: [GC 2080824K->1850770K(4160256K), 0.0758138 secs]
1733.435: [GC 2123410K->1881720K(4160256K), 0.1015042 secs]
1734.836: [GC 2154360K->1892847K(4160256K), 0.0561632 secs]
1736.586: [GC 2165487K->1913363K(4160256K), 0.0851122 secs]
1738.260: [GC 2186003K->1967133K(4160256K), 0.1825128 secs]
1739.903: [GC 2239773K->1983860K(4160256K), 0.0682079 secs]
1741.306: [GC 2256500K->2000340K(4160256K), 0.0636876 secs]
1742.863: [GC 2272980K->2024048K(4160256K), 0.0712272 secs]
1744.486: [GC 2296688K->2044700K(4160256K), 0.0658650 secs]
1746.036: [GC 2317340K->2069427K(4160256K), 0.0690674 secs]
1747.744: [GC 2342067K->2092181K(4160256K), 0.0708112 secs]
1749.826: [GC 2364821K->2113879K(4160256K), 0.0776371 secs]
1751.137: [GC 2386519K->2136947K(4160256K), 0.0569066 secs]
1752.794: [GC 2409587K->2158186K(4160256K), 0.0504502 secs]
1754.245: [GC 2430826K->2178514K(4160256K), 0.0470159 secs]
1755.522: [GC 2451154K->2200599K(4160256K), 0.0478440 secs]
1757.051: [GC 2473239K->2221053K(4160256K), 0.0483966 secs]
1758.570: [GC 2493693K->2242089K(4160256K), 0.0474934 secs]
1759.802: [GC 2514729K->2262888K(4160256K), 0.0467413 secs]
1761.302: [GC 2535528K->2284674K(4160256K), 0.0479113 secs]
1762.795: [GC 2557314K->2305945K(4160256K), 0.0460912 secs]
1764.072: [GC 2578585K->2330205K(4160256K), 0.0579339 secs]
1765.452: [GC 2602845K->2347065K(4160256K), 0.0440890 secs]
1766.103: [GC 2473229K(4160256K), 0.0850131 secs]
1767.047: [GC 2619702K->2370188K(4160256K), 0.0483979 secs]
1768.287: [GC 2642828K->2387252K(4160256K), 0.0441669 secs]
1769.694: [GC 2659892K->2408660K(4160256K), 0.0465765 secs]
1771.099: [GC 2681300K->2427538K(4160256K), 0.0576048 secs]
1772.832: [GC 2700175K->2437415K(4160256K), 0.0291571 secs]
1774.598: [GC 2709985K->2469170K(4160256K), 0.0586850 secs]
1775.097: [GC 2600819K(4160256K), 0.1108315 secs]
1776.137: [GC 2741810K->2500862K(4160256K), 0.0734485 secs]
1777.443: [GC 2773502K->2515008K(4160256K), 0.0352316 secs]
1779.029: [GC 2787648K->2536244K(4160256K), 0.0481503 secs]
1780.449: [GC 2808884K->2590803K(4160256K), 0.0908819 secs]
1781.817: [GC 2863443K->2604162K(4160256K), 0.0408115 secs]
1783.199: [GC 2876802K->2624721K(4160256K), 0.0477365 secs]
1784.685: [GC 2897361K->2644987K(4160256K), 0.0479755 secs]
1786.235: [GC 2917627K->2664883K(4160256K), 0.0467266 secs]
1787.441: [GC 2937523K->2686194K(4160256K), 0.0472641 secs]
1788.936: [GC 2958834K->2708713K(4160256K), 0.0502625 secs]
1790.397: [GC 2981353K->2733270K(4160256K), 0.0511728 secs]
1791.658: [GC 3005910K->2752300K(4160256K), 0.0461352 secs]
1793.095: [GC 3024940K->2771527K(4160256K), 0.0459889 secs]
1794.690: [GC 3044167K->2791490K(4160256K), 0.0511426 secs]
1795.984: [GC 3064130K->2812100K(4160256K), 0.0489643 secs]
1797.560: [GC 3084740K->2831365K(4160256K), 0.0469925 secs]
1799.125: [GC 3104005K->2855287K(4160256K), 0.0488180 secs]
1800.489: [GC 3127927K->2874876K(4160256K), 0.0470380 secs]
1802.015: [GC 3147516K->2894441K(4160256K), 0.0477628 secs]
1803.596: [GC 3167081K->2914563K(4160256K), 0.0466191 secs]
1805.488: [GC 3187203K->2940113K(4160256K), 0.0556096 secs]
1806.916: [GC 3212753K->2959934K(4160256K), 0.0473988 secs]
1808.813: [GC 3232574K->2980313K(4160256K), 0.0511416 secs]
1809.505: [GC 3117447K(4160256K), 0.0816150 secs]
1810.351: [GC 3174625K->2917617K(4160256K), 0.0410174 secs]
1811.884: [GC 3138414K->2892538K(4160256K), 0.0626321 secs]
1813.165: [GC 3130989K->2878210K(4160256K), 0.0581369 secs]
1814.723: [GC 3112927K->2865490K(4160256K), 0.0775842 secs]
1816.700: [GC 3125001K->2885310K(4160256K), 0.0871622 secs]
1817.226: [GC 3011468K(4160256K), 0.1084071 secs]
1818.232: [GC 3157950K->2909047K(4160256K), 0.0635686 secs]
1819.636: [GC 3181687K->2926831K(4160256K), 0.0429385 secs]
1821.390: [GC 3199471K->2960229K(4160256K), 0.0738532 secs]
1822.750: [GC 3232869K->2981821K(4160256K), 0.0591177 secs]
1824.193: [GC 3254461K->2995881K(4160256K), 0.0393603 secs]
1825.862: [GC 3268521K->3033067K(4160256K), 0.0797436 secs]
1827.188: [GC 3305707K->3057214K(4160256K), 0.0616222 secs]
1828.474: [GC 3329854K->3071901K(4160256K), 0.0402708 secs]
1830.190: [GC 3344541K->3115125K(4160256K), 0.0876176 secs]
1831.477: [GC 3387765K->3137684K(4160256K), 0.0580275 secs]
1832.805: [GC 3410324K->3155359K(4160256K), 0.0424889 secs]
1834.604: [GC 3427999K->3200359K(4160256K), 0.0835400 secs]
1835.992: [GC 3472999K->3232222K(4160256K), 0.0734167 secs]
1836.598: [GC 3352895K(4160256K), 0.0807725 secs]
1837.327: [GC 3454199K->3195312K(4160256K), 0.0374872 secs]
1838.930: [GC 3353792K->3102156K(4160256K), 0.0492462 secs]
1840.371: [GC 3339717K->3124087K(4160256K), 0.0883749 secs]
1841.746: [GC 3396664K->3136399K(4160256K), 0.0434892 secs]
1843.403: [GC 3403868K->3153960K(4160256K), 0.0456948 secs]
1844.074: [GC 3280117K(4160256K), 0.1072897 secs]
1845.066: [GC 3426600K->3175773K(4160256K), 0.0488462 secs]
1846.378: [GC 3448413K->3190181K(4160256K), 0.0423305 secs]
1847.756: [GC 3462821K->3214876K(4160256K), 0.0492584 secs]
1849.288: [GC 3487516K->3257155K(4160256K), 0.0774735 secs]
1850.358: [GC 3529795K->3277817K(4160256K), 0.0492584 secs]
1852.249: [GC 3550457K->3304418K(4160256K), 0.0524143 secs]
1853.699: [GC 3577058K->3333758K(4160256K), 0.0643458 secs]
1855.142: [GC 3606398K->3371886K(4160256K), 0.0693452 secs]
1856.780: [GC 3644526K->3407926K(4160256K), 0.0770034 secs]
1858.108: [GC 3680566K->3433313K(4160256K), 0.0535358 secs]
1859.759: [GC 3705953K->3453633K(4160256K), 0.0474524 secs]
1861.014: [GC 3726273K->3480838K(4160256K), 0.0542562 secs]
1862.702: [GC 3753478K->3508564K(4160256K), 0.0560410 secs]
1863.347: [GC 3662147K(4160256K), 0.0704699 secs]
1864.095: [GC 3716127K->3467750K(4160256K), 0.0565448 secs]
1865.601: [GC 3629988K->3378016K(4160256K), 0.0490156 secs]
1867.146: [GC 3632038K->3384478K(4160256K), 0.0534486 secs]
1868.364: [GC 3653996K->3402796K(4160256K), 0.0496573 secs]
1869.969: [GC 3662812K->3411211K(4160256K), 0.0505845 secs]
1870.563: [GC 3520913K(4160256K), 0.0943108 secs]
1871.700: [GC 3683851K->3433115K(4160256K), 0.0491814 secs]
1873.002: [GC 3705755K->3455779K(4160256K), 0.0497366 secs]
1874.811: [GC 3728419K->3478301K(4160256K), 0.0508463 secs]
1876.375: [GC 3750941K->3495878K(4160256K), 0.0444934 secs]
1877.732: [GC 3768518K->3522477K(4160256K), 0.0565089 secs]
1879.368: [GC 3795117K->3564076K(4160256K), 0.0797070 secs]
1880.588: [GC 3836716K->3585468K(4160256K), 0.0501808 secs]
1882.485: [GC 3858108K->3632319K(4160256K), 0.0874044 secs]
1883.693: [GC 3904959K->3656210K(4160256K), 0.0539374 secs]
1884.917: [GC 3809792K(4160256K), 0.0445903 secs]
1885.507: [GC 3925769K->3679618K(4160256K), 0.0579881 secs]
1886.521: [GC 3867043K->3614463K(4160256K), 0.0349741 secs]
1887.312: [GC 3866003K->3586883K(4160256K), 0.0108628 secs]
1888.174: [GC 3848422K->3583460K(4160256K), 0.0212218 secs]
1888.688: [GC 3833538K->3553510K(4160256K), 0.0047515 secs]
1888.898: [GC 3635963K(4160256K), 0.0460431 secs]
1889.519: [GC 3826150K->3548022K(4160256K), 0.0058365 secs]
1890.332: [GC 3820662K->3555820K(4160256K), 0.0067486 secs]
1890.862: [GC 3828460K->3552046K(4160256K), 0.0045953 secs]
1891.636: [GC 3824686K->3548922K(4160256K), 0.0073442 secs]
1892.459: [GC 3821562K->3554019K(4160256K), 0.0087865 secs]
1893.031: [GC 3826659K->3555683K(4160256K), 0.0060687 secs]
1893.733: [GC 3828323K->3549026K(4160256K), 0.0054863 secs]
1894.547: [GC 3821666K->3554239K(4160256K), 0.0066081 secs]
1895.174: [GC 3826879K->3553795K(4160256K), 0.0060982 secs]
1895.844: [GC 3826435K->3550201K(4160256K), 0.0052586 secs]
1896.645: [GC 3822841K->3553065K(4160256K), 0.0061880 secs]
1897.350: [GC 3825705K->3556075K(4160256K), 0.0063878 secs]
1897.974: [GC 3828715K->3550743K(4160256K), 0.0052140 secs]
1898.757: [GC 3823383K->3552943K(4160256K), 0.0077198 secs]
1899.531: [GC 3825583K->3560095K(4160256K), 0.0066444 secs]
1900.015: [GC 3832735K->3551491K(4160256K), 0.0046575 secs]
1900.534: [GC 3748951K(4160256K), 0.0466435 secs]
1900.801: [GC 3824131K->3548782K(4160256K), 0.0057906 secs]
1901.604: [GC 3777919K->3516097K(4160256K), 0.0067390 secs]
1902.112: [GC 3777788K->3497553K(4160256K), 0.0046030 secs]
1902.879: [GC 3757451K->3481388K(4160256K), 0.0058567 secs]
1903.715: [GC 3748311K->3484952K(4160256K), 0.0077002 secs]
1904.260: [GC 3757048K->3477079K(4160256K), 0.0044058 secs]
1904.986: [GC 3721548K->3446811K(4160256K), 0.0057104 secs]
1905.241: [GC 3540157K(4160256K), 0.0541484 secs]
1905.839: [GC 3719451K->3456273K(4160256K), 0.0066550 secs]
1906.363: [GC 3728913K->3450957K(4160256K), 0.0057730 secs]
1907.104: [GC 3723597K->3448687K(4160256K), 0.0055161 secs]
1907.910: [GC 3721327K->3454630K(4160256K), 0.0064019 secs]
1908.564: [GC 3727270K->3457366K(4160256K), 0.0064561 secs]
1909.156: [GC 3730006K->3449773K(4160256K), 0.0051360 secs]
1909.927: [GC 3722413K->3449686K(4160256K), 0.0060915 secs]
1910.670: [GC 3722326K->3457005K(4160256K), 0.0065944 secs]
1911.092: [GC 3729645K->3450326K(4160256K), 0.0048891 secs]
1911.265: [GC 3722966K->3442400K(4160256K), 0.0051453 secs]
1911.519: [GC 3715040K->3444395K(4160256K), 0.0054949 secs]
1911.747: [GC 3717035K->3446696K(4160256K), 0.0056800 secs]
1911.922: [GC 3719336K->3450078K(4160256K), 0.0059722 secs]
1912.193: [GC 3722718K->3452480K(4160256K), 0.0059478 secs]
1912.380: [GC 3725120K->3453185K(4160256K), 0.0065591 secs]
1912.626: [GC 3725825K->3457685K(4160256K), 0.0061559 secs]
1912.953: [GC 3730325K->3460350K(4160256K), 0.0063798 secs]
1913.308: [GC 3732990K->3456710K(4160256K), 0.0059965 secs]
1913.452: [GC 3729350K->3455114K(4160256K), 0.0056043 secs]
1914.366: [GC 3727754K->3451446K(4160256K), 0.0054965 secs]
1915.136: [GC 3724086K->3456567K(4160256K), 0.0062111 secs]
1915.914: [GC 3729207K->3462764K(4160256K), 0.0067624 secs]
1916.431: [GC 3735404K->3457001K(4160256K), 0.0048676 secs]
1917.151: [GC 3729641K->3453754K(4160256K), 0.0072871 secs]
1917.922: [GC 3726394K->3459308K(4160256K), 0.0064327 secs]
1918.439: [GC 3731948K->3457707K(4160256K), 0.0062406 secs]
1919.141: [GC 3730347K->3456683K(4160256K), 0.0052990 secs]
1919.904: [GC 3729323K->3458482K(4160256K), 0.0061861 secs]
1920.467: [GC 3676840K(4160256K), 0.0557501 secs]
1920.600: [GC 3731122K->3460630K(4160256K), 0.0062162 secs]
1921.194: [GC 3733255K->3454488K(4160256K), 0.0050754 secs]
1921.954: [GC 3727085K->3455075K(4160256K), 0.0059821 secs]
1922.715: [GC 3727642K->3463095K(4160256K), 0.0068298 secs]
1923.282: [GC 3735735K->3455638K(4160256K), 0.0048833 secs]
1924.041: [GC 3728277K->3453664K(4160256K), 0.0059212 secs]
1924.852: [GC 3726301K->3460946K(4160256K), 0.0066300 secs]
1925.368: [GC 3733500K->3456138K(4160256K), 0.0047239 secs]
1926.094: [GC 3728778K->3452229K(4160256K), 0.0056421 secs]
1926.369: [GC 3556326K(4160256K), 0.0621915 secs]
1926.936: [GC 3724869K->3458643K(4160256K), 0.0064751 secs]
1927.459: [GC 3731283K->3454250K(4160256K), 0.0045401 secs]
1928.226: [GC 3726890K->3451114K(4160256K), 0.0054099 secs]
1929.029: [GC 3723754K->3456146K(4160256K), 0.0062082 secs]
1929.738: [GC 3728786K->3462546K(4160256K), 0.0065604 secs]
1930.348: [GC 3735186K->3455602K(4160256K), 0.0050315 secs]
1931.106: [GC 3728242K->3453607K(4160256K), 0.0059353 secs]
1931.911: [GC 3726247K->3460809K(4160256K), 0.0066152 secs]
1932.470: [GC 3733449K->3455690K(4160256K), 0.0045113 secs]
1933.211: [GC 3728330K->3450991K(4160256K), 0.0054366 secs]
1933.990: [GC 3723631K->3456128K(4160256K), 0.0063359 secs]
1934.658: [GC 3728768K->3461687K(4160256K), 0.0065161 secs]
1935.004: [GC 3734327K->3455276K(4160256K), 0.0048538 secs]
1935.160: [GC 3727916K->3448649K(4160256K), 0.0050206 secs]
1935.396: [GC 3721289K->3450234K(4160256K), 0.0053686 secs]
1935.636: [GC 3722874K->3452396K(4160256K), 0.0056248 secs]
1935.799: [GC 3725036K->3454640K(4160256K), 0.0057082 secs]
1936.059: [GC 3727280K->3457008K(4160256K), 0.0060350 secs]
1936.234: [GC 3729648K->3458880K(4160256K), 0.0063650 secs]
1936.535: [GC 3731520K->3463061K(4160256K), 0.0060389 secs]
1936.965: [GC 3735701K->3465661K(4160256K), 0.0066960 secs]
1937.160: [GC 3738301K->3462790K(4160256K), 0.0059305 secs]
1937.512: [GC 3735430K->3457142K(4160256K), 0.0047486 secs]
1938.264: [GC 3729782K->3455818K(4160256K), 0.0055584 secs]
1939.065: [GC 3728458K->3464869K(4160256K), 0.0065161 secs]
1939.744: [GC 3737509K->3470133K(4160256K), 0.0067089 secs]
1940.391: [GC 3742773K->3460309K(4160256K), 0.0052188 secs]
1941.159: [GC 3732949K->3458381K(4160256K), 0.0061232 secs]
1941.958: [GC 3731021K->3466849K(4160256K), 0.0066514 secs]
1942.510: [GC 3739489K->3463562K(4160256K), 0.0061242 secs]
1943.274: [GC 3736202K->3460756K(4160256K), 0.0059985 secs]
1944.076: [GC 3733396K->3462063K(4160256K), 0.0062964 secs]
1944.814: [GC 3734703K->3467844K(4160256K), 0.0064888 secs]
1945.399: [GC 3740484K->3459698K(4160256K), 0.0051809 secs]
1946.182: [GC 3732338K->3457878K(4160256K), 0.0059869 secs]
1946.688: [GC 3633628K(4160256K), 0.0620664 secs]
1947.054: [GC 3730518K->3467810K(4160256K), 0.0076948 secs]
1947.657: [GC 3739916K->3460038K(4160256K), 0.0047682 secs]
1947.876: [GC 3732467K->3449494K(4160256K), 0.0046992 secs]
1948.080: [GC 3721730K->3446952K(4160256K), 0.0063118 secs]
1948.545: [GC 3718861K->3445781K(4160256K), 0.0047300 secs]
1948.782: [GC 3718341K->3445522K(4160256K), 0.0047265 secs]
1949.189: [GC 3718076K->3445782K(4160256K), 0.0049491 secs]
1949.381: [GC 3718397K->3446113K(4160256K), 0.0052829 secs]
1949.619: [GC 3718737K->3446442K(4160256K), 0.0049067 secs]
1950.124: [GC 3718979K->3445796K(4160256K), 0.0045783 secs]
1950.374: [GC 3718424K->3445625K(4160256K), 0.0047092 secs]
1950.605: [GC 3718064K->3445509K(4160256K), 0.0046694 secs]
1950.914: [GC 3718071K->3445110K(4160256K), 0.0045831 secs]
1951.501: [GC 3717421K->3444760K(4160256K), 0.0046508 secs]
1952.375: [GC 3717212K->3444759K(4160256K), 0.0047557 secs]
1952.618: [GC 3717311K->3445093K(4160256K), 0.0048724 secs]
1968.310: [GC 3717733K->3464867K(4160256K), 0.0150303 secs]
2066.169: [GC 3734849K->3461253K(4160256K), 0.0228771 secs]
2102.793: [GC 3573610K(4160256K), 0.0349173 secs]
2110.312: [GC 3586684K(4160256K), 0.0340241 secs]
2163.775: [GC 2021113K->1745967K(4160256K), 0.0095633 secs]
2200.420: [GC 1865520K(4160256K), 0.0405174 secs]
2207.917: [GC 1887562K(4160256K), 0.0402467 secs]
2249.496: [GC 2016110K->1747260K(4160256K), 0.0106290 secs]
2286.152: [GC 1874274K(4160256K), 0.0469248 secs]
2293.591: [GC 1880286K(4160256K), 0.0435264 secs]
2335.022: [GC 2017695K->1747210K(4160256K), 0.0122086 secs]
2383.886: [GC 1881510K(4160256K), 0.0526311 secs]
2420.610: [GC 2019850K->1753766K(4160256K), 0.0133593 secs]
2506.218: [GC 2026406K->1752753K(4160256K), 0.0396755 secs]
2550.236: [GC 1892515K(4160256K), 0.0472750 secs]
2559.207: [GC 2017819K->1772746K(4160256K), 0.0686765 secs]
2560.695: [GC 2045386K->1798975K(4160256K), 0.0971193 secs]
2562.394: [GC 2071615K->1814202K(4160256K), 0.0694241 secs]
2564.054: [GC 2086842K->1831830K(4160256K), 0.0710989 secs]
2565.665: [GC 2104470K->1839495K(4160256K), 0.0453090 secs]
2567.421: [GC 2112135K->1874559K(4160256K), 0.1035703 secs]
2568.753: [GC 2147199K->1890704K(4160256K), 0.0577706 secs]
2570.253: [GC 2163344K->1904488K(4160256K), 0.0516513 secs]
2571.996: [GC 2177128K->1942885K(4160256K), 0.0972945 secs]
2573.442: [GC 2215525K->1973152K(4160256K), 0.0806394 secs]
2574.886: [GC 2245792K->1986700K(4160256K), 0.0460556 secs]
2576.285: [GC 2259340K->2005687K(4160256K), 0.0542372 secs]
2577.846: [GC 2278327K->2027788K(4160256K), 0.0557462 secs]
2579.295: [GC 2300428K->2042838K(4160256K), 0.0492414 secs]
2580.751: [GC 2315478K->2067381K(4160256K), 0.0605914 secs]
2582.698: [GC 2340021K->2087096K(4160256K), 0.0597912 secs]
2584.262: [GC 2359736K->2100085K(4160256K), 0.0389128 secs]
2585.717: [GC 2372725K->2122674K(4160256K), 0.0533671 secs]
2587.213: [GC 2395314K->2143298K(4160256K), 0.0510134 secs]
2588.645: [GC 2415938K->2158667K(4160256K), 0.0466942 secs]
2589.897: [GC 2431307K->2179243K(4160256K), 0.0514062 secs]
2591.335: [GC 2451883K->2199355K(4160256K), 0.0477773 secs]
2592.920: [GC 2471995K->2218365K(4160256K), 0.0429757 secs]
2594.300: [GC 2491005K->2240215K(4160256K), 0.0455996 secs]
2595.943: [GC 2512855K->2262996K(4160256K), 0.0469771 secs]
2597.817: [GC 2535636K->2288684K(4160256K), 0.0482670 secs]
2599.140: [GC 2561324K->2308539K(4160256K), 0.0424315 secs]
2600.791: [GC 2581179K->2328792K(4160256K), 0.0439164 secs]
2602.450: [GC 2601432K->2348616K(4160256K), 0.0432124 secs]
2604.102: [GC 2621256K->2371648K(4160256K), 0.0583290 secs]
2605.930: [GC 2644288K->2391711K(4160256K), 0.0424283 secs]
2607.673: [GC 2664351K->2411270K(4160256K), 0.0428491 secs]
2609.574: [GC 2683910K->2437555K(4160256K), 0.0506490 secs]
2612.064: [GC 2710195K->2466884K(4160256K), 0.0552847 secs]
2613.890: [GC 2739524K->2492164K(4160256K), 0.0501336 secs]
2614.742: [GC 2628807K(4160256K), 0.1125586 secs]
2615.872: [GC 2764804K->2507773K(4160256K), 0.0383641 secs]
2618.039: [GC 2780413K->2546972K(4160256K), 0.0717070 secs]
2620.138: [GC 2819612K->2577961K(4160256K), 0.0637928 secs]
2621.753: [GC 2850601K->2591889K(4160256K), 0.0369879 secs]
2624.056: [GC 2864529K->2612665K(4160256K), 0.0473497 secs]
2625.553: [GC 2885305K->2669875K(4160256K), 0.0891632 secs]
2626.866: [GC 2942515K->2684742K(4160256K), 0.0407788 secs]
2628.235: [GC 2957382K->2707403K(4160256K), 0.0479909 secs]
2629.710: [GC 2980043K->2726674K(4160256K), 0.0459703 secs]
2630.263: [GC 2835989K(4160256K), 0.0788090 secs]
2631.158: [GC 2994739K->2741264K(4160256K), 0.0486246 secs]
2632.408: [GC 2987968K->2734693K(4160256K), 0.0503280 secs]
2633.911: [GC 2954068K->2701135K(4160256K), 0.0617444 secs]
2635.404: [GC 2969200K->2717787K(4160256K), 0.0523116 secs]
2636.577: [GC 2971148K->2723191K(4160256K), 0.0633560 secs]
2638.086: [GC 2935859K->2681946K(4160256K), 0.0537443 secs]
2639.583: [GC 2951201K->2698563K(4160256K), 0.0540926 secs]
2640.848: [GC 2964926K->2711744K(4160256K), 0.0488433 secs]
2642.382: [GC 2968187K->2714437K(4160256K), 0.0493642 secs]
2643.979: [GC 2974169K->2722125K(4160256K), 0.0533264 secs]
2644.635: [GC 2842372K(4160256K), 0.1031932 secs]
2645.366: [GC 2994765K->2741336K(4160256K), 0.0484646 secs]
2646.932: [GC 3013976K->2761155K(4160256K), 0.0501737 secs]
2648.446: [GC 3033795K->2781082K(4160256K), 0.0498719 secs]
2649.804: [GC 3053722K->2806204K(4160256K), 0.0618842 secs]
2651.136: [GC 3078844K->2830069K(4160256K), 0.0748231 secs]
2652.731: [GC 3102709K->2852046K(4160256K), 0.0496015 secs]
2654.305: [GC 3124686K->2861289K(4160256K), 0.0352162 secs]
2655.789: [GC 3133929K->2886012K(4160256K), 0.0599172 secs]
2657.302: [GC 3158652K->2906725K(4160256K), 0.0506121 secs]
2658.752: [GC 3179365K->2937989K(4160256K), 0.0628874 secs]
2660.046: [GC 3210629K->2959305K(4160256K), 0.0517622 secs]
2661.814: [GC 3231945K->2981075K(4160256K), 0.0490300 secs]
2663.350: [GC 3253715K->2995618K(4160256K), 0.0387217 secs]
2664.662: [GC 3268258K->3018599K(4160256K), 0.0495210 secs]
2666.071: [GC 3291239K->3039904K(4160256K), 0.0495137 secs]
2667.553: [GC 3312544K->3057708K(4160256K), 0.0420566 secs]
2668.930: [GC 3330348K->3081557K(4160256K), 0.0538793 secs]
2670.504: [GC 3354197K->3101423K(4160256K), 0.0476846 secs]
2671.968: [GC 3374063K->3116019K(4160256K), 0.0380264 secs]
2673.566: [GC 3388659K->3149447K(4160256K), 0.0660251 secs]
2674.076: [GC 3264225K(4160256K), 0.0831189 secs]
2674.940: [GC 3420209K->3168271K(4160256K), 0.0525612 secs]
2676.240: [GC 3410128K->3151764K(4160256K), 0.0398513 secs]
2677.994: [GC 3408266K->3180028K(4160256K), 0.0906302 secs]
2679.368: [GC 3346920K->3105354K(4160256K), 0.0880965 secs]
2680.677: [GC 3377707K->3119333K(4160256K), 0.0370055 secs]
2681.274: [GC 3239579K(4160256K), 0.0916446 secs]
2682.266: [GC 3391973K->3141514K(4160256K), 0.0514146 secs]
2683.490: [GC 3414154K->3183050K(4160256K), 0.0727663 secs]
2684.732: [GC 3455690K->3201952K(4160256K), 0.0432654 secs]
2686.508: [GC 3474592K->3248145K(4160256K), 0.0801708 secs]
2687.786: [GC 3520785K->3271698K(4160256K), 0.0537138 secs]
2689.271: [GC 3544338K->3298961K(4160256K), 0.0532606 secs]
2690.799: [GC 3571601K->3333900K(4160256K), 0.0669612 secs]
2692.429: [GC 3606540K->3354908K(4160256K), 0.0511355 secs]
2694.049: [GC 3627548K->3396286K(4160256K), 0.0769533 secs]
2695.321: [GC 3668926K->3416496K(4160256K), 0.0504518 secs]
2695.946: [GC 3542207K(4160256K), 0.0714901 secs]
2697.018: [GC 3660266K->3415054K(4160256K), 0.0550769 secs]
2698.227: [GC 3670656K->3424059K(4160256K), 0.0531965 secs]
2699.871: [GC 3622966K->3370816K(4160256K), 0.0560830 secs]
2701.337: [GC 3589876K->3331484K(4160256K), 0.0547712 secs]
2702.777: [GC 3603594K->3362412K(4160256K), 0.0585670 secs]
2703.303: [GC 3466261K(4160256K), 0.0881747 secs]
2704.560: [GC 3635052K->3383668K(4160256K), 0.0508985 secs]
2705.868: [GC 3656308K->3400545K(4160256K), 0.0424081 secs]
2707.497: [GC 3673185K->3422078K(4160256K), 0.0534925 secs]
2709.045: [GC 3694718K->3444487K(4160256K), 0.0542356 secs]
2710.350: [GC 3717127K->3460782K(4160256K), 0.0435479 secs]
2711.790: [GC 3733422K->3483736K(4160256K), 0.0570048 secs]
2713.438: [GC 3756376K->3526565K(4160256K), 0.0953214 secs]
2714.671: [GC 3799205K->3553301K(4160256K), 0.0660542 secs]
2716.349: [GC 3825941K->3598088K(4160256K), 0.1082609 secs]
2717.112: [GC 3783920K(4160256K), 0.0636363 secs]
2717.580: [GC 3863123K->3615580K(4160256K), 0.0707583 secs]
2719.262: [GC 3883487K->3635710K(4160256K), 0.0676152 secs]
2720.913: [GC 3789633K->3560906K(4160256K), 0.0964481 secs]
2721.195: [GC 3648356K(4160256K), 0.0793167 secs]
2722.107: [GC 3833546K->3577728K(4160256K), 0.0388333 secs]
2722.868: [GC 3850368K->3573050K(4160256K), 0.0251423 secs]
2723.686: [GC 3845690K->3580229K(4160256K), 0.0061245 secs]
2724.330: [GC 3852869K->3576274K(4160256K), 0.0060482 secs]
2725.021: [GC 3848914K->3573242K(4160256K), 0.0053933 secs]
2725.815: [GC 3845882K->3578252K(4160256K), 0.0063041 secs]
2726.489: [GC 3850892K->3580409K(4160256K), 0.0063994 secs]
2727.141: [GC 3853049K->3574795K(4160256K), 0.0052560 secs]
2727.935: [GC 3847435K->3577937K(4160256K), 0.0062547 secs]
2728.720: [GC 3850577K->3582538K(4160256K), 0.0065937 secs]
2729.086: [GC 3807211K(4160256K), 0.0251744 secs]
2729.243: [GC 3855178K->3576085K(4160256K), 0.0049439 secs]
2730.032: [GC 3814836K->3539691K(4160256K), 0.0058750 secs]
2730.864: [GC 3758854K->3493937K(4160256K), 0.0069497 secs]
2731.381: [GC 3758153K->3481099K(4160256K), 0.0057849 secs]
2732.169: [GC 3747900K->3472040K(4160256K), 0.0057489 secs]
2732.359: [GC 3543164K(4160256K), 0.0396704 secs]
2733.025: [GC 3744680K->3478832K(4160256K), 0.0065568 secs]
2733.574: [GC 3751472K->3474601K(4160256K), 0.0046219 secs]
2734.334: [GC 3747241K->3469876K(4160256K), 0.0056351 secs]
2735.127: [GC 3742516K->3480376K(4160256K), 0.0064420 secs]
2735.691: [GC 3753016K->3482613K(4160256K), 0.0066688 secs]
2736.350: [GC 3755253K->3474298K(4160256K), 0.0052416 secs]
2737.124: [GC 3746938K->3475753K(4160256K), 0.0062759 secs]
2737.792: [GC 3748393K->3480186K(4160256K), 0.0063317 secs]
2738.385: [GC 3752826K->3472775K(4160256K), 0.0053599 secs]
2739.176: [GC 3745415K->3476046K(4160256K), 0.0077518 secs]
2739.905: [GC 3748686K->3478997K(4160256K), 0.0067582 secs]
2740.475: [GC 3751637K->3473933K(4160256K), 0.0052233 secs]
2741.243: [GC 3746573K->3476052K(4160256K), 0.0069039 secs]
2741.749: [GC 3656417K(4160256K), 0.0426297 secs]
2741.994: [GC 3748676K->3480277K(4160256K), 0.0064391 secs]
2742.544: [GC 3750925K->3471556K(4160256K), 0.0060741 secs]
2743.343: [GC 3744154K->3470398K(4160256K), 0.0058942 secs]
2744.161: [GC 3726794K->3461739K(4160256K), 0.0064972 secs]
2744.663: [GC 3733353K->3454822K(4160256K), 0.0046562 secs]
2745.397: [GC 3722419K->3445722K(4160256K), 0.0055950 secs]
2745.628: [GC 3533262K(4160256K), 0.0509986 secs]
2746.237: [GC 3718362K->3453609K(4160256K), 0.0069866 secs]
2746.785: [GC 3726249K->3454198K(4160256K), 0.0059734 secs]
2747.114: [GC 3726838K->3447360K(4160256K), 0.0050376 secs]
2747.312: [GC 3720000K->3444369K(4160256K), 0.0052637 secs]
2747.612: [GC 3717009K->3443702K(4160256K), 0.0054959 secs]
2747.780: [GC 3716342K->3447397K(4160256K), 0.0057133 secs]
2747.975: [GC 3720037K->3450234K(4160256K), 0.0074670 secs]
2748.257: [GC 3722874K->3450476K(4160256K), 0.0062018 secs]
2748.445: [GC 3723116K->3457605K(4160256K), 0.0068057 secs]
2748.736: [GC 3730245K->3459016K(4160256K), 0.0060841 secs]
2749.186: [GC 3731656K->3458349K(4160256K), 0.0063330 secs]
2749.363: [GC 3730989K->3456827K(4160256K), 0.0057874 secs]
2751.511: [GC 3729467K->3453794K(4160256K), 0.0054250 secs]
2752.267: [GC 3726434K->3451369K(4160256K), 0.0059305 secs]
2753.031: [GC 3724009K->3459551K(4160256K), 0.0064648 secs]
2753.679: [GC 3732191K->3462400K(4160256K), 0.0065530 secs]
2754.346: [GC 3735040K->3454022K(4160256K), 0.0054818 secs]
2755.108: [GC 3726662K->3454573K(4160256K), 0.0061383 secs]
2755.661: [GC 3649731K(4160256K), 0.0533351 secs]
2755.845: [GC 3727213K->3460273K(4160256K), 0.0068137 secs]
2756.386: [GC 3732911K->3455411K(4160256K), 0.0051107 secs]
2757.134: [GC 3728018K->3453488K(4160256K), 0.0058426 secs]
2757.922: [GC 3726125K->3458671K(4160256K), 0.0066531 secs]
2758.425: [GC 3731309K->3454847K(4160256K), 0.0046505 secs]
2759.151: [GC 3727454K->3452302K(4160256K), 0.0056883 secs]
2759.939: [GC 3724909K->3457515K(4160256K), 0.0064956 secs]
2760.462: [GC 3730151K->3456622K(4160256K), 0.0062066 secs]
2760.695: [GC 3560681K(4160256K), 0.0460851 secs]
2761.210: [GC 3729262K->3455409K(4160256K), 0.0055703 secs]
2761.992: [GC 3728049K->3456661K(4160256K), 0.0062525 secs]
2762.591: [GC 3729301K->3457088K(4160256K), 0.0061492 secs]
2763.247: [GC 3729728K->3452950K(4160256K), 0.0052467 secs]
2764.008: [GC 3725590K->3455743K(4160256K), 0.0060732 secs]
2764.684: [GC 3728383K->3458660K(4160256K), 0.0063689 secs]
2765.316: [GC 3731300K->3453466K(4160256K), 0.0054314 secs]
2766.112: [GC 3726106K->3451701K(4160256K), 0.0060155 secs]
2766.892: [GC 3724341K->3459818K(4160256K), 0.0065392 secs]
2767.461: [GC 3732458K->3454934K(4160256K), 0.0045773 secs]
2768.182: [GC 3727574K->3450219K(4160256K), 0.0054722 secs]
2768.960: [GC 3722859K->3455865K(4160256K), 0.0064241 secs]
2769.642: [GC 3728505K->3461140K(4160256K), 0.0065379 secs]
2770.274: [GC 3733780K->3454534K(4160256K), 0.0059369 secs]
2771.026: [GC 3727174K->3452603K(4160256K), 0.0058205 secs]
2771.816: [GC 3725243K->3460638K(4160256K), 0.0068157 secs]
2772.334: [GC 3733278K->3455612K(4160256K), 0.0048413 secs]
2772.484: [GC 3728252K->3447164K(4160256K), 0.0050119 secs]
2772.743: [GC 3719804K->3447861K(4160256K), 0.0052268 secs]
2772.991: [GC 3720501K->3450452K(4160256K), 0.0054391 secs]
2773.143: [GC 3723092K->3451016K(4160256K), 0.0057711 secs]
2773.415: [GC 3723656K->3455265K(4160256K), 0.0060440 secs]
2773.592: [GC 3727905K->3457015K(4160256K), 0.0070244 secs]
2773.830: [GC 3729655K->3462228K(4160256K), 0.0065331 secs]
2774.155: [GC 3734868K->3465121K(4160256K), 0.0066550 secs]
2774.558: [GC 3737761K->3460796K(4160256K), 0.0060828 secs]
2774.702: [GC 3733436K->3459784K(4160256K), 0.0059609 secs]
2775.277: [GC 3732424K->3457224K(4160256K), 0.0064552 secs]
2776.056: [GC 3729864K->3459439K(4160256K), 0.0059686 secs]
2776.874: [GC 3732079K->3468573K(4160256K), 0.0086887 secs]
2777.435: [GC 3741213K->3460382K(4160256K), 0.0050530 secs]
2777.690: [GC 3560843K(4160256K), 0.0567350 secs]
2778.238: [GC 3732867K->3455584K(4160256K), 0.0058512 secs]
2779.041: [GC 3728151K->3461647K(4160256K), 0.0068493 secs]
2779.801: [GC 3734200K->3468630K(4160256K), 0.0066874 secs]
2780.429: [GC 3741237K->3459774K(4160256K), 0.0053156 secs]
2781.215: [GC 3728129K->3454037K(4160256K), 0.0057919 secs]
2782.031: [GC 3726206K->3460786K(4160256K), 0.0066835 secs]
2782.601: [GC 3733374K->3454904K(4160256K), 0.0044994 secs]
2783.342: [GC 3727536K->3450263K(4160256K), 0.0055703 secs]
2783.642: [GC 3559540K(4160256K), 0.0652717 secs]
2784.206: [GC 3722903K->3458404K(4160256K), 0.0063936 secs]
2784.839: [GC 3731044K->3461114K(4160256K), 0.0064067 secs]
2785.319: [GC 3733754K->3453819K(4160256K), 0.0048047 secs]
2785.506: [GC 3726459K->3444495K(4160256K), 0.0046947 secs]
2785.760: [GC 3717135K->3442803K(4160256K), 0.0048865 secs]
2786.231: [GC 3715443K->3442511K(4160256K), 0.0049186 secs]
2786.676: [GC 3715151K->3442193K(4160256K), 0.0047999 secs]
2786.885: [GC 3714833K->3442665K(4160256K), 0.0048419 secs]
2787.098: [GC 3715305K->3442759K(4160256K), 0.0051906 secs]
2787.358: [GC 3715399K->3442488K(4160256K), 0.0047303 secs]
2787.903: [GC 3715128K->3442215K(4160256K), 0.0046351 secs]
2788.138: [GC 3714855K->3442456K(4160256K), 0.0047406 secs]
2788.387: [GC 3715096K->3442163K(4160256K), 0.0049439 secs]
2788.879: [GC 3714803K->3442037K(4160256K), 0.0045972 secs]
2789.968: [GC 3714677K->3442202K(4160256K), 0.0047268 secs]
2790.201: [GC 3714842K->3442527K(4160256K), 0.0046970 secs]
2790.444: [GC 3715167K->3442475K(4160256K), 0.0048317 secs]
2818.113: [GC 3715115K->3452586K(4160256K), 0.0113972 secs]
2887.407: [GC 3575863K(4160256K), 0.0395222 secs]
2940.097: [GC 3716858K->3451236K(4160256K), 0.0160117 secs]
2976.690: [GC 3568202K(4160256K), 0.0428997 secs]
2984.212: [GC 3573613K(4160256K), 0.0367640 secs]
3028.661: [GC 2391864K->2126548K(4160256K), 0.0145864 secs]
3123.099: [GC 2026500K->1759437K(4160256K), 0.0498264 secs]
3159.826: [GC 1882453K(4160256K), 0.0432323 secs]
3196.856: [GC 2032077K->1758087K(4160256K), 0.0158228 secs]
3240.851: [GC 1880783K(4160256K), 0.0397608 secs]
3354.326: [GC 2019288K->1750993K(4160256K), 0.0154248 secs]
3396.686: [GC 1880208K(4160256K), 0.0818748 secs]
3397.548: [GC 2023633K->1780413K(4160256K), 0.1037522 secs]
3399.184: [GC 2053053K->1806212K(4160256K), 0.1061294 secs]
3400.503: [GC 2078852K->1819133K(4160256K), 0.0634025 secs]
3402.239: [GC 2091773K->1861435K(4160256K), 0.1402744 secs]
3403.720: [GC 2134075K->1892244K(4160256K), 0.0973211 secs]
3405.527: [GC 2164884K->1903154K(4160256K), 0.0485884 secs]
3407.026: [GC 2175794K->1924051K(4160256K), 0.0651508 secs]
3408.478: [GC 2196691K->1976940K(4160256K), 0.1267075 secs]
3410.151: [GC 2249580K->1993214K(4160256K), 0.0551776 secs]
3411.402: [GC 2265854K->2010498K(4160256K), 0.0511237 secs]
3412.882: [GC 2283138K->2031358K(4160256K), 0.0534656 secs]
3414.444: [GC 2303998K->2052956K(4160256K), 0.0551875 secs]
3415.648: [GC 2325596K->2075388K(4160256K), 0.0550426 secs]
3417.228: [GC 2348028K->2101175K(4160256K), 0.0547828 secs]
3418.919: [GC 2373815K->2123158K(4160256K), 0.0559977 secs]
3420.137: [GC 2395798K->2142934K(4160256K), 0.0458109 secs]
3421.712: [GC 2415574K->2165443K(4160256K), 0.0509624 secs]
3423.255: [GC 2438083K->2184810K(4160256K), 0.0482369 secs]
3424.487: [GC 2457450K->2204728K(4160256K), 0.0471519 secs]
3426.022: [GC 2477368K->2225204K(4160256K), 0.0474710 secs]
3427.512: [GC 2497844K->2246627K(4160256K), 0.0481464 secs]
3428.743: [GC 2519267K->2266613K(4160256K), 0.0462779 secs]
3430.230: [GC 2539253K->2287522K(4160256K), 0.0459771 secs]
3431.810: [GC 2560162K->2308428K(4160256K), 0.0472112 secs]
3433.092: [GC 2581068K->2331536K(4160256K), 0.0511875 secs]
3434.517: [GC 2604176K->2350999K(4160256K), 0.0460524 secs]
3436.082: [GC 2623639K->2371552K(4160256K), 0.0463825 secs]
3437.384: [GC 2644192K->2394283K(4160256K), 0.0482247 secs]
3438.844: [GC 2666923K->2416229K(4160256K), 0.0466374 secs]
3440.333: [GC 2688869K->2438071K(4160256K), 0.0580163 secs]
3442.232: [GC 2710711K->2448280K(4160256K), 0.0287995 secs]
3443.851: [GC 2720920K->2479816K(4160256K), 0.0641867 secs]
3445.279: [GC 2752456K->2511515K(4160256K), 0.0681155 secs]
3446.776: [GC 2784155K->2526394K(4160256K), 0.0383513 secs]
3448.274: [GC 2799034K->2547046K(4160256K), 0.0477311 secs]
3449.143: [GC 2705525K(4160256K), 0.0940318 secs]
3449.750: [GC 2819686K->2601118K(4160256K), 0.0878235 secs]
3451.101: [GC 2873751K->2613477K(4160256K), 0.0407246 secs]
3452.451: [GC 2886117K->2634816K(4160256K), 0.0464655 secs]
3454.002: [GC 2907372K->2654749K(4160256K), 0.0471657 secs]
3455.561: [GC 2927348K->2674584K(4160256K), 0.0477080 secs]
3456.754: [GC 2947158K->2694584K(4160256K), 0.0479591 secs]
3458.275: [GC 2967223K->2714784K(4160256K), 0.0472096 secs]
3459.786: [GC 2987424K->2737911K(4160256K), 0.0486705 secs]
3461.031: [GC 3010550K->2758592K(4160256K), 0.0462436 secs]
3462.506: [GC 3031232K->2777889K(4160256K), 0.0473623 secs]
3464.029: [GC 3050529K->2797881K(4160256K), 0.0471002 secs]
3465.210: [GC 3070521K->2818394K(4160256K), 0.0475470 secs]
3466.676: [GC 3091034K->2839746K(4160256K), 0.0483619 secs]
3468.164: [GC 3112386K->2862288K(4160256K), 0.0465698 secs]
3468.810: [GC 2987978K(4160256K), 0.1052307 secs]
3469.543: [GC 3134928K->2882568K(4160256K), 0.0470742 secs]
3471.083: [GC 3155208K->2900602K(4160256K), 0.0475374 secs]
3472.559: [GC 3173242K->2920844K(4160256K), 0.0477923 secs]
3473.882: [GC 3193484K->2946425K(4160256K), 0.0580259 secs]
3475.181: [GC 3219065K->2966282K(4160256K), 0.0548075 secs]
3476.735: [GC 3238922K->2987103K(4160256K), 0.0505878 secs]
3478.349: [GC 3259743K->3005031K(4160256K), 0.0407714 secs]
3479.957: [GC 3277671K->3031350K(4160256K), 0.0584531 secs]
3481.251: [GC 3303990K->3051245K(4160256K), 0.0488979 secs]
3482.746: [GC 3323885K->3068314K(4160256K), 0.0531016 secs]
3484.494: [GC 3340954K->3105610K(4160256K), 0.0723163 secs]
3485.845: [GC 3378250K->3124867K(4160256K), 0.0546830 secs]
3487.142: [GC 3397507K->3140901K(4160256K), 0.0391681 secs]
3488.242: [GC 3282986K(4160256K), 0.0765694 secs]
3489.186: [GC 3301683K->3063561K(4160256K), 0.0851070 secs]
3490.594: [GC 3207531K->2954103K(4160256K), 0.0876991 secs]
3492.053: [GC 3148953K->2890965K(4160256K), 0.0667294 secs]
3493.725: [GC 3122256K->2886264K(4160256K), 0.1100669 secs]
3494.250: [GC 3001023K(4160256K), 0.0993301 secs]
3495.460: [GC 3158904K->2912453K(4160256K), 0.0838126 secs]
3496.700: [GC 3185093K->2922664K(4160256K), 0.0451233 secs]
3498.557: [GC 3195304K->2968525K(4160256K), 0.0971248 secs]
3499.931: [GC 3241165K->2994044K(4160256K), 0.0626671 secs]
3501.251: [GC 3266684K->3009121K(4160256K), 0.0394311 secs]
3503.103: [GC 3281761K->3054032K(4160256K), 0.0773792 secs]
3504.604: [GC 3326672K->3085423K(4160256K), 0.0657582 secs]
3505.955: [GC 3358063K->3099476K(4160256K), 0.0379112 secs]
3507.503: [GC 3372116K->3120454K(4160256K), 0.0493392 secs]
3508.308: [GC 3268004K(4160256K), 0.0878537 secs]
3509.035: [GC 3371918K->3153775K(4160256K), 0.0866648 secs]
3510.450: [GC 3406834K->3146811K(4160256K), 0.0450402 secs]
3511.851: [GC 3388830K->3138612K(4160256K), 0.0569467 secs]
3513.450: [GC 3388307K->3139237K(4160256K), 0.0547081 secs]
3514.863: [GC 3411862K->3154006K(4160256K), 0.0395639 secs]
3516.312: [GC 3409026K->3157846K(4160256K), 0.0473985 secs]
3516.746: [GC 3278072K(4160256K), 0.1035668 secs]
3517.981: [GC 3430486K->3200577K(4160256K), 0.0771108 secs]
3519.133: [GC 3473217K->3220887K(4160256K), 0.0476307 secs]
3520.913: [GC 3493527K->3248718K(4160256K), 0.0550346 secs]
3522.466: [GC 3521358K->3277155K(4160256K), 0.0585750 secs]
3524.012: [GC 3549795K->3304688K(4160256K), 0.0563656 secs]
3525.671: [GC 3577328K->3343707K(4160256K), 0.0751473 secs]
3527.029: [GC 3616347K->3361104K(4160256K), 0.0695886 secs]
3528.797: [GC 3633744K->3385650K(4160256K), 0.0581401 secs]
3530.085: [GC 3658290K->3415525K(4160256K), 0.0775354 secs]
3531.820: [GC 3688165K->3434764K(4160256K), 0.0629785 secs]
3533.137: [GC 3707404K->3455902K(4160256K), 0.0682900 secs]
3534.836: [GC 3728542K->3477176K(4160256K), 0.0656007 secs]
3535.526: [GC 3635653K(4160256K), 0.0751554 secs]
3536.736: [GC 3709741K->3463187K(4160256K), 0.0602142 secs]
3538.118: [GC 3687806K->3436465K(4160256K), 0.0499293 secs]
3539.902: [GC 3657552K->3408344K(4160256K), 0.0660238 secs]
3541.697: [GC 3678874K->3429805K(4160256K), 0.0571266 secs]
3543.064: [GC 3692155K->3442973K(4160256K), 0.0625872 secs]
3544.749: [GC 3702369K->3452449K(4160256K), 0.0605651 secs]
3545.379: [GC 3561745K(4160256K), 0.0933932 secs]
3546.694: [GC 3725089K->3469277K(4160256K), 0.0667807 secs]
3548.035: [GC 3741917K->3495648K(4160256K), 0.0761297 secs]
3549.668: [GC 3768288K->3537859K(4160256K), 0.1091198 secs]
3550.894: [GC 3810499K->3559475K(4160256K), 0.0718510 secs]
3552.572: [GC 3832115K->3607254K(4160256K), 0.1631377 secs]
3553.916: [GC 3879894K->3630720K(4160256K), 0.1125233 secs]
3555.671: [GC 3903360K->3935029K(4160256K), 0.1926283 secs]
3556.003: [Full GC 3935029K->3442801K(4160256K), 10.0623255 secs]
3566.200: [GC 3497450K(4160256K), 0.0363782 secs]
3567.102: [GC 3715441K->3473330K(4160256K), 0.0135816 secs]
3567.880: [GC 3745970K->3465710K(4160256K), 0.0113234 secs]
3568.727: [GC 3738350K->3481200K(4160256K), 0.0180210 secs]
3569.269: [GC 3753840K->3473078K(4160256K), 0.0047005 secs]
3570.039: [GC 3745718K->3469054K(4160256K), 0.0057233 secs]
3570.850: [GC 3741694K->3475017K(4160256K), 0.0066328 secs]
3571.416: [GC 3747657K->3473391K(4160256K), 0.0061540 secs]
3572.194: [GC 3746031K->3470608K(4160256K), 0.0055523 secs]
3573.000: [GC 3743248K->3473088K(4160256K), 0.0064625 secs]
3573.611: [GC 3745728K->3477247K(4160256K), 0.0074292 secs]
3574.051: [GC 3663280K(4160256K), 0.0264817 secs]
3574.319: [GC 3749886K->3466655K(4160256K), 0.0054273 secs]
3575.134: [GC 3739293K->3473998K(4160256K), 0.0062505 secs]
3575.847: [GC 3746637K->3474818K(4160256K), 0.0064699 secs]
3576.489: [GC 3747456K->3470637K(4160256K), 0.0052682 secs]
3576.694: [GC 3547142K(4160256K), 0.0432326 secs]
3577.327: [GC 3743277K->3472133K(4160256K), 0.0077326 secs]
3578.091: [GC 3744773K->3478007K(4160256K), 0.0067701 secs]
3578.687: [GC 3750647K->3471464K(4160256K), 0.0052432 secs]
3579.481: [GC 3744104K->3470160K(4160256K), 0.0060684 secs]
3580.288: [GC 3742800K->3477973K(4160256K), 0.0068740 secs]
3580.785: [GC 3750613K->3472141K(4160256K), 0.0048002 secs]
3581.524: [GC 3744781K->3467848K(4160256K), 0.0058477 secs]
3582.330: [GC 3740488K->3476743K(4160256K), 0.0065761 secs]
3582.876: [GC 3749383K->3471084K(4160256K), 0.0045369 secs]
3583.608: [GC 3743724K->3467311K(4160256K), 0.0056912 secs]
3584.415: [GC 3739951K->3476230K(4160256K), 0.0065921 secs]
3584.988: [GC 3748870K->3479346K(4160256K), 0.0068760 secs]
3585.744: [GC 3751986K->3466692K(4160256K), 0.0054840 secs]
3586.529: [GC 3739332K->3474809K(4160256K), 0.0065395 secs]
3587.050: [GC 3738207K(4160256K), 0.0461486 secs]
3587.115: [GC 3747449K->3474110K(4160256K), 0.0061168 secs]
3587.842: [GC 3742741K->3467804K(4160256K), 0.0055732 secs]
3588.670: [GC 3736215K->3464741K(4160256K), 0.0062518 secs]
3589.380: [GC 3735619K->3466723K(4160256K), 0.0066460 secs]
3589.967: [GC 3724296K->3446384K(4160256K), 0.0057759 secs]
3590.188: [GC 3533958K(4160256K), 0.0494604 secs]
3590.779: [GC 3719024K->3446538K(4160256K), 0.0070119 secs]
3591.570: [GC 3719178K->3453334K(4160256K), 0.0070129 secs]
3592.022: [GC 3725974K->3447140K(4160256K), 0.0049808 secs]
3592.193: [GC 3719780K->3438829K(4160256K), 0.0051521 secs]
3592.461: [GC 3711469K->3441202K(4160256K), 0.0056521 secs]
3592.697: [GC 3713842K->3442886K(4160256K), 0.0058262 secs]
3592.875: [GC 3715526K->3446351K(4160256K), 0.0059747 secs]
3593.155: [GC 3718991K->3448391K(4160256K), 0.0062717 secs]
3593.346: [GC 3721031K->3450012K(4160256K), 0.0065690 secs]
3593.568: [GC 3722652K->3451679K(4160256K), 0.0067076 secs]
3593.888: [GC 3724319K->3453846K(4160256K), 0.0074465 secs]
3594.294: [GC 3726486K->3456205K(4160256K), 0.0064122 secs]
3594.438: [GC 3728845K->3451634K(4160256K), 0.0058435 secs]
3595.100: [GC 3724274K->3445997K(4160256K), 0.0057483 secs]
3595.887: [GC 3718637K->3453882K(4160256K), 0.0071778 secs]
3596.663: [GC 3726522K->3460770K(4160256K), 0.0076341 secs]
3597.191: [GC 3733410K->3452790K(4160256K), 0.0057367 secs]
3597.900: [GC 3725430K->3449039K(4160256K), 0.0064767 secs]
3598.656: [GC 3721679K->3456545K(4160256K), 0.0065565 secs]
3599.241: [GC 3729185K->3456377K(4160256K), 0.0063278 secs]
3599.886: [GC 3729017K->3450952K(4160256K), 0.0055254 secs]
3600.639: [GC 3723592K->3451776K(4160256K), 0.0062332 secs]
3601.343: [GC 3724416K->3458326K(4160256K), 0.0066107 secs]
3601.883: [GC 3730966K->3451585K(4160256K), 0.0050940 secs]
3602.615: [GC 3724225K->3450616K(4160256K), 0.0060834 secs]
3603.162: [GC 3648063K(4160256K), 0.0561985 secs]
3603.459: [GC 3723256K->3459161K(4160256K), 0.0068955 secs]
3603.954: [GC 3731764K->3452530K(4160256K), 0.0047723 secs]
3604.698: [GC 3725135K->3448999K(4160256K), 0.0057643 secs]
3605.509: [GC 3721636K->3456129K(4160256K), 0.0065556 secs]
3606.089: [GC 3728769K->3451371K(4160256K), 0.0064581 secs]
3606.835: [GC 3723978K->3448462K(4160256K), 0.0055850 secs]
3607.614: [GC 3721101K->3456189K(4160256K), 0.0064154 secs]
3608.142: [GC 3728828K->3453036K(4160256K), 0.0058926 secs]
3608.449: [GC 3557070K(4160256K), 0.0538219 secs]
3608.996: [GC 3725676K->3450802K(4160256K), 0.0057156 secs]
3609.792: [GC 3723442K->3452867K(4160256K), 0.0062852 secs]
3610.554: [GC 3725507K->3461086K(4160256K), 0.0070649 secs]
3611.152: [GC 3733726K->3452093K(4160256K), 0.0052339 secs]
3611.897: [GC 3724733K->3451338K(4160256K), 0.0064892 secs]
3612.698: [GC 3723978K->3454716K(4160256K), 0.0070366 secs]
3613.252: [GC 3727356K->3454694K(4160256K), 0.0060498 secs]
3614.046: [GC 3727334K->3452012K(4160256K), 0.0068897 secs]
3614.820: [GC 3724652K->3452770K(4160256K), 0.0063833 secs]
3615.566: [GC 3725410K->3459249K(4160256K), 0.0074452 secs]
3615.945: [GC 3731889K->3451315K(4160256K), 0.0050312 secs]
3616.100: [GC 3723955K->3443929K(4160256K), 0.0052156 secs]
3616.357: [GC 3716569K->3445981K(4160256K), 0.0055126 secs]
3616.611: [GC 3718621K->3449499K(4160256K), 0.0059362 secs]
3616.765: [GC 3722139K->3450758K(4160256K), 0.0059196 secs]
3617.038: [GC 3723398K->3451146K(4160256K), 0.0062419 secs]
3617.217: [GC 3723786K->3455001K(4160256K), 0.0229550 secs]
3617.541: [GC 3727641K->3459425K(4160256K), 0.0076466 secs]
3617.875: [GC 3732065K->3459765K(4160256K), 0.0065937 secs]
3618.185: [GC 3732405K->3458645K(4160256K), 0.0059205 secs]
3618.415: [GC 3731285K->3452983K(4160256K), 0.0047252 secs]
3619.158: [GC 3725623K->3451164K(4160256K), 0.0056001 secs]
3619.959: [GC 3723804K->3458839K(4160256K), 0.0063532 secs]
3620.716: [GC 3731479K->3465274K(4160256K), 0.0065604 secs]
3621.332: [GC 3737914K->3459867K(4160256K), 0.0069359 secs]
3622.106: [GC 3732507K->3454445K(4160256K), 0.0061675 secs]
3622.907: [GC 3727085K->3461781K(4160256K), 0.0067865 secs]
3623.497: [GC 3734421K->3459464K(4160256K), 0.0060360 secs]
3624.269: [GC 3732104K->3454352K(4160256K), 0.0056537 secs]
3625.070: [GC 3726992K->3458001K(4160256K), 0.0062538 secs]
3625.578: [GC 3627338K(4160256K), 0.0632351 secs]
3625.898: [GC 3730478K->3463408K(4160256K), 0.0066986 secs]
3626.630: [GC 3735868K->3456800K(4160256K), 0.0050559 secs]
3627.410: [GC 3729439K->3453776K(4160256K), 0.0058878 secs]
3628.223: [GC 3726415K->3462350K(4160256K), 0.0074638 secs]
3628.819: [GC 3734990K->3459090K(4160256K), 0.0060536 secs]
3629.229: [GC 3731730K->3453499K(4160256K), 0.0050328 secs]
3629.417: [GC 3726139K->3445531K(4160256K), 0.0049141 secs]
3629.673: [GC 3718171K->3444249K(4160256K), 0.0049545 secs]
3630.152: [GC 3716889K->3444014K(4160256K), 0.0056906 secs]
3630.601: [GC 3716654K->3443853K(4160256K), 0.0049032 secs]
3630.819: [GC 3716493K->3443978K(4160256K), 0.0048708 secs]
3631.024: [GC 3716617K->3443627K(4160256K), 0.0058868 secs]
3631.269: [GC 3716266K->3444143K(4160256K), 0.0063763 secs]
3631.822: [GC 3711415K->3438390K(4160256K), 0.0047544 secs]
3631.915: [GC 3547712K(4160256K), 0.0495605 secs]
3632.107: [GC 3711030K->3438393K(4160256K), 0.0046800 secs]
3632.343: [GC 3711033K->3438519K(4160256K), 0.0047092 secs]
3632.742: [GC 3711159K->3438499K(4160256K), 0.0048846 secs]
3633.997: [GC 3711139K->3438168K(4160256K), 0.0046819 secs]
3634.219: [GC 3710808K->3438236K(4160256K), 0.0046694 secs]
3634.455: [GC 3710876K->3438458K(4160256K), 0.0048028 secs]
3643.688: [GC 3582776K(4160256K), 0.0750527 secs]
3785.386: [GC 3706416K->3438374K(4160256K), 0.0102483 secs]
3915.140: [GC 3552937K(4160256K), 0.0087859 secs]
3922.690: [GC 3563332K(4160256K), 0.0079616 secs]
