2.275: [GC pause (young) 14M->5250K(127M), 0.0056694 secs]
2.357: [GC pause (young) 9346K->9728K(127M), 0.0059141 secs]
2.559: [GC pause (young) 26M->26M(127M), 0.0141804 secs]
2.812: [GC pause (young) 46M->38M(127M), 0.0104090 secs]
2.920: [GC pause (young) 67M->41M(127M), 0.0045116 secs]
3.421: [GC pause (young) 97M->47M(127M), 0.0078481 secs]
3.807: [GC pause (young) 100M->73M(135M), 0.0257325 secs]
3.905: [GC pause (young) (initial-mark) 107M->78M(135M), 0.0084491 secs]
3.913: [GC concurrent-root-region-scan-start]
3.925: [GC concurrent-root-region-scan-end, 0.0115617 secs]
3.925: [GC concurrent-mark-start]
4.008: [GC concurrent-mark-end, 0.0829098 secs]
4.008: [GC remark, 0.0010491 secs]
4.009: [GC cleanup 109M->109M(135M), 0.0002223 secs]
4.121: [GC pause (young) 110M->78M(135M), 0.0041745 secs]
4.148: [GC pause (mixed) 80M->69M(135M), 0.0061197 secs]
4.212: [GC pause (mixed) 74M->66M(135M), 0.0069606 secs]
4.544: [GC pause (young) 108M->90M(135M), 0.0181872 secs]
4.593: [GC pause (young) (initial-mark) 112M->92M(135M), 0.0065344 secs]
4.600: [GC concurrent-root-region-scan-start]
4.604: [GC concurrent-root-region-scan-end, 0.0038336 secs]
4.604: [GC concurrent-mark-start]
4.626: [GC pause (young) 113M->92M(135M), 0.0032521 secs]
4.654: [GC pause (young) 114M->94M(135M), 0.0027370 secs]
4.703: [GC concurrent-mark-end, 0.0992393 secs]
4.703: [GC remark, 0.0010337 secs]
4.704: [GC cleanup 97M->93M(135M), 0.0003724 secs]
4.705: [GC concurrent-cleanup-start]
4.705: [GC concurrent-cleanup-end, 0.0000071 secs]
4.807: [GC pause (young) 112M->99M(135M), 0.0078500 secs]
4.820: [GC pause (mixed) 102M->90M(135M), 0.0062881 secs]
4.834: [GC pause (mixed) 95M->78M(135M), 0.0041543 secs]
5.154: [GC pause (mixed) 91M->87M(135M), 0.0091309 secs]
5.372: [GC pause (young) 105M->104M(135M), 0.0162455 secs]
5.421: [GC pause (young) (initial-mark) 108M->110M(135M), 0.0067685 secs]
5.428: [GC concurrent-root-region-scan-start]
5.429: [GC concurrent-root-region-scan-end, 0.0011565 secs]
5.429: [GC concurrent-mark-start]
5.484: [GC pause (young) 115M->116M(135M), 0.0081617 secs]
5.503: [GC pause (young) 121M->118M(135M), 0.0039032 secs]
5.513: [GC pause (young) 123M->119M(135M), 0.0026822 secs]
5.521: [GC pause (young) 124M->119M(135M), 0.0018102 secs]
5.529: [GC pause (young) 124M->119M(135M), 0.0015757 secs]
5.536: [GC pause (young) 124M->119M(135M), 0.0016806 secs]
5.543: [GC pause (young) 124M->119M(135M), 0.0018923 secs]
5.551: [GC pause (young) 124M->120M(135M), 0.0019343 secs]
5.558: [GC pause (young) 125M->120M(270M), 0.0024609 secs]
5.563: [GC concurrent-mark-end, 0.1338304 secs]
5.563: [GC remark, 0.0009769 secs]
5.564: [GC cleanup 122M->120M(270M), 0.0002601 secs]
5.564: [GC concurrent-cleanup-start]
5.564: [GC concurrent-cleanup-end, 0.0000061 secs]
6.210: [GC pause (young) 215M->149M(540M), 0.0252276 secs]
6.256: [GC pause (mixed) 163M->149M(540M), 0.0109934 secs]
7.918: [GC pause (young) 442M->189M(540M), 0.0459091 secs]
9.144: [GC pause (young) 432M->207M(540M), 0.0434331 secs]
10.652: [GC pause (young) 432M->222M(540M), 0.0371803 secs]
11.603: [GC pause (young) 432M->225M(540M), 0.0273117 secs]
12.893: [GC pause (young) 436M->252M(540M), 0.0361261 secs]
13.756: [GC pause (young) 436M->250M(540M), 0.0229168 secs]
15.039: [GC pause (young) 439M->280M(540M), 0.0345116 secs]
15.748: [GC pause (young) (initial-mark) 439M->298M(540M), 0.0344917 secs]
15.782: [GC concurrent-root-region-scan-start]
15.813: [GC concurrent-root-region-scan-end, 0.0308598 secs]
15.813: [GC concurrent-mark-start]
16.101: [GC concurrent-mark-end, 0.2883490 secs]
16.102: [GC remark, 0.0015013 secs]
16.103: [GC cleanup 343M->338M(540M), 0.0007354 secs]
16.104: [GC concurrent-cleanup-start]
16.104: [GC concurrent-cleanup-end, 0.0000237 secs]
16.859: [GC pause (young) 432M->310M(540M), 0.0341315 secs]
16.905: [GC pause (mixed) 316M->263M(540M), 0.0274169 secs]
17.177: [GC pause (mixed) 288M->240M(540M), 0.0153475 secs]
18.219: [GC pause (young) 429M->274M(540M), 0.0305981 secs]
19.151: [GC pause (young) (initial-mark) 432M->291M(540M), 0.0348884 secs]
19.186: [GC concurrent-root-region-scan-start]
19.216: [GC concurrent-root-region-scan-end, 0.0295885 secs]
19.216: [GC concurrent-mark-start]
19.562: [GC concurrent-mark-end, 0.3460244 secs]
19.562: [GC remark, 0.0014429 secs]
19.564: [GC cleanup 340M->326M(540M), 0.0005379 secs]
19.564: [GC concurrent-cleanup-start]
19.564: [GC concurrent-cleanup-end, 0.0000141 secs]
19.855: [GC pause (young) 419M->295M(540M), 0.0346902 secs]
19.895: [GC pause (mixed) 301M->261M(540M), 0.0286247 secs]
21.070: [GC pause (young) 431M->279M(540M), 0.0231288 secs]
21.976: [GC pause (young) (initial-mark) 436M->306M(540M), 0.0344862 secs]
22.011: [GC concurrent-root-region-scan-start]
22.038: [GC concurrent-root-region-scan-end, 0.0266837 secs]
22.038: [GC concurrent-mark-start]
22.443: [GC concurrent-mark-end, 0.4054092 secs]
22.443: [GC remark, 0.0013852 secs]
22.445: [GC cleanup 373M->357M(540M), 0.0006334 secs]
22.445: [GC concurrent-cleanup-start]
22.445: [GC concurrent-cleanup-end, 0.0000141 secs]
22.650: [GC pause (young) 419M->310M(540M), 0.0348291 secs]
22.692: [GC pause (mixed) 318M->288M(540M), 0.0251375 secs]
23.726: [GC pause (young) 434M->322M(540M), 0.0349648 secs]
24.339: [GC pause (young) (initial-mark) 433M->344M(540M), 0.0355360 secs]
24.374: [GC concurrent-root-region-scan-start]
24.397: [GC concurrent-root-region-scan-end, 0.0227668 secs]
24.397: [GC concurrent-mark-start]
24.863: [GC concurrent-mark-end, 0.4661876 secs]
24.864: [GC remark, 0.0015824 secs]
24.865: [GC cleanup 418M->409M(540M), 0.0009529 secs]
24.866: [GC concurrent-cleanup-start]
24.866: [GC concurrent-cleanup-end, 0.0000112 secs]
24.931: [GC pause (young) 429M->356M(540M), 0.0362380 secs]
24.978: [GC pause (mixed) 369M->316M(540M), 0.0251680 secs]
25.498: [GC pause (young) 434M->342M(540M), 0.0295555 secs]
26.168: [GC pause (young) (initial-mark) 437M->366M(540M), 0.0350754 secs]
26.204: [GC concurrent-root-region-scan-start]
26.223: [GC concurrent-root-region-scan-end, 0.0192282 secs]
26.223: [GC concurrent-mark-start]
26.737: [GC concurrent-mark-end, 0.5146352 secs]
26.737: [GC remark, 0.0017021 secs]
26.739: [GC cleanup 431M->424M(540M), 0.0009176 secs]
26.740: [GC concurrent-cleanup-start]
26.740: [GC concurrent-cleanup-end, 0.0000090 secs]
26.761: [GC pause (young) 433M->381M(540M), 0.0375325 secs]
26.812: [GC pause (mixed) 397M->336M(540M), 0.0278961 secs]
27.431: [GC pause (young) 435M->367M(540M), 0.0317335 secs]
27.672: [GC pause (young) (initial-mark) 440M->377M(540M), 0.0244082 secs]
27.696: [GC concurrent-root-region-scan-start]
27.710: [GC concurrent-root-region-scan-end, 0.0133949 secs]
27.710: [GC concurrent-mark-start]
28.155: [GC pause (young) 445M->384M(540M), 0.0203568 secs]
28.297: [GC concurrent-mark-end, 0.5871058 secs]
28.297: [GC remark, 0.0017377 secs]
28.299: [GC cleanup 395M->390M(540M), 0.0006363 secs]
28.299: [GC concurrent-cleanup-start]
28.299: [GC concurrent-cleanup-end, 0.0000096 secs]
28.495: [GC pause (young) 446M->402M(540M), 0.0281074 secs]
28.538: [GC pause (mixed) 419M->367M(540M), 0.0253001 secs]
29.144: [GC pause (young) 445M->395M(540M), 0.0296542 secs]
29.218: [GC pause (young) (initial-mark) 451M->398M(540M), 0.0167410 secs]
29.235: [GC concurrent-root-region-scan-start]
29.240: [GC concurrent-root-region-scan-end, 0.0049590 secs]
29.240: [GC concurrent-mark-start]
29.778: [GC pause (young) 455M->426M(540M), 0.0286873 secs]
29.845: [GC pause (young) 464M->430M(540M), 0.0210621 secs]
29.895: [GC concurrent-mark-end, 0.6547845 secs]
29.895: [GC remark, 0.0016245 secs]
29.897: [GC cleanup 448M->442M(540M), 0.0007110 secs]
29.897: [GC concurrent-cleanup-start]
29.897: [GC concurrent-cleanup-end, 0.0000103 secs]
30.108: [GC pause (young) 461M->436M(540M), 0.0145062 secs]
30.141: [GC pause (mixed) 458M->394M(540M), 0.0159229 secs]
30.524: [GC pause (mixed) 419M->406M(540M), 0.0216894 secs]
30.777: [GC pause (young) 457M->424M(540M), 0.0228495 secs]
30.833: [GC pause (young) (initial-mark) 463M->428M(540M), 0.0153966 secs]
30.849: [GC concurrent-root-region-scan-start]
30.852: [GC concurrent-root-region-scan-end, 0.0032512 secs]
30.852: [GC concurrent-mark-start]
31.320: [GC pause (young) 466M->451M(540M), 0.0232526 secs]
31.406: [GC pause (young) 472M->460M(540M), 0.0160710 secs]
31.445: [GC pause (young) 483M->464M(540M), 0.0075184 secs]
31.477: [GC pause (young) 488M->464M(540M), 0.0045033 secs]
31.537: [GC concurrent-mark-end, 0.6850003 secs]
31.537: [GC remark, 0.0017091 secs]
31.539: [GC cleanup 482M->475M(540M), 0.0006774 secs]
31.540: [GC concurrent-cleanup-start]
31.540: [GC concurrent-cleanup-end, 0.0000093 secs]
31.697: [GC pause (young) 482M->463M(540M), 0.0068782 secs]
31.991: [GC pause (mixed) 486M->436M(540M), 0.0301536 secs]
32.046: [GC pause (mixed) 459M->430M(540M), 0.0223780 secs]
32.097: [GC pause (young) 463M->432M(540M), 0.0091954 secs]
32.242: [GC pause (young) (initial-mark) 465M->438M(1080M), 0.0092724 secs]
32.251: [GC concurrent-root-region-scan-start]
32.260: [GC concurrent-root-region-scan-end, 0.0088253 secs]
32.260: [GC concurrent-mark-start]
32.925: [GC concurrent-mark-end, 0.6650152 secs]
32.925: [GC remark, 0.0018595 secs]
32.927: [GC cleanup 513M->511M(1080M), 0.0009974 secs]
32.928: [GC concurrent-cleanup-start]
32.928: [GC concurrent-cleanup-end, 0.0000077 secs]
34.701: [GC pause (young) 877M->461M(1080M), 0.0326578 secs]
34.980: [GC pause (mixed) 484M->479M(1080M), 0.0387031 secs]
37.149: [GC pause (young) 895M->531M(1080M), 0.0691261 secs]
39.348: [GC pause (young) (initial-mark) 900M->559M(1080M), 0.0639596 secs]
39.412: [GC concurrent-root-region-scan-start]
39.461: [GC concurrent-root-region-scan-end, 0.0488982 secs]
39.461: [GC concurrent-mark-start]
40.190: [GC concurrent-mark-end, 0.7294000 secs]
40.190: [GC remark, 0.0019740 secs]
40.192: [GC cleanup 750M->750M(1080M), 0.0010754 secs]
40.938: [GC pause (young) 902M->565M(1080M), 0.0511035 secs]
41.287: [GC pause (mixed) 589M->502M(1080M), 0.0419818 secs]
43.519: [GC pause (young) 903M->534M(1080M), 0.0507991 secs]
45.383: [GC pause (young) (initial-mark) 909M->545M(1080M), 0.0429382 secs]
45.426: [GC concurrent-root-region-scan-start]
45.449: [GC concurrent-root-region-scan-end, 0.0237334 secs]
45.449: [GC concurrent-mark-start]
46.308: [GC concurrent-mark-end, 0.8583177 secs]
46.308: [GC remark, 0.0021459 secs]
46.310: [GC cleanup 686M->686M(1080M), 0.0009808 secs]
47.229: [GC pause (young) 915M->564M(1080M), 0.0452776 secs]
47.283: [GC pause (mixed) 573M->556M(1080M), 0.0284676 secs]
49.412: [GC pause (young) 920M->583M(1080M), 0.0410395 secs]
51.763: [GC pause (young) (initial-mark) 924M->619M(1080M), 0.0484476 secs]
51.811: [GC concurrent-root-region-scan-start]
51.861: [GC concurrent-root-region-scan-end, 0.0502670 secs]
51.861: [GC concurrent-mark-start]
52.834: [GC concurrent-mark-end, 0.9728355 secs]
52.834: [GC remark, 0.0021411 secs]
52.837: [GC cleanup 803M->803M(1080M), 0.0009862 secs]
53.531: [GC pause (young) 918M->637M(1080M), 0.0559910 secs]
53.841: [GC pause (mixed) 648M->641M(1080M), 0.0493199 secs]
55.402: [GC pause (young) 913M->681M(1080M), 0.0635504 secs]
56.574: [GC pause (young) (initial-mark) 911M->708M(1080M), 0.0554534 secs]
56.629: [GC concurrent-root-region-scan-start]
56.669: [GC concurrent-root-region-scan-end, 0.0396053 secs]
56.669: [GC concurrent-mark-start]
57.780: [GC concurrent-mark-end, 1.1111560 secs]
57.780: [GC remark, 0.0037252 secs]
57.784: [GC cleanup 885M->855M(1080M), 0.0011562 secs]
57.785: [GC concurrent-cleanup-start]
57.785: [GC concurrent-cleanup-end, 0.0000269 secs]
57.939: [GC pause (young) 882M->695M(1080M), 0.0526471 secs]
58.011: [GC pause (mixed) 719M->686M(1080M), 0.0357367 secs]
59.490: [GC pause (young) 910M->713M(1080M), 0.0438933 secs]
60.350: [GC pause (young) (initial-mark) 914M->735M(1080M), 0.0381755 secs]
60.389: [GC concurrent-root-region-scan-start]
60.424: [GC concurrent-root-region-scan-end, 0.0354943 secs]
60.424: [GC concurrent-mark-start]
61.594: [GC concurrent-mark-end, 1.1695191 secs]
61.594: [GC remark, 0.0027832 secs]
61.597: [GC cleanup 906M->892M(1080M), 0.0013044 secs]
61.598: [GC concurrent-cleanup-start]
61.598: [GC concurrent-cleanup-end, 0.0000151 secs]
61.759: [GC pause (young) 902M->723M(1080M), 0.0392711 secs]
62.033: [GC pause (mixed) 757M->716M(1080M), 0.0383936 secs]
63.154: [GC pause (young) 916M->767M(1080M), 0.0639391 secs]
63.842: [GC pause (young) (initial-mark) 913M->760M(1080M), 0.0338846 secs]
63.876: [GC concurrent-root-region-scan-start]
63.888: [GC concurrent-root-region-scan-end, 0.0115229 secs]
63.888: [GC concurrent-mark-start]
64.835: [GC pause (young) 920M->793M(1080M), 0.0422121 secs]
65.166: [GC concurrent-mark-end, 1.2778091 secs]
65.166: [GC remark, 0.0026139 secs]
65.169: [GC cleanup 869M->859M(1080M), 0.0013429 secs]
65.170: [GC concurrent-cleanup-start]
65.170: [GC concurrent-cleanup-end, 0.0000151 secs]
65.476: [GC pause (young) 912M->808M(1080M), 0.0441813 secs]
65.549: [GC pause (mixed) 843M->764M(1080M), 0.0359555 secs]
66.506: [GC pause (young) 921M->798M(1080M), 0.0418446 secs]
67.163: [GC pause (young) (initial-mark) 920M->820M(1080M), 0.0393955 secs]
67.202: [GC concurrent-root-region-scan-start]
67.226: [GC concurrent-root-region-scan-end, 0.0237594 secs]
67.226: [GC concurrent-mark-start]
67.811: [GC pause (young) 923M->841M(1080M), 0.0450874 secs]
68.111: [GC pause (young) 926M->845M(1080M), 0.0213745 secs]
68.636: [GC concurrent-mark-end, 1.4098038 secs]
68.636: [GC remark, 0.0026190 secs]
68.639: [GC cleanup 877M->864M(1080M), 0.0013461 secs]
68.640: [GC concurrent-cleanup-start]
68.640: [GC concurrent-cleanup-end, 0.0000160 secs]
68.749: [GC pause (young) 917M->856M(1080M), 0.0320141 secs]
69.007: [GC pause (mixed) 897M->816M(1080M), 0.0374003 secs]
69.559: [GC pause (young) 924M->843M(1080M), 0.0422102 secs]
70.017: [GC pause (young) (initial-mark) 932M->866M(1080M), 0.0353605 secs]
70.052: [GC concurrent-root-region-scan-start]
70.068: [GC concurrent-root-region-scan-end, 0.0158882 secs]
70.068: [GC concurrent-mark-start]
70.346: [GC pause (young) 939M->883M(1080M), 0.0342707 secs]
71.006: [GC pause (young) 945M->905M(1080M), 0.0369343 secs]
71.086: [GC pause (young) 950M->910M(1080M), 0.0229640 secs]
71.576: [GC concurrent-mark-end, 1.5079776 secs]
71.576: [GC remark, 0.0028037 secs]
71.579: [GC cleanup 944M->916M(1080M), 0.0013486 secs]
71.581: [GC concurrent-cleanup-start]
71.581: [GC concurrent-cleanup-end, 0.0000266 secs]
71.642: [GC pause (young) 932M->908M(1080M), 0.0309468 secs]
71.711: [GC pause (mixed) 955M->861M(1080M), 0.0214290 secs]
72.302: [GC pause (young) 936M->890M(1080M), 0.0295539 secs]
72.373: [GC pause (young) (initial-mark) 940M->894M(1080M), 0.0162218 secs]
72.389: [GC concurrent-root-region-scan-start]
72.393: [GC concurrent-root-region-scan-end, 0.0044343 secs]
72.393: [GC concurrent-mark-start]
72.666: [GC pause (young) 945M->908M(1080M), 0.0166073 secs]
73.267: [GC pause (young) 955M->932M(1080M), 0.0416913 secs]
73.366: [GC pause (young) 979M->936M(1080M), 0.0211272 secs]
73.797: [GC pause (young) 987M->955M(1080M), 0.0260378 secs]
73.971: [GC pause (young) 1002M->970M(1080M), 0.0193475 secs]
74.008: [GC concurrent-mark-end, 1.6146461 secs]
74.008: [GC remark, 0.0027893 secs]
74.011: [GC cleanup 989M->969M(1080M), 0.0013778 secs]
74.013: [GC concurrent-cleanup-start]
74.013: [GC concurrent-cleanup-end, 0.0000205 secs]
74.165: [GC pause (young) 997M->956M(1080M), 0.0140697 secs]
74.569: [GC pause (mixed) 1005M->920M(1080M), 0.0390905 secs]
74.646: [GC pause (young) 967M->924M(1080M), 0.0230753 secs]
74.924: [GC pause (young) (initial-mark) 975M->937M(1080M), 0.0152397 secs]
74.939: [GC concurrent-root-region-scan-start]
74.951: [GC concurrent-root-region-scan-end, 0.0111390 secs]
74.951: [GC concurrent-mark-start]
75.513: [GC pause (young) 984M->962M(1080M), 0.0326415 secs]
75.602: [GC pause (young) 1009M->969M(1080M), 0.0233524 secs]
75.878: [GC pause (young) 1017M->979M(1080M), 0.0189168 secs]
76.201: [GC pause (young) 1026M->1002M(1080M), 0.0239832 secs]
76.271: [GC pause (young) 1049M->1006M(1080M), 0.0153809 secs]
76.557: [GC concurrent-mark-end, 1.6067253 secs]
76.557: [GC remark, 0.0029368 secs]
76.560: [GC cleanup 1029M->1017M(1080M), 0.0015513 secs]
76.562: [GC concurrent-cleanup-start]
76.562: [GC concurrent-cleanup-end, 0.0000160 secs]
76.809: [GC pause (young) 1045M->1023M(1085M), 0.0269451 secs]
76.876: [GC pause (mixed) 1070M->934M(1106M), 0.0315808 secs]
77.202: [GC pause (mixed) 986M->944M(1106M), 0.0267212 secs]
77.748: [GC pause (young) 992M->964M(1106M), 0.0315324 secs]
77.906: [GC pause (young) (initial-mark) 1012M->975M(1106M), 0.0243579 secs]
77.931: [GC concurrent-root-region-scan-start]
77.940: [GC concurrent-root-region-scan-end, 0.0095485 secs]
77.940: [GC concurrent-mark-start]
78.209: [GC pause (young) 1023M->985M(1106M), 0.0213886 secs]
78.559: [GC pause (young) 1033M->1008M(1106M), 0.0245153 secs]
78.632: [GC pause (young) 1056M->1012M(1106M), 0.0150303 secs]
79.258: [GC pause (young) 1064M->1039M(1106M), 0.0252293 secs]
79.332: [GC pause (young) 1087M->1044M(1108M), 0.0151480 secs]
79.628: [GC concurrent-mark-end, 1.6876443 secs]
79.628: [GC remark, 0.0032034 secs]
79.632: [GC cleanup 1080M->1073M(1108M), 0.0014692 secs]
79.634: [GC concurrent-cleanup-start]
79.634: [GC concurrent-cleanup-end, 0.0000151 secs]
79.649: [GC pause (young) 1089M->1052M(1116M), 0.0164084 secs]
80.193: [GC pause (mixed) 1100M->985M(1161M), 0.0494803 secs]
80.331: [GC pause (mixed) 1036M->994M(1161M), 0.0346521 secs]
80.679: [GC pause (young) 1044M->1009M(1161M), 0.0241192 secs]
80.958: [GC pause (young) (initial-mark) 1059M->1028M(1161M), 0.0235580 secs]
80.981: [GC concurrent-root-region-scan-start]
80.992: [GC concurrent-root-region-scan-end, 0.0104148 secs]
80.992: [GC concurrent-mark-start]
81.155: [GC pause (young) 1078M->1032M(1161M), 0.0155993 secs]
81.581: [GC pause (young) 1086M->1059M(1161M), 0.0261071 secs]
81.657: [GC pause (young) 1109M->1063M(1161M), 0.0164973 secs]
81.974: [GC pause (young) 1118M->1077M(1161M), 0.0166984 secs]
82.605: [GC pause (young) 1127M->1101M(1168M), 0.0323534 secs]
82.686: [GC pause (young) 1151M->1105M(1172M), 0.0222119 secs]
82.766: [GC concurrent-mark-end, 1.7737350 secs]
82.766: [GC remark, 0.0029304 secs]
82.769: [GC cleanup 1124M->1115M(1172M), 0.0015584 secs]
82.770: [GC concurrent-cleanup-start]
82.770: [GC concurrent-cleanup-end, 0.0000135 secs]
83.276: [GC pause (young) 1151M->1124M(1190M), 0.0322758 secs]
83.350: [GC pause (mixed) 1175M->1029M(1216M), 0.0331803 secs]
83.943: [GC pause (mixed) 1085M->1054M(1216M), 0.0363204 secs]
84.024: [GC pause (young) 1106M->1059M(1216M), 0.0207658 secs]
84.353: [GC pause (young) (initial-mark) 1115M->1073M(1216M), 0.0171105 secs]
84.370: [GC concurrent-root-region-scan-start]
84.383: [GC concurrent-root-region-scan-end, 0.0130774 secs]
84.383: [GC concurrent-mark-start]
84.892: [GC pause (young) 1125M->1094M(1216M), 0.0310500 secs]
85.054: [GC pause (young) 1146M->1105M(1216M), 0.0253508 secs]
85.448: [GC pause (young) 1157M->1122M(1216M), 0.0276517 secs]
85.701: [GC pause (young) 1174M->1139M(1216M), 0.0228405 secs]
86.007: [GC pause (young) 1191M->1149M(1217M), 0.0190842 secs]
86.190: [GC concurrent-mark-end, 1.8061706 secs]
86.190: [GC remark, 0.0033538 secs]
86.193: [GC cleanup 1161M->1147M(1217M), 0.0019721 secs]
86.195: [GC concurrent-cleanup-start]
86.195: [GC concurrent-cleanup-end, 0.0000157 secs]
86.385: [GC pause (young) 1187M->1158M(1227M), 0.0260801 secs]
86.519: [GC pause (mixed) 1211M->1054M(1247M), 0.0359372 secs]
86.988: [GC pause (mixed) 1113M->1051M(1247M), 0.0330334 secs]
87.367: [GC pause (young) 1105M->1077M(1247M), 0.0346556 secs]
87.446: [GC pause (young) (initial-mark) 1131M->1081M(1247M), 0.0232052 secs]
87.469: [GC concurrent-root-region-scan-start]
87.474: [GC concurrent-root-region-scan-end, 0.0045854 secs]
87.474: [GC concurrent-mark-start]
88.042: [GC pause (young) 1140M->1108M(1247M), 0.0263636 secs]
88.243: [GC pause (young) 1162M->1112M(1247M), 0.0170723 secs]
88.679: [GC pause (young) 1171M->1139M(1247M), 0.0271991 secs]
88.832: [GC pause (young) 1193M->1145M(1247M), 0.0180390 secs]
89.278: [GC concurrent-mark-end, 1.8039640 secs]
89.278: [GC remark, 0.0279567 secs]
89.306: [GC cleanup 1199M->1187M(1247M), 0.0019657 secs]
89.308: [GC concurrent-cleanup-start]
89.308: [GC concurrent-cleanup-end, 0.0000180 secs]
89.332: [GC pause (young) 1191M->1141M(1247M), 0.0190906 secs]
89.755: [GC pause (mixed) 1195M->1087M(1263M), 0.0483879 secs]
90.003: [GC pause (young) 1142M->1093M(1263M), 0.0380434 secs]
90.462: [GC pause (young) (initial-mark) 1151M->1120M(1263M), 0.0263646 secs]
90.488: [GC concurrent-root-region-scan-start]
90.498: [GC concurrent-root-region-scan-end, 0.0100864 secs]
90.498: [GC concurrent-mark-start]
90.711: [GC pause (young) 1175M->1126M(1263M), 0.0193145 secs]
91.160: [GC pause (young) 1184M->1153M(1263M), 0.0261953 secs]
91.348: [GC pause (young) 1208M->1160M(1263M), 0.0196808 secs]
91.797: [GC pause (young) 1217M->1167M(1263M), 0.0194021 secs]
92.192: [GC pause (young) 1222M->1192M(1263M), 0.0299628 secs]
92.439: [GC concurrent-mark-end, 1.9409266 secs]
92.439: [GC remark, 0.0034045 secs]
92.443: [GC cleanup 1245M->1237M(1263M), 0.0023098 secs]
92.445: [GC concurrent-cleanup-start]
92.445: [GC concurrent-cleanup-end, 0.0000170 secs]
92.451: [GC pause (young) 1239M->1191M(1263M), 0.0260763 secs]
92.898: [GC pause (mixed) 1248M->1118M(1310M), 0.0481855 secs]
93.199: [GC pause (young) 1175M->1127M(1310M), 0.0263479 secs]
93.820: [GC pause (young) (initial-mark) 1184M->1151M(1310M), 0.0278136 secs]
93.848: [GC concurrent-root-region-scan-start]
93.860: [GC concurrent-root-region-scan-end, 0.0117282 secs]
93.860: [GC concurrent-mark-start]
94.052: [GC pause (young) 1207M->1160M(1310M), 0.0218857 secs]
94.515: [GC pause (young) 1217M->1168M(1310M), 0.0206548 secs]
94.828: [GC pause (young) 1224M->1189M(1310M), 0.0292399 secs]
95.177: [GC pause (young) 1245M->1202M(1310M), 0.0370565 secs]
95.514: [GC pause (young) 1258M->1223M(1310M), 0.0252097 secs]
95.835: [GC pause (young) 1279M->1235M(1310M), 0.0240942 secs]
95.910: [GC concurrent-mark-end, 2.0506820 secs]
95.910: [GC remark, 0.0038233 secs]
95.914: [GC cleanup 1240M->1235M(1310M), 0.0020052 secs]
95.916: [GC concurrent-cleanup-start]
95.916: [GC concurrent-cleanup-end, 0.0000115 secs]
96.155: [GC pause (young) 1286M->1252M(1325M), 0.0264881 secs]
96.413: [GC pause (mixed) 1309M->1166M(1353M), 0.0417878 secs]
96.870: [GC pause (young) 1224M->1176M(1353M), 0.0336325 secs]
97.163: [GC pause (young) (initial-mark) 1234M->1195M(1353M), 0.0284256 secs]
97.192: [GC concurrent-root-region-scan-start]
97.204: [GC concurrent-root-region-scan-end, 0.0119450 secs]
97.204: [GC concurrent-mark-start]
97.596: [GC pause (young) 1253M->1214M(1353M), 0.0340523 secs]
97.822: [GC pause (young) 1272M->1230M(1353M), 0.0231792 secs]
98.298: [GC pause (young) 1288M->1251M(1353M), 0.0280936 secs]
98.494: [GC pause (young) 1309M->1263M(1353M), 0.0221689 secs]
98.846: [GC pause (young) 1321M->1279M(1354M), 0.0218668 secs]
99.281: [GC concurrent-mark-end, 2.0770454 secs]
99.281: [GC remark, 0.0037486 secs]
99.285: [GC cleanup 1335M->1324M(1354M), 0.0021674 secs]
99.287: [GC concurrent-cleanup-start]
99.287: [GC concurrent-cleanup-end, 0.0000247 secs]
99.303: [GC pause (young) 1326M->1273M(1354M), 0.0226439 secs]
99.666: [GC pause (mixed) 1331M->1196M(1392M), 0.0501047 secs]
100.038: [GC pause (young) 1256M->1210M(1392M), 0.0460903 secs]
100.376: [GC pause (young) (initial-mark) 1270M->1231M(1392M), 0.0254987 secs]
100.402: [GC concurrent-root-region-scan-start]
100.414: [GC concurrent-root-region-scan-end, 0.0119488 secs]
100.414: [GC concurrent-mark-start]
100.825: [GC pause (young) 1291M->1251M(1392M), 0.0287614 secs]
101.064: [GC pause (young) 1311M->1267M(1392M), 0.0237106 secs]
101.361: [GC pause (young) 1327M->1281M(1392M), 0.0219749 secs]
102.019: [GC pause (young) 1341M->1303M(1392M), 0.0344195 secs]
102.141: [GC pause (young) 1363M->1311M(1392M), 0.0246228 secs]
102.569: [GC concurrent-mark-end, 2.1557745 secs]
102.569: [GC remark, 0.0035100 secs]
102.573: [GC cleanup 1357M->1343M(1392M), 0.0021960 secs]
102.575: [GC concurrent-cleanup-start]
102.575: [GC concurrent-cleanup-end, 0.0000176 secs]
102.763: [GC pause (young) 1359M->1327M(1404M), 0.0360722 secs]
102.849: [GC pause (mixed) 1388M->1231M(1429M), 0.0389084 secs]
103.489: [GC pause (young) 1299M->1261M(1429M), 0.0380758 secs]
103.577: [GC pause (young) (initial-mark) 1323M->1265M(1429M), 0.0167381 secs]
103.594: [GC concurrent-root-region-scan-start]
103.599: [GC concurrent-root-region-scan-end, 0.0054571 secs]
103.599: [GC concurrent-mark-start]
104.378: [GC pause (young) 1333M->1274M(1429M), 0.0198960 secs]
104.763: [GC pause (young) 1336M->1300M(1429M), 0.0312232 secs]
105.168: [GC pause (young) 1362M->1317M(1429M), 0.0360244 secs]
105.674: [GC pause (young) 1379M->1335M(1429M), 0.0243402 secs]
105.814: [GC concurrent-mark-end, 2.2144230 secs]
105.814: [GC remark, 0.0043127 secs]
105.818: [GC cleanup 1370M->1357M(1429M), 0.0027194 secs]
105.821: [GC concurrent-cleanup-start]
105.821: [GC concurrent-cleanup-end, 0.0000180 secs]
106.182: [GC pause (young) 1384M->1348M(1429M), 0.0326543 secs]
106.305: [GC pause (mixed) 1410M->1256M(1458M), 0.0431387 secs]
106.629: [GC pause (young) 1320M->1271M(1458M), 0.0323736 secs]
107.333: [GC pause (young) (initial-mark) 1334M->1296M(1458M), 0.0348766 secs]
107.368: [GC concurrent-root-region-scan-start]
107.380: [GC concurrent-root-region-scan-end, 0.0129155 secs]
107.380: [GC concurrent-mark-start]
107.431: [GC pause (young) 1359M->1300M(1458M), 0.0239621 secs]
108.000: [GC pause (young) 1369M->1330M(1458M), 0.0334702 secs]
108.304: [GC pause (young) 1393M->1342M(1458M), 0.0251003 secs]
108.630: [GC pause (young) 1405M->1365M(1458M), 0.0278422 secs]
108.926: [GC pause (young) 1428M->1380M(1461M), 0.0261010 secs]
109.601: [GC pause (young) 1444M->1405M(1487M), 0.0366771 secs]
109.690: [GC concurrent-mark-end, 2.3100320 secs]
109.691: [GC remark, 0.0036652 secs]
109.694: [GC cleanup 1458M->1450M(1487M), 0.0020808 secs]
109.696: [GC concurrent-cleanup-start]
109.696: [GC concurrent-cleanup-end, 0.0000128 secs]
109.707: [GC pause (young) 1461M->1402M(1487M), 0.0246285 secs]
110.308: [GC pause (mixed) 1472M->1331M(1533M), 0.0557029 secs]
110.584: [GC pause (young) 1397M->1340M(1533M), 0.0350911 secs]
110.997: [GC pause (young) (initial-mark) 1407M->1366M(1533M), 0.0285753 secs]
111.025: [GC concurrent-root-region-scan-start]
111.038: [GC concurrent-root-region-scan-end, 0.0129889 secs]
111.038: [GC concurrent-mark-start]
111.422: [GC pause (young) 1432M->1387M(1533M), 0.0306045 secs]
112.043: [GC pause (young) 1453M->1407M(1533M), 0.0372384 secs]
112.163: [GC pause (young) 1473M->1414M(1533M), 0.0248787 secs]
112.766: [GC pause (young) 1484M->1444M(1533M), 0.0356877 secs]
113.057: [GC pause (young) 1510M->1453M(1538M), 0.0237652 secs]
113.420: [GC concurrent-mark-end, 2.3819407 secs]
113.420: [GC remark, 0.0037717 secs]
113.424: [GC cleanup 1511M->1495M(1538M), 0.0022752 secs]
113.426: [GC concurrent-cleanup-start]
113.427: [GC concurrent-cleanup-end, 0.0000189 secs]
113.436: [GC pause (young) 1505M->1462M(1547M), 0.0282514 secs]
113.756: [GC pause (mixed) 1529M->1361M(1586M), 0.0487516 secs]
114.425: [GC pause (young) 1430M->1385M(1586M), 0.0475290 secs]
114.646: [GC pause (young) (initial-mark) 1454M->1389M(1586M), 0.0263858 secs]
114.672: [GC concurrent-root-region-scan-start]
114.679: [GC concurrent-root-region-scan-end, 0.0063557 secs]
114.679: [GC concurrent-mark-start]
115.093: [GC pause (young) 1464M->1418M(1586M), 0.0343535 secs]
115.679: [GC pause (young) 1487M->1444M(1586M), 0.0331790 secs]
115.782: [GC pause (young) 1513M->1449M(1586M), 0.0203142 secs]
116.386: [GC pause (young) 1524M->1460M(1586M), 0.0223248 secs]
116.767: [GC pause (young) 1529M->1483M(1586M), 0.0404032 secs]
117.140: [GC concurrent-mark-end, 2.4616022 secs]
117.140: [GC remark, 0.0038689 secs]
117.144: [GC cleanup 1527M->1513M(1586M), 0.0022499 secs]
117.147: [GC concurrent-cleanup-start]
117.147: [GC concurrent-cleanup-end, 0.0000196 secs]
117.588: [GC pause (young) 1538M->1500M(1588M), 0.0446310 secs]
117.688: [GC pause (mixed) 1569M->1400M(1614M), 0.0412753 secs]
118.339: [GC pause (young) 1476M->1429M(1614M), 0.0394279 secs]
118.716: [GC pause (young) (initial-mark) 1499M->1442M(1614M), 0.0235172 secs]
118.740: [GC concurrent-root-region-scan-start]
118.754: [GC concurrent-root-region-scan-end, 0.0140341 secs]
118.754: [GC concurrent-mark-start]
119.420: [GC pause (young) 1512M->1465M(1614M), 0.0358897 secs]
119.525: [GC pause (young) 1535M->1470M(1614M), 0.0243816 secs]
120.157: [GC pause (young) 1546M->1498M(1614M), 0.0344073 secs]
120.804: [GC pause (young) 1568M->1524M(1614M), 0.0325382 secs]
120.906: [GC pause (young) 1594M->1528M(1617M), 0.0195457 secs]
121.250: [GC concurrent-mark-end, 2.4962011 secs]
121.250: [GC remark, 0.0040209 secs]
121.254: [GC cleanup 1593M->1566M(1617M), 0.0023749 secs]
121.257: [GC concurrent-cleanup-start]
121.257: [GC concurrent-cleanup-end, 0.0000539 secs]
121.565: [GC pause (young) 1577M->1514M(1617M), 0.0241869 secs]
121.884: [GC pause (mixed) 1584M->1418M(1645M), 0.0515085 secs]
122.517: [GC pause (young) 1490M->1449M(1645M), 0.0494171 secs]
122.736: [GC pause (young) (initial-mark) 1520M->1454M(1645M), 0.0224816 secs]
122.758: [GC concurrent-root-region-scan-start]
122.764: [GC concurrent-root-region-scan-end, 0.0059622 secs]
122.764: [GC concurrent-mark-start]
123.217: [GC pause (young) 1532M->1482M(1645M), 0.0286000 secs]
123.590: [GC pause (young) 1553M->1494M(1645M), 0.0239829 secs]
124.368: [GC pause (young) 1565M->1517M(1645M), 0.0367752 secs]
124.749: [GC pause (young) 1588M->1530M(1645M), 0.0337470 secs]
125.080: [GC pause (young) 1601M->1551M(1645M), 0.0345360 secs]
125.384: [GC concurrent-mark-end, 2.6202498 secs]
125.384: [GC remark, 0.0063974 secs]
125.391: [GC cleanup 1583M->1570M(1645M), 0.0026293 secs]
125.394: [GC concurrent-cleanup-start]
125.394: [GC concurrent-cleanup-end, 0.0000173 secs]
125.931: [GC pause (young) 1609M->1569M(1659M), 0.0371851 secs]
126.107: [GC pause (mixed) 1640M->1486M(1686M), 0.0450627 secs]
126.796: [GC pause (young) 1564M->1506M(1686M), 0.0458356 secs]
126.994: [GC pause (young) (initial-mark) 1579M->1519M(1686M), 0.0276690 secs]
127.021: [GC concurrent-root-region-scan-start]
127.036: [GC concurrent-root-region-scan-end, 0.0143318 secs]
127.036: [GC concurrent-mark-start]
127.682: [GC pause (young) 1592M->1550M(1686M), 0.0411919 secs]
128.116: [GC pause (young) 1623M->1569M(1686M), 0.0336331 secs]
128.376: [GC pause (young) 1642M->1586M(1686M), 0.0256693 secs]
128.698: [GC pause (young) 1659M->1602M(1694M), 0.0253588 secs]
129.450: [GC pause (young) 1675M->1627M(1720M), 0.0397079 secs]
129.745: [GC concurrent-mark-end, 2.7089062 secs]
129.745: [GC remark, 0.0044609 secs]
129.749: [GC cleanup 1696M->1669M(1720M), 0.0025440 secs]
129.752: [GC concurrent-cleanup-start]
129.752: [GC concurrent-cleanup-end, 0.0000305 secs]
129.834: [GC pause (young) 1675M->1616M(1720M), 0.0380597 secs]
130.194: [GC pause (mixed) 1691M->1541M(1749M), 0.0536019 secs]
130.835: [GC pause (young) 1617M->1572M(1749M), 0.0411890 secs]
131.246: [GC pause (young) (initial-mark) 1648M->1585M(1749M), 0.0269820 secs]
131.273: [GC concurrent-root-region-scan-start]
131.289: [GC concurrent-root-region-scan-end, 0.0153453 secs]
131.289: [GC concurrent-mark-start]
131.856: [GC pause (young) 1661M->1603M(1749M), 0.0348852 secs]
132.057: [GC pause (young) 1679M->1615M(1749M), 0.0291023 secs]
132.692: [GC pause (young) 1691M->1645M(1749M), 0.0429709 secs]
133.293: [GC pause (young) 1721M->1674M(1769M), 0.0425081 secs]
133.487: [GC pause (young) 1751M->1681M(1778M), 0.0351235 secs]
134.042: [GC pause (young) 1762M->1688M(1785M), 0.0227382 secs]
134.100: [GC concurrent-mark-end, 2.8118759 secs]
134.101: [GC remark, 0.0049927 secs]
134.106: [GC cleanup 1692M->1672M(1785M), 0.0031954 secs]
134.109: [GC concurrent-cleanup-start]
134.109: [GC concurrent-cleanup-end, 0.0000318 secs]
134.557: [GC pause (young) 1750M->1698M(1795M), 0.0373118 secs]
135.183: [GC pause (mixed) 1775M->1594M(1849M), 0.0743702 secs]
135.796: [GC pause (young) 1674M->1623M(1849M), 0.0431448 secs]
136.112: [GC pause (young) (initial-mark) 1703M->1636M(1849M), 0.0296475 secs]
136.142: [GC concurrent-root-region-scan-start]
136.159: [GC concurrent-root-region-scan-end, 0.0165579 secs]
136.159: [GC concurrent-mark-start]
136.489: [GC pause (young) 1716M->1659M(1849M), 0.0300943 secs]
137.169: [GC pause (young) 1739M->1688M(1849M), 0.0481993 secs]
137.847: [GC pause (young) 1768M->1710M(1849M), 0.0439418 secs]
138.347: [GC pause (young) 1790M->1729M(1849M), 0.0402493 secs]
138.646: [GC pause (young) 1809M->1745M(1849M), 0.0360684 secs]
139.115: [GC concurrent-mark-end, 2.9564335 secs]
139.115: [GC remark, 0.0045199 secs]
139.120: [GC cleanup 1773M->1754M(1849M), 0.0036796 secs]
139.124: [GC concurrent-cleanup-start]
139.124: [GC concurrent-cleanup-end, 0.0000225 secs]
139.269: [GC pause (young) 1806M->1755M(1856M), 0.0374257 secs]
139.945: [GC pause (mixed) 1835M->1665M(1902M), 0.0706001 secs]
140.532: [GC pause (young) 1748M->1691M(1902M), 0.0549329 secs]
140.845: [GC pause (young) (initial-mark) 1774M->1705M(1902M), 0.0426521 secs]
140.888: [GC concurrent-root-region-scan-start]
140.904: [GC concurrent-root-region-scan-end, 0.0164097 secs]
140.904: [GC concurrent-mark-start]
141.260: [GC pause (young) 1788M->1731M(1902M), 0.0322566 secs]
141.920: [GC pause (young) 1814M->1759M(1902M), 0.0398779 secs]
142.638: [GC pause (young) 1842M->1781M(1902M), 0.0436409 secs]
143.213: [GC pause (young) 1864M->1808M(1912M), 0.0477590 secs]
143.541: [GC pause (young) 1891M->1824M(1927M), 0.0412066 secs]
143.960: [GC pause (young) 1908M->1849M(1953M), 0.0364629 secs]
144.020: [GC concurrent-mark-end, 3.1155583 secs]
144.020: [GC remark, 0.0045825 secs]
144.025: [GC cleanup 1861M->1836M(1953M), 0.0028454 secs]
144.028: [GC concurrent-cleanup-start]
144.028: [GC concurrent-cleanup-end, 0.0000327 secs]
144.577: [GC pause (young) 1909M->1852M(1958M), 0.0394295 secs]
145.256: [GC pause (mixed) 1936M->1756M(2002M), 0.0679391 secs]
145.895: [GC pause (young) 1843M->1778M(2002M), 0.0444815 secs]
146.313: [GC pause (young) (initial-mark) 1865M->1796M(2002M), 0.0403622 secs]
146.353: [GC concurrent-root-region-scan-start]
146.371: [GC concurrent-root-region-scan-end, 0.0180358 secs]
146.371: [GC concurrent-mark-start]
146.618: [GC pause (young) 1883M->1815M(2002M), 0.0290138 secs]
147.224: [GC pause (young) 1902M->1844M(2002M), 0.0367197 secs]
147.912: [GC pause (young) 1931M->1865M(2002M), 0.0437012 secs]
148.574: [GC pause (young) 1952M->1888M(2002M), 0.0417127 secs]
149.224: [GC pause (young) 1975M->1909M(2017M), 0.0425832 secs]
149.574: [GC concurrent-mark-end, 3.2023302 secs]
149.574: [GC remark, 0.0062804 secs]
149.581: [GC cleanup 1985M->1958M(2017M), 0.0031286 secs]
149.584: [GC concurrent-cleanup-start]
149.584: [GC concurrent-cleanup-end, 0.0000324 secs]
149.793: [GC pause (young) 1969M->1903M(2017M), 0.0341373 secs]
150.297: [GC pause (mixed) 1990M->1771M(2051M), 0.0621969 secs]
151.095: [GC pause (young) 1861M->1795M(2051M), 0.0537793 secs]
152.075: [GC pause (young) (initial-mark) 1884M->1825M(2051M), 0.0504441 secs]
152.125: [GC concurrent-root-region-scan-start]
152.141: [GC concurrent-root-region-scan-end, 0.0164437 secs]
152.142: [GC concurrent-mark-start]
152.789: [GC pause (young) 1914M->1847M(2051M), 0.0380899 secs]
153.347: [GC pause (young) 1936M->1862M(2051M), 0.0276411 secs]
154.099: [GC pause (young) 1951M->1884M(2051M), 0.0384799 secs]
154.765: [GC pause (young) 1973M->1913M(2051M), 0.0470787 secs]
155.184: [GC pause (young) 2002M->1929M(2051M), 0.0417929 secs]
155.440: [GC concurrent-mark-end, 3.2980903 secs]
155.440: [GC remark, 0.0049750 secs]
155.445: [GC cleanup 1947M->1925M(2051M), 0.0036235 secs]
155.449: [GC concurrent-cleanup-start]
155.449: [GC concurrent-cleanup-end, 0.0000269 secs]
155.535: [GC pause (young) 1996M->1928M(2051M), 0.0301296 secs]
156.269: [GC pause (mixed) 2017M->1815M(2083M), 0.0712182 secs]
156.667: [GC pause (young) 1906M->1838M(2083M), 0.0454764 secs]
157.335: [GC pause (young) (initial-mark) 1929M->1868M(2083M), 0.0533655 secs]
157.388: [GC concurrent-root-region-scan-start]
157.405: [GC concurrent-root-region-scan-end, 0.0164662 secs]
157.405: [GC concurrent-mark-start]
157.990: [GC pause (young) 1959M->1890M(2083M), 0.0372300 secs]
158.462: [GC pause (young) 1981M->1903M(2083M), 0.0269047 secs]
159.137: [GC pause (young) 1994M->1925M(2083M), 0.0378288 secs]
159.796: [GC pause (young) 2016M->1946M(2083M), 0.0424292 secs]
160.437: [GC pause (young) 2037M->1975M(2088M), 0.0478167 secs]
160.820: [GC pause (young) 2066M->1992M(2105M), 0.0373644 secs]
160.863: [GC concurrent-mark-end, 3.4579560 secs]
160.863: [GC remark, 0.0050414 secs]
160.868: [GC cleanup 1995M->1962M(2105M), 0.0046428 secs]
160.873: [GC concurrent-cleanup-start]
160.873: [GC concurrent-cleanup-end, 0.0000350 secs]
161.559: [GC pause (young) 2051M->1982M(2105M), 0.0401435 secs]
161.957: [GC pause (mixed) 2073M->1895M(2133M), 0.0661062 secs]
162.394: [GC pause (young) 1987M->1916M(2133M), 0.0515862 secs]
162.872: [GC pause (young) (initial-mark) 2008M->1944M(2133M), 0.0390649 secs]
162.911: [GC concurrent-root-region-scan-start]
162.928: [GC concurrent-root-region-scan-end, 0.0166092 secs]
162.928: [GC concurrent-mark-start]
163.466: [GC pause (young) 2036M->1974M(2133M), 0.0435707 secs]
164.175: [GC pause (young) 2066M->1997M(2133M), 0.0480178 secs]
164.835: [GC pause (young) 2089M->2020M(2135M), 0.0455681 secs]
165.472: [GC pause (young) 2112M->2043M(2157M), 0.0465993 secs]
166.066: [GC pause (young) 2136M->2063M(2179M), 0.0346193 secs]
166.495: [GC concurrent-mark-end, 3.5676739 secs]
166.495: [GC remark, 0.0052098 secs]
166.501: [GC cleanup 2136M->2105M(2179M), 0.0034782 secs]
166.504: [GC concurrent-cleanup-start]
166.504: [GC concurrent-cleanup-end, 0.0000314 secs]
166.780: [GC pause (young) 2126M->2055M(2179M), 0.0412724 secs]
167.267: [GC pause (mixed) 2149M->1959M(2215M), 0.0695568 secs]
167.731: [GC pause (young) 2055M->1982M(2215M), 0.0504418 secs]
168.181: [GC pause (young) (initial-mark) 2078M->2006M(2215M), 0.0381101 secs]
168.219: [GC concurrent-root-region-scan-start]
168.237: [GC concurrent-root-region-scan-end, 0.0182080 secs]
168.237: [GC concurrent-mark-start]
168.874: [GC pause (young) 2102M->2016M(2215M), 0.0365357 secs]
169.574: [GC pause (young) 2117M->2046M(2215M), 0.0434905 secs]
170.246: [GC pause (young) 2142M->2069M(2215M), 0.0452907 secs]
170.928: [GC pause (young) 2165M->2092M(2215M), 0.0376569 secs]
171.580: [GC pause (young) 2188M->2111M(2229M), 0.0339708 secs]
171.911: [GC concurrent-mark-end, 3.6739851 secs]
171.911: [GC remark, 0.0055315 secs]
171.917: [GC cleanup 2149M->2106M(2229M), 0.0035959 secs]
171.921: [GC concurrent-cleanup-start]
171.921: [GC concurrent-cleanup-end, 0.0000446 secs]
172.395: [GC pause (young) 2165M->2089M(2229M), 0.0412304 secs]
173.064: [GC pause (mixed) 2186M->2005M(2256M), 0.0674596 secs]
173.720: [GC pause (young) 2103M->2027M(2256M), 0.0494274 secs]
174.401: [GC pause (young) (initial-mark) 2125M->2049M(2256M), 0.0329538 secs]
174.434: [GC concurrent-root-region-scan-start]
174.454: [GC concurrent-root-region-scan-end, 0.0198892 secs]
174.454: [GC concurrent-mark-start]
175.246: [GC pause (young) 2147M->2071M(2256M), 0.0417406 secs]
175.803: [GC pause (young) 2169M->2079M(2256M), 0.0389311 secs]
176.774: [GC pause (young) 2180M->2105M(2256M), 0.0652316 secs]
177.349: [GC pause (young) 2203M->2113M(2256M), 0.0326171 secs]
177.883: [GC pause (young) 2217M->2115M(2256M), 0.0141053 secs]
178.268: [GC concurrent-mark-end, 3.8132684 secs]
178.268: [GC remark, 0.0053589 secs]
178.273: [GC cleanup 2198M->2171M(2256M), 0.0034830 secs]
178.277: [GC concurrent-cleanup-start]
178.277: [GC concurrent-cleanup-end, 0.0000311 secs]
178.351: [GC pause (young) 2191M->2094M(2256M), 0.0030969 secs]
178.706: [GC pause (mixed) 2195M->2003M(2256M), 0.0217270 secs]
179.265: [GC pause (young) 2104M->2005M(2256M), 0.0152173 secs]
179.505: [GC pause (young) (initial-mark) 2108M->2001M(2256M), 0.0024564 secs]
179.507: [GC concurrent-root-region-scan-start]
179.508: [GC concurrent-root-region-scan-end, 0.0005122 secs]
179.508: [GC concurrent-mark-start]
179.898: [GC pause (young) 2107M->1999M(2256M), 0.0016633 secs]
180.318: [GC pause (young) 2108M->2005M(2256M), 0.0023169 secs]
180.744: [GC pause (young) 2108M->2008M(2256M), 0.0027149 secs]
181.167: [GC pause (young) 2109M->2011M(2256M), 0.0033769 secs]
181.601: [GC pause (young) 2112M->2013M(2256M), 0.0030013 secs]
182.009: [GC pause (young) 2114M->2015M(2256M), 0.0028621 secs]
182.265: [GC pause (young) 2116M->2012M(2256M), 0.0023608 secs]
182.503: [GC pause (young) 2122M->2011M(2256M), 0.0014179 secs]
182.918: [GC pause (young) 2121M->2015M(2256M), 0.0020901 secs]
183.173: [GC concurrent-mark-end, 3.6655209 secs]
183.173: [GC remark, 0.0057088 secs]
183.179: [GC cleanup 2079M->2075M(2256M), 0.0033368 secs]
183.183: [GC concurrent-cleanup-start]
183.183: [GC concurrent-cleanup-end, 0.0000148 secs]
183.328: [GC pause (young) 2118M->2015M(2256M), 0.0027566 secs]
183.682: [GC pause (mixed) 2119M->1978M(2256M), 0.0119546 secs]
184.048: [GC pause (young) 2081M->1983M(2256M), 0.0093045 secs]
184.107: [GC pause (young) (initial-mark) 1997M->1985M(2256M), 0.0028095 secs]
184.110: [GC concurrent-root-region-scan-start]
184.110: [GC concurrent-root-region-scan-end, 0.0001087 secs]
184.110: [GC concurrent-mark-start]
184.539: [GC pause (young) 2089M->1987M(2256M), 0.0026578 secs]
184.775: [GC pause (young) 2089M->1986M(2256M), 0.0021851 secs]
185.020: [GC pause (young) 2096M->1985M(2256M), 0.0014513 secs]
185.433: [GC pause (young) 2095M->1988M(2256M), 0.0019317 secs]
185.877: [GC pause (young) 2095M->1992M(2256M), 0.0033050 secs]
186.321: [GC pause (young) 2096M->1996M(2256M), 0.0029269 secs]
186.761: [GC pause (young) 2098M->1998M(2256M), 0.0028403 secs]
187.191: [GC pause (young) 2101M->2001M(2256M), 0.0031745 secs]
187.408: [GC pause (young) 2103M->1998M(2256M), 0.0021469 secs]
187.621: [GC pause (young) 2109M->1998M(2256M), 0.0015962 secs]
187.758: [GC concurrent-mark-end, 3.6482036 secs]
187.758: [GC remark, 0.0052784 secs]
187.764: [GC cleanup 2048M->2033M(2256M), 0.0032678 secs]
187.767: [GC concurrent-cleanup-start]
187.767: [GC concurrent-cleanup-end, 0.0000314 secs]
187.952: [GC pause (young) 2094M->1987M(2256M), 0.0022585 secs]
188.299: [GC pause (mixed) 2094M->1983M(2256M), 0.0038496 secs]
188.599: [GC pause (young) (initial-mark) 2072M->1988M(2256M), 0.0042451 secs]
188.604: [GC concurrent-root-region-scan-start]
188.604: [GC concurrent-root-region-scan-end, 0.0001677 secs]
188.604: [GC concurrent-mark-start]
189.040: [GC pause (young) 2091M->1992M(2256M), 0.0031206 secs]
189.501: [GC pause (young) 2095M->1996M(2256M), 0.0029173 secs]
189.792: [GC pause (young) 2098M->1998M(2256M), 0.0026476 secs]
189.995: [GC pause (young) 2107M->1996M(2256M), 0.0016809 secs]
190.342: [GC pause (young) 2107M->1999M(2256M), 0.0019003 secs]
190.771: [GC pause (young) 2107M->2002M(2256M), 0.0025825 secs]
191.211: [GC pause (young) 2107M->2006M(2256M), 0.0027771 secs]
191.645: [GC pause (young) 2108M->2009M(2256M), 0.0030433 secs]
192.111: [GC pause (young) 2111M->2012M(2256M), 0.0029830 secs]
192.268: [GC concurrent-mark-end, 3.6645552 secs]
192.269: [GC remark, 0.0055353 secs]
192.274: [GC cleanup 2047M->2027M(2256M), 0.0032396 secs]
192.278: [GC concurrent-cleanup-start]
192.278: [GC concurrent-cleanup-end, 0.0000269 secs]
192.426: [GC pause (young) 2094M->1993M(2256M), 0.0025568 secs]
192.558: [GC pause (mixed) 2096M->1980M(2256M), 0.0032419 secs]
192.802: [GC pause (young) 2087M->1978M(2256M), 0.0025792 secs]
193.154: [GC pause (young) (initial-mark) 2087M->1983M(2256M), 0.0028801 secs]
193.157: [GC concurrent-root-region-scan-start]
193.157: [GC concurrent-root-region-scan-end, 0.0001790 secs]
193.157: [GC concurrent-mark-start]
193.586: [GC pause (young) 2086M->1987M(2256M), 0.0026264 secs]
194.016: [GC pause (young) 2088M->1989M(2256M), 0.0030267 secs]
194.465: [GC pause (young) 2091M->1992M(2256M), 0.0029654 secs]
194.821: [GC pause (young) 2093M->1994M(2256M), 0.0029166 secs]
195.021: [GC pause (young) 2095M->1990M(2256M), 0.0021642 secs]
195.272: [GC pause (young) 2096M->1987M(2256M), 0.0015898 secs]
195.683: [GC pause (young) 2097M->1990M(2256M), 0.0019891 secs]
196.104: [GC pause (young) 2096M->1994M(2256M), 0.0026841 secs]
196.538: [GC pause (young) 2098M->1999M(2256M), 0.0030068 secs]
196.820: [GC concurrent-mark-end, 3.6632656 secs]
196.820: [GC remark, 0.0052913 secs]
196.826: [GC cleanup 2068M->2047M(2256M), 0.0035305 secs]
196.829: [GC concurrent-cleanup-start]
196.829: [GC concurrent-cleanup-end, 0.0000266 secs]
196.947: [GC pause (young) 2079M->1981M(2256M), 0.0030562 secs]
197.282: [GC pause (mixed) 2082M->1976M(2256M), 0.0035398 secs]
197.456: [GC pause (young) 2077M->1973M(2256M), 0.0025760 secs]
197.630: [GC pause (young) (initial-mark) 2083M->1973M(2256M), 0.0020882 secs]
197.633: [GC concurrent-root-region-scan-start]
197.633: [GC concurrent-root-region-scan-end, 0.0001841 secs]
197.633: [GC concurrent-mark-start]
198.011: [GC pause (young) 2083M->1976M(2256M), 0.0020234 secs]
198.433: [GC pause (young) 2083M->1979M(2256M), 0.0024798 secs]
198.867: [GC pause (young) 2084M->1983M(2256M), 0.0029134 secs]
199.310: [GC pause (young) 2086M->1986M(2256M), 0.0028717 secs]
199.769: [GC pause (young) 2088M->1991M(2256M), 0.0031841 secs]
199.958: [GC pause (young) 2091M->1987M(2256M), 0.0022617 secs]
200.185: [GC pause (young) 2097M->1986M(2256M), 0.0016985 secs]
200.530: [GC pause (young) 2097M->1989M(2256M), 0.0021350 secs]
200.953: [GC pause (young) 2097M->1993M(2256M), 0.0024170 secs]
201.278: [GC concurrent-mark-end, 3.6455586 secs]
201.278: [GC remark, 0.0054494 secs]
201.284: [GC cleanup 2076M->2066M(2256M), 0.0032377 secs]
201.287: [GC concurrent-cleanup-start]
201.287: [GC concurrent-cleanup-end, 0.0000170 secs]
201.363: [GC pause (young) 2089M->1988M(2256M), 0.0029009 secs]
201.715: [GC pause (mixed) 2091M->1983M(2256M), 0.0039545 secs]
201.843: [GC pause (young) (initial-mark) 2017M->1984M(2256M), 0.0034266 secs]
201.847: [GC concurrent-root-region-scan-start]
201.847: [GC concurrent-root-region-scan-end, 0.0001780 secs]
201.847: [GC concurrent-mark-start]
202.287: [GC pause (young) 2088M->1987M(2256M), 0.0029105 secs]
202.514: [GC pause (young) 2090M->1984M(2256M), 0.0021110 secs]
202.742: [GC pause (young) 2094M->1983M(2256M), 0.0015023 secs]
203.168: [GC pause (young) 2094M->1988M(2256M), 0.0019907 secs]
203.598: [GC pause (young) 2095M->1991M(2256M), 0.0024647 secs]
204.046: [GC pause (young) 2095M->1995M(2256M), 0.0028179 secs]
204.491: [GC pause (young) 2098M->1997M(2256M), 0.0028637 secs]
204.967: [GC pause (young) 2100M->2001M(2256M), 0.0031283 secs]
205.180: [GC pause (young) 2103M->1998M(2256M), 0.0022592 secs]
205.417: [GC pause (young) 2109M->1998M(2256M), 0.0015167 secs]
205.510: [GC concurrent-mark-end, 3.6633856 secs]
205.510: [GC remark, 0.0052281 secs]
205.516: [GC cleanup 2039M->2024M(2256M), 0.0034247 secs]
205.519: [GC concurrent-cleanup-start]
205.519: [GC concurrent-cleanup-end, 0.0000221 secs]
205.734: [GC pause (young) 2094M->1987M(2256M), 0.0031806 secs]
205.859: [GC pause (mixed) 2094M->1982M(2256M), 0.0027046 secs]
205.956: [GC pause (young) 2087M->1984M(2256M), 0.0030770 secs]
206.068: [GC pause (young) (initial-mark) 2087M->1985M(2256M), 0.0028095 secs]
206.071: [GC concurrent-root-region-scan-start]
206.072: [GC concurrent-root-region-scan-end, 0.0007608 secs]
206.072: [GC concurrent-mark-start]
206.216: [GC pause (young) 2087M->1985M(2256M), 0.0026437 secs]
206.446: [GC pause (young) 2089M->1986M(2256M), 0.0026883 secs]
206.562: [GC pause (young) 2089M->1987M(2256M), 0.0026514 secs]
206.727: [GC pause (young) 2092M->1989M(2256M), 0.0027605 secs]
206.833: [GC pause (young) 2092M->1990M(2256M), 0.0031713 secs]
206.975: [GC pause (young) 2093M->1991M(2256M), 0.0032463 secs]
207.105: [GC pause (young) 2094M->1992M(2256M), 0.0024208 secs]
207.263: [GC pause (young) 2095M->1993M(2256M), 0.0025462 secs]
207.407: [GC pause (young) 2096M->1995M(2256M), 0.0028843 secs]
207.506: [GC pause (young) 2096M->1995M(2256M), 0.0026367 secs]
207.608: [GC pause (young) 2097M->1994M(2256M), 0.0024811 secs]
207.721: [GC pause (young) 2098M->1995M(2256M), 0.0029891 secs]
207.852: [GC pause (young) 2098M->1994M(2256M), 0.0024333 secs]
207.967: [GC pause (young) 2101M->1993M(2256M), 0.0020764 secs]
208.125: [GC pause (young) 2101M->1993M(2256M), 0.0017806 secs]
208.256: [GC pause (young) 2101M->1991M(2256M), 0.0018057 secs]
208.481: [GC pause (young) 2101M->1992M(2256M), 0.0018858 secs]
208.684: [GC pause (young) 2100M->1995M(2256M), 0.0022348 secs]
208.752: [GC pause (young) 2101M->1997M(2256M), 0.0023753 secs]
208.819: [GC pause (young) 2101M->1998M(2256M), 0.0023477 secs]
208.906: [GC pause (young) 2101M->1999M(2256M), 0.0024490 secs]
209.204: [GC pause (young) 2101M->2000M(2256M), 0.0029077 secs]
209.643: [GC pause (young) 2102M->2004M(2256M), 0.0032989 secs]
209.903: [GC concurrent-mark-end, 3.8310287 secs]
209.903: [GC remark, 0.0053993 secs]
209.909: [GC cleanup 2069M->2055M(2256M), 0.0032983 secs]
209.912: [GC concurrent-cleanup-start]
209.912: [GC concurrent-cleanup-end, 0.0000202 secs]
210.045: [GC pause (young) 2090M->1992M(2256M), 0.0033487 secs]
210.418: [GC pause (mixed) 2094M->1981M(2256M), 0.0037460 secs]
210.600: [GC pause (young) 2082M->1978M(2256M), 0.0026011 secs]
210.779: [GC pause (young) (initial-mark) 2088M->1977M(2256M), 0.0021674 secs]
210.781: [GC concurrent-root-region-scan-start]
210.782: [GC concurrent-root-region-scan-end, 0.0002986 secs]
210.782: [GC concurrent-mark-start]
211.157: [GC pause (young) 2087M->1980M(2256M), 0.0019153 secs]
211.583: [GC pause (young) 2087M->1984M(2256M), 0.0024211 secs]
212.018: [GC pause (young) 2089M->1988M(2256M), 0.0030263 secs]
212.456: [GC pause (young) 2091M->1992M(2256M), 0.0032297 secs]
212.885: [GC pause (young) 2094M->1994M(2256M), 0.0033855 secs]
213.131: [GC pause (young) 2095M->1994M(2256M), 0.0033320 secs]
213.324: [GC pause (young) 2104M->1993M(2256M), 0.0016415 secs]
213.710: [GC pause (young) 2103M->1995M(2256M), 0.0021280 secs]
214.142: [GC pause (young) 2103M->1999M(2256M), 0.0023442 secs]
214.433: [GC concurrent-mark-end, 3.6511609 secs]
214.433: [GC remark, 0.0052707 secs]
214.438: [GC cleanup 2074M->2064M(2256M), 0.0032746 secs]
214.441: [GC concurrent-cleanup-start]
214.442: [GC concurrent-cleanup-end, 0.0000257 secs]
214.549: [GC pause (young) 2093M->1992M(2256M), 0.0027662 secs]
214.912: [GC pause (mixed) 2095M->1985M(2256M), 0.0036219 secs]
215.067: [GC pause (young) (initial-mark) 2028M->1987M(2256M), 0.0036206 secs]
215.070: [GC concurrent-root-region-scan-start]
215.070: [GC concurrent-root-region-scan-end, 0.0001373 secs]
215.070: [GC concurrent-mark-start]
215.494: [GC pause (young) 2089M->1991M(2256M), 0.0029433 secs]
215.730: [GC pause (young) 2092M->1987M(2256M), 0.0021097 secs]
215.961: [GC pause (young) 2097M->1986M(2256M), 0.0016559 secs]
216.359: [GC pause (young) 2096M->1989M(2256M), 0.0021043 secs]
216.790: [GC pause (young) 2096M->1993M(2256M), 0.0025732 secs]
217.230: [GC pause (young) 2098M->1997M(2256M), 0.0029247 secs]
217.661: [GC pause (young) 2099M->2000M(2256M), 0.0028650 secs]
218.094: [GC pause (young) 2102M->2004M(2256M), 0.0030603 secs]
218.344: [GC pause (young) 2105M->2002M(2256M), 0.0025744 secs]
218.537: [GC pause (young) 2112M->2001M(2256M), 0.0015103 secs]
218.720: [GC concurrent-mark-end, 3.6492312 secs]
218.720: [GC remark, 0.0053067 secs]
218.725: [GC cleanup 2059M->2039M(2256M), 0.0034959 secs]
218.729: [GC concurrent-cleanup-start]
218.729: [GC concurrent-cleanup-end, 0.0000257 secs]
218.882: [GC pause (young) 2091M->1984M(2256M), 0.0019506 secs]
219.237: [GC pause (mixed) 2092M->1984M(2256M), 0.0043576 secs]
219.591: [GC pause (young) 2088M->1987M(2256M), 0.0032572 secs]
219.608: [GC pause (young) (initial-mark) 1993M->1988M(2256M), 0.0027611 secs]
219.611: [GC concurrent-root-region-scan-start]
219.611: [GC concurrent-root-region-scan-end, 0.0001171 secs]
219.611: [GC concurrent-mark-start]
220.062: [GC pause (young) 2094M->1994M(2256M), 0.0028945 secs]
220.508: [GC pause (young) 2094M->1996M(2256M), 0.0029657 secs]
220.809: [GC pause (young) 2097M->1995M(2256M), 0.0025311 secs]
221.011: [GC pause (young) 2099M->1991M(2256M), 0.0019012 secs]
221.341: [GC pause (young) 2098M->1990M(2256M), 0.0017620 secs]
221.769: [GC pause (young) 2098M->1995M(2256M), 0.0022739 secs]
222.190: [GC pause (young) 2098M->2000M(2256M), 0.0027133 secs]
222.614: [GC pause (young) 2099M->2002M(2256M), 0.0033612 secs]
223.047: [GC pause (young) 2103M->2004M(2256M), 0.0030667 secs]
223.271: [GC concurrent-mark-end, 3.6598268 secs]
223.271: [GC remark, 0.0052640 secs]
223.276: [GC cleanup 2056M->2030M(2256M), 0.0032704 secs]
223.280: [GC concurrent-cleanup-start]
223.280: [GC concurrent-cleanup-end, 0.0000324 secs]
223.384: [GC pause (young) 2079M->1979M(2256M), 0.0029314 secs]
223.529: [GC pause (mixed) 2081M->1972M(2256M), 0.0031508 secs]
223.770: [GC pause (young) 2081M->1971M(2256M), 0.0021338 secs]
224.103: [GC pause (young) (initial-mark) 2081M->1975M(2256M), 0.0026312 secs]
224.106: [GC concurrent-root-region-scan-start]
224.106: [GC concurrent-root-region-scan-end, 0.0001825 secs]
224.106: [GC concurrent-mark-start]
224.530: [GC pause (young) 2081M->1981M(2256M), 0.0026222 secs]
224.964: [GC pause (young) 2082M->1984M(2256M), 0.0034513 secs]
225.408: [GC pause (young) 2085M->1987M(2256M), 0.0029311 secs]
225.831: [GC pause (young) 2088M->1989M(2256M), 0.0029397 secs]
226.049: [GC pause (young) 2090M->1986M(2256M), 0.0023002 secs]
226.261: [GC pause (young) 2096M->1985M(2256M), 0.0018618 secs]
226.659: [GC pause (young) 2095M->1988M(2256M), 0.0019372 secs]
227.108: [GC pause (young) 2095M->1992M(2256M), 0.0024352 secs]
227.548: [GC pause (young) 2096M->1996M(2256M), 0.0029426 secs]
227.776: [GC concurrent-mark-end, 3.6700697 secs]
227.776: [GC remark, 0.0052284 secs]
227.781: [GC cleanup 2050M->2036M(2256M), 0.0032329 secs]
227.785: [GC concurrent-cleanup-start]
227.785: [GC concurrent-cleanup-end, 0.0000218 secs]
227.953: [GC pause (young) 2085M->1984M(2256M), 0.0029936 secs]
228.328: [GC pause (mixed) 2087M->1979M(2256M), 0.0038647 secs]
228.491: [GC pause (young) 2081M->1977M(2256M), 0.0028990 secs]
228.683: [GC pause (young) (initial-mark) 2087M->1976M(2256M), 0.0019048 secs]
228.685: [GC concurrent-root-region-scan-start]
228.686: [GC concurrent-root-region-scan-end, 0.0002463 secs]
228.686: [GC concurrent-mark-start]
228.860: [GC pause (young) 2087M->1978M(2256M), 0.0020250 secs]
228.969: [GC pause (young) 2087M->1980M(2256M), 0.0020767 secs]
229.090: [GC pause (young) 2087M->1982M(2256M), 0.0021148 secs]
229.224: [GC pause (young) 2087M->1984M(2256M), 0.0031511 secs]
229.413: [GC pause (young) 2088M->1985M(2256M), 0.0027062 secs]
229.530: [GC pause (young) 2087M->1986M(2256M), 0.0026681 secs]
229.698: [GC pause (young) 2089M->1987M(2256M), 0.0026572 secs]
229.792: [GC pause (young) 2088M->1989M(2256M), 0.0028903 secs]
229.903: [GC pause (young) 2090M->1988M(2256M), 0.0025433 secs]
230.023: [GC pause (young) 2092M->1990M(2256M), 0.0026132 secs]
230.152: [GC pause (young) 2093M->1991M(2256M), 0.0026687 secs]
230.344: [GC pause (young) 2093M->1992M(2256M), 0.0026585 secs]
230.442: [GC pause (young) 2094M->1994M(2256M), 0.0026790 secs]
230.543: [GC pause (young) 2095M->1994M(2256M), 0.0025385 secs]
230.640: [GC pause (young) 2096M->1995M(2256M), 0.0025600 secs]
230.800: [GC pause (young) 2097M->1996M(2256M), 0.0028426 secs]
230.954: [GC pause (young) 2098M->1996M(2256M), 0.0025626 secs]
231.088: [GC pause (young) 2098M->1994M(2256M), 0.0024198 secs]
231.211: [GC pause (young) 2098M->1994M(2256M), 0.0022977 secs]
231.333: [GC pause (young) 2099M->1992M(2256M), 0.0019522 secs]
231.515: [GC pause (young) 2098M->1989M(2256M), 0.0017774 secs]
231.583: [GC pause (young) 2099M->1990M(2256M), 0.0018820 secs]
231.653: [GC pause (young) 2099M->1991M(2256M), 0.0019089 secs]
231.725: [GC pause (young) 2098M->1992M(2256M), 0.0019330 secs]
231.992: [GC pause (young) 2099M->1995M(2256M), 0.0022200 secs]
232.410: [GC pause (young) 2099M->1998M(2256M), 0.0029461 secs]
232.443: [GC concurrent-mark-end, 3.7571162 secs]
232.443: [GC remark, 0.0052480 secs]
232.448: [GC cleanup 2005M->1994M(2256M), 0.0032714 secs]
232.451: [GC concurrent-cleanup-start]
232.451: [GC concurrent-cleanup-end, 0.0000183 secs]
232.777: [GC pause (young) 2088M->1990M(2256M), 0.0031986 secs]
233.132: [GC pause (mixed) 2091M->1984M(2256M), 0.0037993 secs]
233.164: [GC pause (young) (initial-mark) 1991M->1984M(2256M), 0.0035908 secs]
233.168: [GC concurrent-root-region-scan-start]
233.168: [GC concurrent-root-region-scan-end, 0.0001556 secs]
233.168: [GC concurrent-mark-start]
233.588: [GC pause (young) 2087M->1987M(2256M), 0.0028727 secs]
233.817: [GC pause (young) 2088M->1983M(2256M), 0.0025109 secs]
234.043: [GC pause (young) 2093M->1983M(2256M), 0.0015234 secs]
234.467: [GC pause (young) 2093M->1986M(2256M), 0.0020414 secs]
234.898: [GC pause (young) 2093M->1990M(2256M), 0.0026918 secs]
235.335: [GC pause (young) 2094M->1993M(2256M), 0.0029051 secs]
235.785: [GC pause (young) 2096M->1996M(2256M), 0.0029099 secs]
236.258: [GC pause (young) 2098M->2000M(2256M), 0.0031033 secs]
236.470: [GC pause (young) 2101M->1998M(2256M), 0.0021100 secs]
236.717: [GC pause (young) 2108M->1997M(2256M), 0.0016767 secs]
236.852: [GC concurrent-mark-end, 3.6843056 secs]
236.852: [GC remark, 0.0053224 secs]
236.858: [GC cleanup 2049M->2035M(2256M), 0.0034183 secs]
236.861: [GC concurrent-cleanup-start]
236.861: [GC concurrent-cleanup-end, 0.0000289 secs]
237.037: [GC pause (young) 2094M->1985M(2256M), 0.0019535 secs]
237.383: [GC pause (mixed) 2093M->1983M(2256M), 0.0029458 secs]
237.709: [GC pause (young) (initial-mark) 2081M->1987M(2256M), 0.0035257 secs]
237.713: [GC concurrent-root-region-scan-start]
237.713: [GC concurrent-root-region-scan-end, 0.0001183 secs]
237.713: [GC concurrent-mark-start]
238.148: [GC pause (young) 2090M->1990M(2256M), 0.0029635 secs]
238.597: [GC pause (young) 2092M->1993M(2256M), 0.0031450 secs]
238.895: [GC pause (young) 2095M->1992M(2256M), 0.0025363 secs]
239.089: [GC pause (young) 2096M->1990M(2256M), 0.0018368 secs]
239.408: [GC pause (young) 2097M->1989M(2256M), 0.0018066 secs]
239.827: [GC pause (young) 2096M->1993M(2256M), 0.0022896 secs]
240.251: [GC pause (young) 2097M->1997M(2256M), 0.0026719 secs]
240.672: [GC pause (young) 2097M->1999M(2256M), 0.0030889 secs]
241.105: [GC pause (young) 2101M->2003M(2256M), 0.0030369 secs]
241.364: [GC concurrent-mark-end, 3.6506638 secs]
241.364: [GC remark, 0.0053791 secs]
241.369: [GC cleanup 2053M->2029M(2256M), 0.0040927 secs]
241.373: [GC concurrent-cleanup-start]
241.373: [GC concurrent-cleanup-end, 0.0000427 secs]
241.445: [GC pause (young) 2080M->1978M(2256M), 0.0028012 secs]
241.608: [GC pause (mixed) 2081M->1972M(2256M), 0.0026315 secs]
241.836: [GC pause (young) 2081M->1971M(2256M), 0.0018429 secs]
242.167: [GC pause (young) (initial-mark) 2080M->1974M(2256M), 0.0027476 secs]
242.170: [GC concurrent-root-region-scan-start]
242.170: [GC concurrent-root-region-scan-end, 0.0002344 secs]
242.170: [GC concurrent-mark-start]
242.594: [GC pause (young) 2080M->1979M(2256M), 0.0026360 secs]
243.017: [GC pause (young) 2081M->1983M(2256M), 0.0030276 secs]
243.451: [GC pause (young) 2085M->1986M(2256M), 0.0030186 secs]
243.859: [GC pause (young) 2086M->1988M(2256M), 0.0029352 secs]
244.069: [GC pause (young) 2088M->1985M(2256M), 0.0021758 secs]
244.284: [GC pause (young) 2095M->1983M(2256M), 0.0015270 secs]
244.692: [GC pause (young) 2094M->1987M(2256M), 0.0020151 secs]
245.120: [GC pause (young) 2094M->1991M(2256M), 0.0025376 secs]
245.546: [GC pause (young) 2095M->1995M(2256M), 0.0029003 secs]
245.819: [GC concurrent-mark-end, 3.6495833 secs]
245.820: [GC remark, 0.0053474 secs]
245.825: [GC cleanup 2061M->2050M(2256M), 0.0034041 secs]
245.829: [GC concurrent-cleanup-start]
245.829: [GC concurrent-cleanup-end, 0.0000196 secs]
245.955: [GC pause (young) 2086M->1986M(2256M), 0.0029285 secs]
246.348: [GC pause (mixed) 2089M->1981M(2256M), 0.0031819 secs]
246.499: [GC pause (young) 2081M->1979M(2256M), 0.0025545 secs]
246.665: [GC pause (young) (initial-mark) 2089M->1978M(2256M), 0.0020484 secs]
246.667: [GC concurrent-root-region-scan-start]
246.667: [GC concurrent-root-region-scan-end, 0.0001353 secs]
246.667: [GC concurrent-mark-start]
247.046: [GC pause (young) 2088M->1981M(2256M), 0.0018381 secs]
247.495: [GC pause (young) 2089M->1985M(2256M), 0.0024805 secs]
247.929: [GC pause (young) 2089M->1988M(2256M), 0.0028345 secs]
248.360: [GC pause (young) 2091M->1991M(2256M), 0.0030302 secs]
248.807: [GC pause (young) 2094M->1996M(2256M), 0.0029821 secs]
249.099: [GC pause (young) 2097M->1994M(2256M), 0.0025488 secs]
249.286: [GC pause (young) 2098M->1992M(2256M), 0.0019109 secs]
249.588: [GC pause (young) 2098M->1990M(2256M), 0.0018435 secs]
249.999: [GC pause (young) 2098M->1995M(2256M), 0.0023595 secs]
250.326: [GC concurrent-mark-end, 3.6594635 secs]
250.326: [GC remark, 0.0052569 secs]
250.332: [GC cleanup 2077M->2065M(2256M), 0.0031716 secs]
250.335: [GC concurrent-cleanup-start]
250.335: [GC concurrent-cleanup-end, 0.0000183 secs]
250.405: [GC pause (young) 2087M->1988M(2256M), 0.0030623 secs]
250.747: [GC pause (mixed) 2087M->1979M(2256M), 0.0035202 secs]
251.012: [GC pause (young) (initial-mark) 2055M->1980M(2256M), 0.0032438 secs]
251.016: [GC concurrent-root-region-scan-start]
251.016: [GC concurrent-root-region-scan-end, 0.0001562 secs]
251.016: [GC concurrent-mark-start]
251.433: [GC pause (young) 2083M->1983M(2256M), 0.0028624 secs]
251.661: [GC pause (young) 2085M->1980M(2256M), 0.0026059 secs]
251.890: [GC pause (young) 2090M->1980M(2256M), 0.0014974 secs]
252.312: [GC pause (young) 2090M->1983M(2256M), 0.0020035 secs]
252.744: [GC pause (young) 2090M->1987M(2256M), 0.0025276 secs]
253.175: [GC pause (young) 2091M->1990M(2256M), 0.0029394 secs]
253.613: [GC pause (young) 2093M->1993M(2256M), 0.0030004 secs]
254.071: [GC pause (young) 2095M->1998M(2256M), 0.0031937 secs]
254.281: [GC pause (young) 2099M->1995M(2256M), 0.0022556 secs]
254.521: [GC pause (young) 2105M->1994M(2256M), 0.0016700 secs]
254.672: [GC concurrent-mark-end, 3.6557784 secs]
254.672: [GC remark, 0.0053461 secs]
254.677: [GC cleanup 2098M->2084M(2256M), 0.0031716 secs]
254.680: [GC concurrent-cleanup-start]
254.680: [GC concurrent-cleanup-end, 0.0000244 secs]
254.687: [GC pause (young) 2091M->1982M(2256M), 0.0021662 secs]
254.775: [GC pause (mixed) 2091M->1980M(2256M), 0.0020751 secs]
254.870: [GC pause (young) 2087M->1983M(2256M), 0.0022810 secs]
254.974: [GC pause (young) (initial-mark) 2088M->1984M(2256M), 0.0027428 secs]
254.977: [GC concurrent-root-region-scan-start]
254.978: [GC concurrent-root-region-scan-end, 0.0008599 secs]
254.978: [GC concurrent-mark-start]
255.152: [GC pause (young) 2088M->1986M(2256M), 0.0032191 secs]
255.260: [GC pause (young) 2088M->1987M(2256M), 0.0025106 secs]
255.417: [GC pause (young) 2089M->1987M(2256M), 0.0026992 secs]
255.514: [GC pause (young) 2089M->1988M(2256M), 0.0026158 secs]
255.623: [GC pause (young) 2091M->1989M(2256M), 0.0026341 secs]
255.744: [GC pause (young) 2093M->1989M(2256M), 0.0025318 secs]
255.875: [GC pause (young) 2092M->1992M(2256M), 0.0025674 secs]
256.054: [GC pause (young) 2093M->1992M(2256M), 0.0026270 secs]
256.153: [GC pause (young) 2095M->1994M(2256M), 0.0026049 secs]
256.257: [GC pause (young) 2096M->1993M(2256M), 0.0025728 secs]
256.353: [GC pause (young) 2097M->1996M(2256M), 0.0026184 secs]
256.518: [GC pause (young) 2097M->1994M(2256M), 0.0027245 secs]
256.674: [GC pause (young) 2097M->1995M(2256M), 0.0031540 secs]
256.814: [GC pause (young) 2098M->1996M(2256M), 0.0026482 secs]
256.965: [GC pause (young) 2102M->1994M(2256M), 0.0021626 secs]
257.161: [GC pause (young) 2102M->1993M(2256M), 0.0016841 secs]
257.252: [GC pause (young) 2102M->1993M(2256M), 0.0016854 secs]
257.323: [GC pause (young) 2102M->1993M(2256M), 0.0021440 secs]
257.396: [GC pause (young) 2102M->1992M(2256M), 0.0018217 secs]
257.522: [GC pause (young) 2102M->1994M(2256M), 0.0022758 secs]
257.911: [GC pause (young) 2102M->1999M(2256M), 0.0023275 secs]
258.347: [GC pause (young) 2102M->2002M(2256M), 0.0026658 secs]
258.716: [GC concurrent-mark-end, 3.7383860 secs]
258.717: [GC remark, 0.0067403 secs]
258.724: [GC cleanup 2088M->2071M(2256M), 0.0034356 secs]
258.727: [GC concurrent-cleanup-start]
258.727: [GC concurrent-cleanup-end, 0.0000282 secs]
258.777: [GC pause (young) 2086M->1989M(2256M), 0.0031966 secs]
259.129: [GC pause (mixed) 2090M->1979M(2256M), 0.0032993 secs]
259.430: [GC pause (young) 2080M->1981M(2256M), 0.0031123 secs]
259.603: [GC pause (young) (initial-mark) 2082M->1977M(2256M), 0.0026408 secs]
259.606: [GC concurrent-root-region-scan-start]
259.606: [GC concurrent-root-region-scan-end, 0.0003666 secs]
259.606: [GC concurrent-mark-start]
259.859: [GC pause (young) 2083M->1973M(2256M), 0.0014731 secs]
260.277: [GC pause (young) 2083M->1977M(2256M), 0.0020019 secs]
260.710: [GC pause (young) 2084M->1981M(2256M), 0.0027758 secs]
261.162: [GC pause (young) 2085M->1986M(2256M), 0.0030693 secs]
261.607: [GC pause (young) 2086M->1989M(2256M), 0.0109491 secs]
262.077: [GC pause (young) 2089M->1992M(2256M), 0.0030382 secs]
262.286: [GC pause (young) 2092M->1989M(2256M), 0.0025096 secs]
262.545: [GC pause (young) 2099M->1988M(2256M), 0.0019474 secs]
262.911: [GC pause (young) 2099M->1991M(2256M), 0.0018730 secs]
263.313: [GC concurrent-mark-end, 3.7066936 secs]
263.313: [GC remark, 0.0066505 secs]
263.320: [GC cleanup 2093M->2079M(2256M), 0.0041578 secs]
263.324: [GC concurrent-cleanup-start]
263.324: [GC concurrent-cleanup-end, 0.0000266 secs]
263.350: [GC pause (young) 2086M->1982M(2256M), 0.0024939 secs]
263.713: [GC pause (mixed) 2087M->1983M(2256M), 0.0029853 secs]
264.097: [GC pause (young) 2086M->1985M(2256M), 0.0029073 secs]
264.230: [GC pause (young) (initial-mark) 2019M->1986M(2256M), 0.0034221 secs]
264.233: [GC concurrent-root-region-scan-start]
264.234: [GC concurrent-root-region-scan-end, 0.0001180 secs]
264.234: [GC concurrent-mark-start]
264.677: [GC pause (young) 2090M->1990M(2256M), 0.0027274 secs]
264.908: [GC pause (young) 2092M->1987M(2256M), 0.0023390 secs]
265.137: [GC pause (young) 2097M->1986M(2256M), 0.0016203 secs]
265.549: [GC pause (young) 2096M->1989M(2256M), 0.0019266 secs]
265.990: [GC pause (young) 2096M->1993M(2256M), 0.0024898 secs]
266.429: [GC pause (young) 2097M->1997M(2256M), 0.0030629 secs]
266.871: [GC pause (young) 2100M->1999M(2256M), 0.0031251 secs]
267.355: [GC pause (young) 2102M->2005M(2256M), 0.0032008 secs]
267.562: [GC pause (young) 2104M->2002M(2256M), 0.0023749 secs]
267.812: [GC pause (young) 2112M->2002M(2256M), 0.0014898 secs]
267.909: [GC concurrent-mark-end, 3.6758729 secs]
267.910: [GC remark, 0.0053339 secs]
267.915: [GC cleanup 2044M->2025M(2256M), 0.0034519 secs]
267.919: [GC concurrent-cleanup-start]
267.919: [GC concurrent-cleanup-end, 0.0000298 secs]
268.122: [GC pause (young) 2093M->1985M(2256M), 0.0019487 secs]
268.477: [GC pause (mixed) 2093M->1984M(2256M), 0.0026825 secs]
268.839: [GC pause (young) 2088M->1987M(2256M), 0.0033897 secs]
268.847: [GC pause (young) (initial-mark) 1990M->1987M(2256M), 0.0028839 secs]
268.850: [GC concurrent-root-region-scan-start]
268.850: [GC concurrent-root-region-scan-end, 0.0000911 secs]
268.850: [GC concurrent-mark-start]
269.310: [GC pause (young) 2093M->1991M(2256M), 0.0027210 secs]
269.762: [GC pause (young) 2094M->1995M(2256M), 0.0029522 secs]
270.039: [GC pause (young) 2096M->1993M(2256M), 0.0025494 secs]
270.248: [GC pause (young) 2102M->1993M(2256M), 0.0016742 secs]
270.621: [GC pause (young) 2103M->1996M(2256M), 0.0020302 secs]
271.047: [GC pause (young) 2103M->1999M(2256M), 0.0026334 secs]
271.483: [GC pause (young) 2102M->2003M(2256M), 0.0033169 secs]
271.919: [GC pause (young) 2105M->2007M(2256M), 0.0031405 secs]
272.366: [GC pause (young) 2109M->2010M(2256M), 0.0029506 secs]
272.523: [GC concurrent-mark-end, 3.6731474 secs]
272.524: [GC remark, 0.0053095 secs]
272.529: [GC cleanup 2043M->2018M(2256M), 0.0032454 secs]
272.532: [GC concurrent-cleanup-start]
272.532: [GC concurrent-cleanup-end, 0.0000353 secs]
272.674: [GC pause (young) 2086M->1984M(2256M), 0.0025578 secs]
272.811: [GC pause (mixed) 2088M->1977M(2256M), 0.0025815 secs]
273.073: [GC pause (young) 2084M->1976M(2256M), 0.0018926 secs]
273.413: [GC pause (young) (initial-mark) 2084M->1980M(2256M), 0.0029189 secs]
273.416: [GC concurrent-root-region-scan-start]
273.417: [GC concurrent-root-region-scan-end, 0.0001979 secs]
273.417: [GC concurrent-mark-start]
273.850: [GC pause (young) 2084M->1984M(2256M), 0.0026982 secs]
274.268: [GC pause (young) 2084M->1986M(2256M), 0.0034971 secs]
274.718: [GC pause (young) 2088M->1989M(2256M), 0.0030164 secs]
275.088: [GC pause (young) 2090M->1990M(2256M), 0.0027742 secs]
275.268: [GC pause (young) 2092M->1988M(2256M), 0.0023778 secs]
275.530: [GC pause (young) 2094M->1984M(2256M), 0.0015071 secs]
275.945: [GC pause (young) 2094M->1987M(2256M), 0.0020754 secs]
276.247: [GC pause (young) 2093M->1987M(2256M), 0.0018964 secs]
276.559: [GC pause (young) 2094M->1984M(2256M), 0.0052900 secs]
276.725: [GC pause (young) 2094M->1984M(2256M), 0.0018098 secs]
276.835: [GC pause (young) 2094M->1984M(2256M), 0.0026071 secs]
276.934: [GC pause (young) 2094M->1984M(2256M), 0.0018233 secs]
277.077: [GC pause (young) 2094M->1984M(2256M), 0.0019089 secs]
277.101: [GC concurrent-mark-end, 3.6843191 secs]
277.101: [GC remark, 0.0055774 secs]
277.107: [GC cleanup 2001M->1985M(2256M), 0.0035260 secs]
277.110: [GC concurrent-cleanup-start]
277.110: [GC concurrent-cleanup-end, 0.0000231 secs]
277.214: [GC pause (young) 2078M->1968M(2256M), 0.0018304 secs]
277.410: [GC pause (mixed) 2078M->1959M(2256M), 0.0019756 secs]
277.647: [GC pause (young) 2069M->1959M(2256M), 0.0019997 secs]
278.064: [GC pause (young) (initial-mark) 2069M->1959M(2256M), 0.0022406 secs]
278.067: [GC concurrent-root-region-scan-start]
278.067: [GC concurrent-root-region-scan-end, 0.0008631 secs]
278.067: [GC concurrent-mark-start]
278.199: [GC pause (young) 2069M->1959M(2256M), 0.0020202 secs]
278.357: [GC pause (young) 2069M->1959M(2256M), 0.0018188 secs]
278.770: [GC pause (young) 2069M->1958M(2256M), 0.0018159 secs]
278.896: [GC pause (young) 2069M->1959M(2256M), 0.0018236 secs]
279.049: [GC pause (young) 2069M->1959M(2256M), 0.0017960 secs]
279.160: [GC pause (young) 2069M->1959M(2256M), 0.0019782 secs]
279.254: [GC pause (young) 2069M->1959M(2256M), 0.0017579 secs]
279.400: [GC pause (young) 2069M->1959M(2256M), 0.0018214 secs]
279.541: [GC pause (young) 2069M->1958M(2256M), 0.0014910 secs]
279.700: [GC pause (young) 2069M->1959M(2256M), 0.0023268 secs]
279.905: [GC pause (young) 2069M->1959M(2256M), 0.0015895 secs]
280.119: [GC pause (young) 2069M->1958M(2256M), 0.0015045 secs]
280.627: [GC pause (young) 2069M->1958M(2256M), 0.0016354 secs]
280.770: [GC pause (young) 2069M->1958M(2256M), 0.0016661 secs]
280.906: [GC pause (young) 2069M->1959M(2256M), 0.0017534 secs]
281.040: [GC pause (young) 2070M->1959M(2256M), 0.0016341 secs]
281.174: [GC pause (young) 2070M->1959M(2256M), 0.0020799 secs]
281.308: [GC pause (young) 2070M->1959M(2256M), 0.0016960 secs]
281.447: [GC pause (young) 2070M->1959M(2256M), 0.0016026 secs]
281.647: [GC pause (young) 2069M->1959M(2256M), 0.0018044 secs]
281.750: [GC concurrent-mark-end, 3.6827347 secs]
281.750: [GC remark, 0.0053233 secs]
281.756: [GC cleanup 1992M->1987M(2256M), 0.0033310 secs]
281.759: [GC concurrent-cleanup-start]
281.759: [GC concurrent-cleanup-end, 0.0000135 secs]
281.915: [GC pause (young) 2065M->1954M(2256M), 0.0020452 secs]
282.158: [GC pause (mixed) 2064M->1949M(2256M), 0.0018955 secs]
282.420: [GC pause (young) 2060M->1949M(2256M), 0.0018980 secs]
282.832: [GC pause (young) (initial-mark) 2060M->1949M(2256M), 0.0019416 secs]
282.834: [GC concurrent-root-region-scan-start]
282.834: [GC concurrent-root-region-scan-end, 0.0003679 secs]
282.834: [GC concurrent-mark-start]
283.512: [GC pause (young) 2060M->1949M(2256M), 0.0019224 secs]
283.636: [GC pause (young) 2059M->1949M(2256M), 0.0018130 secs]
283.757: [GC pause (young) 2059M->1949M(2256M), 0.0017056 secs]
283.881: [GC pause (young) 2060M->1950M(2256M), 0.0019577 secs]
284.006: [GC pause (young) 2060M->1950M(2256M), 0.0019397 secs]
284.131: [GC pause (young) 2060M->1950M(2256M), 0.0019070 secs]
286.484: [GC concurrent-mark-end, 3.6496693 secs]
286.484: [GC remark, 0.0056918 secs]
286.490: [GC cleanup 2041M->2041M(2256M), 0.0033445 secs]
654.641: [GC pause (young) 2060M->1954M(2256M), 0.0034250 secs]
888.955: [GC pause (young) (initial-mark) 1989M->1954M(2256M), 0.0037342 secs]
888.959: [GC concurrent-root-region-scan-start]
888.960: [GC concurrent-root-region-scan-end, 0.0008980 secs]
888.960: [GC concurrent-mark-start]
891.170: [GC pause (young) 2060M->1985M(2256M), 0.0262110 secs]
891.982: [GC pause (young) 2083M->2011M(2256M), 0.0374991 secs]
892.677: [GC pause (young) 2109M->2034M(2256M), 0.0390649 secs]
892.827: [GC concurrent-mark-end, 3.8671398 secs]
892.827: [GC remark, 0.0062833 secs]
892.833: [GC cleanup 2095M->2095M(2256M), 0.0037553 secs]
893.329: [GC pause (young) 2140M->2045M(2256M), 0.0251176 secs]
893.704: [GC pause (mixed) 2144M->2067M(2256M), 0.0294172 secs]
894.347: [GC pause (young) 2165M->2097M(2256M), 0.0433276 secs]
894.978: [GC pause (young) (initial-mark) 2195M->2117M(2256M), 0.0394459 secs]
895.017: [GC concurrent-root-region-scan-start]
895.036: [GC concurrent-root-region-scan-end, 0.0186522 secs]
895.036: [GC concurrent-mark-start]
895.699: [GC pause (young) 2215M->2124M(2256M), 0.0280510 secs]
896.068: [GC pause (young) 2222M->2145M(2275M), 0.0316161 secs]
896.745: [GC pause (young) 2244M->2177M(2307M), 0.0446448 secs]
897.398: [GC pause (young) 2277M->2198M(2331M), 0.0419966 secs]
898.398: [GC pause (young) 2299M->2211M(2344M), 0.0344894 secs]
899.022: [GC pause (young) 2313M->2235M(2369M), 0.0391114 secs]
899.074: [GC concurrent-mark-end, 4.0377159 secs]
899.074: [GC remark, 0.0058198 secs]
899.080: [GC cleanup 2237M->2203M(2369M), 0.0036569 secs]
899.084: [GC concurrent-cleanup-start]
899.084: [GC concurrent-cleanup-end, 0.0000366 secs]
899.665: [GC pause (young) 2304M->2225M(2369M), 0.0416348 secs]
900.410: [GC pause (mixed) 2328M->2201M(2394M), 0.0525249 secs]
901.574: [GC pause (young) 2305M->2235M(2394M), 0.0527379 secs]
902.335: [GC pause (young) (initial-mark) 2339M->2265M(2402M), 0.0526628 secs]
902.387: [GC concurrent-root-region-scan-start]
902.408: [GC concurrent-root-region-scan-end, 0.0209585 secs]
902.408: [GC concurrent-mark-start]
902.956: [GC pause (young) 2370M->2288M(2426M), 0.0435774 secs]
903.472: [GC pause (young) 2394M->2310M(2449M), 0.0371781 secs]
904.421: [GC pause (young) 2416M->2340M(2480M), 0.0522266 secs]
905.313: [GC pause (young) 2448M->2362M(2503M), 0.0443933 secs]
906.182: [GC pause (young) 2471M->2382M(2524M), 0.0385325 secs]
906.609: [GC concurrent-mark-end, 4.2006531 secs]
906.609: [GC remark, 0.0065113 secs]
906.616: [GC cleanup 2445M->2387M(2524M), 0.0039301 secs]
906.620: [GC concurrent-cleanup-start]
906.620: [GC concurrent-cleanup-end, 0.0000523 secs]
907.186: [GC pause (young) 2434M->2334M(2524M), 0.0353868 secs]
907.840: [GC pause (mixed) 2444M->2281M(2524M), 0.0491718 secs]
908.460: [GC pause (young) 2391M->2306M(2524M), 0.0563511 secs]
908.940: [GC pause (young) (initial-mark) 2416M->2337M(2524M), 0.0447240 secs]
908.985: [GC concurrent-root-region-scan-start]
909.004: [GC concurrent-root-region-scan-end, 0.0190480 secs]
909.004: [GC concurrent-mark-start]
909.828: [GC pause (young) 2447M->2370M(2524M), 0.0508915 secs]
910.493: [GC pause (young) 2480M->2392M(2535M), 0.0478549 secs]
911.146: [GC pause (young) 2502M->2412M(2556M), 0.0374978 secs]
911.836: [GC pause (young) 2523M->2417M(2561M), 0.0276180 secs]
912.534: [GC pause (young) 2530M->2455M(2600M), 0.0519880 secs]
913.240: [GC pause (young) 2569M->2493M(2640M), 0.0669372 secs]
913.351: [GC concurrent-mark-end, 4.3471229 secs]
913.351: [GC remark, 0.0092095 secs]
913.360: [GC cleanup 2500M->2442M(2640M), 0.0041270 secs]
913.365: [GC concurrent-cleanup-start]
913.365: [GC concurrent-cleanup-end, 0.0000536 secs]
913.817: [GC pause (young) 2550M->2451M(2640M), 0.0415877 secs]
914.516: [GC pause (mixed) 2566M->2361M(2640M), 0.0544576 secs]
915.161: [GC pause (young) 2476M->2381M(2640M), 0.0479630 secs]
915.780: [GC pause (young) (initial-mark) 2496M->2403M(2640M), 0.0377281 secs]
915.818: [GC concurrent-root-region-scan-start]
915.840: [GC concurrent-root-region-scan-end, 0.0219592 secs]
915.840: [GC concurrent-mark-start]
916.601: [GC pause (young) 2518M->2408M(2640M), 0.0302206 secs]
917.277: [GC pause (young) 2525M->2445M(2640M), 0.0498735 secs]
917.935: [GC pause (young) 2560M->2483M(2640M), 0.0584624 secs]
918.491: [GC pause (young) 2598M->2495M(2644M), 0.0387660 secs]
919.219: [GC pause (young) 2610M->2517M(2666M), 0.0407467 secs]
919.986: [GC pause (young) 2633M->2538M(2688M), 0.0403259 secs]
920.302: [GC concurrent-mark-end, 4.4613277 secs]
920.302: [GC remark, 0.0071431 secs]
920.309: [GC cleanup 2583M->2543M(2688M), 0.0040049 secs]
920.313: [GC concurrent-cleanup-start]
920.313: [GC concurrent-cleanup-end, 0.0000433 secs]
920.731: [GC pause (young) 2615M->2519M(2688M), 0.0370110 secs]
921.650: [GC pause (mixed) 2636M->2413M(2706M), 0.0657252 secs]
922.323: [GC pause (young) 2531M->2435M(2706M), 0.0473039 secs]
922.997: [GC pause (young) (initial-mark) 2553M->2456M(2706M), 0.0378022 secs]
923.035: [GC concurrent-root-region-scan-start]
923.058: [GC concurrent-root-region-scan-end, 0.0226279 secs]
923.058: [GC concurrent-mark-start]
923.363: [GC pause (young) 2574M->2462M(2706M), 0.0234592 secs]
924.067: [GC pause (young) 2580M->2483M(2706M), 0.0331889 secs]
924.734: [GC pause (young) 2601M->2506M(2706M), 0.0399270 secs]
925.385: [GC pause (young) 2624M->2528M(2706M), 0.0433904 secs]
926.310: [GC pause (young) 2646M->2551M(2706M), 0.0429732 secs]
926.951: [GC pause (young) 2669M->2573M(2726M), 0.0438494 secs]
927.614: [GC concurrent-mark-end, 4.5565532 secs]
927.614: [GC remark, 0.0076787 secs]
927.622: [GC cleanup 2687M->2655M(2726M), 0.0039773 secs]
927.626: [GC concurrent-cleanup-start]
927.626: [GC concurrent-cleanup-end, 0.0000346 secs]
927.631: [GC pause (young) 2660M->2562M(2726M), 0.0371190 secs]
928.508: [GC pause (mixed) 2681M->2469M(2755M), 0.0598348 secs]
929.162: [GC pause (young) 2589M->2489M(2755M), 0.0476528 secs]
929.808: [GC pause (young) (initial-mark) 2608M->2508M(2755M), 0.0392874 secs]
929.847: [GC concurrent-root-region-scan-start]
929.872: [GC concurrent-root-region-scan-end, 0.0243242 secs]
929.872: [GC concurrent-mark-start]
930.452: [GC pause (young) 2627M->2507M(2755M), 0.0237700 secs]
931.270: [GC pause (young) 2632M->2548M(2755M), 0.0497170 secs]
931.986: [GC pause (young) 2667M->2587M(2755M), 0.0614846 secs]
932.409: [GC pause (young) 2706M->2596M(2755M), 0.0359818 secs]
933.106: [GC pause (young) 2715M->2616M(2770M), 0.0384837 secs]
933.759: [GC pause (young) 2736M->2635M(2791M), 0.0417535 secs]
934.602: [GC pause (young) 2756M->2656M(2813M), 0.0470178 secs]
934.653: [GC concurrent-mark-end, 4.7809657 secs]
934.653: [GC remark, 0.0067445 secs]
934.660: [GC cleanup 2658M->2625M(2813M), 0.0042723 secs]
934.664: [GC concurrent-cleanup-start]
934.664: [GC concurrent-cleanup-end, 0.0000545 secs]
935.459: [GC pause (young) 2745M->2646M(2813M), 0.0426496 secs]
936.124: [GC pause (mixed) 2768M->2576M(2834M), 0.0561888 secs]
936.860: [GC pause (young) 2699M->2596M(2834M), 0.0448359 secs]
937.823: [GC pause (young) (initial-mark) 2719M->2617M(2834M), 0.0392666 secs]
937.862: [GC concurrent-root-region-scan-start]
937.886: [GC concurrent-root-region-scan-end, 0.0239996 secs]
937.886: [GC concurrent-mark-start]
938.545: [GC pause (young) 2740M->2637M(2834M), 0.0381069 secs]
939.302: [GC pause (young) 2760M->2657M(2834M), 0.0380405 secs]
940.191: [GC pause (young) 2780M->2678M(2837M), 0.0383798 secs]
940.880: [GC pause (young) 2801M->2698M(2857M), 0.0389189 secs]
941.568: [GC pause (young) 2822M->2718M(2877M), 0.0394892 secs]
942.279: [GC pause (young) 2843M->2727M(2887M), 0.0336591 secs]
942.749: [GC concurrent-mark-end, 4.8630098 secs]
942.749: [GC remark, 0.0071909 secs]
942.757: [GC cleanup 2833M->2793M(2887M), 0.0048506 secs]
942.762: [GC concurrent-cleanup-start]
942.762: [GC concurrent-cleanup-end, 0.0000362 secs]
942.990: [GC pause (young) 2813M->2726M(2887M), 0.0518658 secs]
943.697: [GC pause (mixed) 2852M->2638M(2922M), 0.0695135 secs]
944.343: [GC pause (young) 2766M->2641M(2922M), 0.0388644 secs]
945.417: [GC pause (young) (initial-mark) 2772M->2688M(2922M), 0.0535750 secs]
945.471: [GC concurrent-root-region-scan-start]
945.494: [GC concurrent-root-region-scan-end, 0.0225849 secs]
945.494: [GC concurrent-mark-start]
946.254: [GC pause (young) 2815M->2712M(2922M), 0.0505602 secs]
946.929: [GC pause (young) 2839M->2710M(2922M), 0.0291135 secs]
947.903: [GC pause (young) 2845M->2761M(2925M), 0.0550288 secs]
948.656: [GC pause (young) 2888M->2787M(2950M), 0.0546500 secs]
949.311: [GC pause (young) 2915M->2784M(2950M), 0.0289028 secs]
950.354: [GC pause (young) 2921M->2833M(2997M), 0.0619452 secs]
950.568: [GC concurrent-mark-end, 5.0744751 secs]
950.568: [GC remark, 0.0071329 secs]
950.575: [GC cleanup 2920M->2908M(2997M), 0.0042085 secs]
950.580: [GC concurrent-cleanup-start]
950.580: [GC concurrent-cleanup-end, 0.0000160 secs]
951.260: [GC pause (young) 2951M->2850M(3016M), 0.0542578 secs]
952.011: [GC pause (mixed) 2981M->2745M(3032M), 0.0546875 secs]
953.027: [GC pause (young) 2880M->2771M(3032M), 0.0427698 secs]
953.710: [GC pause (young) (initial-mark) 2903M->2791M(3032M), 0.0395774 secs]
953.749: [GC concurrent-root-region-scan-start]
953.774: [GC concurrent-root-region-scan-end, 0.0250859 secs]
953.774: [GC concurrent-mark-start]
954.553: [GC pause (young) 2923M->2801M(3032M), 0.0342627 secs]
955.363: [GC pause (young) 2933M->2822M(3032M), 0.0359170 secs]
956.059: [GC pause (young) 2954M->2842M(3032M), 0.0386758 secs]
956.941: [GC pause (young) 2974M->2857M(3032M), 0.0374301 secs]
957.681: [GC pause (young) 2989M->2878M(3046M), 0.0397512 secs]
958.385: [GC pause (young) 3011M->2899M(3069M), 0.0428154 secs]
958.902: [GC concurrent-mark-end, 5.1271572 secs]
958.902: [GC remark, 0.0083885 secs]
958.910: [GC cleanup 3012M->2986M(3069M), 0.0058092 secs]
958.916: [GC concurrent-cleanup-start]
958.916: [GC concurrent-cleanup-end, 0.0000359 secs]
959.248: [GC pause (young) 3007M->2886M(3069M), 0.0357704 secs]
960.012: [GC pause (mixed) 3019M->2767M(3091M), 0.0553710 secs]
960.661: [GC pause (young) 2901M->2787M(3091M), 0.0486955 secs]
961.535: [GC pause (young) (initial-mark) 2921M->2803M(3091M), 0.0388737 secs]
961.574: [GC concurrent-root-region-scan-start]
961.601: [GC concurrent-root-region-scan-end, 0.0268678 secs]
961.601: [GC concurrent-mark-start]
962.230: [GC pause (young) 2937M->2823M(3091M), 0.0397089 secs]
962.942: [GC pause (young) 2957M->2842M(3091M), 0.0386207 secs]
963.887: [GC pause (young) 2976M->2862M(3091M), 0.0391280 secs]
964.683: [GC pause (young) 2996M->2882M(3091M), 0.0394087 secs]
965.398: [GC pause (young) 3016M->2900M(3091M), 0.0389828 secs]
966.437: [GC pause (young) 3034M->2920M(3091M), 0.0396274 secs]
966.889: [GC concurrent-mark-end, 5.2875928 secs]
966.889: [GC remark, 0.0075395 secs]
966.896: [GC cleanup 3000M->2999M(3091M), 0.0050401 secs]
966.901: [GC concurrent-cleanup-start]
966.901: [GC concurrent-cleanup-end, 0.0000170 secs]
967.112: [GC pause (young) 3053M->2939M(3110M), 0.0419154 secs]
967.788: [GC pause (mixed) 3074M->2855M(3155M), 0.0711396 secs]
968.748: [GC pause (young) 2992M->2876M(3155M), 0.0496022 secs]
969.445: [GC pause (young) (initial-mark) 3013M->2896M(3155M), 0.0435104 secs]
969.488: [GC concurrent-root-region-scan-start]
969.515: [GC concurrent-root-region-scan-end, 0.0264323 secs]
969.515: [GC concurrent-mark-start]
970.127: [GC pause (young) 3033M->2917M(3155M), 0.0405007 secs]
971.089: [GC pause (young) 3054M->2938M(3155M), 0.0425081 secs]
971.753: [GC pause (young) 3075M->2958M(3155M), 0.0431310 secs]
972.685: [GC pause (young) 3095M->2966M(3155M), 0.0320715 secs]
973.437: [GC pause (young) 3103M->2987M(3161M), 0.0399395 secs]
974.419: [GC pause (young) 3125M->3017M(3193M), 0.0588066 secs]
974.994: [GC concurrent-mark-end, 5.4789395 secs]
974.994: [GC remark, 0.0076143 secs]
975.002: [GC cleanup 3139M->3136M(3193M), 0.0047432 secs]
975.006: [GC concurrent-cleanup-start]
975.006: [GC concurrent-cleanup-end, 0.0000093 secs]
975.023: [GC pause (young) 3153M->3023M(3200M), 0.0390777 secs]
976.015: [GC pause (mixed) 3163M->2952M(3246M), 0.0785633 secs]
976.853: [GC pause (young) 3094M->2974M(3246M), 0.0556670 secs]
977.662: [GC pause (young) (initial-mark) 3115M->2983M(3246M), 0.0435354 secs]
977.706: [GC concurrent-root-region-scan-start]
977.733: [GC concurrent-root-region-scan-end, 0.0274798 secs]
977.733: [GC concurrent-mark-start]
978.481: [GC pause (young) 3124M->3003M(3246M), 0.0372380 secs]
979.178: [GC pause (young) 3144M->3023M(3246M), 0.0409712 secs]
980.201: [GC pause (young) 3164M->3042M(3246M), 0.0410986 secs]
980.972: [GC pause (young) 3183M->3062M(3246M), 0.0408195 secs]
981.697: [GC pause (young) 3203M->3080M(3259M), 0.0438718 secs]
982.736: [GC pause (young) 3221M->3099M(3279M), 0.0460447 secs]
983.338: [GC concurrent-mark-end, 5.6046053 secs]
983.338: [GC remark, 0.0083808 secs]
983.347: [GC cleanup 3161M->3113M(3279M), 0.0052101 secs]
983.352: [GC concurrent-cleanup-start]
983.352: [GC concurrent-cleanup-end, 0.0000452 secs]
983.421: [GC pause (young) 3193M->3070M(3279M), 0.0431560 secs]
984.347: [GC pause (mixed) 3212M->3008M(3279M), 0.0412442 secs]
985.250: [GC pause (young) 3150M->3032M(3279M), 0.0511179 secs]
986.195: [GC pause (young) (initial-mark) 3174M->3053M(3279M), 0.0546529 secs]
986.249: [GC concurrent-root-region-scan-start]
986.274: [GC concurrent-root-region-scan-end, 0.0247264 secs]
986.274: [GC concurrent-mark-start]
986.953: [GC pause (young) 3195M->3055M(3279M), 0.0384661 secs]
987.939: [GC pause (young) 3203M->3082M(3279M), 0.0374991 secs]
988.844: [GC pause (young) 3224M->3102M(3283M), 0.0417018 secs]
990.036: [GC pause (young) 3245M->3121M(3302M), 0.0446172 secs]
990.810: [GC pause (young) 3265M->3139M(3322M), 0.0455845 secs]
991.699: [GC pause (young) 3284M->3162M(3345M), 0.0519386 secs]
992.066: [GC concurrent-mark-end, 5.7917509 secs]
992.066: [GC remark, 0.0083061 secs]
992.075: [GC cleanup 3231M->3202M(3345M), 0.0050167 secs]
992.080: [GC concurrent-cleanup-start]
992.080: [GC concurrent-cleanup-end, 0.0000305 secs]
992.700: [GC pause (young) 3279M->3155M(3345M), 0.0461307 secs]
993.431: [GC pause (mixed) 3301M->3112M(3366M), 0.0604015 secs]
994.420: [GC pause (young) 3259M->3119M(3366M), 0.0387647 secs]
995.433: [GC pause (young) (initial-mark) 3267M->3145M(3366M), 0.0456442 secs]
995.479: [GC concurrent-root-region-scan-start]
995.506: [GC concurrent-root-region-scan-end, 0.0265920 secs]
995.506: [GC concurrent-mark-start]
998.626: [GC pause (young) 3292M->3167M(3366M), 0.0460611 secs]
999.792: [GC pause (young) 3314M->3171M(3366M), 0.0397166 secs]
1001.213: [GC pause (young) 3323M->3198M(3383M), 0.0448510 secs]
1001.311: [GC concurrent-mark-end, 5.8051385 secs]
1001.311: [GC remark, 0.0090492 secs]
1001.320: [GC cleanup 3240M->3219M(3383M), 0.0053195 secs]
1001.326: [GC concurrent-cleanup-start]
1001.326: [GC concurrent-cleanup-end, 0.0000237 secs]
1001.997: [GC pause (young) 3325M->3197M(3384M), 0.0441368 secs]
1003.172: [GC pause (mixed) 3344M->3142M(3416M), 0.0710370 secs]
1004.209: [GC pause (young) 3290M->3161M(3416M), 0.0536003 secs]
1005.212: [GC pause (young) (initial-mark) 3309M->3184M(3416M), 0.0493058 secs]
1005.261: [GC concurrent-root-region-scan-start]
1005.289: [GC concurrent-root-region-scan-end, 0.0272662 secs]
1005.289: [GC concurrent-mark-start]
1006.178: [GC pause (young) 3332M->3205M(3416M), 0.0477904 secs]
1008.130: [GC pause (young) 3353M->3247M(3434M), 0.0702634 secs]
1008.675: [GC pause (young) 3396M->3258M(3446M), 0.0490082 secs]
1009.984: [GC pause (young) 3408M->3278M(3467M), 0.0455268 secs]
1010.910: [GC pause (young) 3429M->3298M(3488M), 0.0472272 secs]
1011.374: [GC concurrent-mark-end, 6.0852135 secs]
1011.374: [GC remark, 0.0096252 secs]
1011.384: [GC cleanup 3389M->3373M(3488M), 0.0051665 secs]
1011.389: [GC concurrent-cleanup-start]
1011.389: [GC concurrent-cleanup-end, 0.0000212 secs]
1012.004: [GC pause (young) 3434M->3301M(3492M), 0.0464588 secs]
1012.757: [GC pause (mixed) 3453M->3272M(3517M), 0.0527247 secs]
1013.731: [GC pause (young) 3425M->3279M(3517M), 0.0376251 secs]
1014.832: [GC pause (young) (initial-mark) 3433M->3314M(3517M), 0.0540525 secs]
1014.886: [GC concurrent-root-region-scan-start]
1014.914: [GC concurrent-root-region-scan-end, 0.0277921 secs]
1014.914: [GC concurrent-mark-start]
1015.665: [GC pause (young) 3467M->3335M(3527M), 0.0506801 secs]
1016.663: [GC pause (young) 3489M->3356M(3549M), 0.0554438 secs]
1017.425: [GC pause (young) 3511M->3375M(3570M), 0.0453135 secs]
1018.450: [GC pause (young) 3530M->3381M(3577M), 0.0457792 secs]
1019.531: [GC pause (young) 3537M->3408M(3603M), 0.0566215 secs]
1020.787: [GC pause (young) 3565M->3428M(3626M), 0.0492337 secs]
1021.291: [GC concurrent-mark-end, 6.3772592 secs]
1021.291: [GC remark, 0.0084699 secs]
1021.300: [GC cleanup 3544M->3514M(3626M), 0.0054359 secs]
1021.306: [GC concurrent-cleanup-start]
1021.306: [GC concurrent-cleanup-end, 0.0000276 secs]
1021.795: [GC pause (young) 3556M->3418M(3626M), 0.0522674 secs]
1022.511: [GC pause (mixed) 3576M->3374M(3641M), 0.0526930 secs]
1023.581: [GC pause (young) 3533M->3382M(3641M), 0.0401803 secs]
1024.651: [GC pause (young) (initial-mark) 3542M->3415M(3641M), 0.0543604 secs]
1024.705: [GC concurrent-root-region-scan-start]
1024.735: [GC concurrent-root-region-scan-end, 0.0300179 secs]
1024.735: [GC concurrent-mark-start]
1025.554: [GC pause (young) 3574M->3436M(3641M), 0.0502119 secs]
1026.670: [GC pause (young) 3595M->3457M(3657M), 0.0549092 secs]
1027.405: [GC pause (young) 3616M->3478M(3677M), 0.0475056 secs]
1028.452: [GC pause (young) 3638M->3489M(3689M), 0.0526763 secs]
1029.285: [GC pause (young) 3650M->3511M(3713M), 0.0484546 secs]
1030.478: [GC pause (young) 3673M->3534M(3737M), 0.0504579 secs]
1031.292: [GC concurrent-mark-end, 6.5562658 secs]
1031.292: [GC remark, 0.0098269 secs]
1031.302: [GC cleanup 3676M->3647M(3737M), 0.0062640 secs]
1031.308: [GC concurrent-cleanup-start]
1031.308: [GC concurrent-cleanup-end, 0.0000536 secs]
1031.734: [GC pause (young) 3667M->3523M(3737M), 0.0531872 secs]
1032.490: [GC pause (mixed) 3685M->3478M(3755M), 0.0553492 secs]
1033.649: [GC pause (young) 3641M->3498M(3755M), 0.0506663 secs]
1034.376: [GC pause (young) (initial-mark) 3661M->3515M(3755M), 0.0447346 secs]
1034.421: [GC concurrent-root-region-scan-start]
1034.452: [GC concurrent-root-region-scan-end, 0.0317870 secs]
1034.453: [GC concurrent-mark-start]
1035.577: [GC pause (young) 3678M->3535M(3755M), 0.0454289 secs]
1036.522: [GC pause (young) 3698M->3540M(3755M), 0.0438148 secs]
1037.481: [GC pause (young) 3710M->3569M(3774M), 0.0475108 secs]
1038.650: [GC pause (young) 3733M->3611M(3816M), 0.0707775 secs]
1039.442: [GC pause (young) 3777M->3629M(3836M), 0.0512834 secs]
1040.684: [GC pause (young) 3796M->3650M(3858M), 0.0521227 secs]
1041.188: [GC concurrent-mark-end, 6.7357545 secs]
1041.188: [GC remark, 0.0100636 secs]
1041.199: [GC cleanup 3721M->3700M(3858M), 0.0064221 secs]
1041.205: [GC concurrent-cleanup-start]
1041.205: [GC concurrent-cleanup-end, 0.0000237 secs]
1041.694: [GC pause (young) 3797M->3636M(3858M), 0.0482163 secs]
1042.560: [GC pause (mixed) 3807M->3587M(3879M), 0.0586234 secs]
1043.825: [GC pause (young) 3756M->3607M(3879M), 0.0467779 secs]
1044.691: [GC pause (young) (initial-mark) 3775M->3628M(3879M), 0.0516404 secs]
1044.743: [GC concurrent-root-region-scan-start]
1044.776: [GC concurrent-root-region-scan-end, 0.0331193 secs]
1044.776: [GC concurrent-mark-start]
1045.710: [GC pause (young) 3796M->3649M(3879M), 0.0484412 secs]
1046.862: [GC pause (young) 3817M->3666M(3879M), 0.0571593 secs]
1047.597: [GC pause (young) 3834M->3686M(3897M), 0.0486923 secs]
1048.648: [GC pause (young) 3855M->3699M(3911M), 0.0448276 secs]
1049.813: [GC pause (young) 3869M->3735M(3948M), 0.0681152 secs]
1050.621: [GC pause (young) 3907M->3754M(3968M), 0.0466300 secs]
1051.781: [GC concurrent-mark-end, 7.0049991 secs]
1051.781: [GC remark, 0.0102304 secs]
1051.792: [GC cleanup 3922M->3915M(3968M), 0.0073259 secs]
1051.799: [GC concurrent-cleanup-start]
1051.799: [GC concurrent-cleanup-end, 0.0000196 secs]
1051.804: [GC pause (young) 3920M->3766M(3982M), 0.0570291 secs]
1053.066: [GC pause (mixed) 3940M->3711M(4011M), 0.0595532 secs]
1054.148: [GC pause (young) 3886M->3731M(4011M), 0.0532882 secs]
1054.847: [GC pause (young) (initial-mark) 3906M->3749M(4011M), 0.0469242 secs]
1054.894: [GC concurrent-root-region-scan-start]
1054.927: [GC concurrent-root-region-scan-end, 0.0326155 secs]
1054.927: [GC concurrent-mark-start]
1055.958: [GC pause (young) 3924M->3760M(4011M), 0.0410039 secs]
1057.395: [GC pause (young) 3935M->3782M(4011M), 0.0448661 secs]
1058.489: [GC pause (young) 3957M->3816M(4034M), 0.0666280 secs]
1059.334: [GC pause (young) 3992M->3837M(4055M), 0.0519088 secs]
1060.528: [GC pause (young) 4013M->3860M(4079M), 0.0567979 secs]
1061.751: [GC pause (young)-- 4037M->3886M(4096M), 0.1204942 secs]
1062.294: [GC concurrent-mark-end, 7.3669704 secs]
1062.294: [GC remark, 0.0100094 secs]
1062.304: [GC cleanup 3977M->3964M(4096M), 0.0075581 secs]
1062.312: [GC concurrent-cleanup-start]
1062.312: [GC concurrent-cleanup-end, 0.0000192 secs]
1062.531: [GC pause (young)-- 4051M->3936M(4096M), 0.2074556 secs]
1063.723: [GC pause (mixed)-- 4079M->4079M(4096M), 0.5884647 secs]
1064.384: [GC pause (young) 4079M->4079M(4096M), 0.0016055 secs]
1064.386: [GC pause (young) (initial-mark) 4079M->4079M(4096M), 0.0016883 secs]
1064.388: [GC concurrent-root-region-scan-start]
1064.388: [GC concurrent-root-region-scan-end, 0.0000055 secs]
1064.388: [GC concurrent-mark-start]
1064.421: [Full GC 4079M->3191M(4096M), 7.4797509 secs]
1071.901: [GC concurrent-mark-abort]
1074.264: [GC pause (young) 3617M->3240M(4096M), 0.0458978 secs]
1076.443: [GC pause (young) (initial-mark) 3616M->3281M(4096M), 0.0802199 secs]
1076.523: [GC concurrent-root-region-scan-start]
1076.588: [GC concurrent-root-region-scan-end, 0.0654336 secs]
1076.588: [GC concurrent-mark-start]
1077.978: [GC pause (young) 3609M->3277M(4096M), 0.0615795 secs]
1079.503: [GC pause (young) 3618M->3286M(4096M), 0.0387332 secs]
1080.716: [GC pause (young) 3622M->3276M(4096M), 0.0197818 secs]
1082.212: [GC pause (young) 3631M->3288M(4096M), 0.0209704 secs]
1083.326: [GC pause (young) 3634M->3283M(4096M), 0.0029840 secs]
1084.009: [GC concurrent-mark-end, 7.4203539 secs]
1084.009: [GC remark, 0.0105633 secs]
1084.020: [GC cleanup 3468M->3468M(4096M), 0.0067855 secs]
1084.606: [GC pause (young) 3641M->3288M(4096M), 0.0032977 secs]
1084.894: [GC pause (young) (initial-mark) 3371M->3289M(4096M), 0.0038153 secs]
1084.898: [GC concurrent-root-region-scan-start]
1084.898: [GC concurrent-root-region-scan-end, 0.0002348 secs]
1084.898: [GC concurrent-mark-start]
1085.937: [GC pause (young) 3641M->3277M(4096M), 0.0018451 secs]
1087.441: [GC pause (young) 3645M->3291M(4096M), 0.0041665 secs]
1088.537: [GC pause (young) 3643M->3277M(4096M), 0.0017762 secs]
1088.662: [GC concurrent-mark-end, 3.7639668 secs]
1088.662: [GC remark, 0.0052284 secs]
1088.668: [GC cleanup 3317M->1947M(4096M), 0.0062310 secs]
1088.674: [GC concurrent-cleanup-start]
1088.675: [GC concurrent-cleanup-end, 0.0014869 secs]
1089.751: [GC pause (young) 2277M->1923M(4096M), 0.0034859 secs]
1089.965: [GC pause (young) (initial-mark) 1983M->1921M(4096M), 0.0036838 secs]
1089.969: [GC concurrent-root-region-scan-start]
1089.969: [GC concurrent-root-region-scan-end, 0.0001729 secs]
1089.969: [GC concurrent-mark-start]
1093.728: [GC concurrent-mark-end, 3.7596258 secs]
1093.728: [GC remark, 0.0050222 secs]
1093.734: [GC cleanup 3038M->3035M(4096M), 0.0040270 secs]
1093.738: [GC concurrent-cleanup-start]
1093.738: [GC concurrent-cleanup-end, 0.0000122 secs]
1095.584: [GC pause (young) 3630M->1921M(4096M), 0.0052544 secs]
1096.725: [GC pause (young) (initial-mark) 2340M->1920M(4096M), 0.0041976 secs]
1096.729: [GC concurrent-root-region-scan-start]
1096.729: [GC concurrent-root-region-scan-end, 0.0002646 secs]
1096.729: [GC concurrent-mark-start]
1100.466: [GC concurrent-mark-end, 3.7362173 secs]
1100.466: [GC remark, 0.0051165 secs]
1100.471: [GC cleanup 2953M->2948M(4096M), 0.0040914 secs]
1100.475: [GC concurrent-cleanup-start]
1100.475: [GC concurrent-cleanup-end, 0.0000160 secs]
1102.575: [GC pause (young) 3650M->1925M(4096M), 0.0058240 secs]
1103.855: [GC pause (young) (initial-mark) 2451M->1919M(4096M), 0.0037217 secs]
1103.858: [GC concurrent-root-region-scan-start]
1103.859: [GC concurrent-root-region-scan-end, 0.0002601 secs]
1103.859: [GC concurrent-mark-start]
1107.115: [GC pause (young) 3653M->1925M(4096M), 0.0052246 secs]
1107.647: [GC concurrent-mark-end, 3.7884318 secs]
1107.647: [GC remark, 0.0051091 secs]
1107.652: [GC cleanup 2376M->2372M(4096M), 0.0041918 secs]
1107.657: [GC concurrent-cleanup-start]
1107.657: [GC concurrent-cleanup-end, 0.0000157 secs]
1109.988: [GC pause (young) 3645M->1925M(4096M), 0.0055004 secs]
1111.320: [GC pause (young) (initial-mark) 2455M->1919M(4096M), 0.0038365 secs]
1111.324: [GC concurrent-root-region-scan-start]
1111.324: [GC concurrent-root-region-scan-end, 0.0002543 secs]
1111.324: [GC concurrent-mark-start]
1115.049: [GC concurrent-mark-end, 3.7251835 secs]
1115.049: [GC remark, 0.0051607 secs]
1115.055: [GC cleanup 2896M->2891M(4096M), 0.0040286 secs]
1115.059: [GC concurrent-cleanup-start]
1115.059: [GC concurrent-cleanup-end, 0.0000154 secs]
1117.165: [GC pause (young) 3649M->1923M(4096M), 0.0055568 secs]
1118.574: [GC pause (young) (initial-mark) 2463M->1919M(4096M), 0.0039786 secs]
1118.578: [GC concurrent-root-region-scan-start]
1118.578: [GC concurrent-root-region-scan-end, 0.0002235 secs]
1118.578: [GC concurrent-mark-start]
1122.291: [GC concurrent-mark-end, 3.7128126 secs]
1122.291: [GC remark, 0.0052165 secs]
1122.296: [GC cleanup 2907M->2903M(4096M), 0.0041072 secs]
1122.301: [GC concurrent-cleanup-start]
1122.301: [GC concurrent-cleanup-end, 0.0000148 secs]
1124.385: [GC pause (young) 3649M->1925M(4096M), 0.0057072 secs]
1125.817: [GC pause (young) (initial-mark) 2467M->1920M(4096M), 0.0039510 secs]
1125.821: [GC concurrent-root-region-scan-start]
1125.822: [GC concurrent-root-region-scan-end, 0.0002348 secs]
1125.822: [GC concurrent-mark-start]
1128.918: [GC pause (young) 3651M->1925M(4096M), 0.0051380 secs]
1129.593: [GC concurrent-mark-end, 3.7709415 secs]
1129.593: [GC remark, 0.0050520 secs]
1129.598: [GC cleanup 2481M->2477M(4096M), 0.0039622 secs]
1129.602: [GC concurrent-cleanup-start]
1129.602: [GC concurrent-cleanup-end, 0.0000151 secs]
1131.790: [GC pause (young) 3643M->1926M(4096M), 0.0059378 secs]
1133.152: [GC pause (young) (initial-mark) 2445M->1919M(4096M), 0.0039686 secs]
1133.156: [GC concurrent-root-region-scan-start]
1133.156: [GC concurrent-root-region-scan-end, 0.0002425 secs]
1133.157: [GC concurrent-mark-start]
1136.894: [GC concurrent-mark-end, 3.7377593 secs]
1136.894: [GC remark, 0.0053342 secs]
1136.900: [GC cleanup 2920M->2915M(4096M), 0.0043474 secs]
1136.904: [GC concurrent-cleanup-start]
1136.904: [GC concurrent-cleanup-end, 0.0000138 secs]
1138.975: [GC pause (young) 3649M->1926M(4096M), 0.0059003 secs]
1140.408: [GC pause (young) (initial-mark) 2470M->1919M(4096M), 0.0039314 secs]
1140.412: [GC concurrent-root-region-scan-start]
1140.412: [GC concurrent-root-region-scan-end, 0.0002328 secs]
1140.412: [GC concurrent-mark-start]
1144.158: [GC concurrent-mark-end, 3.7458678 secs]
1144.158: [GC remark, 0.0051283 secs]
1144.164: [GC cleanup 2900M->2895M(4096M), 0.0041970 secs]
1144.168: [GC concurrent-cleanup-start]
1144.168: [GC concurrent-cleanup-end, 0.0000160 secs]
1146.269: [GC pause (young) 3649M->1926M(4096M), 0.0060017 secs]
1147.705: [GC pause (young) (initial-mark) 2467M->1920M(4096M), 0.0038451 secs]
1147.709: [GC concurrent-root-region-scan-start]
1147.710: [GC concurrent-root-region-scan-end, 0.0002194 secs]
1147.710: [GC concurrent-mark-start]
1151.437: [GC concurrent-mark-end, 3.7279606 secs]
1151.438: [GC remark, 0.0051011 secs]
1151.443: [GC cleanup 2930M->2926M(4096M), 0.0047136 secs]
1151.448: [GC concurrent-cleanup-start]
1151.448: [GC concurrent-cleanup-end, 0.0000157 secs]
1152.421: [GC pause (young) 3648M->1915M(4096M), 0.0048471 secs]
1152.817: [GC pause (young) (initial-mark) 2334M->1920M(4096M), 0.0037409 secs]
1152.821: [GC concurrent-root-region-scan-start]
1152.821: [GC concurrent-root-region-scan-end, 0.0006693 secs]
1152.821: [GC concurrent-mark-start]
1155.347: [GC pause (young) 3656M->1917M(4096M), 0.0043198 secs]
1156.583: [GC concurrent-mark-end, 3.7611207 secs]
1156.583: [GC remark, 0.0065103 secs]
1156.589: [GC cleanup 2212M->2209M(4096M), 0.0052015 secs]
1156.594: [GC concurrent-cleanup-start]
1156.595: [GC concurrent-cleanup-end, 0.0000119 secs]
1160.778: [GC pause (young) 3656M->1927M(4096M), 0.0052265 secs]
1160.786: [GC pause (young) (initial-mark) 1928M->1924M(4096M), 0.0036925 secs]
1160.789: [GC concurrent-root-region-scan-start]
1160.790: [GC concurrent-root-region-scan-end, 0.0002630 secs]
1160.790: [GC concurrent-mark-start]
1164.515: [GC concurrent-mark-end, 3.7248682 secs]
1164.515: [GC remark, 0.0052470 secs]
1164.520: [GC cleanup 3053M->3048M(4096M), 0.0041482 secs]
1164.524: [GC concurrent-cleanup-start]
1164.524: [GC concurrent-cleanup-end, 0.0000151 secs]
1166.336: [GC pause (young) 3619M->1922M(4096M), 0.0052063 secs]
1167.506: [GC pause (young) (initial-mark) 2349M->1920M(4096M), 0.0038515 secs]
1167.510: [GC concurrent-root-region-scan-start]
1167.510: [GC concurrent-root-region-scan-end, 0.0002386 secs]
1167.510: [GC concurrent-mark-start]
1171.248: [GC concurrent-mark-end, 3.7374691 secs]
1171.248: [GC remark, 0.0051258 secs]
1171.253: [GC cleanup 2931M->2927M(4096M), 0.0042492 secs]
1171.257: [GC concurrent-cleanup-start]
1171.257: [GC concurrent-cleanup-end, 0.0000160 secs]
1172.654: [GC pause (young) 3631M->1908M(4096M), 0.0039478 secs]
1175.135: [GC pause (young) 3643M->1908M(4096M), 0.0039333 secs]
1178.690: [GC pause (young) (initial-mark) 3649M->1908M(4096M), 0.0043297 secs]
1178.694: [GC concurrent-root-region-scan-start]
1178.695: [GC concurrent-root-region-scan-end, 0.0009044 secs]
1178.695: [GC concurrent-mark-start]
1182.434: [GC concurrent-mark-end, 3.7387116 secs]
1182.434: [GC remark, 0.0051309 secs]
1182.439: [GC cleanup 2532M->2529M(4096M), 0.0041399 secs]
1182.444: [GC concurrent-cleanup-start]
1182.444: [GC concurrent-cleanup-end, 0.0000135 secs]
1593.532: [GC pause (young) 3651M->1928M(4096M), 0.0216250 secs]
1783.977: [GC pause (young) (initial-mark) 2553M->1932M(4096M), 0.0205961 secs]
1783.998: [GC concurrent-root-region-scan-start]
1784.016: [GC concurrent-root-region-scan-end, 0.0177253 secs]
1784.016: [GC concurrent-mark-start]
1787.799: [GC concurrent-mark-end, 3.7837309 secs]
1787.800: [GC remark, 0.0057031 secs]
1787.805: [GC cleanup 2086M->2086M(4096M), 0.0047662 secs]
1798.079: [GC pause (young) 3654M->2054M(4096M), 0.1114056 secs]
1806.301: [GC pause (young) 3524M->2131M(4096M), 0.1574407 secs]
1814.554: [GC pause (young) (initial-mark) 3564M->2215M(4096M), 0.1453382 secs]
1814.699: [GC concurrent-root-region-scan-start]
1814.804: [GC concurrent-root-region-scan-end, 0.1047054 secs]
1814.804: [GC concurrent-mark-start]
1818.948: [GC concurrent-mark-end, 4.1437965 secs]
1818.948: [GC remark, 0.0073481 secs]
1818.955: [GC cleanup 2953M->2953M(4096M), 0.0048872 secs]
1822.021: [GC pause (young) 3560M->2288M(4096M), 0.1441541 secs]
1829.572: [GC pause (young) 3566M->2359M(4096M), 0.1357984 secs]
1836.141: [GC pause (young) (initial-mark) 3567M->2423M(4096M), 0.1326380 secs]
1836.274: [GC concurrent-root-region-scan-start]
1836.361: [GC concurrent-root-region-scan-end, 0.0877119 secs]
1836.361: [GC concurrent-mark-start]
1840.988: [GC concurrent-mark-end, 4.6264413 secs]
1840.988: [GC remark, 0.0076306 secs]
1840.996: [GC cleanup 3196M->3196M(4096M), 0.0052460 secs]
1842.889: [GC pause (young) 3564M->2484M(4096M), 0.1221626 secs]
1849.021: [GC pause (young) 3566M->2547M(4096M), 0.1307143 secs]
1854.622: [GC pause (young) (initial-mark) 3565M->2599M(4096M), 0.1148225 secs]
1854.737: [GC concurrent-root-region-scan-start]
1854.818: [GC concurrent-root-region-scan-end, 0.0808588 secs]
1854.818: [GC concurrent-mark-start]
1859.856: [GC concurrent-mark-end, 5.0377377 secs]
1859.856: [GC remark, 0.0082676 secs]
1859.864: [GC cleanup 3438M->3438M(4096M), 0.0058545 secs]
1860.709: [GC pause (young) 3570M->2669M(4096M), 0.1424171 secs]
1865.864: [GC pause (young) 3565M->2720M(4096M), 0.1253207 secs]
1870.573: [GC pause (young) (initial-mark) 3565M->2750M(4096M), 0.1045370 secs]
1870.677: [GC concurrent-root-region-scan-start]
1870.749: [GC concurrent-root-region-scan-end, 0.0722628 secs]
1870.749: [GC concurrent-mark-start]
1875.547: [GC pause (young) 3567M->2802M(4096M), 0.1104030 secs]
1876.255: [GC concurrent-mark-end, 5.5060507 secs]
1876.256: [GC remark, 0.0076027 secs]
1876.263: [GC cleanup 2873M->2873M(4096M), 0.0055732 secs]
1879.885: [GC pause (young) 3571M->2839M(4096M), 0.1001383 secs]
1884.413: [GC pause (young) 3576M->2882M(4096M), 0.0960901 secs]
1888.192: [GC pause (young) (initial-mark) 3578M->2921M(4096M), 0.0958403 secs]
1888.288: [GC concurrent-root-region-scan-start]
1888.354: [GC concurrent-root-region-scan-end, 0.0664981 secs]
1888.354: [GC concurrent-mark-start]
1892.276: [GC pause (young) 3581M->2954M(4096M), 0.0938441 secs]
1894.218: [GC concurrent-mark-end, 5.8639005 secs]
1894.218: [GC remark, 0.0083471 secs]
1894.227: [GC cleanup 3331M->3331M(4096M), 0.0055334 secs]
1895.906: [GC pause (young) 3585M->3018M(4096M), 0.1042612 secs]
1899.073: [GC pause (young) 3582M->3027M(4096M), 0.0855400 secs]
1901.940: [GC pause (young) (initial-mark) 3586M->3058M(4096M), 0.0809809 secs]
1902.021: [GC concurrent-root-region-scan-start]
1902.081: [GC concurrent-root-region-scan-end, 0.0605940 secs]
1902.081: [GC concurrent-mark-start]
1905.034: [GC pause (young) 3588M->3094M(4096M), 0.0900805 secs]
1908.125: [GC pause (young) 3589M->3118M(4096M), 0.0810201 secs]
1908.364: [GC concurrent-mark-end, 6.2831674 secs]
1908.365: [GC remark, 0.0081746 secs]
1908.373: [GC cleanup 3176M->3176M(4096M), 0.0060956 secs]
1910.587: [GC pause (young) 3591M->3149M(4096M), 0.0834944 secs]
1913.145: [GC pause (young) 3593M->3174M(4096M), 0.0748940 secs]
1915.630: [GC pause (young) (initial-mark) 3596M->3203M(4096M), 0.0765957 secs]
1915.707: [GC concurrent-root-region-scan-start]
1915.763: [GC concurrent-root-region-scan-end, 0.0563428 secs]
1915.763: [GC concurrent-mark-start]
1918.064: [GC pause (young) 3597M->3229M(4096M), 0.0731749 secs]
1920.091: [GC pause (young) 3601M->3255M(4096M), 0.0737047 secs]
1922.378: [GC concurrent-mark-end, 6.6148755 secs]
1922.378: [GC remark, 0.0090508 secs]
1922.388: [GC cleanup 3594M->3594M(4096M), 0.0067765 secs]
1922.434: [GC pause (young) 3602M->3279M(4096M), 0.0715787 secs]
1924.244: [GC pause (young) 3606M->3300M(4096M), 0.0653727 secs]
1926.075: [GC pause (young) (initial-mark) 3609M->3322M(4096M), 0.0704664 secs]
1926.146: [GC concurrent-root-region-scan-start]
1926.196: [GC concurrent-root-region-scan-end, 0.0496339 secs]
1926.196: [GC concurrent-mark-start]
1927.945: [GC pause (young) 3612M->3363M(4096M), 0.0872834 secs]
1929.294: [GC pause (young) 3607M->3377M(4096M), 0.0505140 secs]
1930.625: [GC pause (young) 3610M->3396M(4096M), 0.0578264 secs]
1931.977: [GC pause (young) 3611M->3398M(4096M), 0.0519637 secs]
1933.181: [GC concurrent-mark-end, 6.9852372 secs]
1933.181: [GC remark, 0.0099963 secs]
1933.191: [GC cleanup 3608M->3608M(4096M), 0.0067778 secs]
1933.324: [GC pause (young) 3617M->3435M(4096M), 0.0671873 secs]
1934.430: [GC pause (young) 3617M->3439M(4096M), 0.0472725 secs]
1935.356: [GC pause (young) (initial-mark) 3622M->3466M(4096M), 0.0513408 secs]
1935.408: [GC concurrent-root-region-scan-start]
1935.440: [GC concurrent-root-region-scan-end, 0.0320167 secs]
1935.440: [GC concurrent-mark-start]
1936.393: [GC pause (young) 3644M->3477M(4096M), 0.0441762 secs]
1937.656: [GC pause (young) 3655M->3497M(4096M), 0.0460544 secs]
1938.522: [GC pause (young) 3675M->3520M(4096M), 0.0561686 secs]
1939.569: [GC pause (young) 3698M->3541M(4096M), 0.0645667 secs]
1940.570: [GC pause (young) 3719M->3562M(4096M), 0.0552405 secs]
1941.815: [GC pause (young) 3740M->3585M(4096M), 0.0535095 secs]
1942.781: [GC concurrent-mark-end, 7.3413714 secs]
1942.781: [GC remark, 0.0133356 secs]
1942.795: [GC cleanup 3748M->3728M(4096M), 0.0083542 secs]
1942.803: [GC concurrent-cleanup-start]
1942.803: [GC concurrent-cleanup-end, 0.0001033 secs]
1943.004: [GC pause (young) 3743M->3606M(4096M), 0.0704183 secs]
1943.715: [GC pause (young) 3784M->3625M(4096M), 0.0448462 secs]
1944.976: [GC pause (young) (initial-mark) 3803M->3648M(4096M), 0.0557129 secs]
1945.032: [GC concurrent-root-region-scan-start]
1945.063: [GC concurrent-root-region-scan-end, 0.0308380 secs]
1945.063: [GC concurrent-mark-start]
1946.185: [GC pause (young) 3826M->3667M(4096M), 0.0518896 secs]
1947.165: [GC pause (young) 3845M->3688M(4096M), 0.0579509 secs]
1948.721: [GC pause (young) 3866M->3710M(4096M), 0.0527882 secs]
1950.353: [GC pause (young) 3888M->3731M(4096M), 0.0607947 secs]
1951.847: [GC pause (young) 3909M->3753M(4096M), 0.0519309 secs]
1952.593: [GC concurrent-mark-end, 7.5302437 secs]
1952.594: [GC remark, 0.0097329 secs]
1952.604: [GC cleanup 3851M->3821M(4096M), 0.0068198 secs]
1952.610: [GC concurrent-cleanup-start]
1952.610: [GC concurrent-cleanup-end, 0.0000308 secs]
1953.259: [GC pause (young) 3901M->3749M(4096M), 0.0587575 secs]
1954.116: [GC pause (young) 3927M->3747M(4096M), 0.0349834 secs]
1954.766: [GC pause (young) (initial-mark) 3937M->3754M(4096M), 0.0252280 secs]
1954.791: [GC concurrent-root-region-scan-start]
1954.799: [GC concurrent-root-region-scan-end, 0.0080023 secs]
1954.799: [GC concurrent-mark-start]
1955.564: [GC pause (young) 3939M->3761M(4096M), 0.0189152 secs]
1956.048: [GC pause (young) 3950M->3758M(4096M), 0.0185496 secs]
1956.662: [GC pause (young) 3950M->3752M(4096M), 0.0023268 secs]
1957.451: [GC pause (young) 3951M->3760M(4096M), 0.0031707 secs]
1958.259: [GC pause (young) 3951M->3765M(4096M), 0.0037454 secs]
1958.558: [GC concurrent-mark-end, 3.7587092 secs]
1958.558: [GC remark, 0.0053679 secs]
1958.564: [GC cleanup 3868M->2098M(4096M), 0.0057910 secs]
1958.570: [GC concurrent-cleanup-start]
1958.572: [GC concurrent-cleanup-end, 0.0021665 secs]
1958.688: [GC pause (young) 2181M->1991M(4096M), 0.0032123 secs]
1959.782: [GC pause (young) (initial-mark) 2365M->1991M(4096M), 0.0036912 secs]
1959.786: [GC concurrent-root-region-scan-start]
1959.786: [GC concurrent-root-region-scan-end, 0.0002261 secs]
1959.786: [GC concurrent-mark-start]
1963.513: [GC concurrent-mark-end, 3.7274642 secs]
1963.514: [GC remark, 0.0053840 secs]
1963.519: [GC cleanup 3024M->3019M(4096M), 0.0039898 secs]
1963.523: [GC concurrent-cleanup-start]
1963.523: [GC concurrent-cleanup-end, 0.0000141 secs]
1965.179: [GC pause (young) 3617M->1993M(4096M), 0.0053487 secs]
1965.228: [GC pause (young) (initial-mark) 2005M->1993M(4096M), 0.0035879 secs]
1965.232: [GC concurrent-root-region-scan-start]
1965.232: [GC concurrent-root-region-scan-end, 0.0002287 secs]
1965.232: [GC concurrent-mark-start]
1968.949: [GC concurrent-mark-end, 3.7165151 secs]
1968.949: [GC remark, 0.0053846 secs]
1968.954: [GC cleanup 3130M->3126M(4096M), 0.0041200 secs]
1968.958: [GC concurrent-cleanup-start]
1968.958: [GC concurrent-cleanup-end, 0.0000215 secs]
1970.602: [GC pause (young) 3631M->1993M(4096M), 0.0057291 secs]
1971.842: [GC pause (young) (initial-mark) 2481M->1990M(4096M), 0.0038698 secs]
1971.846: [GC concurrent-root-region-scan-start]
1971.847: [GC concurrent-root-region-scan-end, 0.0002085 secs]
1971.847: [GC concurrent-mark-start]
1975.595: [GC concurrent-mark-end, 3.7488813 secs]
1975.596: [GC remark, 0.0053753 secs]
1975.601: [GC cleanup 3030M->3025M(4096M), 0.0039728 secs]
1975.605: [GC concurrent-cleanup-start]
1975.605: [GC concurrent-cleanup-end, 0.0000173 secs]
1977.359: [GC pause (young) 3639M->1993M(4096M), 0.0058452 secs]
1978.989: [GC pause (young) (initial-mark) 2601M->1990M(4096M), 0.0045799 secs]
1978.994: [GC concurrent-root-region-scan-start]
1978.994: [GC concurrent-root-region-scan-end, 0.0002611 secs]
1978.994: [GC concurrent-mark-start]
1982.074: [GC pause (young) 3647M->1994M(4096M), 0.0053144 secs]
1982.765: [GC concurrent-mark-end, 3.7713662 secs]
1982.765: [GC remark, 0.0052547 secs]
1982.771: [GC cleanup 2562M->2558M(4096M), 0.0044683 secs]
1982.775: [GC concurrent-cleanup-start]
1982.775: [GC concurrent-cleanup-end, 0.0000173 secs]
1984.463: [GC pause (young) 3640M->1992M(4096M), 0.0051348 secs]
1984.682: [GC pause (young) (initial-mark) 2051M->1992M(4096M), 0.0038939 secs]
1984.686: [GC concurrent-root-region-scan-start]
1984.686: [GC concurrent-root-region-scan-end, 0.0002620 secs]
1984.686: [GC concurrent-mark-start]
1988.429: [GC concurrent-mark-end, 3.7426442 secs]
1988.429: [GC remark, 0.0052502 secs]
1988.434: [GC cleanup 3124M->3121M(4096M), 0.0038323 secs]
1988.438: [GC concurrent-cleanup-start]
1988.438: [GC concurrent-cleanup-end, 0.0000141 secs]
1990.106: [GC pause (young) 3631M->1993M(4096M), 0.0057563 secs]
1991.394: [GC pause (young) (initial-mark) 2482M->1989M(4096M), 0.0040610 secs]
1991.398: [GC concurrent-root-region-scan-start]
1991.398: [GC concurrent-root-region-scan-end, 0.0002845 secs]
1991.398: [GC concurrent-mark-start]
1995.129: [GC concurrent-mark-end, 3.7308709 secs]
1995.129: [GC remark, 0.0057829 secs]
1995.135: [GC cleanup 3013M->3008M(4096M), 0.0039160 secs]
1995.139: [GC concurrent-cleanup-start]
1995.139: [GC concurrent-cleanup-end, 0.0000215 secs]
1996.902: [GC pause (young) 3639M->1993M(4096M), 0.0055231 secs]
1996.918: [GC pause (young) (initial-mark) 1996M->1991M(4096M), 0.0037245 secs]
1996.922: [GC concurrent-root-region-scan-start]
1996.922: [GC concurrent-root-region-scan-end, 0.0002607 secs]
1996.922: [GC concurrent-mark-start]
2000.656: [GC concurrent-mark-end, 3.7340563 secs]
2000.656: [GC remark, 0.0053586 secs]
2000.662: [GC cleanup 3073M->3070M(4096M), 0.0052213 secs]
2000.667: [GC concurrent-cleanup-start]
2000.667: [GC concurrent-cleanup-end, 0.0000157 secs]
2002.528: [GC pause (young) 3649M->1993M(4096M), 0.0055703 secs]
2003.831: [GC pause (young) (initial-mark) 3072M->1990M(4096M), 0.0046376 secs]
2003.835: [GC concurrent-root-region-scan-start]
2003.836: [GC concurrent-root-region-scan-end, 0.0009304 secs]
2003.836: [GC concurrent-mark-start]
2005.798: [GC pause (young) 3649M->1986M(4096M), 0.0042672 secs]
2007.625: [GC concurrent-mark-end, 3.7886422 secs]
2007.625: [GC remark, 0.0053423 secs]
2007.631: [GC cleanup 2471M->2467M(4096M), 0.0039571 secs]
2007.635: [GC concurrent-cleanup-start]
2007.635: [GC concurrent-cleanup-end, 0.0000151 secs]
2010.866: [GC pause (young) 3647M->1989M(4096M), 0.0046370 secs]
2011.046: [GC pause (young) (initial-mark) 2041M->1989M(4096M), 0.0035122 secs]
2011.050: [GC concurrent-root-region-scan-start]
2011.050: [GC concurrent-root-region-scan-end, 0.0002787 secs]
2011.050: [GC concurrent-mark-start]
2014.785: [GC concurrent-mark-end, 3.7343360 secs]
2014.785: [GC remark, 0.0053201 secs]
2014.790: [GC cleanup 3013M->3008M(4096M), 0.0039125 secs]
2014.794: [GC concurrent-cleanup-start]
2014.794: [GC concurrent-cleanup-end, 0.0000148 secs]
2016.564: [GC pause (young) 3632M->1993M(4096M), 0.0059218 secs]
2016.614: [GC pause (young) (initial-mark) 2005M->1992M(4096M), 0.0043724 secs]
2016.619: [GC concurrent-root-region-scan-start]
2016.619: [GC concurrent-root-region-scan-end, 0.0002665 secs]
2016.619: [GC concurrent-mark-start]
2020.357: [GC concurrent-mark-end, 3.7374325 secs]
2020.357: [GC remark, 0.0053609 secs]
2020.362: [GC cleanup 3110M->3107M(4096M), 0.0039834 secs]
2020.366: [GC concurrent-cleanup-start]
2020.366: [GC concurrent-cleanup-end, 0.0000135 secs]
2022.055: [GC pause (young) 3627M->1995M(4096M), 0.0058990 secs]
2023.379: [GC pause (young) (initial-mark) 2493M->1990M(4096M), 0.0037961 secs]
2023.382: [GC concurrent-root-region-scan-start]
2023.383: [GC concurrent-root-region-scan-end, 0.0001825 secs]
2023.383: [GC concurrent-mark-start]
2027.122: [GC concurrent-mark-end, 3.7390153 secs]
2027.122: [GC remark, 0.0066053 secs]
2027.129: [GC cleanup 3033M->3029M(4096M), 0.0038515 secs]
2027.132: [GC concurrent-cleanup-start]
2027.133: [GC concurrent-cleanup-end, 0.0000160 secs]
2027.933: [GC pause (young) 3634M->1984M(4096M), 0.0045007 secs]
2028.485: [GC pause (young) (initial-mark) 2476M->1989M(4096M), 0.0039327 secs]
2028.489: [GC concurrent-root-region-scan-start]
2028.490: [GC concurrent-root-region-scan-end, 0.0009301 secs]
2028.490: [GC concurrent-mark-start]
2030.617: [GC pause (young) 3647M->1984M(4096M), 0.0044058 secs]
2032.283: [GC concurrent-mark-end, 3.7932291 secs]
2032.283: [GC remark, 0.0056739 secs]
2032.289: [GC cleanup 2381M->2378M(4096M), 0.0040735 secs]
2032.293: [GC concurrent-cleanup-start]
2032.293: [GC concurrent-cleanup-end, 0.0000128 secs]
2035.843: [GC pause (young) 3649M->1990M(4096M), 0.0049228 secs]
2035.915: [GC pause (young) (initial-mark) 2011M->1989M(4096M), 0.0041893 secs]
2035.919: [GC concurrent-root-region-scan-start]
2035.920: [GC concurrent-root-region-scan-end, 0.0004298 secs]
2035.920: [GC concurrent-mark-start]
