2.490: [GC 34560K->20890K(125248K), 0.0601283 secs]
2.750: [GC 36444K(125248K), 0.0122179 secs]
2.893: [GC 55450K->32632K(125248K), 0.0185133 secs]
2.990: [GC 67192K->35828K(125248K), 0.0084953 secs]
3.068: [GC 70388K->36112K(125248K), 0.0024324 secs]
3.102: [GC 52811K(125248K), 0.0112904 secs]
3.655: [GC 69603K->50453K(125248K), 0.0198684 secs]
3.818: [GC 64000K(125248K), 0.0119119 secs]
3.883: [GC 85013K->64498K(125248K), 0.0183684 secs]
3.952: [GC 99058K->67699K(125248K), 0.0063519 secs]
4.013: [GC 102259K->67603K(125248K), 0.0021857 secs]
4.041: [GC 84893K(125248K), 0.0080556 secs]
4.420: [GC 102073K->85059K(146332K), 0.0195502 secs]
4.450: [GC 87365K(146332K), 0.0039474 secs]
4.664: [GC 119619K->99285K(146332K), 0.0216086 secs]
4.717: [GC 133845K->103506K(146332K), 0.0065815 secs]
4.728: [GC 109731K(146332K), 0.0016722 secs]
4.756: [GC 111826K->76082K(146332K), 0.0021062 secs]
4.947: [GC 110610K->83119K(160656K), 0.0101451 secs]
4.961: [GC 87961K(160656K), 0.0056893 secs]
5.567: [GC 117679K->101808K(160656K), 0.0283518 secs]
5.703: [GC 136368K->109389K(160656K), 0.0116268 secs]
5.741: [GC 143949K->112644K(160656K), 0.0066149 secs]
5.761: [GC 131446K(160656K), 0.0036383 secs]
5.904: [GC 95396K->60657K(160656K), 0.0023794 secs]
5.960: [GC 65498K(160656K), 0.0048160 secs]
6.298: [GC 95217K->88324K(160656K), 0.0319320 secs]
6.355: [GC 122884K->92186K(160656K), 0.0060754 secs]
6.371: [GC 106018K(160656K), 0.0028618 secs]
6.391: [GC 123884K->88594K(160656K), 0.0027723 secs]
6.719: [GC 122946K->99140K(181072K), 0.0146291 secs]
6.778: [GC 103982K(181072K), 0.0056899 secs]
6.979: [GC 133700K->115304K(181072K), 0.0214492 secs]
7.025: [GC 149864K->119495K(181072K), 0.0079828 secs]
7.056: [GC 152693K(181072K), 0.0059343 secs]
7.063: [GC 153833K->118080K(181072K), 0.0021796 secs]
7.338: [GC 128377K->107710K(190300K), 0.0180778 secs]
7.360: [GC 112551K(190300K), 0.0055847 secs]
7.388: [GC 142270K->111508K(190300K), 0.0061761 secs]
7.902: [GC 139239K(190300K), 0.0067887 secs]
7.987: [GC 102588K->93175K(190300K), 0.0310940 secs]
8.043: [GC 124063K->93872K(190300K), 0.0052733 secs]
8.052: [GC 99405K(190300K), 0.0043192 secs]
8.078: [GC 128432K->92475K(190300K), 0.0020298 secs]
8.332: [GC 127035K->101349K(190300K), 0.0135143 secs]
8.607: [GC 135909K->121161K(190300K), 0.0266520 secs]
8.634: [GC 121853K(190300K), 0.0066781 secs]
8.665: [GC 146038K->115665K(190300K), 0.0067740 secs]
8.697: [GC 148591K->113164K(190300K), 0.0023175 secs]
9.085: [GC 146593K->127858K(220116K), 0.0213232 secs]
9.151: [GC 134082K(220116K), 0.0069026 secs]
9.268: [GC 162418K->140775K(220116K), 0.0179396 secs]
9.310: [GC 175335K->144940K(220116K), 0.0064744 secs]
9.341: [GC 179500K->143758K(220116K), 0.0022207 secs]
9.602: [GC 178318K->155168K(220116K), 0.0155152 secs]
9.658: [GC 182832K(220116K), 0.0182600 secs]
9.936: [GC 165557K->136232K(250032K), 0.0107406 secs]
9.986: [GC 141074K(250032K), 0.0053208 secs]
10.261: [GC 170792K->156671K(250032K), 0.0265234 secs]
10.312: [GC 191231K->160855K(250032K), 0.0064125 secs]
10.332: [GC 178837K(250032K), 0.0040142 secs]
10.348: [GC 188028K->152274K(250032K), 0.0022499 secs]
10.767: [GC 136717K->119547K(250032K), 0.0234034 secs]
10.829: [GC 125080K(250032K), 0.0059516 secs]
10.928: [GC 154107K->130028K(250032K), 0.0147638 secs]
10.969: [GC 164588K->133199K(250032K), 0.0060552 secs]
10.999: [GC 167759K->133038K(250032K), 0.0023531 secs]
11.514: [GC 167598K->159567K(250032K), 0.0326690 secs]
11.573: [GC 194127K->163328K(250032K), 0.0060591 secs]
11.599: [GC 190992K(250032K), 0.0052345 secs]
11.610: [GC 197888K->163134K(250032K), 0.0023727 secs]
11.805: [GC 197693K->170162K(304884K), 0.0103952 secs]
11.901: [GC 178461K(304884K), 0.0080822 secs]
11.928: [GC 204722K->177258K(304884K), 0.0115386 secs]
12.389: [GC 211818K->192078K(304884K), 0.0231830 secs]
12.608: [GC 226638K->207218K(304884K), 0.0207459 secs]
12.629: [GC 207910K(304884K), 0.0060337 secs]
12.666: [GC 228303K->198081K(304884K), 0.0074375 secs]
12.699: [GC 220244K->184423K(304884K), 0.0024170 secs]
13.125: [GC 172337K->155444K(304884K), 0.0235949 secs]
13.236: [GC 165127K(304884K), 0.0092086 secs]
13.293: [GC 190004K->166759K(304884K), 0.0154931 secs]
13.334: [GC 201319K->169929K(304884K), 0.0062146 secs]
13.366: [GC 204489K->169763K(304884K), 0.0023105 secs]
13.847: [GC 204323K->192057K(304884K), 0.0359789 secs]
13.956: [GC 226617K->199179K(304884K), 0.0112054 secs]
13.992: [GC 233739K->202355K(304884K), 0.0070219 secs]
14.004: [GC 208580K(304884K), 0.0054382 secs]
14.030: [GC 236915K->202189K(304884K), 0.0023583 secs]
14.204: [GC 225095K->198906K(351508K), 0.0128167 secs]
14.437: [GC 207896K(351508K), 0.0089966 secs]
14.774: [GC 233466K->221409K(351508K), 0.0320516 secs]
14.861: [GC 255969K->226961K(351508K), 0.0091390 secs]
14.895: [GC 261521K->231261K(351508K), 0.0064507 secs]
14.908: [GC 240252K(351508K), 0.0058538 secs]
14.933: [GC 256685K->220887K(351508K), 0.0025937 secs]
15.474: [GC 187006K->179677K(351508K), 0.0342476 secs]
15.517: [GC 190051K(351508K), 0.0093917 secs]
15.545: [GC 214237K->184043K(351508K), 0.0063211 secs]
15.578: [GC 218603K->183883K(351508K), 0.0032451 secs]
15.778: [GC 218443K->186189K(351508K), 0.0061306 secs]
16.173: [GC 220749K->212663K(351508K), 0.0328958 secs]
16.230: [GC 247223K->215796K(351508K), 0.0067791 secs]
16.261: [GC 250356K->215960K(351508K), 0.0022835 secs]
16.417: [GC 250520K->222445K(351508K), 0.0108693 secs]
16.720: [GC 257005K->225069K(351508K), 0.0064241 secs]
17.100: [GC 259629K->248992K(351508K), 0.0305257 secs]
17.131: [GC 249683K(351508K), 0.0075135 secs]
17.162: [GC 283551K->253284K(351508K), 0.0063798 secs]
17.194: [GC 287844K->252036K(351508K), 0.0022964 secs]
17.484: [GC 255730K->230502K(402460K), 0.0120726 secs]
17.604: [GC 240876K(402460K), 0.0093401 secs]
17.781: [GC 265062K->250466K(402460K), 0.0250612 secs]
17.830: [GC 285026K->254657K(402460K), 0.0063814 secs]
17.862: [GC 289217K->253454K(402460K), 0.0022643 secs]
18.200: [GC 288014K->266014K(402460K), 0.0171108 secs]
18.460: [GC 300574K->282744K(402460K), 0.0228380 secs]
18.483: [GC 283436K(402460K), 0.0052015 secs]
18.514: [GC 308715K->278351K(402460K), 0.0069045 secs]
18.546: [GC 303366K->267605K(402460K), 0.0022964 secs]
18.726: [GC 266348K->239615K(420264K), 0.0150582 secs]
18.749: [GC 250681K(420264K), 0.0100415 secs]
19.238: [GC 274175K->252182K(420264K), 0.0210573 secs]
19.475: [GC 286742K->266277K(420264K), 0.0188543 secs]
19.520: [GC 300837K->269523K(420264K), 0.0065463 secs]
19.552: [GC 304083K->269003K(420264K), 0.0022059 secs]
19.579: [GC 282144K(420264K), 0.0077294 secs]
20.024: [GC 226137K->210207K(420264K), 0.0218777 secs]
20.311: [GC 222656K(420264K), 0.0108805 secs]
20.339: [GC 244767K->221052K(420264K), 0.0157449 secs]
20.380: [GC 255612K->225260K(420264K), 0.0067300 secs]
20.412: [GC 259820K->224062K(420264K), 0.0023634 secs]
20.928: [GC 258622K->247771K(420264K), 0.0300016 secs]
20.997: [GC 282331K->252216K(420264K), 0.0080447 secs]
21.031: [GC 286776K->255644K(420264K), 0.0064000 secs]
21.332: [GC 290204K->267031K(420264K), 0.0169508 secs]
21.382: [GC 301591K->271406K(420264K), 0.0076768 secs]
21.797: [GC 301148K(420264K), 0.0086454 secs]
21.870: [GC 305966K->288840K(420264K), 0.0241266 secs]
22.049: [GC 315461K->291690K(420264K), 0.0157628 secs]
22.090: [GC 319805K->288465K(420264K), 0.0066197 secs]
22.275: [GC 317547K->285975K(420264K), 0.0058660 secs]
22.649: [GC 311007K->301178K(492448K), 0.0318342 secs]
22.690: [GC 314318K(492448K), 0.0112012 secs]
22.718: [GC 335738K->304302K(492448K), 0.0068506 secs]
22.752: [GC 338862K->304211K(492448K), 0.0026710 secs]
23.207: [GC 338771K->322602K(492448K), 0.0286231 secs]
23.533: [GC 357162K->333510K(492448K), 0.0173652 secs]
23.570: [GC 358408K(492448K), 0.0084712 secs]
23.586: [GC 368070K->336692K(492448K), 0.0060915 secs]
23.737: [GC 365679K->332329K(492448K), 0.0030735 secs]
24.133: [GC 285163K->269828K(492448K), 0.0253126 secs]
24.167: [GC 281585K(492448K), 0.0110056 secs]
24.197: [GC 304388K->273910K(492448K), 0.0062355 secs]
24.688: [GC 308470K->285536K(492448K), 0.0185448 secs]
25.041: [GC 320096K->300816K(492448K), 0.0204393 secs]
25.087: [GC 335376K->303954K(492448K), 0.0064677 secs]
25.229: [GC 338514K->304863K(492448K), 0.0030914 secs]
25.458: [GC 316627K(492448K), 0.0089321 secs]
25.755: [GC 302956K->294821K(492448K), 0.0346556 secs]
25.816: [GC 319965K->289334K(492448K), 0.0064917 secs]
25.850: [GC 319798K->284856K(507768K), 0.0025215 secs]
26.335: [GC 319416K->303700K(507768K), 0.0238386 secs]
26.502: [GC 316844K(507768K), 0.0112878 secs]
26.530: [GC 338260K->313693K(507768K), 0.0143619 secs]
26.571: [GC 348253K->317917K(507768K), 0.0067239 secs]
26.805: [GC 352477K->321439K(507768K), 0.0085136 secs]
27.189: [GC 355999K->340060K(507768K), 0.0243011 secs]
27.240: [GC 374620K->344636K(507768K), 0.0089770 secs]
27.545: [GC 379196K->348708K(507768K), 0.0086438 secs]
28.043: [GC 383268K->372563K(507768K), 0.0307043 secs]
28.098: [GC 407123K->376543K(507768K), 0.0069183 secs]
28.131: [GC 411103K->375782K(507768K), 0.0024147 secs]
28.413: [GC 402061K(507768K), 0.0080735 secs]
28.521: [GC 410342K->391914K(507768K), 0.0254060 secs]
28.740: [GC 405928K->384720K(507768K), 0.0197815 secs]
28.785: [GC 413881K->382493K(507768K), 0.0066133 secs]
28.818: [GC 410374K->375704K(507768K), 0.0029664 secs]
29.392: [GC 375517K->368021K(602112K), 0.0338823 secs]
29.436: [GC 381161K(602112K), 0.0118032 secs]
29.466: [GC 402581K->372397K(602112K), 0.0071094 secs]
29.500: [GC 406957K->372523K(602112K), 0.0047605 secs]
29.719: [GC 407083K->381440K(602112K), 0.0121300 secs]
29.865: [GC 416000K->390180K(602112K), 0.0151406 secs]
30.168: [GC 424740K->396424K(602112K), 0.0104292 secs]
30.569: [GC 430984K->419554K(602112K), 0.0311681 secs]
30.624: [GC 454114K->423682K(602112K), 0.0074100 secs]
30.656: [GC 458242K->422191K(602112K), 0.0022980 secs]
31.049: [GC 456751K->435093K(602112K), 0.0178475 secs]
31.484: [GC 469653K->451221K(602112K), 0.0229714 secs]
31.531: [GC 485781K->455417K(602112K), 0.0067268 secs]
31.562: [GC 489977K->453897K(602112K), 0.0023018 secs]
31.582: [GC 464271K(602112K), 0.0068795 secs]
32.277: [GC 390922K->376986K(628416K), 0.0294124 secs]
32.422: [GC 388742K(628416K), 0.0103215 secs]
32.450: [GC 411546K->385341K(628416K), 0.0127811 secs]
32.488: [GC 419901K->389552K(628416K), 0.0066646 secs]
32.520: [GC 424112K->388030K(628416K), 0.0023727 secs]
32.810: [GC 422590K->400569K(628416K), 0.0162933 secs]
33.172: [GC 435129K->408999K(628416K), 0.0147936 secs]
33.479: [GC 443559K->428212K(628416K), 0.0251087 secs]
33.530: [GC 462772K->432511K(628416K), 0.0068875 secs]
33.563: [GC 467071K->430935K(628416K), 0.0023538 secs]
34.074: [GC 465495K->447341K(628416K), 0.0224274 secs]
34.285: [GC 481901K->460280K(628416K), 0.0186166 secs]
34.329: [GC 494840K->464492K(628416K), 0.0065658 secs]
34.360: [GC 499052K->462975K(628416K), 0.0023390 secs]
34.568: [GC 474734K(628416K), 0.0086232 secs]
35.093: [GC 407384K->397799K(655840K), 0.0332883 secs]
35.145: [GC 410939K(655840K), 0.0117083 secs]
35.173: [GC 432359K->402374K(655840K), 0.0087823 secs]
35.208: [GC 436934K->406169K(655840K), 0.0064654 secs]
35.350: [GC 440729K->408113K(655840K), 0.0055145 secs]
35.524: [GC 442673K->418004K(655840K), 0.0146935 secs]
35.972: [GC 452564K->432208K(655840K), 0.0206455 secs]
36.244: [GC 466768K->447547K(655840K), 0.0204117 secs]
36.289: [GC 482107K->451879K(655840K), 0.0067012 secs]
36.320: [GC 486439K->450293K(655840K), 0.0025311 secs]
36.820: [GC 484853K->472178K(655840K), 0.0284766 secs]
36.944: [GC 506738K->479425K(655840K), 0.0116249 secs]
36.981: [GC 513985K->483654K(655840K), 0.0066890 secs]
37.012: [GC 518214K->482465K(655840K), 0.0026950 secs]
37.605: [GC 517025K->510273K(655840K), 0.0359686 secs]
37.666: [GC 544833K->514118K(655840K), 0.0070408 secs]
37.699: [GC 548678K->513831K(655840K), 0.0028127 secs]
37.710: [GC 526279K(655840K), 0.0080341 secs]
37.816: [GC 543496K->512077K(655840K), 0.0070238 secs]
37.974: [GC 540861K->515670K(655840K), 0.0170226 secs]
38.470: [GC 476664K->461039K(768544K), 0.0253081 secs]
38.625: [GC 473489K(768544K), 0.0108494 secs]
38.654: [GC 495599K->472391K(768544K), 0.0160226 secs]
38.695: [GC 506951K->475668K(768544K), 0.0072358 secs]
38.727: [GC 510228K->475475K(768544K), 0.0028987 secs]
39.198: [GC 510035K->496395K(768544K), 0.0284557 secs]
39.318: [GC 530955K->504663K(768544K), 0.0125460 secs]
39.356: [GC 539223K->508878K(768544K), 0.0071466 secs]
39.390: [GC 543438K->507361K(768544K), 0.0028294 secs]
39.938: [GC 541921K->535141K(768544K), 0.0406309 secs]
40.005: [GC 569701K->538941K(768544K), 0.0107737 secs]
40.040: [GC 573501K->538957K(768544K), 0.0036854 secs]
40.162: [GC 573517K->542115K(768544K), 0.0070642 secs]
40.273: [GC 576675K->549258K(768544K), 0.0280869 secs]
40.846: [GC 583818K->575650K(768544K), 0.0380289 secs]
40.910: [GC 610210K->579984K(768544K), 0.0075501 secs]
40.942: [GC 614544K->582554K(768544K), 0.0055267 secs]
41.170: [GC 617114K->584635K(768544K), 0.0065010 secs]
41.549: [GC 619195K->608242K(768544K), 0.0327537 secs]
41.606: [GC 642802K->612370K(768544K), 0.0073359 secs]
41.637: [GC 646930K->611200K(768544K), 0.0028852 secs]
41.648: [GC 622265K(768544K), 0.0073227 secs]
42.074: [GC 536800K->516694K(768544K), 0.0233081 secs]
42.295: [GC 537759K->516916K(870368K), 0.0196747 secs]
42.324: [GC 528673K(870368K), 0.0105883 secs]
42.353: [GC 551476K->521117K(870368K), 0.0077374 secs]
42.386: [GC 555677K->519596K(870368K), 0.0026857 secs]
42.647: [GC 554156K->532572K(870368K), 0.0170695 secs]
42.913: [GC 567132K->535052K(870368K), 0.0069324 secs]
43.295: [GC 569612K->559485K(870368K), 0.0311440 secs]
43.351: [GC 594045K->562654K(870368K), 0.0067425 secs]
43.382: [GC 597214K->562486K(870368K), 0.0030109 secs]
43.693: [GC 597046K->573910K(870368K), 0.0165550 secs]
43.930: [GC 608470K->590033K(870368K), 0.0217834 secs]
43.976: [GC 624593K->593193K(870368K), 0.0070835 secs]
44.008: [GC 627753K->593043K(870368K), 0.0030905 secs]
44.515: [GC 627603K->617227K(870368K), 0.0318323 secs]
44.583: [GC 651787K->621844K(870368K), 0.0081418 secs]
44.615: [GC 656404K->625527K(870368K), 0.0087993 secs]
44.633: [GC 638667K(870368K), 0.0093542 secs]
44.768: [GC 659456K->626590K(870368K), 0.0058718 secs]
44.925: [GC 653361K->629515K(870368K), 0.0152959 secs]
45.275: [GC 659485K->635480K(870368K), 0.0161506 secs]
45.548: [GC 638616K->623521K(870368K), 0.0260747 secs]
45.598: [GC 653884K->623648K(870368K), 0.0066986 secs]
45.630: [GC 653229K->617412K(870368K), 0.0029227 secs]
45.974: [GC 571295K->549604K(928376K), 0.0174075 secs]
46.350: [GC 562745K(928376K), 0.0114969 secs]
46.419: [GC 584164K->563849K(928376K), 0.0202157 secs]
46.464: [GC 598409K->568051K(928376K), 0.0068994 secs]
46.496: [GC 602611K->566858K(928376K), 0.0030036 secs]
46.999: [GC 601418K->592198K(928376K), 0.0323211 secs]
47.058: [GC 626758K->595993K(928376K), 0.0072583 secs]
47.090: [GC 630553K->597796K(928376K), 0.0054510 secs]
47.271: [GC 632356K->602793K(928376K), 0.0081146 secs]
47.389: [GC 637353K->609854K(928376K), 0.0110267 secs]
47.856: [GC 644414K->627617K(928376K), 0.0258207 secs]
48.015: [GC 662177K->639014K(928376K), 0.0161127 secs]
48.057: [GC 673574K->643355K(928376K), 0.0071011 secs]
48.089: [GC 677915K->642100K(928376K), 0.0045822 secs]
48.579: [GC 676660K->666945K(928376K), 0.0347303 secs]
48.642: [GC 701505K->671345K(928376K), 0.0091374 secs]
48.676: [GC 705905K->675251K(928376K), 0.0077753 secs]
48.836: [GC 709811K->674108K(928376K), 0.0032123 secs]
49.296: [GC 708668K->702313K(928376K), 0.0357986 secs]
49.355: [GC 736873K->706154K(928376K), 0.0069731 secs]
49.387: [GC 740714K->705112K(928376K), 0.0031633 secs]
49.399: [GC 717561K(928376K), 0.0082227 secs]
49.524: [GC 735922K->706184K(928376K), 0.0090902 secs]
49.615: [GC 736292K->707531K(928376K), 0.0108811 secs]
50.235: [GC 686826K->679462K(928376K), 0.0404340 secs]
50.303: [GC 712769K->682756K(928376K), 0.0079048 secs]
50.336: [GC 716055K->683250K(928376K), 0.0053769 secs]
50.507: [GC 717679K->683407K(928376K), 0.0032945 secs]
50.911: [GC 643031K->636015K(928376K), 0.0348057 secs]
50.971: [GC 668092K->637461K(928376K), 0.0071046 secs]
51.004: [GC 672021K->636082K(928376K), 0.0028826 secs]
51.230: [GC 670642K->641712K(928376K), 0.0109735 secs]
51.573: [GC 676272K->665746K(1101224K), 0.0288771 secs]
51.614: [GC 679551K(1101224K), 0.0137946 secs]
51.643: [GC 700306K->670553K(1101224K), 0.0153661 secs]
51.685: [GC 705113K->670388K(1101224K), 0.0058253 secs]
51.853: [GC 704948K->678451K(1101224K), 0.0101916 secs]
52.165: [GC 713011K->682965K(1101224K), 0.0102018 secs]
52.485: [GC 717525K->706150K(1101224K), 0.0302880 secs]
52.540: [GC 740710K->710414K(1101224K), 0.0071280 secs]
52.573: [GC 744974K->708847K(1101224K), 0.0029795 secs]
52.860: [GC 743407K->719321K(1101224K), 0.0154444 secs]
53.151: [GC 753881K->738255K(1101224K), 0.0257732 secs]
53.202: [GC 772815K->741416K(1101224K), 0.0077114 secs]
53.234: [GC 775976K->741250K(1101224K), 0.0033487 secs]
53.578: [GC 775810K->755987K(1101224K), 0.0219056 secs]
53.777: [GC 790547K->769978K(1101224K), 0.0207751 secs]
53.822: [GC 804538K->773144K(1101224K), 0.0078060 secs]
53.854: [GC 807704K->772980K(1101224K), 0.0031328 secs]
54.042: [GC 807540K->781988K(1101224K), 0.0138982 secs]
54.485: [GC 816548K->795237K(1101224K), 0.0207055 secs]
54.700: [GC 829797K->809453K(1101224K), 0.0203690 secs]
54.744: [GC 844013K->813765K(1101224K), 0.0075187 secs]
54.776: [GC 848325K->812516K(1101224K), 0.0032502 secs]
54.799: [GC 825653K(1101224K), 0.0089603 secs]
55.218: [GC 754386K->738310K(1101224K), 0.0332694 secs]
55.377: [GC 772145K->748373K(1101224K), 0.0169986 secs]
55.421: [GC 782895K->752543K(1101224K), 0.0075732 secs]
55.455: [GC 782182K->746094K(1101224K), 0.0030263 secs]
55.912: [GC 683196K->671090K(1101224K), 0.0320856 secs]
56.019: [GC 705650K->678285K(1101224K), 0.0116464 secs]
56.056: [GC 712845K->681464K(1101224K), 0.0070947 secs]
56.089: [GC 716024K->680972K(1101224K), 0.0031578 secs]
56.257: [GC 715532K->689336K(1169448K), 0.0111897 secs]
56.538: [GC 702476K(1169448K), 0.0115861 secs]
56.805: [GC 723896K->712305K(1169448K), 0.0331838 secs]
56.879: [GC 746865K->717119K(1169448K), 0.0092092 secs]
56.914: [GC 751679K->720330K(1169448K), 0.0071332 secs]
57.118: [GC 754890K->723097K(1169448K), 0.0062704 secs]
57.481: [GC 757657K->748479K(1169448K), 0.0326257 secs]
57.538: [GC 783039K->751600K(1169448K), 0.0075347 secs]
57.571: [GC 786160K->751454K(1169448K), 0.0032181 secs]
57.861: [GC 786014K->762214K(1169448K), 0.0157555 secs]
58.135: [GC 796774K->780789K(1169448K), 0.0255667 secs]
58.184: [GC 815349K->783950K(1169448K), 0.0072441 secs]
58.216: [GC 818510K->783784K(1169448K), 0.0032601 secs]
58.440: [GC 818344K->794612K(1169448K), 0.0154373 secs]
58.680: [GC 829172K->796762K(1169448K), 0.0062355 secs]
59.055: [GC 831322K->822125K(1169448K), 0.0347031 secs]
59.114: [GC 856685K->826101K(1169448K), 0.0107865 secs]
59.149: [GC 860661K->825316K(1169448K), 0.0032098 secs]
59.448: [GC 859876K->836440K(1169448K), 0.0169479 secs]
59.695: [GC 871000K->854541K(1169448K), 0.0243636 secs]
59.744: [GC 889101K->858741K(1169448K), 0.0078750 secs]
59.776: [GC 893301K->857552K(1169448K), 0.0033862 secs]
60.083: [GC 883827K(1169448K), 0.0106541 secs]
60.207: [GC 892112K->876648K(1169448K), 0.0269182 secs]
60.358: [GC 907532K->883471K(1169448K), 0.0189005 secs]
60.402: [GC 913997K->882613K(1169448K), 0.0075415 secs]
60.434: [GC 912744K->878030K(1169448K), 0.0032643 secs]
60.690: [GC 879856K->858003K(1169448K), 0.0175768 secs]
60.990: [GC 892126K->862135K(1169448K), 0.0106877 secs]
61.332: [GC 844996K->833750K(1169448K), 0.0343114 secs]
61.391: [GC 861647K->831385K(1169448K), 0.0080594 secs]
61.426: [GC 861857K->825718K(1169448K), 0.0030308 secs]
61.732: [GC 781579K->758436K(1169448K), 0.0176355 secs]
62.000: [GC 789557K->772507K(1290032K), 0.0228360 secs]
62.033: [GC 786336K(1290032K), 0.0119459 secs]
62.061: [GC 807067K->776704K(1290032K), 0.0085719 secs]
62.096: [GC 811264K->775182K(1290032K), 0.0031623 secs]
62.501: [GC 809742K->794742K(1290032K), 0.0270163 secs]
62.633: [GC 829302K->804009K(1290032K), 0.0145643 secs]
62.672: [GC 838569K->808222K(1290032K), 0.0074209 secs]
62.705: [GC 842782K->806700K(1290032K), 0.0033147 secs]
62.965: [GC 841260K->818763K(1290032K), 0.0163722 secs]
63.366: [GC 853323K->829931K(1290032K), 0.0184184 secs]
63.615: [GC 864491K->846255K(1290032K), 0.0228870 secs]
63.663: [GC 880815K->850563K(1290032K), 0.0077204 secs]
63.696: [GC 885123K->848987K(1290032K), 0.0033964 secs]
64.130: [GC 883547K->869908K(1290032K), 0.0296988 secs]
64.262: [GC 904468K->877721K(1290032K), 0.0136246 secs]
64.301: [GC 912281K->881937K(1290032K), 0.0077326 secs]
64.459: [GC 916497K->881069K(1290032K), 0.0036379 secs]
64.876: [GC 915629K->908163K(1290032K), 0.0345273 secs]
64.935: [GC 942723K->912035K(1290032K), 0.0077124 secs]
64.968: [GC 946595K->910691K(1290032K), 0.0031902 secs]
65.190: [GC 945251K->919727K(1290032K), 0.0137083 secs]
65.297: [GC 954287K->924747K(1290032K), 0.0097573 secs]
65.778: [GC 959307K->943963K(1290032K), 0.0296360 secs]
65.926: [GC 978523K->954020K(1290032K), 0.0162413 secs]
65.967: [GC 988580K->958366K(1290032K), 0.0080184 secs]
65.986: [GC 973578K(1290032K), 0.0090873 secs]
66.010: [GC 990359K->954211K(1290032K), 0.0031928 secs]
66.543: [GC 953830K->945872K(1290032K), 0.0362906 secs]
66.607: [GC 979417K->948656K(1290032K), 0.0083445 secs]
66.641: [GC 981299K->946898K(1290032K), 0.0038714 secs]
66.872: [GC 980885K->953293K(1290032K), 0.0151214 secs]
67.179: [GC 958600K->945709K(1290032K), 0.0328698 secs]
67.236: [GC 977906K->947508K(1290032K), 0.0077679 secs]
67.271: [GC 976135K->940405K(1290032K), 0.0034731 secs]
67.524: [GC 899346K->877242K(1290032K), 0.0169466 secs]
67.567: [GC 911802K->881063K(1290032K), 0.0077512 secs]
68.113: [GC 868733K->856866K(1422952K), 0.0299933 secs]
68.159: [GC 870695K(1422952K), 0.0118824 secs]
68.186: [GC 891426K->861453K(1422952K), 0.0091428 secs]
68.221: [GC 896013K->864449K(1422952K), 0.0072942 secs]
68.420: [GC 899009K->867228K(1422952K), 0.0078958 secs]
68.761: [GC 901788K->891542K(1422952K), 0.0320324 secs]
68.818: [GC 926102K->895678K(1422952K), 0.0077483 secs]
68.852: [GC 930238K->894181K(1422952K), 0.0035039 secs]
69.133: [GC 928741K->906348K(1422952K), 0.0180044 secs]
69.393: [GC 940908K->923932K(1422952K), 0.0239021 secs]
69.442: [GC 958492K->928128K(1422952K), 0.0078057 secs]
69.475: [GC 962688K->926940K(1422952K), 0.0035690 secs]
69.710: [GC 961500K->938452K(1422952K), 0.0157728 secs]
69.810: [GC 973012K->940585K(1422952K), 0.0066293 secs]
70.316: [GC 975145K->953598K(1422952K), 0.0218514 secs]
70.558: [GC 988158K->967617K(1422952K), 0.0205480 secs]
70.604: [GC 1002177K->971875K(1422952K), 0.0079914 secs]
70.637: [GC 1006435K->970318K(1422952K), 0.0033766 secs]
71.142: [GC 1004878K->991083K(1422952K), 0.0281956 secs]
71.297: [GC 1025643K->1000071K(1422952K), 0.0149306 secs]
71.337: [GC 1034631K->1004282K(1422952K), 0.0083343 secs]
71.369: [GC 1038842K->1002762K(1422952K), 0.0033208 secs]
71.845: [GC 1037322K->1028221K(1422952K), 0.0357351 secs]
71.909: [GC 1062781K->1032608K(1422952K), 0.0099972 secs]
71.944: [GC 1067168K->1035844K(1422952K), 0.0073487 secs]
72.036: [GC 1070404K->1036417K(1422952K), 0.0044532 secs]
72.184: [GC 1070977K->1046060K(1422952K), 0.0164258 secs]
72.573: [GC 1075104K(1422952K), 0.0109703 secs]
72.639: [GC 1080620K->1066111K(1422952K), 0.0301594 secs]
72.777: [GC 1097734K->1072907K(1422952K), 0.0175829 secs]
72.821: [GC 1103689K->1073460K(1422952K), 0.0084080 secs]
72.856: [GC 1104188K->1068388K(1422952K), 0.0038246 secs]
73.370: [GC 1063229K->1054333K(1422952K), 0.0345623 secs]
73.432: [GC 1088222K->1057466K(1422952K), 0.0091374 secs]
73.468: [GC 1090756K->1058239K(1422952K), 0.0080280 secs]
73.683: [GC 1091722K->1061070K(1422952K), 0.0082278 secs]
74.024: [GC 1052057K->1040906K(1422952K), 0.0343070 secs]
74.084: [GC 1072386K->1041964K(1422952K), 0.0079199 secs]
74.119: [GC 1070588K->1034530K(1422952K), 0.0033175 secs]
74.392: [GC 1047848K->1025846K(1422952K), 0.0180063 secs]
74.436: [GC 1054701K->1023959K(1422952K), 0.0078968 secs]
74.978: [GC 977335K->965251K(1422952K), 0.0325850 secs]
75.044: [GC 992824K->962901K(1422952K), 0.0101717 secs]
75.080: [GC 991396K->960102K(1422952K), 0.0068885 secs]
75.305: [GC 992122K->960179K(1422952K), 0.0074645 secs]
75.646: [GC 994739K->984120K(1632004K), 0.0299394 secs]
75.686: [GC 997949K(1632004K), 0.0125097 secs]
75.714: [GC 1018680K->988260K(1632004K), 0.0082172 secs]
75.747: [GC 1022820K->987097K(1632004K), 0.0036921 secs]
76.074: [GC 1021657K->1000265K(1632004K), 0.0196817 secs]
76.298: [GC 1034825K->1015548K(1632004K), 0.0220182 secs]
76.345: [GC 1050108K->1019750K(1632004K), 0.0080075 secs]
76.378: [GC 1054310K->1018226K(1632004K), 0.0036806 secs]
76.630: [GC 1052786K->1031272K(1632004K), 0.0177285 secs]
76.873: [GC 1065832K->1032889K(1632004K), 0.0071951 secs]
77.238: [GC 1067449K->1058346K(1632004K), 0.0324978 secs]
77.295: [GC 1092906K->1062383K(1632004K), 0.0084395 secs]
77.329: [GC 1096943K->1061251K(1632004K), 0.0038599 secs]
77.617: [GC 1095811K->1071993K(1632004K), 0.0169210 secs]
77.865: [GC 1106553K->1089798K(1632004K), 0.0253245 secs]
77.916: [GC 1124358K->1093996K(1632004K), 0.0080248 secs]
77.949: [GC 1128556K->1092802K(1632004K), 0.0038724 secs]
78.362: [GC 1127362K->1112396K(1632004K), 0.0274785 secs]
78.500: [GC 1146956K->1121908K(1632004K), 0.0161641 secs]
78.542: [GC 1156468K->1126128K(1632004K), 0.0088474 secs]
78.575: [GC 1160688K->1124617K(1632004K), 0.0038246 secs]
78.824: [GC 1159177K->1138573K(1632004K), 0.0199110 secs]
79.122: [GC 1173133K->1144141K(1632004K), 0.0121108 secs]
79.458: [GC 1178701K->1167135K(1632004K), 0.0323839 secs]
79.514: [GC 1201695K->1171437K(1632004K), 0.0088558 secs]
79.548: [GC 1205997K->1170205K(1632004K), 0.0104526 secs]
79.849: [GC 1204765K->1181789K(1632004K), 0.0188844 secs]
80.099: [GC 1216349K->1199158K(1632004K), 0.0255487 secs]
80.149: [GC 1233718K->1203359K(1632004K), 0.0081486 secs]
80.182: [GC 1237919K->1202168K(1632004K), 0.0039224 secs]
80.580: [GC 1236728K->1220336K(1632004K), 0.0278502 secs]
80.731: [GC 1254896K->1231503K(1632004K), 0.0181766 secs]
80.774: [GC 1266063K->1235718K(1632004K), 0.0081159 secs]
80.794: [GC 1251622K(1632004K), 0.0095713 secs]
80.817: [GC 1268219K->1232828K(1632004K), 0.0039664 secs]
81.057: [GC 1243175K->1220948K(1632004K), 0.0188437 secs]
81.418: [GC 1251941K->1225824K(1632004K), 0.0163837 secs]
81.679: [GC 1221210K->1205383K(1632004K), 0.0260628 secs]
81.731: [GC 1238164K->1207912K(1632004K), 0.0086319 secs]
81.765: [GC 1241188K->1205391K(1632004K), 0.0036017 secs]
82.190: [GC 1198014K->1182721K(1632004K), 0.0311565 secs]
82.322: [GC 1212684K->1187405K(1632004K), 0.0155082 secs]
82.365: [GC 1216077K->1185733K(1632004K), 0.0082663 secs]
82.490: [GC 1214586K->1178504K(1632004K), 0.0035382 secs]
82.904: [GC 1172184K->1165142K(1632004K), 0.0347050 secs]
82.964: [GC 1194937K->1164171K(1632004K), 0.0077528 secs]
82.998: [GC 1193704K->1158141K(1632004K), 0.0037675 secs]
83.219: [GC 1186751K->1162104K(1632004K), 0.0158308 secs]
83.299: [GC 1189869K->1160550K(1632004K), 0.0100456 secs]
83.705: [GC 1109035K->1089566K(1822496K), 0.0220397 secs]
83.870: [GC 1103396K(1822496K), 0.0124479 secs]
83.917: [GC 1124126K->1103603K(1822496K), 0.0207982 secs]
83.964: [GC 1138163K->1107942K(1822496K), 0.0086309 secs]
83.999: [GC 1142502K->1106355K(1822496K), 0.0050741 secs]
84.729: [GC 1140915K->1129403K(1822496K), 0.0313740 secs]
84.829: [GC 1163963K->1134925K(1822496K), 0.0107772 secs]
84.865: [GC 1169485K->1139143K(1822496K), 0.0082560 secs]
85.060: [GC 1173703K->1140327K(1822496K), 0.0066146 secs]
85.430: [GC 1174887K->1165206K(1822496K), 0.0333185 secs]
85.488: [GC 1199766K->1169349K(1822496K), 0.0082984 secs]
85.521: [GC 1203909K->1168180K(1822496K), 0.0038685 secs]
85.771: [GC 1202740K->1180522K(1822496K), 0.0179316 secs]
85.815: [GC 1215082K->1184346K(1822496K), 0.0082730 secs]
86.297: [GC 1218906K->1203483K(1822496K), 0.0283024 secs]
86.442: [GC 1238043K->1212055K(1822496K), 0.0142965 secs]
86.482: [GC 1246615K->1216240K(1822496K), 0.0079170 secs]
86.636: [GC 1250800K->1215390K(1822496K), 0.0046357 secs]
87.036: [GC 1249950K->1242252K(1822496K), 0.0349269 secs]
87.095: [GC 1276812K->1246110K(1822496K), 0.0092198 secs]
87.129: [GC 1280670K->1244773K(1822496K), 0.0038506 secs]
87.415: [GC 1279333K->1255036K(1822496K), 0.0162298 secs]
87.694: [GC 1289596K->1274003K(1822496K), 0.0265904 secs]
87.745: [GC 1308563K->1278196K(1822496K), 0.0081380 secs]
87.778: [GC 1312756K->1277014K(1822496K), 0.0039612 secs]
88.053: [GC 1311574K->1290337K(1822496K), 0.0192542 secs]
88.096: [GC 1324897K->1294158K(1822496K), 0.0081986 secs]
88.661: [GC 1328718K->1317201K(1822496K), 0.0366222 secs]
88.725: [GC 1351761K->1321630K(1822496K), 0.0092201 secs]
88.759: [GC 1356190K->1324081K(1822496K), 0.0072515 secs]
88.977: [GC 1358641K->1328166K(1822496K), 0.0096633 secs]
89.310: [GC 1362726K->1351431K(1822496K), 0.0327989 secs]
89.366: [GC 1385991K->1355565K(1822496K), 0.0085460 secs]
89.400: [GC 1390125K->1354406K(1822496K), 0.0038881 secs]
89.744: [GC 1388966K->1369216K(1822496K), 0.0241638 secs]
89.941: [GC 1403776K->1382856K(1822496K), 0.0209723 secs]
89.987: [GC 1417416K->1387063K(1822496K), 0.0083173 secs]
90.020: [GC 1421623K->1385868K(1822496K), 0.0037752 secs]
90.289: [GC 1420428K->1399225K(1822496K), 0.0199322 secs]
90.523: [GC 1433785K->1400870K(1822496K), 0.0071620 secs]
90.838: [GC 1426457K(1822496K), 0.0102884 secs]
90.911: [GC 1435430K->1426294K(1822496K), 0.0342698 secs]
90.969: [GC 1457290K->1426674K(1822496K), 0.0090039 secs]
91.003: [GC 1457478K->1421831K(1822496K), 0.0036546 secs]
91.296: [GC 1410823K->1387331K(1822496K), 0.0192250 secs]
91.563: [GC 1381397K->1364447K(1822496K), 0.0275019 secs]
91.617: [GC 1393421K->1363059K(1822496K), 0.0082676 secs]
91.651: [GC 1396366K->1360614K(1822496K), 0.0038888 secs]
92.110: [GC 1336982K->1321998K(1822496K), 0.0313143 secs]
92.246: [GC 1352564K->1326932K(1822496K), 0.0159719 secs]
92.290: [GC 1360998K->1330652K(1822496K), 0.0205759 secs]
92.337: [GC 1365212K->1329131K(1822496K), 0.0053625 secs]
92.628: [GC 1328873K->1307829K(1822496K), 0.0190044 secs]
92.940: [GC 1338817K->1310205K(1822496K), 0.0132009 secs]
93.256: [GC 1251150K->1237744K(1822496K), 0.0284066 secs]
93.310: [GC 1264212K->1233951K(1822496K), 0.0080488 secs]
93.344: [GC 1262388K->1226251K(1822496K), 0.0036351 secs]
93.733: [GC 1254188K->1236260K(2067108K), 0.0259951 secs]
93.903: [GC 1250089K(2067108K), 0.0118090 secs]
93.930: [GC 1270820K->1248325K(2067108K), 0.0187167 secs]
93.974: [GC 1282885K->1252533K(2067108K), 0.0088051 secs]
94.008: [GC 1287093K->1251011K(2067108K), 0.0040783 secs]
94.524: [GC 1285571K->1276646K(2067108K), 0.0337338 secs]
94.593: [GC 1311206K->1281024K(2067108K), 0.0092445 secs]
94.628: [GC 1315584K->1283114K(2067108K), 0.0082804 secs]
94.797: [GC 1317674K->1287858K(2067108K), 0.0123221 secs]
94.922: [GC 1322418K->1296209K(2067108K), 0.0416354 secs]
95.331: [GC 1330769K->1309508K(2067108K), 0.0208976 secs]
95.581: [GC 1344068K->1325411K(2067108K), 0.0227462 secs]
95.628: [GC 1359971K->1329744K(2067108K), 0.0086758 secs]
95.662: [GC 1364304K->1328492K(2067108K), 0.0042095 secs]
96.066: [GC 1363052K->1350388K(2067108K), 0.0352201 secs]
96.219: [GC 1384948K->1360795K(2067108K), 0.0167673 secs]
96.261: [GC 1395355K->1365006K(2067108K), 0.0084898 secs]
96.294: [GC 1399566K->1363483K(2067108K), 0.0042005 secs]
96.827: [GC 1398043K->1390454K(2067108K), 0.0349311 secs]
96.888: [GC 1425014K->1394251K(2067108K), 0.0087891 secs]
96.923: [GC 1428811K->1394093K(2067108K), 0.0046274 secs]
97.109: [GC 1428653K->1401485K(2067108K), 0.0146233 secs]
97.211: [GC 1436045K->1408344K(2067108K), 0.0139299 secs]
97.639: [GC 1442904K->1423903K(2067108K), 0.0241795 secs]
97.832: [GC 1458463K->1437324K(2067108K), 0.0212600 secs]
97.878: [GC 1471884K->1441666K(2067108K), 0.0087547 secs]
97.911: [GC 1476226K->1440077K(2067108K), 0.0042104 secs]
98.435: [GC 1474637K->1464607K(2067108K), 0.0336408 secs]
98.508: [GC 1499167K->1469180K(2067108K), 0.0098301 secs]
98.542: [GC 1503740K->1472454K(2067108K), 0.0080440 secs]
98.767: [GC 1507014K->1475713K(2067108K), 0.0092759 secs]
99.155: [GC 1510273K->1498701K(2067108K), 0.0332428 secs]
99.213: [GC 1533261K->1502843K(2067108K), 0.0088981 secs]
99.247: [GC 1537403K->1501347K(2067108K), 0.0042191 secs]
99.565: [GC 1535907K->1515282K(2067108K), 0.0202247 secs]
99.609: [GC 1549842K->1519102K(2067108K), 0.0086085 secs]
100.098: [GC 1553662K->1537453K(2067108K), 0.0287960 secs]
100.217: [GC 1572013K->1545543K(2067108K), 0.0146211 secs]
100.256: [GC 1580103K->1549709K(2067108K), 0.0086977 secs]
100.416: [GC 1584269K->1549188K(2067108K), 0.0046986 secs]
100.843: [GC 1583748K->1575731K(2067108K), 0.0391085 secs]
100.906: [GC 1610291K->1579663K(2067108K), 0.0088628 secs]
100.939: [GC 1614223K->1578599K(2067108K), 0.0041540 secs]
101.243: [GC 1613159K->1589184K(2067108K), 0.0179264 secs]
101.504: [GC 1623744K->1606974K(2067108K), 0.0261385 secs]
101.555: [GC 1641534K->1611171K(2067108K), 0.0089173 secs]
101.588: [GC 1645731K->1609651K(2067108K), 0.0041011 secs]
101.859: [GC 1644211K->1623367K(2067108K), 0.0221224 secs]
101.906: [GC 1657927K->1627188K(2067108K), 0.0088529 secs]
102.213: [GC 1640408K(2067108K), 0.0090694 secs]
102.475: [GC 1622373K->1611741K(2067108K), 0.0360187 secs]
102.538: [GC 1641460K->1610504K(2067108K), 0.0090678 secs]
102.576: [GC 1643578K->1610685K(2067108K), 0.0067012 secs]
102.819: [GC 1644181K->1615938K(2067108K), 0.0114344 secs]
103.114: [GC 1622877K->1609317K(2067108K), 0.0313784 secs]
103.172: [GC 1643693K->1613270K(2067108K), 0.0087076 secs]
103.208: [GC 1647756K->1611702K(2067108K), 0.0039660 secs]
103.566: [GC 1553568K->1536268K(2067108K), 0.0267729 secs]
103.750: [GC 1562616K->1540187K(2067108K), 0.0192917 secs]
103.797: [GC 1574639K->1544266K(2067108K), 0.0083840 secs]
103.832: [GC 1578761K->1542690K(2067108K), 0.0039362 secs]
104.087: [GC 1515235K->1494115K(2067108K), 0.0195845 secs]
104.190: [GC 1528675K->1496365K(2067108K), 0.0077310 secs]
104.559: [GC 1530925K->1504253K(2067108K), 0.0153485 secs]
104.834: [GC 1442394K->1427049K(2067108K), 0.0310827 secs]
104.892: [GC 1454312K->1424022K(2067108K), 0.0082688 secs]
104.926: [GC 1449859K->1414077K(2067108K), 0.0041174 secs]
105.283: [GC 1433616K->1415487K(2365588K), 0.0230900 secs]
105.441: [GC 1429401K(2365588K), 0.0117413 secs]
105.470: [GC 1450047K->1428871K(2365588K), 0.0250869 secs]
105.522: [GC 1463431K->1431732K(2365588K), 0.0082923 secs]
105.556: [GC 1466292K->1430793K(2365588K), 0.0048214 secs]
106.002: [GC 1465353K->1454579K(2365588K), 0.0334590 secs]
106.087: [GC 1489139K->1460519K(2365588K), 0.0126679 secs]
106.125: [GC 1495079K->1464630K(2365588K), 0.0087868 secs]
106.208: [GC 1499190K->1463792K(2365588K), 0.0054414 secs]
106.375: [GC 1498352K->1474921K(2365588K), 0.0173610 secs]
106.717: [GC 1509481K->1481604K(2365588K), 0.0143314 secs]
107.008: [GC 1516164K->1502862K(2365588K), 0.0297415 secs]
107.062: [GC 1537422K->1507161K(2365588K), 0.0088365 secs]
107.097: [GC 1541721K->1505591K(2365588K), 0.0045969 secs]
107.427: [GC 1540151K->1520460K(2365588K), 0.0241539 secs]
107.646: [GC 1555020K->1534870K(2365588K), 0.0214784 secs]
107.693: [GC 1569430K->1539074K(2365588K), 0.0097942 secs]
107.728: [GC 1573634K->1537886K(2365588K), 0.0048179 secs]
108.159: [GC 1572446K->1560026K(2365588K), 0.0313214 secs]
108.266: [GC 1594586K->1566903K(2365588K), 0.0129437 secs]
108.304: [GC 1601463K->1571114K(2365588K), 0.0087381 secs]
108.436: [GC 1605674K->1570921K(2365588K), 0.0056094 secs]
108.626: [GC 1605481K->1582308K(2365588K), 0.0176798 secs]
108.805: [GC 1616868K->1590151K(2365588K), 0.0140466 secs]
109.230: [GC 1624711K->1604845K(2365588K), 0.0242045 secs]
109.401: [GC 1639405K->1616707K(2365588K), 0.0192972 secs]
109.447: [GC 1651267K->1621006K(2365588K), 0.0089982 secs]
109.481: [GC 1655566K->1619778K(2365588K), 0.0045100 secs]
109.974: [GC 1654338K->1645107K(2365588K), 0.0380222 secs]
110.039: [GC 1679667K->1649476K(2365588K), 0.0099655 secs]
110.074: [GC 1684036K->1652057K(2365588K), 0.0080139 secs]
110.282: [GC 1686617K->1656003K(2365588K), 0.0101512 secs]
110.645: [GC 1690563K->1679334K(2365588K), 0.0319846 secs]
110.702: [GC 1713894K->1683463K(2365588K), 0.0091457 secs]
110.737: [GC 1718023K->1682302K(2365588K), 0.0047650 secs]
111.018: [GC 1716862K->1695469K(2365588K), 0.0191179 secs]
111.063: [GC 1730029K->1699282K(2365588K), 0.0088888 secs]
111.560: [GC 1733842K->1718416K(2365588K), 0.0300179 secs]
111.695: [GC 1752976K->1726314K(2365588K), 0.0160441 secs]
111.738: [GC 1760874K->1730502K(2365588K), 0.0114065 secs]
111.778: [GC 1765062K->1729706K(2365588K), 0.0049933 secs]
112.279: [GC 1764266K->1754144K(2365588K), 0.0380841 secs]
112.551: [GC 1788704K->1758940K(2365588K), 0.0111130 secs]
112.587: [GC 1793500K->1762827K(2365588K), 0.0094844 secs]
112.622: [GC 1797387K->1761801K(2365588K), 0.0053339 secs]
113.144: [GC 1796361K->1789370K(2365588K), 0.0381303 secs]
113.208: [GC 1823930K->1793225K(2365588K), 0.0090633 secs]
113.242: [GC 1827785K->1793716K(2365588K), 0.0053461 secs]
113.341: [GC 1828276K->1796107K(2365588K), 0.0092147 secs]
113.496: [GC 1830667K->1805929K(2365588K), 0.0178674 secs]
113.871: [GC 1835151K(2365588K), 0.0093407 secs]
113.934: [GC 1840489K->1824170K(2365588K), 0.0288637 secs]
114.102: [GC 1855820K->1832589K(2365588K), 0.0191054 secs]
114.146: [GC 1863817K->1833648K(2365588K), 0.0093545 secs]
114.181: [GC 1864628K->1829297K(2365588K), 0.0054564 secs]
114.698: [GC 1823153K->1813158K(2365588K), 0.0361578 secs]
114.767: [GC 1847386K->1817836K(2365588K), 0.0101470 secs]
114.804: [GC 1848485K->1816064K(2365588K), 0.0080957 secs]
115.066: [GC 1846111K->1819440K(2365588K), 0.0173841 secs]
115.357: [GC 1811156K->1797040K(2365588K), 0.0296815 secs]
115.412: [GC 1829103K->1798726K(2365588K), 0.0090485 secs]
115.447: [GC 1830871K->1795216K(2365588K), 0.0047300 secs]
115.823: [GC 1779387K->1762911K(2365588K), 0.0272139 secs]
115.877: [GC 1796265K->1765565K(2365588K), 0.0090039 secs]
116.208: [GC 1798842K->1772083K(2365588K), 0.0154248 secs]
116.481: [GC 1772662K->1756540K(2365588K), 0.0276100 secs]
116.534: [GC 1791099K->1760689K(2365588K), 0.0104417 secs]
116.571: [GC 1792084K->1756028K(2365588K), 0.0058756 secs]
116.996: [GC 1701175K->1686315K(2365588K), 0.0299140 secs]
117.132: [GC 1720875K->1695200K(2365588K), 0.0150040 secs]
117.175: [GC 1729760K->1699413K(2365588K), 0.0085033 secs]
117.327: [GC 1733973K->1698549K(2365588K), 0.0047204 secs]
117.766: [GC 1648674K->1640991K(2365588K), 0.0340866 secs]
117.825: [GC 1668786K->1638082K(2365588K), 0.0083474 secs]
117.859: [GC 1665597K->1630007K(2365588K), 0.0046155 secs]
118.086: [GC 1656796K->1632498K(2365588K), 0.0174822 secs]
118.163: [GC 1659603K->1629932K(2365588K), 0.0103231 secs]
118.589: [GC 1634965K->1616009K(2699044K), 0.0237071 secs]
118.769: [GC 1629923K(2699044K), 0.0118574 secs]
118.805: [GC 1650569K->1629300K(2699044K), 0.0207199 secs]
118.851: [GC 1663860K->1633638K(2699044K), 0.0091486 secs]
118.885: [GC 1668198K->1632052K(2699044K), 0.0048817 secs]
119.371: [GC 1666612K->1656821K(2699044K), 0.0343769 secs]
119.433: [GC 1691381K->1661295K(2699044K), 0.0102131 secs]
119.468: [GC 1695855K->1664185K(2699044K), 0.0083984 secs]
119.702: [GC 1698745K->1668262K(2699044K), 0.0106117 secs]
120.046: [GC 1702822K->1690728K(2699044K), 0.0318643 secs]
120.103: [GC 1725288K->1694866K(2699044K), 0.0162064 secs]
120.144: [GC 1729426K->1693373K(2699044K), 0.0049382 secs]
120.441: [GC 1727933K->1707536K(2699044K), 0.0200323 secs]
120.486: [GC 1742096K->1711358K(2699044K), 0.0092384 secs]
120.977: [GC 1745918K->1729423K(2699044K), 0.0280741 secs]
121.100: [GC 1763983K->1737661K(2699044K), 0.0156740 secs]
121.141: [GC 1772221K->1741828K(2699044K), 0.0103660 secs]
121.313: [GC 1776388K->1741630K(2699044K), 0.0058249 secs]
121.730: [GC 1776190K->1767759K(2699044K), 0.0349070 secs]
121.790: [GC 1802319K->1771739K(2699044K), 0.0088609 secs]
121.825: [GC 1806299K->1770656K(2699044K), 0.0060761 secs]
122.126: [GC 1805216K->1781591K(2699044K), 0.0204075 secs]
122.383: [GC 1816151K->1799010K(2699044K), 0.0266895 secs]
122.434: [GC 1833570K->1803208K(2699044K), 0.0101868 secs]
122.469: [GC 1837768K->1802017K(2699044K), 0.0048256 secs]
122.756: [GC 1836577K->1815785K(2699044K), 0.0203081 secs]
122.801: [GC 1850345K->1819606K(2699044K), 0.0092996 secs]
123.346: [GC 1854166K->1842836K(2699044K), 0.0345013 secs]
123.408: [GC 1877396K->1846434K(2699044K), 0.0102416 secs]
123.442: [GC 1880994K->1849183K(2699044K), 0.0079937 secs]
123.688: [GC 1883743K->1854346K(2699044K), 0.0119251 secs]
124.024: [GC 1888906K->1876109K(2699044K), 0.0308849 secs]
124.080: [GC 1910669K->1880245K(2699044K), 0.0096265 secs]
124.114: [GC 1914805K->1878753K(2699044K), 0.0049372 secs]
124.499: [GC 1913313K->1895018K(2699044K), 0.0262623 secs]
124.686: [GC 1929578K->1907408K(2699044K), 0.0200092 secs]
124.731: [GC 1941968K->1911618K(2699044K), 0.0102105 secs]
124.765: [GC 1946178K->1910099K(2699044K), 0.0049555 secs]
125.037: [GC 1944659K->1924102K(2699044K), 0.0210442 secs]
125.275: [GC 1958662K->1926371K(2699044K), 0.0085620 secs]
125.674: [GC 1960931K->1950993K(2699044K), 0.0359263 secs]
125.735: [GC 1985553K->1955032K(2699044K), 0.0096855 secs]
125.769: [GC 1989592K->1953903K(2699044K), 0.0049555 secs]
126.099: [GC 1988463K->1965599K(2699044K), 0.0196846 secs]
126.343: [GC 2000159K->1982256K(2699044K), 0.0263232 secs]
126.394: [GC 2016816K->1986456K(2699044K), 0.0104328 secs]
126.429: [GC 2021016K->1984937K(2699044K), 0.0048455 secs]
126.866: [GC 2019497K->2005548K(2699044K), 0.0316892 secs]
126.978: [GC 2040108K->2012258K(2699044K), 0.0135729 secs]
127.018: [GC 2046818K->2016714K(2699044K), 0.0101409 secs]
127.149: [GC 2051274K->2017410K(2699044K), 0.0080123 secs]
127.399: [GC 2051970K->2033751K(2699044K), 0.0308101 secs]
127.456: [GC 2068311K->2038097K(2699044K), 0.0131047 secs]
127.896: [GC 2072657K->2051543K(2699044K), 0.0252123 secs]
128.064: [GC 2073806K(2699044K), 0.0094799 secs]
128.084: [GC 2086103K->2063277K(2699044K), 0.0191650 secs]
128.129: [GC 2094855K->2064676K(2699044K), 0.0112856 secs]
128.166: [GC 2096112K->2060979K(2699044K), 0.0063987 secs]
128.675: [GC 2053659K->2044080K(2699044K), 0.0366469 secs]
128.740: [GC 2077718K->2047374K(2699044K), 0.0110450 secs]
128.778: [GC 2081817K->2048190K(2699044K), 0.0084687 secs]
129.030: [GC 2081132K->2054721K(2699044K), 0.0153622 secs]
129.335: [GC 2041045K->2025453K(2699044K), 0.0282880 secs]
129.389: [GC 2057292K->2027070K(2699044K), 0.0104950 secs]
129.426: [GC 2057053K->2021914K(2699044K), 0.0062255 secs]
129.860: [GC 1972346K->1955306K(2699044K), 0.0310439 secs]
130.026: [GC 1988300K->1963758K(2699044K), 0.0179546 secs]
130.071: [GC 1995305K->1965316K(2699044K), 0.0103404 secs]
130.108: [GC 1995607K->1960341K(2699044K), 0.0062544 secs]
130.659: [GC 1940170K->1929678K(2699044K), 0.0359131 secs]
130.723: [GC 1964192K->1934297K(2699044K), 0.0103956 secs]
130.759: [GC 1967404K->1936264K(2699044K), 0.0089189 secs]
130.989: [GC 1967881K->1937923K(2699044K), 0.0134135 secs]
131.312: [GC 1873957K->1860286K(2699044K), 0.0295391 secs]
131.366: [GC 1894845K->1863558K(2699044K), 0.0097592 secs]
131.402: [GC 1898118K->1864493K(2699044K), 0.0060831 secs]
131.739: [GC 1807308K->1786751K(2699044K), 0.0232453 secs]
131.957: [GC 1780338K->1759079K(2699044K), 0.0211407 secs]
132.004: [GC 1787851K->1757743K(2699044K), 0.0102724 secs]
132.040: [GC 1791339K->1756174K(2699044K), 0.0063278 secs]
132.513: [GC 1790734K->1778840K(2959832K), 0.0316658 secs]
132.558: [GC 1792756K(2959832K), 0.0117285 secs]
132.586: [GC 1813400K->1783465K(2959832K), 0.0115251 secs]
132.622: [GC 1818025K->1787444K(2959832K), 0.0098869 secs]
132.989: [GC 1822004K->1793316K(2959832K), 0.0151310 secs]
133.422: [GC 1827876K->1812682K(2959832K), 0.0283906 secs]
133.476: [GC 1847242K->1817182K(2959832K), 0.0101069 secs]
133.511: [GC 1851742K->1816424K(2959832K), 0.0065414 secs]
133.907: [GC 1850984K->1833076K(2959832K), 0.0268678 secs]
134.082: [GC 1867636K->1844095K(2959832K), 0.0184418 secs]
134.126: [GC 1878655K->1848560K(2959832K), 0.0101197 secs]
134.161: [GC 1883120K->1848315K(2959832K), 0.0064016 secs]
134.673: [GC 1882875K->1873343K(2959832K), 0.0351129 secs]
134.734: [GC 1907903K->1877966K(2959832K), 0.0105299 secs]
134.769: [GC 1912526K->1878974K(2959832K), 0.0083468 secs]
134.994: [GC 1913534K->1885007K(2959832K), 0.0137817 secs]
135.293: [GC 1919567K->1904564K(2959832K), 0.0300789 secs]
135.348: [GC 1939124K->1908857K(2959832K), 0.0101986 secs]
135.383: [GC 1943417K->1908287K(2959832K), 0.0066864 secs]
135.844: [GC 1942847K->1926957K(2959832K), 0.0290968 secs]
135.987: [GC 1961517K->1936222K(2959832K), 0.0163940 secs]
136.029: [GC 1970782K->1939637K(2959832K), 0.0104029 secs]
136.064: [GC 1974197K->1940559K(2959832K), 0.0063772 secs]
136.583: [GC 1975119K->1965928K(2959832K), 0.0362913 secs]
136.644: [GC 2000488K->1970193K(2959832K), 0.0108574 secs]
136.680: [GC 2004753K->1970586K(2959832K), 0.0061944 secs]
136.916: [GC 2005146K->1977464K(2959832K), 0.0155489 secs]
137.224: [GC 2012024K->1998074K(2959832K), 0.0306988 secs]
137.279: [GC 2032634K->2002474K(2959832K), 0.0102323 secs]
137.314: [GC 2037034K->2001863K(2959832K), 0.0084199 secs]
137.646: [GC 2036423K->2016483K(2959832K), 0.0244717 secs]
137.825: [GC 2051043K->2027669K(2959832K), 0.0190275 secs]
137.868: [GC 2062229K->2032237K(2959832K), 0.0109145 secs]
138.069: [GC 2066797K->2032237K(2959832K), 0.0071457 secs]
138.463: [GC 2066797K->2057670K(2959832K), 0.0395524 secs]
138.527: [GC 2092230K->2062007K(2959832K), 0.0108548 secs]
138.564: [GC 2096567K->2061477K(2959832K), 0.0067894 secs]
138.843: [GC 2096037K->2071590K(2959832K), 0.0192904 secs]
139.128: [GC 2106150K->2089679K(2959832K), 0.0276244 secs]
139.180: [GC 2124239K->2094188K(2959832K), 0.0103757 secs]
139.215: [GC 2128748K->2093478K(2959832K), 0.0066171 secs]
139.583: [GC 2128038K->2110264K(2959832K), 0.0274201 secs]
139.756: [GC 2144824K->2121342K(2959832K), 0.0192433 secs]
139.800: [GC 2155902K->2125806K(2959832K), 0.0107368 secs]
139.835: [GC 2160366K->2125199K(2959832K), 0.0067797 secs]
140.282: [GC 2159759K->2148539K(2959832K), 0.0336771 secs]
140.340: [GC 2183099K->2152817K(2959832K), 0.0104854 secs]
140.376: [GC 2187377K->2151965K(2959832K), 0.0067089 secs]
140.831: [GC 2186525K->2170761K(2959832K), 0.0293733 secs]
140.991: [GC 2205321K->2180325K(2959832K), 0.0179386 secs]
141.034: [GC 2214885K->2184673K(2959832K), 0.0100944 secs]
141.069: [GC 2219233K->2183954K(2959832K), 0.0057926 secs]
141.590: [GC 2218514K->2210400K(2959832K), 0.0366578 secs]
141.652: [GC 2244960K->2214437K(2959832K), 0.0099501 secs]
141.687: [GC 2248997K->2213833K(2959832K), 0.0060546 secs]
141.960: [GC 2248393K->2222958K(2959832K), 0.0167616 secs]
142.247: [GC 2257518K->2242039K(2959832K), 0.0308666 secs]
142.303: [GC 2276599K->2246308K(2959832K), 0.0096435 secs]
142.337: [GC 2280868K->2245183K(2959832K), 0.0054779 secs]
142.702: [GC 2279743K->2263415K(2959832K), 0.0265962 secs]
142.753: [GC 2297975K->2267406K(2959832K), 0.0104786 secs]
143.022: [GC 2301966K->2271037K(2959832K), 0.0109581 secs]
143.346: [GC 2305597K->2293477K(2959832K), 0.0340003 secs]
143.405: [GC 2328037K->2297670K(2959832K), 0.0117172 secs]
143.441: [GC 2332230K->2296239K(2959832K), 0.0053233 secs]
143.814: [GC 2330799K->2311757K(2959832K), 0.0254079 secs]
144.030: [GC 2346317K->2324749K(2959832K), 0.0240955 secs]
144.080: [GC 2359309K->2329031K(2959832K), 0.0101896 secs]
144.115: [GC 2363591K->2327570K(2959832K), 0.0054654 secs]
144.523: [GC 2354008K(2959832K), 0.0095588 secs]
144.641: [GC 2362130K->2352493K(2959832K), 0.0399023 secs]
144.708: [GC 2384302K->2354214K(2959832K), 0.0114405 secs]
144.745: [GC 2385940K->2353886K(2959832K), 0.0091954 secs]
144.952: [GC 2385144K->2355783K(2959832K), 0.0133901 secs]
145.161: [GC 2381343K->2359024K(2959832K), 0.0211939 secs]
145.207: [GC 2391901K->2361569K(2959832K), 0.0106627 secs]
145.925: [GC 2368116K->2355226K(2959832K), 0.0342851 secs]
145.996: [GC 2389092K->2359393K(2959832K), 0.0125928 secs]
146.034: [GC 2390128K->2359298K(2959832K), 0.0099026 secs]
146.242: [GC 2389288K->2358156K(2959832K), 0.0103269 secs]
146.576: [GC 2366000K->2354404K(2959832K), 0.0337252 secs]
146.634: [GC 2388692K->2357254K(2959832K), 0.0102127 secs]
146.670: [GC 2391572K->2357205K(2959832K), 0.0054010 secs]
147.039: [GC 2328056K->2308773K(2959832K), 0.0287360 secs]
147.232: [GC 2339106K->2317483K(2959832K), 0.0216834 secs]
147.282: [GC 2351097K->2320739K(2959832K), 0.0097695 secs]
147.318: [GC 2353860K->2318123K(2959832K), 0.0054147 secs]
147.609: [GC 2280862K->2261379K(2959832K), 0.0233806 secs]
147.658: [GC 2293224K->2262462K(2959832K), 0.0097997 secs]
148.217: [GC 2256911K->2239479K(2959832K), 0.0282248 secs]
148.349: [GC 2267486K->2241631K(2959832K), 0.0156785 secs]
148.391: [GC 2269295K->2238939K(2959832K), 0.0096374 secs]
148.546: [GC 2267378K->2232718K(2959832K), 0.0060437 secs]
148.949: [GC 2206874K->2198124K(2959832K), 0.0352803 secs]
149.010: [GC 2232684K->2202181K(2959832K), 0.0117824 secs]
149.049: [GC 2236741K->2201166K(2959832K), 0.0052922 secs]
149.341: [GC 2235716K->2211946K(2959832K), 0.0216205 secs]
149.601: [GC 2173018K->2155981K(2959832K), 0.0253101 secs]
149.651: [GC 2182710K->2152419K(2959832K), 0.0098093 secs]
149.687: [GC 2179031K->2143016K(2959832K), 0.0052977 secs]
150.043: [GC 2110287K->2093202K(2959832K), 0.0245298 secs]
150.093: [GC 2127762K->2097180K(2959832K), 0.0100649 secs]
150.438: [GC 2131740K->2106699K(3527872K), 0.0174258 secs]
150.602: [GC 2120615K(3527872K), 0.0121380 secs]
150.684: [GC 2141259K->2123234K(3527872K), 0.0277575 secs]
150.737: [GC 2157794K->2127443K(3527872K), 0.0107897 secs]
150.773: [GC 2162003K->2126356K(3527872K), 0.0061640 secs]
151.233: [GC 2160916K->2147376K(3527872K), 0.0320362 secs]
151.337: [GC 2181936K->2154430K(3527872K), 0.0150784 secs]
151.377: [GC 2188990K->2158744K(3527872K), 0.0109655 secs]
151.558: [GC 2193304K->2159641K(3527872K), 0.0083301 secs]
151.940: [GC 2194201K->2184413K(3527872K), 0.0348477 secs]
151.999: [GC 2218973K->2188603K(3527872K), 0.0106634 secs]
152.035: [GC 2223163K->2187506K(3527872K), 0.0062281 secs]
152.318: [GC 2222066K->2200522K(3527872K), 0.0230195 secs]
152.416: [GC 2235082K->2206999K(3527872K), 0.0139604 secs]
152.623: [GC 2241559K->2211329K(3527872K), 0.0112121 secs]
153.030: [GC 2245889K->2236130K(3527872K), 0.0353548 secs]
153.090: [GC 2270690K->2239899K(3527872K), 0.0111476 secs]
153.128: [GC 2274459K->2239656K(3527872K), 0.0060020 secs]
153.378: [GC 2274216K->2247531K(3527872K), 0.0160050 secs]
153.679: [GC 2282091K->2268839K(3527872K), 0.0308714 secs]
153.735: [GC 2303399K->2272054K(3527872K), 0.0106098 secs]
153.771: [GC 2306614K->2272745K(3527872K), 0.0071729 secs]
154.040: [GC 2307305K->2281740K(3527872K), 0.0190066 secs]
154.332: [GC 2316300K->2301338K(3527872K), 0.0285789 secs]
154.385: [GC 2335898K->2305605K(3527872K), 0.0108282 secs]
154.422: [GC 2340165K->2304513K(3527872K), 0.0068157 secs]
154.660: [GC 2339073K->2317006K(3527872K), 0.0198966 secs]
154.705: [GC 2351566K->2320951K(3527872K), 0.0108317 secs]
155.118: [GC 2355511K->2330187K(3527872K), 0.0181214 secs]
155.380: [GC 2364747K->2348774K(3527872K), 0.0280609 secs]
155.433: [GC 2383334K->2352928K(3527872K), 0.0105922 secs]
155.469: [GC 2387488K->2351819K(3527872K), 0.0067223 secs]
155.790: [GC 2386379K->2365600K(3527872K), 0.0236074 secs]
156.021: [GC 2400160K->2381237K(3527872K), 0.0250157 secs]
156.071: [GC 2415797K->2385480K(3527872K), 0.0104340 secs]
156.107: [GC 2420040K->2384689K(3527872K), 0.0066527 secs]
156.483: [GC 2419249K->2402983K(3527872K), 0.0298598 secs]
156.632: [GC 2437543K->2413089K(3527872K), 0.0190153 secs]
156.678: [GC 2447649K->2417491K(3527872K), 0.0106576 secs]
156.842: [GC 2452051K->2420193K(3527872K), 0.0117086 secs]
157.041: [GC 2454753K->2433029K(3527872K), 0.0218607 secs]
157.114: [GC 2467589K->2437250K(3527872K), 0.0109722 secs]
157.815: [GC 2471810K->2459628K(3527872K), 0.0363551 secs]
157.880: [GC 2494188K->2464289K(3527872K), 0.0113770 secs]
157.918: [GC 2498849K->2467458K(3527872K), 0.0103600 secs]
158.206: [GC 2502018K->2476586K(3527872K), 0.0187298 secs]
158.452: [GC 2511146K->2494513K(3527872K), 0.0288021 secs]
158.506: [GC 2529073K->2498915K(3527872K), 0.0112108 secs]
158.543: [GC 2533475K->2498038K(3527872K), 0.0065655 secs]
158.934: [GC 2532598K->2516961K(3527872K), 0.0318637 secs]
159.084: [GC 2551521K->2526795K(3527872K), 0.0190570 secs]
159.128: [GC 2561355K->2531109K(3527872K), 0.0111505 secs]
159.165: [GC 2565669K->2530381K(3527872K), 0.0072342 secs]
159.537: [GC 2564941K->2549600K(3527872K), 0.0305064 secs]
159.594: [GC 2584160K->2553512K(3527872K), 0.0116499 secs]
159.708: [GC 2588072K->2555349K(3527872K), 0.0099433 secs]
160.276: [GC 2589909K->2580139K(3527872K), 0.0409485 secs]
160.342: [GC 2614699K->2584497K(3527872K), 0.0106601 secs]
160.378: [GC 2619057K->2584497K(3527872K), 0.0073958 secs]
160.556: [GC 2619057K->2588737K(3527872K), 0.0148295 secs]
160.917: [GC 2623297K->2613011K(3527872K), 0.0376800 secs]
160.980: [GC 2647571K->2617303K(3527872K), 0.0111127 secs]
161.017: [GC 2651863K->2616905K(3527872K), 0.0076483 secs]
161.382: [GC 2651465K->2634480K(3527872K), 0.0314862 secs]
161.532: [GC 2669040K->2645228K(3527872K), 0.0251446 secs]
161.583: [GC 2679788K->2649646K(3527872K), 0.0109122 secs]
161.744: [GC 2684206K->2651667K(3527872K), 0.0103988 secs]
162.026: [GC 2686227K->2670892K(3527872K), 0.0322643 secs]
162.084: [GC 2705452K->2675089K(3527872K), 0.0109844 secs]
162.369: [GC 2709649K->2679928K(3527872K), 0.0157952 secs]
162.687: [GC 2714488K->2701610K(3527872K), 0.0361194 secs]
162.749: [GC 2736170K->2705794K(3527872K), 0.0105065 secs]
162.786: [GC 2740354K->2705084K(3527872K), 0.0066482 secs]
163.282: [GC 2739644K->2729383K(3527872K), 0.0394164 secs]
163.350: [GC 2763943K->2734140K(3527872K), 0.0122593 secs]
163.389: [GC 2768700K->2737994K(3527872K), 0.0104818 secs]
163.665: [GC 2772554K->2746701K(3527872K), 0.0200890 secs]
163.926: [GC 2781261K->2764698K(3527872K), 0.0295157 secs]
163.981: [GC 2799258K->2768896K(3527872K), 0.0108984 secs]
163.992: [GC 2769592K(3527872K), 0.0075937 secs]
164.026: [GC 2800083K->2764471K(3527872K), 0.0065847 secs]
164.529: [GC 2756188K->2748960K(3527872K), 0.0400171 secs]
164.596: [GC 2783359K->2753227K(3527872K), 0.0110925 secs]
164.636: [GC 2784956K->2750108K(3527872K), 0.0067788 secs]
164.750: [GC 2769113K->2738007K(3527872K), 0.0118141 secs]
165.320: [GC 2707974K->2698953K(3527872K), 0.0382384 secs]
165.385: [GC 2728482K->2698276K(3527872K), 0.0100739 secs]
165.423: [GC 2726162K->2690405K(3527872K), 0.0070956 secs]
165.745: [GC 2649718K->2630201K(3527872K), 0.0309423 secs]
165.962: [GC 2630994K->2610335K(3527872K), 0.0235766 secs]
166.014: [GC 2641859K->2611707K(3527872K), 0.0108144 secs]
166.183: [GC 2645167K->2611604K(3527872K), 0.0087089 secs]
166.560: [GC 2589103K->2579782K(3527872K), 0.0375928 secs]
166.625: [GC 2606831K->2576630K(3527872K), 0.0106319 secs]
166.663: [GC 2603763K->2568317K(3527872K), 0.0069404 secs]
167.065: [GC 2566378K->2551724K(3527872K), 0.0324032 secs]
167.192: [GC 2582615K->2556418K(3527872K), 0.0160181 secs]
167.236: [GC 2587379K->2556163K(3527872K), 0.0112557 secs]
167.328: [GC 2585453K->2553621K(3527872K), 0.0088308 secs]
167.852: [GC 2495694K->2482956K(3527872K), 0.0340084 secs]
167.950: [GC 2517514K->2489407K(3527872K), 0.0136525 secs]
167.991: [GC 2523962K->2493887K(3527872K), 0.0108850 secs]
168.296: [GC 2479888K->2455470K(3527872K), 0.0197719 secs]
168.531: [GC 2417123K->2398991K(3527872K), 0.0245628 secs]
168.583: [GC 2425031K->2394707K(3527872K), 0.0101313 secs]
168.748: [GC 2420806K->2387173K(3527872K), 0.0101069 secs]
169.140: [GC 2379600K->2371259K(3527872K), 0.0354641 secs]
169.201: [GC 2405819K->2375436K(3527872K), 0.0105117 secs]
169.239: [GC 2409996K->2374348K(3527872K), 0.0062598 secs]
169.606: [GC 2408908K->2390529K(3892416K), 0.0248389 secs]
169.747: [GC 2404443K(3892416K), 0.0118439 secs]
169.782: [GC 2425089K->2400849K(3892416K), 0.0253595 secs]
169.842: [GC 2435409K->2405267K(3892416K), 0.0119260 secs]
169.988: [GC 2439827K->2408784K(3892416K), 0.0118090 secs]
170.474: [GC 2443344K->2427728K(3892416K), 0.0321610 secs]
170.613: [GC 2462288K->2435526K(3892416K), 0.0157365 secs]
170.660: [GC 2470086K->2439923K(3892416K), 0.0109796 secs]
170.897: [GC 2474483K->2445947K(3892416K), 0.0201272 secs]
171.221: [GC 2480507K->2465743K(3892416K), 0.0300869 secs]
171.282: [GC 2500303K->2468944K(3892416K), 0.0110873 secs]
171.417: [GC 2503504K->2470125K(3892416K), 0.0080225 secs]
171.819: [GC 2504685K->2496073K(3892416K), 0.0384982 secs]
171.887: [GC 2530633K->2500166K(3892416K), 0.0104251 secs]
171.926: [GC 2534726K->2499867K(3892416K), 0.0074587 secs]
172.347: [GC 2534427K->2518694K(3892416K), 0.0294031 secs]
172.496: [GC 2553254K->2527425K(3892416K), 0.0168555 secs]
172.540: [GC 2561985K->2531760K(3892416K), 0.0113346 secs]
172.725: [GC 2566320K->2538566K(3892416K), 0.0151862 secs]
173.084: [GC 2573126K->2545700K(3892416K), 0.0196933 secs]
173.431: [GC 2580260K->2566704K(3892416K), 0.0461493 secs]
173.825: [GC 2601264K->2570850K(3892416K), 0.0143561 secs]
173.973: [GC 2605410K->2569289K(3892416K), 0.0050315 secs]
174.115: [GC 2603849K->2570118K(3892416K), 0.0051473 secs]
174.248: [GC 2604678K->2571748K(3892416K), 0.0053589 secs]
174.379: [GC 2606308K->2572467K(3892416K), 0.0052653 secs]
174.504: [GC 2607027K->2572868K(3892416K), 0.0051344 secs]
174.623: [GC 2607428K->2573223K(3892416K), 0.0051405 secs]
174.748: [GC 2607783K->2573762K(3892416K), 0.0055478 secs]
174.870: [GC 2608322K->2575528K(3892416K), 0.0073824 secs]
175.001: [GC 2610088K->2575718K(3892416K), 0.0075026 secs]
175.119: [GC 2610278K->2577954K(3892416K), 0.0070068 secs]
175.226: [GC 2612514K->2578717K(3892416K), 0.0053612 secs]
175.327: [GC 2613277K->2580649K(3892416K), 0.0052390 secs]
175.427: [GC 2615209K->2582328K(3892416K), 0.0053426 secs]
175.529: [GC 2616888K->2583168K(3892416K), 0.0053657 secs]
175.628: [GC 2617728K->2585763K(3892416K), 0.0055870 secs]
175.735: [GC 2620323K->2586810K(3892416K), 0.0055145 secs]
175.835: [GC 2621370K->2589599K(3892416K), 0.0053314 secs]
175.945: [GC 2624159K->2590295K(3892416K), 0.0054523 secs]
176.045: [GC 2624855K->2594233K(3892416K), 0.0054167 secs]
176.154: [GC 2628793K->2595872K(3892416K), 0.0066293 secs]
176.262: [GC 2630432K->2597283K(3892416K), 0.0050854 secs]
176.365: [GC 2631843K->2600812K(3892416K), 0.0059391 secs]
176.758: [GC 2635372K->2601545K(3892416K), 0.0090822 secs]
176.940: [GC 2636105K->2601460K(3892416K), 0.0073583 secs]
177.018: [GC 2636020K->2601702K(3892416K), 0.0051620 secs]
177.107: [GC 2636262K->2601488K(3892416K), 0.0050565 secs]
177.173: [GC 2636048K->2601338K(3892416K), 0.0064279 secs]
177.328: [GC 2635898K->2601179K(3892416K), 0.0074933 secs]
177.458: [GC 2635739K->2601830K(3892416K), 0.0076062 secs]
177.556: [GC 2636390K->2602777K(3892416K), 0.0067730 secs]
177.655: [GC 2637337K->2603730K(3892416K), 0.0051101 secs]
177.754: [GC 2638290K->2604512K(3892416K), 0.0052868 secs]
177.858: [GC 2639072K->2606149K(3892416K), 0.0053051 secs]
177.958: [GC 2640709K->2607041K(3892416K), 0.0051700 secs]
178.059: [GC 2641601K->2608025K(3892416K), 0.0055860 secs]
178.160: [GC 2642585K->2609243K(3892416K), 0.0055110 secs]
178.263: [GC 2643803K->2609465K(3892416K), 0.0054734 secs]
178.365: [GC 2644025K->2611174K(3892416K), 0.0052191 secs]
178.466: [GC 2645734K->2612511K(3892416K), 0.0055629 secs]
178.564: [GC 2647071K->2613240K(3892416K), 0.0052281 secs]
178.665: [GC 2647800K->2614710K(3892416K), 0.0056283 secs]
178.765: [GC 2649270K->2616297K(3892416K), 0.0055815 secs]
178.866: [GC 2650857K->2618602K(3892416K), 0.0055642 secs]
178.965: [GC 2653162K->2620170K(3892416K), 0.0055963 secs]
179.070: [GC 2654730K->2621733K(3892416K), 0.0061216 secs]
179.172: [GC 2656293K->2624203K(3892416K), 0.0053740 secs]
179.278: [GC 2658763K->2625087K(3892416K), 0.0065841 secs]
179.382: [GC 2659647K->2627375K(3892416K), 0.0056854 secs]
179.486: [GC 2661935K->2630940K(3892416K), 0.0063009 secs]
179.599: [GC 2665500K->2631667K(3892416K), 0.0064253 secs]
179.689: [GC 2666227K->2633221K(3892416K), 0.0051524 secs]
179.787: [GC 2667781K->2633357K(3892416K), 0.0051325 secs]
179.835: [GC 2667917K->2632005K(3892416K), 0.0049048 secs]
179.901: [GC 2666565K->2632183K(3892416K), 0.0051675 secs]
179.971: [GC 2666743K->2632106K(3892416K), 0.0048246 secs]
180.045: [GC 2666666K->2632060K(3892416K), 0.0049468 secs]
180.170: [GC 2666620K->2632387K(3892416K), 0.0049305 secs]
180.261: [GC 2666947K->2633402K(3892416K), 0.0049305 secs]
180.355: [GC 2667962K->2634152K(3892416K), 0.0051437 secs]
180.450: [GC 2668712K->2635099K(3892416K), 0.0051822 secs]
180.547: [GC 2669659K->2635822K(3892416K), 0.0054218 secs]
180.648: [GC 2670382K->2636689K(3892416K), 0.0052015 secs]
180.749: [GC 2671249K->2638573K(3892416K), 0.0053166 secs]
180.849: [GC 2673133K->2639574K(3892416K), 0.0052153 secs]
180.954: [GC 2674134K->2640502K(3892416K), 0.0072862 secs]
181.057: [GC 2675062K->2641323K(3892416K), 0.0052460 secs]
181.063: [GC 2642012K(3892416K), 0.0019141 secs]
181.163: [GC 2665386K->2631759K(3892416K), 0.0053105 secs]
181.265: [GC 2657360K->2624406K(3892416K), 0.0052252 secs]
181.366: [GC 2653786K->2621092K(3892416K), 0.0056171 secs]
181.466: [GC 2648494K->2615125K(3892416K), 0.0053217 secs]
181.570: [GC 2639989K->2607097K(3892416K), 0.0056492 secs]
181.672: [GC 2638541K->2606350K(3892416K), 0.0072329 secs]
181.783: [GC 2630971K->2597832K(3892416K), 0.0056473 secs]
181.887: [GC 2627005K->2594883K(3892416K), 0.0073667 secs]
182.002: [GC 2614392K->2580613K(3892416K), 0.0055212 secs]
182.103: [GC 2607033K->2574689K(3892416K), 0.0051299 secs]
182.203: [GC 2602342K->2569861K(3892416K), 0.0056251 secs]
182.306: [GC 2592825K->2560530K(3892416K), 0.0059019 secs]
182.407: [GC 2590708K->2559755K(3892416K), 0.0057557 secs]
182.513: [GC 2590301K->2556398K(3892416K), 0.0058609 secs]
182.615: [GC 2586856K->2552425K(3892416K), 0.0049754 secs]
182.651: [GC 2584455K->2549873K(3892416K), 0.0049199 secs]
182.725: [GC 2577212K->2542533K(3892416K), 0.0050514 secs]
182.780: [GC 2575337K->2540924K(3892416K), 0.0049766 secs]
182.849: [GC 2573640K->2538923K(3892416K), 0.0058503 secs]
182.960: [GC 2572557K->2537899K(3892416K), 0.0048862 secs]
183.048: [GC 2567619K->2533950K(3892416K), 0.0049491 secs]
183.140: [GC 2560807K->2527105K(3892416K), 0.0049975 secs]
183.234: [GC 2558955K->2525253K(3892416K), 0.0052832 secs]
183.334: [GC 2558399K->2525081K(3892416K), 0.0052233 secs]
183.433: [GC 2551238K->2517192K(3892416K), 0.0053355 secs]
183.536: [GC 2530673K->2497629K(3892416K), 0.0054702 secs]
183.639: [GC 2513117K->2479201K(3892416K), 0.0054757 secs]
183.743: [GC 2503722K->2470290K(3892416K), 0.0051630 secs]
183.848: [GC 2500886K->2467449K(3892416K), 0.0055966 secs]
183.952: [GC 2499307K->2465796K(3892416K), 0.0054231 secs]
184.054: [GC 2498833K->2465542K(3892416K), 0.0053820 secs]
184.157: [GC 2494578K->2461080K(3892416K), 0.0056033 secs]
184.262: [GC 2481122K->2449032K(3892416K), 0.0054295 secs]
184.366: [GC 2458627K->2425944K(3892416K), 0.0056530 secs]
184.470: [GC 2438213K->2406132K(3892416K), 0.0057746 secs]
184.574: [GC 2422361K->2389819K(3892416K), 0.0059994 secs]
184.683: [GC 2416441K->2383360K(3892416K), 0.0049885 secs]
184.787: [GC 2410954K->2379066K(3892416K), 0.0060940 secs]
184.893: [GC 2410901K->2378138K(3892416K), 0.0064420 secs]
185.003: [GC 2412483K->2378896K(3892416K), 0.0067082 secs]
185.108: [GC 2409272K->2377290K(3892416K), 0.0053442 secs]
185.217: [GC 2370978K->2338534K(3892416K), 0.0076377 secs]
185.312: [GC 2354250K->2319726K(3892416K), 0.0068102 secs]
185.355: [GC 2347071K->2312539K(3892416K), 0.0048570 secs]
185.413: [GC 2341855K->2307384K(3892416K), 0.0049090 secs]
185.478: [GC 2310771K->2276141K(3892416K), 0.0048823 secs]
185.543: [GC 2306242K->2271661K(3892416K), 0.0048487 secs]
185.678: [GC 2299384K->2264997K(3892416K), 0.0048583 secs]
185.764: [GC 2299530K->2266095K(3892416K), 0.0049824 secs]
185.859: [GC 2300614K->2266989K(3892416K), 0.0050135 secs]
185.955: [GC 2301538K->2267870K(3892416K), 0.0053657 secs]
186.055: [GC 2302424K->2268708K(3892416K), 0.0051825 secs]
186.155: [GC 2303260K->2269715K(3892416K), 0.0055966 secs]
186.257: [GC 2295749K->2261751K(3892416K), 0.0052422 secs]
186.359: [GC 2279134K->2245778K(3892416K), 0.0053221 secs]
186.461: [GC 2259908K->2225904K(3892416K), 0.0051505 secs]
186.564: [GC 2238892K->2205637K(3892416K), 0.0054346 secs]
186.667: [GC 2216635K->2183727K(3892416K), 0.0052082 secs]
186.768: [GC 2196183K->2163653K(3892416K), 0.0052146 secs]
186.871: [GC 2178121K->2144683K(3892416K), 0.0052653 secs]
186.976: [GC 2155118K->2121521K(3892416K), 0.0051521 secs]
187.080: [GC 2131946K->2099873K(3892416K), 0.0053323 secs]
187.189: [GC 2110711K->2076896K(3892416K), 0.0054625 secs]
187.298: [GC 2090176K->2056719K(3892416K), 0.0049535 secs]
187.401: [GC 2070442K->2039405K(3892416K), 0.0054417 secs]
187.512: [GC 2054170K->2021169K(3892416K), 0.0056781 secs]
187.620: [GC 2045821K->2012949K(3892416K), 0.0050555 secs]
187.663: [GC 2027224K(3892416K), 0.0089555 secs]
187.734: [GC 2047509K->2014853K(3892416K), 0.0054112 secs]
187.841: [GC 2049413K->2017273K(3892416K), 0.0070729 secs]
187.955: [GC 2051833K->2018174K(3892416K), 0.0058907 secs]
188.046: [GC 2052734K->2019357K(3892416K), 0.0109026 secs]
188.137: [GC 2053917K->2018477K(3892416K), 0.0049308 secs]
188.204: [GC 2053037K->2018561K(3892416K), 0.0049593 secs]
188.262: [GC 2053121K->2018723K(3892416K), 0.0049289 secs]
188.325: [GC 2053275K->2018583K(3892416K), 0.0049138 secs]
188.410: [GC 2053143K->2018600K(3892416K), 0.0051149 secs]
188.490: [GC 2053160K->2019216K(3892416K), 0.0049715 secs]
188.578: [GC 2053776K->2020252K(3892416K), 0.0051857 secs]
188.671: [GC 2054812K->2021092K(3892416K), 0.0051675 secs]
188.765: [GC 2055652K->2022070K(3892416K), 0.0058038 secs]
188.864: [GC 2056630K->2023100K(3892416K), 0.0053705 secs]
188.963: [GC 2057660K->2023998K(3892416K), 0.0053445 secs]
189.066: [GC 2058558K->2025579K(3892416K), 0.0073971 secs]
189.167: [GC 2060139K->2026786K(3892416K), 0.0055632 secs]
189.270: [GC 2061346K->2027842K(3892416K), 0.0059045 secs]
189.371: [GC 2062402K->2027993K(3892416K), 0.0052335 secs]
189.475: [GC 2062553K->2028886K(3892416K), 0.0054407 secs]
189.577: [GC 2063446K->2030066K(3892416K), 0.0056255 secs]
189.681: [GC 2064626K->2031295K(3892416K), 0.0058108 secs]
189.785: [GC 2065855K->2032660K(3892416K), 0.0055668 secs]
189.889: [GC 2067220K->2034550K(3892416K), 0.0053076 secs]
189.992: [GC 2069110K->2036158K(3892416K), 0.0078243 secs]
190.101: [GC 2070718K->2037883K(3892416K), 0.0050966 secs]
190.205: [GC 2072443K->2040094K(3892416K), 0.0058410 secs]
190.307: [GC 2074654K->2041485K(3892416K), 0.0050312 secs]
190.413: [GC 2075984K->2042306K(3892416K), 0.0063609 secs]
190.522: [GC 2076866K->2043547K(3892416K), 0.0049766 secs]
190.629: [GC 2078107K->2043849K(3892416K), 0.0052165 secs]
190.733: [GC 2078409K->2047397K(3892416K), 0.0060947 secs]
190.835: [GC 2081957K->2048548K(3892416K), 0.0058387 secs]
190.887: [GC 2083108K->2048485K(3892416K), 0.0047470 secs]
190.951: [GC 2083045K->2048615K(3892416K), 0.0069981 secs]
190.979: [GC 2083175K->2048681K(3892416K), 0.0048092 secs]
191.040: [GC 2083241K->2048617K(3892416K), 0.0048083 secs]
191.105: [GC 2083177K->2048681K(3892416K), 0.0048086 secs]
191.187: [GC 2083239K->2048554K(3892416K), 0.0050620 secs]
191.278: [GC 2083114K->2049294K(3892416K), 0.0047467 secs]
191.367: [GC 2083854K->2049868K(3892416K), 0.0047765 secs]
191.457: [GC 2084428K->2050299K(3892416K), 0.0048480 secs]
191.550: [GC 2084859K->2051735K(3892416K), 0.0069555 secs]
191.649: [GC 2086295K->2052157K(3892416K), 0.0052021 secs]
191.746: [GC 2086717K->2053334K(3892416K), 0.0050507 secs]
191.846: [GC 2087894K->2053605K(3892416K), 0.0050363 secs]
191.945: [GC 2088165K->2054325K(3892416K), 0.0048670 secs]
192.044: [GC 2088885K->2056876K(3892416K), 0.0054943 secs]
192.143: [GC 2091436K->2057770K(3892416K), 0.0051688 secs]
192.242: [GC 2092330K->2058554K(3892416K), 0.0053939 secs]
192.344: [GC 2093114K->2059843K(3892416K), 0.0054436 secs]
192.447: [GC 2094403K->2060997K(3892416K), 0.0053692 secs]
192.550: [GC 2095557K->2063805K(3892416K), 0.0052361 secs]
192.657: [GC 2098365K->2064362K(3892416K), 0.0063955 secs]
192.759: [GC 2098922K->2066959K(3892416K), 0.0072993 secs]
192.866: [GC 2101519K->2067361K(3892416K), 0.0056601 secs]
192.971: [GC 2101921K->2070356K(3892416K), 0.0052970 secs]
193.076: [GC 2104916K->2073373K(3892416K), 0.0059404 secs]
193.183: [GC 2107933K->2074887K(3892416K), 0.0062175 secs]
193.286: [GC 2109447K->2078229K(3892416K), 0.0053211 secs]
193.393: [GC 2112789K->2078969K(3892416K), 0.0060046 secs]
193.472: [GC 2113507K->2079265K(3892416K), 0.0048445 secs]
193.565: [GC 2113825K->2079269K(3892416K), 0.0047630 secs]
193.630: [GC 2113829K->2079327K(3892416K), 0.0047852 secs]
193.658: [GC 2113887K->2079511K(3892416K), 0.0048779 secs]
193.721: [GC 2114071K->2079504K(3892416K), 0.0048230 secs]
193.787: [GC 2114064K->2079492K(3892416K), 0.0048766 secs]
193.890: [GC 2114052K->2079595K(3892416K), 0.0046736 secs]
193.978: [GC 2114155K->2080552K(3892416K), 0.0047858 secs]
194.069: [GC 2115112K->2081491K(3892416K), 0.0049038 secs]
194.163: [GC 2116051K->2082983K(3892416K), 0.0051431 secs]
194.261: [GC 2117543K->2083578K(3892416K), 0.0050613 secs]
194.356: [GC 2118138K->2084993K(3892416K), 0.0062666 secs]
194.456: [GC 2119553K->2085864K(3892416K), 0.0055174 secs]
194.557: [GC 2120424K->2087017K(3892416K), 0.0050562 secs]
194.657: [GC 2121577K->2088453K(3892416K), 0.0051293 secs]
194.759: [GC 2123013K->2090030K(3892416K), 0.0054244 secs]
194.860: [GC 2124590K->2090423K(3892416K), 0.0050113 secs]
194.962: [GC 2124983K->2091392K(3892416K), 0.0053795 secs]
195.068: [GC 2125952K->2092469K(3892416K), 0.0058266 secs]
195.177: [GC 2127029K->2095918K(3892416K), 0.0053917 secs]
195.286: [GC 2130478K->2097262K(3892416K), 0.0057448 secs]
195.385: [GC 2131822K->2100890K(3892416K), 0.0058240 secs]
195.494: [GC 2135450K->2101810K(3892416K), 0.0056319 secs]
195.597: [GC 2136370K->2104802K(3892416K), 0.0053612 secs]
195.717: [GC 2139362K->2105306K(3892416K), 0.0062422 secs]
195.821: [GC 2139866K->2109426K(3892416K), 0.0056954 secs]
195.929: [GC 2143986K->2110872K(3892416K), 0.0060636 secs]
196.036: [GC 2145432K->2113496K(3892416K), 0.0054641 secs]
196.127: [GC 2148056K->2115030K(3892416K), 0.0067082 secs]
196.219: [GC 2149590K->2115095K(3892416K), 0.0049378 secs]
196.284: [GC 2149655K->2115013K(3892416K), 0.0049247 secs]
196.313: [GC 2149573K->2115197K(3892416K), 0.0049802 secs]
196.379: [GC 2149743K->2114622K(3892416K), 0.0048913 secs]
196.442: [GC 2149182K->2114710K(3892416K), 0.0067326 secs]
196.552: [GC 2149270K->2114246K(3892416K), 0.0048455 secs]
196.640: [GC 2148806K->2115442K(3892416K), 0.0049818 secs]
196.732: [GC 2150002K->2116356K(3892416K), 0.0051704 secs]
196.825: [GC 2150916K->2117232K(3892416K), 0.0056803 secs]
196.921: [GC 2151792K->2118149K(3892416K), 0.0053493 secs]
197.017: [GC 2152709K->2119179K(3892416K), 0.0053307 secs]
197.114: [GC 2153739K->2120432K(3892416K), 0.0073676 secs]
197.221: [GC 2154992K->2121992K(3892416K), 0.0053734 secs]
197.320: [GC 2156552K->2122730K(3892416K), 0.0058785 secs]
197.418: [GC 2157290K->2123931K(3892416K), 0.0053637 secs]
197.519: [GC 2158491K->2125077K(3892416K), 0.0053131 secs]
197.625: [GC 2159637K->2126064K(3892416K), 0.0056604 secs]
197.727: [GC 2160624K->2128020K(3892416K), 0.0054010 secs]
197.831: [GC 2162580K->2129403K(3892416K), 0.0055475 secs]
197.933: [GC 2163963K->2132563K(3892416K), 0.0057432 secs]
198.041: [GC 2167123K->2134099K(3892416K), 0.0065123 secs]
198.143: [GC 2168659K->2137843K(3892416K), 0.0056081 secs]
198.245: [GC 2172403K->2139814K(3892416K), 0.0060251 secs]
198.353: [GC 2174374K->2140152K(3892416K), 0.0059404 secs]
198.452: [GC 2174712K->2143026K(3892416K), 0.0052406 secs]
198.552: [GC 2177586K->2146187K(3892416K), 0.0066806 secs]
198.662: [GC 2180747K->2147052K(3892416K), 0.0059789 secs]
198.720: [GC 2181612K->2147142K(3892416K), 0.0047602 secs]
198.788: [GC 2181702K->2146775K(3892416K), 0.0047322 secs]
198.852: [GC 2181335K->2146772K(3892416K), 0.0047361 secs]
198.909: [GC 2181332K->2147053K(3892416K), 0.0048676 secs]
198.969: [GC 2181613K->2147025K(3892416K), 0.0047201 secs]
199.047: [GC 2181581K->2146736K(3892416K), 0.0050642 secs]
199.147: [GC 2181296K->2147757K(3892416K), 0.0046873 secs]
199.238: [GC 2182317K->2148738K(3892416K), 0.0047643 secs]
199.331: [GC 2183298K->2149693K(3892416K), 0.0050844 secs]
199.426: [GC 2184205K->2150640K(3892416K), 0.0050523 secs]
199.524: [GC 2185200K->2151244K(3892416K), 0.0050809 secs]
199.626: [GC 2185804K->2152041K(3892416K), 0.0052085 secs]
199.727: [GC 2186601K->2152958K(3892416K), 0.0051049 secs]
199.830: [GC 2187518K->2153996K(3892416K), 0.0051373 secs]
199.930: [GC 2188556K->2155008K(3892416K), 0.0051332 secs]
200.032: [GC 2189568K->2156672K(3892416K), 0.0052181 secs]
200.135: [GC 2191232K->2158201K(3892416K), 0.0055074 secs]
200.241: [GC 2192761K->2160260K(3892416K), 0.0055674 secs]
200.350: [GC 2194820K->2161507K(3892416K), 0.0055844 secs]
200.459: [GC 2196067K->2163054K(3892416K), 0.0049314 secs]
200.559: [GC 2197614K->2164890K(3892416K), 0.0052024 secs]
200.664: [GC 2199450K->2165412K(3892416K), 0.0060485 secs]
200.768: [GC 2199972K->2166795K(3892416K), 0.0047893 secs]
200.866: [GC 2201355K->2168695K(3892416K), 0.0051739 secs]
200.970: [GC 2203255K->2169813K(3892416K), 0.0059273 secs]
201.073: [GC 2204373K->2170602K(3892416K), 0.0050469 secs]
201.177: [GC 2205162K->2171565K(3892416K), 0.0054779 secs]
201.283: [GC 2206125K->2173832K(3892416K), 0.0052711 secs]
201.387: [GC 2208392K->2176390K(3892416K), 0.0065626 secs]
201.492: [GC 2210657K->2178103K(3892416K), 0.0057666 secs]
201.577: [GC 2212663K->2178829K(3892416K), 0.0048423 secs]
201.633: [GC 2213389K->2177723K(3892416K), 0.0049872 secs]
201.693: [GC 2212283K->2177749K(3892416K), 0.0048394 secs]
201.721: [GC 2212309K->2177804K(3892416K), 0.0048140 secs]
201.780: [GC 2212364K->2177776K(3892416K), 0.0047213 secs]
201.850: [GC 2212336K->2177855K(3892416K), 0.0051720 secs]
201.958: [GC 2212415K->2177961K(3892416K), 0.0048663 secs]
202.044: [GC 2212521K->2179027K(3892416K), 0.0048346 secs]
202.135: [GC 2213587K->2179916K(3892416K), 0.0049458 secs]
202.228: [GC 2214476K->2180995K(3892416K), 0.0050575 secs]
202.322: [GC 2215555K->2181953K(3892416K), 0.0056995 secs]
202.419: [GC 2216513K->2182821K(3892416K), 0.0051418 secs]
202.514: [GC 2217381K->2184708K(3892416K), 0.0052284 secs]
202.613: [GC 2219268K->2184393K(3892416K), 0.0049936 secs]
202.713: [GC 2218953K->2185046K(3892416K), 0.0051688 secs]
202.810: [GC 2219606K->2186058K(3892416K), 0.0052380 secs]
202.915: [GC 2220618K->2187978K(3892416K), 0.0055219 secs]
202.920: [GC 2188657K(3892416K), 0.0018817 secs]
203.016: [GC 2222509K->2190200K(3892416K), 0.0053166 secs]
203.122: [GC 2224760K->2190698K(3892416K), 0.0056508 secs]
203.223: [GC 2225254K->2193233K(3892416K), 0.0056162 secs]
203.326: [GC 2227793K->2193953K(3892416K), 0.0053525 secs]
203.431: [GC 2228513K->2196113K(3892416K), 0.0055793 secs]
203.534: [GC 2230673K->2198305K(3892416K), 0.0057008 secs]
203.641: [GC 2232865K->2199479K(3892416K), 0.0052258 secs]
203.748: [GC 2234039K->2201127K(3892416K), 0.0048689 secs]
203.846: [GC 2235687K->2204343K(3892416K), 0.0057323 secs]
203.954: [GC 2238903K->2204680K(3892416K), 0.0062258 secs]
204.059: [GC 2239240K->2209187K(3892416K), 0.0053727 secs]
204.167: [GC 2243747K->2210346K(3892416K), 0.0064645 secs]
204.245: [GC 2244906K->2212271K(3892416K), 0.0082281 secs]
204.342: [GC 2246831K->2212264K(3892416K), 0.0052496 secs]
204.402: [GC 2246824K->2212328K(3892416K), 0.0049292 secs]
204.430: [GC 2246888K->2212484K(3892416K), 0.0050469 secs]
204.515: [GC 2247044K->2211738K(3892416K), 0.0049683 secs]
204.566: [GC 2246298K->2210650K(3892416K), 0.0050270 secs]
204.694: [GC 2245210K->2211204K(3892416K), 0.0051165 secs]
204.784: [GC 2245764K->2212445K(3892416K), 0.0057893 secs]
204.882: [GC 2239570K->2206152K(3892416K), 0.0057784 secs]
204.963: [GC 2232586K->2198985K(3892416K), 0.0069747 secs]
205.025: [GC 2233524K->2199605K(3892416K), 0.0052060 secs]
205.065: [GC 2234164K->2199525K(3892416K), 0.0053214 secs]
205.095: [GC 2233591K->2199694K(3892416K), 0.0050706 secs]
205.127: [GC 2231951K->2197491K(3892416K), 0.0050029 secs]
205.159: [GC 2228757K->2194066K(3892416K), 0.0049359 secs]
205.187: [GC 2226150K->2192965K(3892416K), 0.0052746 secs]
205.213: [GC 2225661K->2191343K(3892416K), 0.0052348 secs]
205.242: [GC 2225193K->2190290K(3892416K), 0.0075466 secs]
205.279: [GC 2224843K->2190352K(3892416K), 0.0049686 secs]
205.315: [GC 2224907K->2191880K(3892416K), 0.0050927 secs]
205.351: [GC 2224356K->2189894K(3892416K), 0.0053461 secs]
205.388: [GC 2220053K->2185624K(3892416K), 0.0049183 secs]
205.424: [GC 2217546K->2183723K(3892416K), 0.0052396 secs]
205.458: [GC 2216031K->2181475K(3892416K), 0.0073118 secs]
205.526: [GC 2211417K->2177789K(3892416K), 0.0050440 secs]
205.638: [GC 2206726K->2172982K(3892416K), 0.0052005 secs]
205.678: [GC 2206363K->2173804K(3892416K), 0.0054503 secs]
205.713: [GC 2207206K->2171037K(3892416K), 0.0050081 secs]
205.745: [GC 2204979K->2171472K(3892416K), 0.0048028 secs]
205.784: [GC 2205510K->2171986K(3892416K), 0.0069965 secs]
205.826: [GC 2206543K->2172309K(3892416K), 0.0054722 secs]
205.897: [GC 2205918K->2172034K(3892416K), 0.0053856 secs]
205.945: [GC 2205799K->2172982K(3892416K), 0.0050972 secs]
205.975: [GC 2206514K->2172185K(3892416K), 0.0072817 secs]
206.006: [GC 2205800K->2171865K(3892416K), 0.0065745 secs]
206.037: [GC 2205920K->2170443K(3892416K), 0.0049452 secs]
206.068: [GC 2205003K->2171070K(3892416K), 0.0052034 secs]
206.099: [GC 2205630K->2171272K(3892416K), 0.0051226 secs]
206.125: [GC 2205832K->2172768K(3892416K), 0.0052534 secs]
206.150: [GC 2207287K->2173393K(3892416K), 0.0053650 secs]
206.177: [GC 2206695K->2172238K(3892416K), 0.0059090 secs]
206.209: [GC 2205012K->2170457K(3892416K), 0.0048079 secs]
206.241: [GC 2203749K->2170313K(3892416K), 0.0048795 secs]
206.272: [GC 2203607K->2169174K(3892416K), 0.0090639 secs]
206.307: [GC 2202650K->2168709K(3892416K), 0.0049452 secs]
206.336: [GC 2202194K->2167538K(3892416K), 0.0048051 secs]
206.367: [GC 2200996K->2167428K(3892416K), 0.0049196 secs]
206.397: [GC 2200761K->2166527K(3892416K), 0.0050543 secs]
206.430: [GC 2199878K->2165981K(3892416K), 0.0050421 secs]
206.468: [GC 2198958K->2165648K(3892416K), 0.0050206 secs]
206.540: [GC 2198722K->2165271K(3892416K), 0.0052903 secs]
206.588: [GC 2197608K->2164574K(3892416K), 0.0052691 secs]
206.664: [GC 2198696K->2164534K(3892416K), 0.0050892 secs]
206.698: [GC 2199081K->2165627K(3892416K), 0.0053092 secs]
206.732: [GC 2200186K->2166560K(3892416K), 0.0048740 secs]
206.762: [GC 2201119K->2167062K(3892416K), 0.0053836 secs]
206.794: [GC 2201622K->2167481K(3892416K), 0.0098462 secs]
206.830: [GC 2202041K->2167528K(3892416K), 0.0050988 secs]
206.861: [GC 2202088K->2168166K(3892416K), 0.0054279 secs]
206.894: [GC 2202726K->2168227K(3892416K), 0.0051190 secs]
206.925: [GC 2202787K->2168402K(3892416K), 0.0048577 secs]
206.956: [GC 2202962K->2169007K(3892416K), 0.0049529 secs]
206.986: [GC 2203269K->2169910K(3892416K), 0.0055126 secs]
207.018: [GC 2204422K->2170278K(3892416K), 0.0051518 secs]
207.048: [GC 2204549K->2170382K(3892416K), 0.0052085 secs]
207.078: [GC 2203769K->2170695K(3892416K), 0.0050600 secs]
207.116: [GC 2204101K->2170702K(3892416K), 0.0055671 secs]
207.160: [GC 2203606K->2170125K(3892416K), 0.0053917 secs]
207.204: [GC 2204131K->2169412K(3892416K), 0.0049814 secs]
207.235: [GC 2203581K->2169556K(3892416K), 0.0051704 secs]
207.290: [GC 2203291K->2169311K(3892416K), 0.0067133 secs]
207.322: [GC 2203554K->2169020K(3892416K), 0.0052858 secs]
207.370: [GC 2202705K->2170986K(3892416K), 0.0060081 secs]
207.452: [GC 2204747K->2170385K(3892416K), 0.0089635 secs]
207.530: [GC 2204842K->2170428K(3892416K), 0.0051732 secs]
207.574: [GC 2204412K->2170363K(3892416K), 0.0049686 secs]
207.625: [GC 2204406K->2171475K(3892416K), 0.0112823 secs]
207.693: [GC 2205864K->2172780K(3892416K), 0.0055568 secs]
207.737: [GC 2207312K->2172010K(3892416K), 0.0050696 secs]
207.775: [GC 2206516K->2172255K(3892416K), 0.0060758 secs]
207.820: [GC 2206713K->2171949K(3892416K), 0.0048875 secs]
207.873: [GC 2206466K->2171790K(3892416K), 0.0049369 secs]
207.897: [GC 2206350K->2172153K(3892416K), 0.0048737 secs]
207.922: [GC 2206713K->2171940K(3892416K), 0.0050042 secs]
208.012: [GC 2206500K->2171931K(3892416K), 0.0069940 secs]
208.084: [GC 2206491K->2172133K(3892416K), 0.0047140 secs]
208.188: [GC 2206635K->2172622K(3892416K), 0.0048086 secs]
208.237: [GC 2207162K->2173213K(3892416K), 0.0049943 secs]
208.263: [GC 2207772K->2174093K(3892416K), 0.0050729 secs]
208.289: [GC 2208561K->2174551K(3892416K), 0.0051094 secs]
208.316: [GC 2209073K->2174936K(3892416K), 0.0052614 secs]
208.344: [GC 2209473K->2175819K(3892416K), 0.0062255 secs]
208.373: [GC 2210366K->2174991K(3892416K), 0.0050693 secs]
208.401: [GC 2209524K->2175091K(3892416K), 0.0050257 secs]
208.429: [GC 2209606K->2175452K(3892416K), 0.0050716 secs]
208.456: [GC 2209965K->2175250K(3892416K), 0.0050645 secs]
208.490: [GC 2209503K->2175220K(3892416K), 0.0049943 secs]
208.580: [GC 2209551K->2176238K(3892416K), 0.0072320 secs]
208.680: [GC 2209107K->2174799K(3892416K), 0.0053596 secs]
208.786: [GC 2205163K->2171919K(3892416K), 0.0051299 secs]
208.885: [GC 2200949K->2167342K(3892416K), 0.0052374 secs]
208.986: [GC 2199280K->2165903K(3892416K), 0.0051906 secs]
209.086: [GC 2200197K->2165702K(3892416K), 0.0050238 secs]
209.186: [GC 2200116K->2166470K(3892416K), 0.0053923 secs]
209.291: [GC 2201008K->2167607K(3892416K), 0.0048923 secs]
209.394: [GC 2201992K->2168011K(3892416K), 0.0051473 secs]
209.496: [GC 2202299K->2168597K(3892416K), 0.0055491 secs]
209.597: [GC 2203141K->2170687K(3892416K), 0.0181933 secs]
209.712: [GC 2198734K->2165596K(3892416K), 0.0054847 secs]
209.816: [GC 2192044K->2158250K(3892416K), 0.0049305 secs]
209.914: [GC 2184992K->2151168K(3892416K), 0.0051229 secs]
210.015: [GC 2184696K->2151794K(3892416K), 0.0054292 secs]
210.116: [GC 2185761K->2151967K(3892416K), 0.0050264 secs]
210.217: [GC 2186282K->2153015K(3892416K), 0.0051611 secs]
210.318: [GC 2187436K->2153985K(3892416K), 0.0051396 secs]
210.420: [GC 2188319K->2154106K(3892416K), 0.0051797 secs]
210.521: [GC 2188462K->2155955K(3892416K), 0.0059013 secs]
210.623: [GC 2190092K->2158841K(3892416K), 0.0066524 secs]
210.733: [GC 2192627K->2158278K(3892416K), 0.0056700 secs]
210.843: [GC 2191931K->2158808K(3892416K), 0.0048686 secs]
210.945: [GC 2191813K->2158739K(3892416K), 0.0050456 secs]
211.051: [GC 2193074K->2158223K(3892416K), 0.0076216 secs]
211.115: [GC 2192259K->2157799K(3892416K), 0.0069946 secs]
211.176: [GC 2189840K->2155434K(3892416K), 0.0051113 secs]
211.233: [GC 2189930K->2155579K(3892416K), 0.0049359 secs]
211.300: [GC 2187895K->2153283K(3892416K), 0.0049382 secs]
211.397: [GC 2050842K->2016368K(3892416K), 0.0068862 secs]
211.477: [GC 2031408K(3892416K), 0.0070899 secs]
211.531: [GC 2050928K->2017028K(3892416K), 0.0054965 secs]
211.622: [GC 2051588K->2017479K(3892416K), 0.0048156 secs]
211.713: [GC 2052039K->2018295K(3892416K), 0.0049301 secs]
211.805: [GC 2052855K->2019031K(3892416K), 0.0052890 secs]
211.901: [GC 2053591K->2019518K(3892416K), 0.0052553 secs]
212.001: [GC 2054078K->2020901K(3892416K), 0.0051322 secs]
212.100: [GC 2055461K->2022498K(3892416K), 0.0051595 secs]
212.198: [GC 2057058K->2022959K(3892416K), 0.0054911 secs]
212.300: [GC 2057519K->2024115K(3892416K), 0.0051700 secs]
212.401: [GC 2058675K->2024750K(3892416K), 0.0050812 secs]
212.502: [GC 2059310K->2024745K(3892416K), 0.0050703 secs]
212.608: [GC 2059305K->2026553K(3892416K), 0.0050584 secs]
212.712: [GC 2061113K->2028611K(3892416K), 0.0050693 secs]
212.816: [GC 2063171K->2029615K(3892416K), 0.0050857 secs]
212.917: [GC 2064175K->2031017K(3892416K), 0.0051604 secs]
213.021: [GC 2065577K->2032521K(3892416K), 0.0051694 secs]
213.126: [GC 2067081K->2034391K(3892416K), 0.0051704 secs]
213.230: [GC 2068951K->2036169K(3892416K), 0.0050446 secs]
213.335: [GC 2070729K->2037919K(3892416K), 0.0053525 secs]
213.442: [GC 2072479K->2039173K(3892416K), 0.0051941 secs]
213.548: [GC 2073733K->2040785K(3892416K), 0.0053326 secs]
213.658: [GC 2075345K->2042452K(3892416K), 0.0053243 secs]
213.769: [GC 2077012K->2044308K(3892416K), 0.0053002 secs]
213.880: [GC 2078868K->2046493K(3892416K), 0.0052682 secs]
213.945: [GC 2081053K->2048748K(3892416K), 0.0057634 secs]
214.013: [GC 2083308K->2048757K(3892416K), 0.0052027 secs]
214.063: [GC 2083297K->2048657K(3892416K), 0.0047188 secs]
214.123: [GC 2083217K->2048781K(3892416K), 0.0047085 secs]
214.184: [GC 2083341K->2048871K(3892416K), 0.0047278 secs]
214.255: [GC 2083431K->2048968K(3892416K), 0.0068525 secs]
214.374: [GC 2083528K->2048985K(3892416K), 0.0046829 secs]
214.462: [GC 2083545K->2050029K(3892416K), 0.0047348 secs]
214.555: [GC 2084589K->2050902K(3892416K), 0.0048326 secs]
214.646: [GC 2085462K->2051849K(3892416K), 0.0050414 secs]
214.742: [GC 2086409K->2052391K(3892416K), 0.0050517 secs]
214.840: [GC 2086951K->2053094K(3892416K), 0.0050273 secs]
214.939: [GC 2087654K->2054500K(3892416K), 0.0052489 secs]
215.041: [GC 2089060K->2055769K(3892416K), 0.0051431 secs]
215.140: [GC 2090329K->2057148K(3892416K), 0.0049805 secs]
215.239: [GC 2091708K->2058790K(3892416K), 0.0050680 secs]
215.341: [GC 2093350K->2058368K(3892416K), 0.0051441 secs]
215.443: [GC 2092928K->2060386K(3892416K), 0.0065042 secs]
215.544: [GC 2094946K->2061767K(3892416K), 0.0053115 secs]
215.649: [GC 2096327K->2063299K(3892416K), 0.0051113 secs]
215.750: [GC 2097859K->2065581K(3892416K), 0.0053849 secs]
215.854: [GC 2100141K->2066385K(3892416K), 0.0049529 secs]
215.954: [GC 2100945K->2068213K(3892416K), 0.0054205 secs]
216.061: [GC 2102773K->2070002K(3892416K), 0.0053670 secs]
216.164: [GC 2104562K->2071779K(3892416K), 0.0050719 secs]
216.271: [GC 2106339K->2073265K(3892416K), 0.0052749 secs]
216.373: [GC 2107825K->2075847K(3892416K), 0.0053721 secs]
216.481: [GC 2110407K->2077966K(3892416K), 0.0055286 secs]
216.590: [GC 2112526K->2078657K(3892416K), 0.0053375 secs]
216.694: [GC 2113217K->2081747K(3892416K), 0.0050145 secs]
216.757: [GC 2116307K->2084634K(3892416K), 0.0053846 secs]
216.822: [GC 2119194K->2084097K(3892416K), 0.0050122 secs]
216.875: [GC 2118657K->2084144K(3892416K), 0.0046492 secs]
216.930: [GC 2118676K->2084222K(3892416K), 0.0047335 secs]
217.013: [GC 2118782K->2084237K(3892416K), 0.0047024 secs]
217.068: [GC 2118797K->2084255K(3892416K), 0.0045959 secs]
217.186: [GC 2118815K->2084794K(3892416K), 0.0047229 secs]
217.272: [GC 2119354K->2085797K(3892416K), 0.0047794 secs]
217.363: [GC 2120357K->2086568K(3892416K), 0.0048769 secs]
217.458: [GC 2121128K->2087634K(3892416K), 0.0070568 secs]
217.556: [GC 2122194K->2088392K(3892416K), 0.0050231 secs]
217.657: [GC 2122952K->2089130K(3892416K), 0.0050655 secs]
217.756: [GC 2123690K->2090073K(3892416K), 0.0050677 secs]
217.856: [GC 2124633K->2090861K(3892416K), 0.0051421 secs]
217.956: [GC 2125421K->2092298K(3892416K), 0.0050607 secs]
218.057: [GC 2126858K->2093890K(3892416K), 0.0052762 secs]
218.158: [GC 2128395K->2094660K(3892416K), 0.0052117 secs]
218.263: [GC 2129220K->2096540K(3892416K), 0.0051097 secs]
218.364: [GC 2131100K->2098350K(3892416K), 0.0052294 secs]
218.466: [GC 2132910K->2099267K(3892416K), 0.0111560 secs]
218.578: [GC 2133827K->2100251K(3892416K), 0.0054212 secs]
218.680: [GC 2134811K->2103092K(3892416K), 0.0052810 secs]
218.783: [GC 2137652K->2103911K(3892416K), 0.0053827 secs]
218.891: [GC 2138471K->2105363K(3892416K), 0.0051841 secs]
218.994: [GC 2139923K->2107924K(3892416K), 0.0052954 secs]
219.104: [GC 2142484K->2109510K(3892416K), 0.0052390 secs]
219.209: [GC 2144070K->2112635K(3892416K), 0.0051460 secs]
219.316: [GC 2147195K->2115457K(3892416K), 0.0054087 secs]
219.426: [GC 2150017K->2115807K(3892416K), 0.0050738 secs]
219.522: [GC 2150367K->2120531K(3892416K), 0.0053551 secs]
219.585: [GC 2155091K->2120063K(3892416K), 0.0051235 secs]
219.645: [GC 2154623K->2120093K(3892416K), 0.0047229 secs]
219.704: [GC 2154653K->2120119K(3892416K), 0.0046386 secs]
219.752: [GC 2154679K->2120159K(3892416K), 0.0046521 secs]
219.813: [GC 2154719K->2120181K(3892416K), 0.0048147 secs]
219.894: [GC 2154741K->2120029K(3892416K), 0.0046178 secs]
219.992: [GC 2154589K->2120905K(3892416K), 0.0066008 secs]
220.082: [GC 2155465K->2121848K(3892416K), 0.0050331 secs]
220.174: [GC 2156408K->2122821K(3892416K), 0.0049478 secs]
220.266: [GC 2157381K->2123596K(3892416K), 0.0051290 secs]
220.363: [GC 2158156K->2124429K(3892416K), 0.0050847 secs]
220.460: [GC 2158989K->2125181K(3892416K), 0.0051700 secs]
220.561: [GC 2159741K->2126044K(3892416K), 0.0050045 secs]
220.662: [GC 2160604K->2127188K(3892416K), 0.0051046 secs]
220.761: [GC 2161748K->2127768K(3892416K), 0.0049818 secs]
220.864: [GC 2162328K->2129375K(3892416K), 0.0050860 secs]
220.964: [GC 2163935K->2131075K(3892416K), 0.0053188 secs]
221.067: [GC 2165635K->2132636K(3892416K), 0.0051841 secs]
221.171: [GC 2167196K->2134323K(3892416K), 0.0051925 secs]
221.277: [GC 2168883K->2136161K(3892416K), 0.0051428 secs]
221.378: [GC 2170721K->2138480K(3892416K), 0.0052120 secs]
221.486: [GC 2173040K->2139424K(3892416K), 0.0071534 secs]
221.595: [GC 2173984K->2141552K(3892416K), 0.0051367 secs]
221.705: [GC 2176112K->2142758K(3892416K), 0.0052986 secs]
221.811: [GC 2177318K->2145022K(3892416K), 0.0054965 secs]
221.919: [GC 2179582K->2147820K(3892416K), 0.0071069 secs]
222.027: [GC 2182380K->2149270K(3892416K), 0.0053310 secs]
222.134: [GC 2183830K->2153593K(3892416K), 0.0053647 secs]
222.220: [GC 2188153K->2154701K(3892416K), 0.0066970 secs]
222.314: [GC 2189261K->2154682K(3892416K), 0.0048743 secs]
222.373: [GC 2189242K->2153965K(3892416K), 0.0047868 secs]
222.400: [GC 2188525K->2153991K(3892416K), 0.0047852 secs]
222.482: [GC 2188551K->2154018K(3892416K), 0.0047483 secs]
222.563: [GC 2188578K->2154094K(3892416K), 0.0047188 secs]
222.659: [GC 2188654K->2154545K(3892416K), 0.0048894 secs]
222.746: [GC 2189105K->2155461K(3892416K), 0.0048759 secs]
222.838: [GC 2190021K->2156248K(3892416K), 0.0049199 secs]
222.930: [GC 2190808K->2157278K(3892416K), 0.0050270 secs]
223.026: [GC 2191838K->2157984K(3892416K), 0.0051081 secs]
223.123: [GC 2192544K->2159432K(3892416K), 0.0049677 secs]
223.222: [GC 2193992K->2160941K(3892416K), 0.0072169 secs]
223.325: [GC 2195501K->2161068K(3892416K), 0.0051059 secs]
223.422: [GC 2195628K->2161810K(3892416K), 0.0055600 secs]
223.524: [GC 2196370K->2162905K(3892416K), 0.0051476 secs]
223.623: [GC 2197465K->2164148K(3892416K), 0.0050424 secs]
223.725: [GC 2198708K->2165640K(3892416K), 0.0056072 secs]
223.825: [GC 2200200K->2167669K(3892416K), 0.0052679 secs]
223.928: [GC 2202229K->2169548K(3892416K), 0.0053493 secs]
224.030: [GC 2204108K->2170093K(3892416K), 0.0053532 secs]
224.132: [GC 2204653K->2171420K(3892416K), 0.0059035 secs]
224.236: [GC 2205980K->2173158K(3892416K), 0.0052165 secs]
224.343: [GC 2207718K->2173832K(3892416K), 0.0062018 secs]
224.443: [GC 2208392K->2177213K(3892416K), 0.0059552 secs]
224.552: [GC 2211773K->2178167K(3892416K), 0.0078195 secs]
224.661: [GC 2212727K->2179130K(3892416K), 0.0054696 secs]
224.766: [GC 2213690K->2181310K(3892416K), 0.0057127 secs]
224.888: [GC 2215870K->2186314K(3892416K), 0.0064427 secs]
224.950: [GC 2220874K->2185205K(3892416K), 0.0058047 secs]
225.010: [GC 2219765K->2185240K(3892416K), 0.0047826 secs]
225.069: [GC 2219800K->2185358K(3892416K), 0.0047213 secs]
225.126: [GC 2219918K->2185561K(3892416K), 0.0068817 secs]
225.194: [GC 2220121K->2185432K(3892416K), 0.0071316 secs]
225.308: [GC 2219992K->2185365K(3892416K), 0.0070629 secs]
225.397: [GC 2219925K->2186367K(3892416K), 0.0070447 secs]
225.492: [GC 2220927K->2187083K(3892416K), 0.0048544 secs]
225.588: [GC 2221643K->2187833K(3892416K), 0.0049545 secs]
225.687: [GC 2222393K->2188475K(3892416K), 0.0053342 secs]
225.790: [GC 2223035K->2188923K(3892416K), 0.0060475 secs]
225.892: [GC 2223483K->2189852K(3892416K), 0.0051537 secs]
225.998: [GC 2224412K->2190620K(3892416K), 0.0052493 secs]
226.102: [GC 2225180K->2191050K(3892416K), 0.0051065 secs]
226.204: [GC 2225610K->2191942K(3892416K), 0.0052403 secs]
226.307: [GC 2226502K->2192495K(3892416K), 0.0051117 secs]
226.411: [GC 2227055K->2193173K(3892416K), 0.0051829 secs]
226.515: [GC 2227733K->2193525K(3892416K), 0.0052021 secs]
226.624: [GC 2228085K->2194506K(3892416K), 0.0054173 secs]
226.730: [GC 2229066K->2196120K(3892416K), 0.0053933 secs]
226.837: [GC 2230680K->2197505K(3892416K), 0.0060145 secs]
226.941: [GC 2232065K->2199354K(3892416K), 0.0049391 secs]
227.045: [GC 2233914K->2199788K(3892416K), 0.0054715 secs]
227.147: [GC 2234348K->2201482K(3892416K), 0.0051200 secs]
227.256: [GC 2236042K->2202283K(3892416K), 0.0056797 secs]
227.362: [GC 2236843K->2204506K(3892416K), 0.0050546 secs]
227.471: [GC 2239066K->2204869K(3892416K), 0.0080581 secs]
227.580: [GC 2239429K->2207925K(3892416K), 0.0052085 secs]
227.687: [GC 2242485K->2209769K(3892416K), 0.0064417 secs]
227.794: [GC 2244329K->2212586K(3892416K), 0.0055680 secs]
227.897: [GC 2247146K->2215132K(3892416K), 0.0054359 secs]
228.004: [GC 2249692K->2216626K(3892416K), 0.0054667 secs]
228.097: [GC 2251186K->2217356K(3892416K), 0.0050061 secs]
228.158: [GC 2251916K->2216804K(3892416K), 0.0051245 secs]
228.216: [GC 2251340K->2216925K(3892416K), 0.0051691 secs]
228.265: [GC 2251485K->2216991K(3892416K), 0.0048618 secs]
228.339: [GC 2251551K->2216976K(3892416K), 0.0047800 secs]
228.469: [GC 2251536K->2216620K(3892416K), 0.0062845 secs]
228.556: [GC 2251180K->2217485K(3892416K), 0.0049276 secs]
228.649: [GC 2252045K->2218325K(3892416K), 0.0049439 secs]
228.742: [GC 2252885K->2219099K(3892416K), 0.0051348 secs]
228.836: [GC 2253659K->2219874K(3892416K), 0.0052900 secs]
228.934: [GC 2254434K->2220983K(3892416K), 0.0053836 secs]
229.032: [GC 2255543K->2221615K(3892416K), 0.0051312 secs]
229.135: [GC 2256175K->2223280K(3892416K), 0.0052127 secs]
229.234: [GC 2257840K->2224029K(3892416K), 0.0051697 secs]
229.335: [GC 2258589K->2224657K(3892416K), 0.0049391 secs]
229.434: [GC 2259217K->2225566K(3892416K), 0.0055478 secs]
229.535: [GC 2260126K->2226405K(3892416K), 0.0052210 secs]
229.637: [GC 2260965K->2227883K(3892416K), 0.0059010 secs]
229.741: [GC 2262443K->2227912K(3892416K), 0.0053112 secs]
229.845: [GC 2262472K->2229936K(3892416K), 0.0051447 secs]
229.948: [GC 2264496K->2230732K(3892416K), 0.0069731 secs]
230.055: [GC 2265292K->2232751K(3892416K), 0.0051806 secs]
230.161: [GC 2267311K->2234006K(3892416K), 0.0057537 secs]
230.269: [GC 2268566K->2234504K(3892416K), 0.0061707 secs]
230.374: [GC 2269064K->2237086K(3892416K), 0.0051857 secs]
230.479: [GC 2271646K->2239164K(3892416K), 0.0063371 secs]
230.585: [GC 2273724K->2240636K(3892416K), 0.0052435 secs]
230.694: [GC 2275196K->2241433K(3892416K), 0.0060087 secs]
230.800: [GC 2275993K->2242892K(3892416K), 0.0053564 secs]
230.906: [GC 2277452K->2245448K(3892416K), 0.0055527 secs]
231.014: [GC 2280008K->2247629K(3892416K), 0.0060549 secs]
231.104: [GC 2282189K->2247881K(3892416K), 0.0062730 secs]
231.187: [GC 2282441K->2247534K(3892416K), 0.0059099 secs]
231.251: [GC 2282094K->2247686K(3892416K), 0.0048779 secs]
231.314: [GC 2282246K->2247662K(3892416K), 0.0048108 secs]
231.382: [GC 2282222K->2247732K(3892416K), 0.0048676 secs]
231.472: [GC 2282292K->2247694K(3892416K), 0.0047974 secs]
231.572: [GC 2282254K->2248273K(3892416K), 0.0051293 secs]
231.662: [GC 2282833K->2248962K(3892416K), 0.0055065 secs]
231.753: [GC 2283522K->2249789K(3892416K), 0.0051351 secs]
231.847: [GC 2284349K->2250498K(3892416K), 0.0051976 secs]
231.943: [GC 2285058K->2251336K(3892416K), 0.0052547 secs]
232.040: [GC 2285896K->2252061K(3892416K), 0.0050956 secs]
232.046: [GC 2252754K(3892416K), 0.0019750 secs]
232.144: [GC 2286502K->2252575K(3892416K), 0.0052185 secs]
232.244: [GC 2287133K->2254197K(3892416K), 0.0074879 secs]
232.347: [GC 2288751K->2255183K(3892416K), 0.0052804 secs]
232.448: [GC 2289738K->2255692K(3892416K), 0.0053240 secs]
232.548: [GC 2290252K->2256970K(3892416K), 0.0050709 secs]
232.652: [GC 2291530K->2258332K(3892416K), 0.0083596 secs]
232.757: [GC 2292892K->2259435K(3892416K), 0.0061829 secs]
232.863: [GC 2293995K->2261159K(3892416K), 0.0063788 secs]
232.968: [GC 2295718K->2261656K(3892416K), 0.0051514 secs]
233.072: [GC 2296214K->2263325K(3892416K), 0.0054734 secs]
233.174: [GC 2297884K->2264454K(3892416K), 0.0053766 secs]
233.281: [GC 2299014K->2265310K(3892416K), 0.0071450 secs]
233.389: [GC 2299870K->2266871K(3892416K), 0.0072278 secs]
233.497: [GC 2301428K->2269889K(3892416K), 0.0063926 secs]
233.605: [GC 2304449K->2271183K(3892416K), 0.0062214 secs]
233.714: [GC 2305742K->2272468K(3892416K), 0.0051117 secs]
233.820: [GC 2307027K->2274270K(3892416K), 0.0056777 secs]
233.928: [GC 2308826K->2276784K(3892416K), 0.0071954 secs]
234.038: [GC 2311344K->2279511K(3892416K), 0.0059616 secs]
234.159: [GC 2314053K->2281196K(3892416K), 0.0075196 secs]
234.233: [GC 2315597K->2281114K(3892416K), 0.0049314 secs]
234.289: [GC 2315674K->2280982K(3892416K), 0.0049112 secs]
234.347: [GC 2315541K->2281184K(3892416K), 0.0050655 secs]
234.410: [GC 2315614K->2281067K(3892416K), 0.0050283 secs]
234.478: [GC 2315608K->2281041K(3892416K), 0.0050145 secs]
234.595: [GC 2315579K->2280046K(3892416K), 0.0051325 secs]
234.671: [GC 2314427K->2281097K(3892416K), 0.0057448 secs]
234.700: [GC 2315591K->2281660K(3892416K), 0.0052047 secs]
234.726: [GC 2316109K->2282020K(3892416K), 0.0051495 secs]
234.750: [GC 2316567K->2282449K(3892416K), 0.0053471 secs]
234.774: [GC 2317007K->2283064K(3892416K), 0.0060562 secs]
234.799: [GC 2317622K->2282853K(3892416K), 0.0052069 secs]
234.821: [GC 2317412K->2282658K(3892416K), 0.0050915 secs]
234.842: [GC 2317209K->2283269K(3892416K), 0.0054330 secs]
234.868: [GC 2317793K->2283315K(3892416K), 0.0052290 secs]
234.894: [GC 2317666K->2283068K(3892416K), 0.0051322 secs]
234.924: [GC 2317547K->2283518K(3892416K), 0.0052140 secs]
234.956: [GC 2318060K->2283895K(3892416K), 0.0051960 secs]
234.987: [GC 2318323K->2283456K(3892416K), 0.0049584 secs]
235.032: [GC 2317966K->2284126K(3892416K), 0.0051287 secs]
235.127: [GC 2318405K->2284861K(3892416K), 0.0053676 secs]
235.163: [GC 2319421K->2285256K(3892416K), 0.0053500 secs]
235.195: [GC 2319764K->2285187K(3892416K), 0.0086486 secs]
235.231: [GC 2319583K->2285183K(3892416K), 0.0051620 secs]
235.258: [GC 2319743K->2285189K(3892416K), 0.0059241 secs]
235.283: [GC 2319749K->2286144K(3892416K), 0.0055908 secs]
235.311: [GC 2320675K->2285082K(3892416K), 0.0053670 secs]
235.345: [GC 2319642K->2285503K(3892416K), 0.0055703 secs]
235.377: [GC 2320044K->2285842K(3892416K), 0.0056752 secs]
235.421: [GC 2320401K->2286993K(3892416K), 0.0054196 secs]
235.487: [GC 2321553K->2287088K(3892416K), 0.0056418 secs]
235.556: [GC 2321424K->2287706K(3892416K), 0.0055504 secs]
235.587: [GC 2322189K->2287706K(3892416K), 0.0056242 secs]
235.614: [GC 2322265K->2288777K(3892416K), 0.0074061 secs]
235.641: [GC 2323282K->2287849K(3892416K), 0.0055373 secs]
235.666: [GC 2322351K->2288586K(3892416K), 0.0052053 secs]
235.689: [GC 2322992K->2289811K(3892416K), 0.0055110 secs]
235.712: [GC 2324361K->2289902K(3892416K), 0.0067448 secs]
235.736: [GC 2324460K->2289870K(3892416K), 0.0054651 secs]
235.764: [GC 2324429K->2290062K(3892416K), 0.0059709 secs]
235.792: [GC 2324589K->2290884K(3892416K), 0.0061309 secs]
235.828: [GC 2325442K->2291428K(3892416K), 0.0058118 secs]
235.858: [GC 2325987K->2291356K(3892416K), 0.0056492 secs]
235.894: [GC 2325911K->2292751K(3892416K), 0.0059802 secs]
235.964: [GC 2327311K->2293797K(3892416K), 0.0068051 secs]
236.065: [GC 2328357K->2294557K(3892416K), 0.0075738 secs]
236.098: [GC 2329117K->2294848K(3892416K), 0.0058628 secs]
236.132: [GC 2329407K->2295692K(3892416K), 0.0053461 secs]
236.165: [GC 2330252K->2295382K(3892416K), 0.0073865 secs]
236.198: [GC 2329942K->2296554K(3892416K), 0.0051668 secs]
236.228: [GC 2331113K->2296170K(3892416K), 0.0072640 secs]
236.260: [GC 2330715K->2297648K(3892416K), 0.0056909 secs]
236.291: [GC 2332207K->2298228K(3892416K), 0.0060716 secs]
236.322: [GC 2332788K->2299180K(3892416K), 0.0055369 secs]
236.352: [GC 2333740K->2299195K(3892416K), 0.0061453 secs]
236.383: [GC 2333755K->2299293K(3892416K), 0.0055062 secs]
236.413: [GC 2333853K->2299751K(3892416K), 0.0051960 secs]
236.442: [GC 2334310K->2299783K(3892416K), 0.0056206 secs]
236.472: [GC 2334343K->2301040K(3892416K), 0.0054513 secs]
236.501: [GC 2335599K->2301444K(3892416K), 0.0065058 secs]
236.544: [GC 2335936K->2303474K(3892416K), 0.0060546 secs]
236.599: [GC 2337729K->2303750K(3892416K), 0.0057416 secs]
236.636: [GC 2338306K->2304107K(3892416K), 0.0047993 secs]
236.686: [GC 2338412K->2304902K(3892416K), 0.0052919 secs]
236.727: [GC 2339461K->2304675K(3892416K), 0.0050373 secs]
236.767: [GC 2339076K->2305575K(3892416K), 0.0049523 secs]
236.830: [GC 2339764K->2307221K(3892416K), 0.0054782 secs]
236.872: [GC 2341518K->2307244K(3892416K), 0.0061572 secs]
236.916: [GC 2341401K->2307089K(3892416K), 0.0048849 secs]
236.959: [GC 2341431K->2307909K(3892416K), 0.0061797 secs]
237.014: [GC 2342289K->2309280K(3892416K), 0.0053840 secs]
237.069: [GC 2343792K->2310582K(3892416K), 0.0058984 secs]
237.125: [GC 2345115K->2310541K(3892416K), 0.0054038 secs]
237.182: [GC 2345045K->2310664K(3892416K), 0.0048942 secs]
237.237: [GC 2345203K->2311707K(3892416K), 0.0050947 secs]
237.312: [GC 2346229K->2313093K(3892416K), 0.0059690 secs]
237.412: [GC 2347614K->2317486K(3892416K), 0.0071200 secs]
237.513: [GC 2352011K->2317890K(3892416K), 0.0071819 secs]
237.568: [GC 2352448K->2318714K(3892416K), 0.0048965 secs]
237.600: [GC 2353154K->2319422K(3892416K), 0.0052611 secs]
237.619: [GC 2353981K->2319129K(3892416K), 0.0050276 secs]
237.646: [GC 2353689K->2319232K(3892416K), 0.0051242 secs]
237.678: [GC 2353791K->2319498K(3892416K), 0.0051995 secs]
237.699: [GC 2354058K->2319303K(3892416K), 0.0054221 secs]
237.725: [GC 2353863K->2319495K(3892416K), 0.0053788 secs]
237.753: [GC 2354055K->2319537K(3892416K), 0.0051453 secs]
237.772: [GC 2354097K->2319360K(3892416K), 0.0051238 secs]
237.805: [GC 2353920K->2319135K(3892416K), 0.0048480 secs]
237.828: [GC 2353695K->2319022K(3892416K), 0.0049385 secs]
237.850: [GC 2353556K->2318982K(3892416K), 0.0048801 secs]
237.915: [GC 2353542K->2319236K(3892416K), 0.0048240 secs]
237.982: [GC 2353796K->2319433K(3892416K), 0.0049924 secs]
238.103: [GC 2353993K->2319745K(3892416K), 0.0049484 secs]
238.190: [GC 2354305K->2320649K(3892416K), 0.0051344 secs]
238.281: [GC 2355192K->2321757K(3892416K), 0.0050337 secs]
238.374: [GC 2356316K->2322975K(3892416K), 0.0056194 secs]
238.470: [GC 2357535K->2324083K(3892416K), 0.0052239 secs]
238.568: [GC 2357281K->2323675K(3892416K), 0.0051922 secs]
238.670: [GC 2357926K->2323445K(3892416K), 0.0052849 secs]
238.774: [GC 2357859K->2324123K(3892416K), 0.0053798 secs]
238.877: [GC 2357788K->2324682K(3892416K), 0.0051989 secs]
238.979: [GC 2358651K->2324844K(3892416K), 0.0052897 secs]
239.084: [GC 2358988K->2324798K(3892416K), 0.0054988 secs]
239.192: [GC 2358719K->2325648K(3892416K), 0.0052476 secs]
239.294: [GC 2359732K->2326580K(3892416K), 0.0051408 secs]
239.403: [GC 2361065K->2327457K(3892416K), 0.0054475 secs]
239.509: [GC 2359391K->2327069K(3892416K), 0.0051197 secs]
239.616: [GC 2360219K->2326926K(3892416K), 0.0056024 secs]
239.724: [GC 2361096K->2328175K(3892416K), 0.0052986 secs]
239.830: [GC 2361517K->2328148K(3892416K), 0.0053868 secs]
239.939: [GC 2362359K->2328515K(3892416K), 0.0056720 secs]
240.049: [GC 2361361K->2328432K(3892416K), 0.0052403 secs]
240.157: [GC 2362469K->2329462K(3892416K), 0.0052765 secs]
240.266: [GC 2362249K->2329816K(3892416K), 0.0054831 secs]
240.379: [GC 2362764K->2328392K(3892416K), 0.0054087 secs]
240.489: [GC 2361622K->2328516K(3892416K), 0.0050029 secs]
240.592: [GC 2361978K->2330087K(3892416K), 0.0069083 secs]
240.706: [GC 2363491K->2329254K(3892416K), 0.0055703 secs]
240.817: [GC 2362208K->2329772K(3892416K), 0.0050142 secs]
240.902: [GC 2363389K->2329818K(3892416K), 0.0053182 secs]
240.961: [GC 2364277K->2329713K(3892416K), 0.0049202 secs]
241.025: [GC 2364092K->2329669K(3892416K), 0.0050796 secs]
241.093: [GC 2109952K->2075713K(3892416K), 0.0050533 secs]
241.163: [GC 2110273K->2075529K(3892416K), 0.0048679 secs]
241.187: [GC 2091671K(3892416K), 0.0052541 secs]
241.257: [GC 2110089K->2075684K(3892416K), 0.0050337 secs]
241.366: [GC 2110244K->2074998K(3892416K), 0.0048814 secs]
241.457: [GC 2109558K->2075679K(3892416K), 0.0049895 secs]
241.547: [GC 2110239K->2076726K(3892416K), 0.0049831 secs]
241.641: [GC 2111286K->2077943K(3892416K), 0.0051251 secs]
241.740: [GC 2112503K->2078489K(3892416K), 0.0051425 secs]
241.843: [GC 2113049K->2079399K(3892416K), 0.0050796 secs]
241.947: [GC 2113959K->2080626K(3892416K), 0.0050430 secs]
242.051: [GC 2115186K->2080963K(3892416K), 0.0051732 secs]
242.153: [GC 2115523K->2081948K(3892416K), 0.0073788 secs]
242.260: [GC 2116508K->2082713K(3892416K), 0.0069459 secs]
242.366: [GC 2117273K->2082917K(3892416K), 0.0050578 secs]
242.470: [GC 2117477K->2083686K(3892416K), 0.0052130 secs]
242.577: [GC 2118246K->2084774K(3892416K), 0.0051912 secs]
242.685: [GC 2119334K->2085711K(3892416K), 0.0050494 secs]
242.790: [GC 2120271K->2087016K(3892416K), 0.0052406 secs]
242.897: [GC 2121576K->2087939K(3892416K), 0.0052849 secs]
243.003: [GC 2122499K->2089082K(3892416K), 0.0050860 secs]
243.107: [GC 2123642K->2090037K(3892416K), 0.0051874 secs]
243.214: [GC 2124597K->2091851K(3892416K), 0.0052893 secs]
243.323: [GC 2126411K->2092662K(3892416K), 0.0052691 secs]
243.429: [GC 2127222K->2094824K(3892416K), 0.0051091 secs]
243.539: [GC 2129384K->2096472K(3892416K), 0.0052698 secs]
243.649: [GC 2131032K->2098297K(3892416K), 0.0050154 secs]
243.756: [GC 2132857K->2100585K(3892416K), 0.0053429 secs]
243.867: [GC 2135145K->2101452K(3892416K), 0.0052951 secs]
243.980: [GC 2136012K->2101810K(3892416K), 0.0048519 secs]
244.087: [GC 2136370K->2104644K(3892416K), 0.0051777 secs]
244.171: [GC 2139204K->2106448K(3892416K), 0.0057980 secs]
244.247: [GC 2141008K->2106256K(3892416K), 0.0050850 secs]
244.312: [GC 2140814K->2106353K(3892416K), 0.0048936 secs]
244.373: [GC 2140913K->2106750K(3892416K), 0.0050039 secs]
244.444: [GC 2141310K->2106538K(3892416K), 0.0048461 secs]
244.535: [GC 2141098K->2106953K(3892416K), 0.0050020 secs]
244.643: [GC 2141513K->2107286K(3892416K), 0.0049859 secs]
244.732: [GC 2141846K->2108248K(3892416K), 0.0050129 secs]
244.826: [GC 2142808K->2108835K(3892416K), 0.0130745 secs]
244.928: [GC 2143395K->2109887K(3892416K), 0.0051290 secs]
245.026: [GC 2144447K->2111100K(3892416K), 0.0050568 secs]
245.124: [GC 2145660K->2111573K(3892416K), 0.0050764 secs]
245.228: [GC 2146133K->2113022K(3892416K), 0.0051582 secs]
245.330: [GC 2147582K->2113939K(3892416K), 0.0050247 secs]
245.433: [GC 2148499K->2114386K(3892416K), 0.0059558 secs]
245.536: [GC 2148946K->2114647K(3892416K), 0.0051101 secs]
245.642: [GC 2149207K->2116239K(3892416K), 0.0051274 secs]
245.745: [GC 2150799K->2117786K(3892416K), 0.0052143 secs]
245.853: [GC 2152346K->2118901K(3892416K), 0.0051800 secs]
245.958: [GC 2153461K->2120851K(3892416K), 0.0051046 secs]
246.066: [GC 2155411K->2122300K(3892416K), 0.0051691 secs]
246.170: [GC 2156860K->2123048K(3892416K), 0.0050793 secs]
246.278: [GC 2157608K->2124146K(3892416K), 0.0054446 secs]
246.381: [GC 2158706K->2126112K(3892416K), 0.0051062 secs]
246.484: [GC 2160672K->2127722K(3892416K), 0.0053750 secs]
246.590: [GC 2162282K->2129025K(3892416K), 0.0051671 secs]
246.700: [GC 2163585K->2129993K(3892416K), 0.0049635 secs]
246.806: [GC 2164553K->2133221K(3892416K), 0.0072929 secs]
246.922: [GC 2167781K->2134754K(3892416K), 0.0052371 secs]
247.037: [GC 2169314K->2135733K(3892416K), 0.0070453 secs]
247.147: [GC 2170293K->2137290K(3892416K), 0.0051033 secs]
247.264: [GC 2171850K->2139142K(3892416K), 0.0053054 secs]
247.346: [GC 2173702K->2138417K(3892416K), 0.0050350 secs]
247.413: [GC 2172977K->2138249K(3892416K), 0.0049061 secs]
247.442: [GC 2172809K->2138526K(3892416K), 0.0048868 secs]
247.524: [GC 2173086K->2137142K(3892416K), 0.0046851 secs]
247.570: [GC 2171702K->2137183K(3892416K), 0.0048127 secs]
247.739: [GC 2171743K->2137211K(3892416K), 0.0047954 secs]
247.827: [GC 2171771K->2138102K(3892416K), 0.0048557 secs]
247.922: [GC 2172662K->2138982K(3892416K), 0.0050854 secs]
248.016: [GC 2173542K->2139691K(3892416K), 0.0050459 secs]
248.115: [GC 2174251K->2140468K(3892416K), 0.0049417 secs]
248.213: [GC 2175028K->2141387K(3892416K), 0.0053676 secs]
248.315: [GC 2175947K->2141902K(3892416K), 0.0050786 secs]
248.416: [GC 2176462K->2142768K(3892416K), 0.0052310 secs]
248.518: [GC 2177328K->2143628K(3892416K), 0.0050389 secs]
248.621: [GC 2178188K->2144425K(3892416K), 0.0053371 secs]
248.725: [GC 2178985K->2145895K(3892416K), 0.0050312 secs]
248.830: [GC 2180455K->2146847K(3892416K), 0.0050363 secs]
248.932: [GC 2181407K->2148202K(3892416K), 0.0051562 secs]
249.038: [GC 2182762K->2148869K(3892416K), 0.0052191 secs]
249.143: [GC 2183320K->2151078K(3892416K), 0.0051117 secs]
249.247: [GC 2185638K->2151877K(3892416K), 0.0051822 secs]
249.356: [GC 2186437K->2152226K(3892416K), 0.0053172 secs]
249.458: [GC 2186786K->2155205K(3892416K), 0.0050546 secs]
249.565: [GC 2189765K->2156792K(3892416K), 0.0051774 secs]
249.669: [GC 2191352K->2159519K(3892416K), 0.0051392 secs]
249.772: [GC 2194079K->2160649K(3892416K), 0.0061460 secs]
249.881: [GC 2195209K->2161825K(3892416K), 0.0050158 secs]
249.984: [GC 2196385K->2162727K(3892416K), 0.0051476 secs]
250.090: [GC 2197287K->2163172K(3892416K), 0.0050600 secs]
250.194: [GC 2197732K->2165909K(3892416K), 0.0054481 secs]
250.330: [GC 2200469K->2167229K(3892416K), 0.0053121 secs]
250.420: [GC 2201789K->2167008K(3892416K), 0.0048971 secs]
250.450: [GC 2201568K->2167107K(3892416K), 0.0048528 secs]
250.515: [GC 2201657K->2167081K(3892416K), 0.0048888 secs]
250.564: [GC 2201641K->2166467K(3892416K), 0.0047682 secs]
250.634: [GC 2201027K->2166610K(3892416K), 0.0048291 secs]
250.833: [GC 2201170K->2166609K(3892416K), 0.0049144 secs]
250.870: [GC 2201155K->2166804K(3892416K), 0.0049128 secs]
250.905: [GC 2201364K->2166726K(3892416K), 0.0049468 secs]
250.940: [GC 2201286K->2167073K(3892416K), 0.0050674 secs]
250.982: [GC 2201633K->2166878K(3892416K), 0.0050283 secs]
251.018: [GC 2201438K->2167028K(3892416K), 0.0051001 secs]
251.046: [GC 2201588K->2167358K(3892416K), 0.0055001 secs]
251.076: [GC 2201918K->2167092K(3892416K), 0.0049215 secs]
251.106: [GC 2201652K->2166987K(3892416K), 0.0049173 secs]
251.134: [GC 2201539K->2167004K(3892416K), 0.0049532 secs]
251.160: [GC 2201564K->2167045K(3892416K), 0.0048596 secs]
251.187: [GC 2201605K->2166960K(3892416K), 0.0047893 secs]
251.224: [GC 2201520K->2166945K(3892416K), 0.0048352 secs]
251.257: [GC 2201505K->2167026K(3892416K), 0.0049388 secs]
251.290: [GC 2201586K->2167044K(3892416K), 0.0048204 secs]
251.323: [GC 2201604K->2167085K(3892416K), 0.0048060 secs]
251.360: [GC 2201645K->2167011K(3892416K), 0.0047868 secs]
251.400: [GC 2201571K->2167129K(3892416K), 0.0048394 secs]
251.442: [GC 2201689K->2167646K(3892416K), 0.0051883 secs]
251.487: [GC 2202206K->2167559K(3892416K), 0.0047909 secs]
251.528: [GC 2202119K->2167080K(3892416K), 0.0048054 secs]
251.569: [GC 2201640K->2167158K(3892416K), 0.0047900 secs]
251.615: [GC 2201718K->2167343K(3892416K), 0.0050151 secs]
251.957: [GC 2201903K->2167466K(3892416K), 0.0047861 secs]
251.991: [GC 2202026K->2167461K(3892416K), 0.0062358 secs]
252.032: [GC 2202021K->2167571K(3892416K), 0.0048310 secs]
252.074: [GC 2202131K->2167691K(3892416K), 0.0048474 secs]
252.104: [GC 2202251K->2167856K(3892416K), 0.0050488 secs]
252.133: [GC 2202411K->2167787K(3892416K), 0.0048557 secs]
252.162: [GC 2202347K->2167958K(3892416K), 0.0072704 secs]
252.198: [GC 2202518K->2167621K(3892416K), 0.0049112 secs]
252.243: [GC 2202181K->2167580K(3892416K), 0.0049269 secs]
252.292: [GC 2202140K->2167566K(3892416K), 0.0047444 secs]
252.341: [GC 2202126K->2167688K(3892416K), 0.0048955 secs]
252.425: [GC 2202248K->2167588K(3892416K), 0.0051745 secs]
252.636: [GC 2202148K->2167810K(3892416K), 0.0048288 secs]
252.669: [GC 2202370K->2167860K(3892416K), 0.0047528 secs]
252.704: [GC 2202420K->2167899K(3892416K), 0.0048852 secs]
252.740: [GC 2202459K->2167925K(3892416K), 0.0047941 secs]
252.782: [GC 2202485K->2168242K(3892416K), 0.0049327 secs]
252.818: [GC 2202797K->2168232K(3892416K), 0.0048657 secs]
252.847: [GC 2202792K->2168403K(3892416K), 0.0050626 secs]
252.877: [GC 2202963K->2168568K(3892416K), 0.0062534 secs]
252.907: [GC 2203128K->2168847K(3892416K), 0.0053288 secs]
252.938: [GC 2203407K->2168783K(3892416K), 0.0130518 secs]
252.973: [GC 2203343K->2168578K(3892416K), 0.0050488 secs]
253.000: [GC 2203138K->2168594K(3892416K), 0.0054324 secs]
253.035: [GC 2203154K->2168523K(3892416K), 0.0054837 secs]
253.070: [GC 2203083K->2168621K(3892416K), 0.0061463 secs]
253.105: [GC 2203181K->2168433K(3892416K), 0.0048942 secs]
253.138: [GC 2202993K->2168508K(3892416K), 0.0048686 secs]
253.174: [GC 2203068K->2168327K(3892416K), 0.0050254 secs]
253.213: [GC 2202887K->2168548K(3892416K), 0.0070363 secs]
253.253: [GC 2203108K->2168734K(3892416K), 0.0049962 secs]
253.289: [GC 2203294K->2168985K(3892416K), 0.0050559 secs]
253.328: [GC 2203545K->2169161K(3892416K), 0.0049475 secs]
253.367: [GC 2203721K->2168870K(3892416K), 0.0046736 secs]
253.405: [GC 2203430K->2168573K(3892416K), 0.0048044 secs]
253.443: [GC 2203133K->2168840K(3892416K), 0.0048644 secs]
253.481: [GC 2203400K->2168708K(3892416K), 0.0047659 secs]
253.523: [GC 2203268K->2168778K(3892416K), 0.0048519 secs]
253.582: [GC 2203338K->2168812K(3892416K), 0.0047358 secs]
253.765: [GC 2203372K->2168865K(3892416K), 0.0047454 secs]
253.991: [GC 2203425K->2168996K(3892416K), 0.0061742 secs]
254.033: [GC 2203556K->2169113K(3892416K), 0.0048663 secs]
254.073: [GC 2203673K->2169180K(3892416K), 0.0048204 secs]
254.110: [GC 2203740K->2169321K(3892416K), 0.0048740 secs]
254.147: [GC 2203881K->2169189K(3892416K), 0.0048410 secs]
254.184: [GC 2203741K->2169385K(3892416K), 0.0048397 secs]
254.222: [GC 2203945K->2169336K(3892416K), 0.0049475 secs]
254.262: [GC 2203896K->2169329K(3892416K), 0.0049147 secs]
254.300: [GC 2203889K->2169378K(3892416K), 0.0048407 secs]
254.337: [GC 2203938K->2169406K(3892416K), 0.0048259 secs]
254.376: [GC 2203966K->2169230K(3892416K), 0.0048718 secs]
254.415: [GC 2203790K->2169206K(3892416K), 0.0047569 secs]
254.453: [GC 2203766K->2169263K(3892416K), 0.0048490 secs]
254.489: [GC 2203823K->2169382K(3892416K), 0.0048330 secs]
254.529: [GC 2203942K->2169306K(3892416K), 0.0047855 secs]
254.568: [GC 2203866K->2169260K(3892416K), 0.0046909 secs]
254.604: [GC 2203820K->2169367K(3892416K), 0.0048621 secs]
254.642: [GC 2203927K->2169304K(3892416K), 0.0047906 secs]
254.680: [GC 2203864K->2169338K(3892416K), 0.0048407 secs]
254.718: [GC 2203898K->2169321K(3892416K), 0.0047903 secs]
254.757: [GC 2203881K->2169293K(3892416K), 0.0047553 secs]
254.806: [GC 2203853K->2169609K(3892416K), 0.0048554 secs]
254.854: [GC 2204169K->2169629K(3892416K), 0.0047909 secs]
254.928: [GC 2204189K->2169976K(3892416K), 0.0049147 secs]
254.984: [GC 2204536K->2169797K(3892416K), 0.0105280 secs]
255.078: [GC 2204357K->2169927K(3892416K), 0.0049263 secs]
255.122: [GC 2204487K->2169934K(3892416K), 0.0048320 secs]
255.182: [GC 2204494K->2169812K(3892416K), 0.0069693 secs]
255.332: [GC 2204372K->2169869K(3892416K), 0.0048176 secs]
255.392: [GC 2204429K->2169958K(3892416K), 0.0049032 secs]
255.452: [GC 2204518K->2169983K(3892416K), 0.0047634 secs]
255.559: [GC 2204543K->2170091K(3892416K), 0.0048952 secs]
255.689: [GC 2204651K->2170241K(3892416K), 0.0048538 secs]
255.820: [GC 2204801K->2170321K(3892416K), 0.0048541 secs]
255.955: [GC 2204881K->2170247K(3892416K), 0.0049295 secs]
256.662: [GC 2204807K->2170511K(3892416K), 0.0049888 secs]
256.691: [GC 2205071K->2170587K(3892416K), 0.0049696 secs]
256.724: [GC 2205147K->2170882K(3892416K), 0.0050183 secs]
256.757: [GC 2205442K->2170720K(3892416K), 0.0050190 secs]
256.792: [GC 2205280K->2170733K(3892416K), 0.0049410 secs]
256.827: [GC 2205293K->2171080K(3892416K), 0.0053583 secs]
256.862: [GC 2205640K->2171153K(3892416K), 0.0051229 secs]
256.898: [GC 2205713K->2170527K(3892416K), 0.0048413 secs]
256.933: [GC 2205087K->2170852K(3892416K), 0.0050713 secs]
256.969: [GC 2205412K->2170823K(3892416K), 0.0048451 secs]
257.006: [GC 2205383K->2171232K(3892416K), 0.0051210 secs]
257.043: [GC 2205792K->2171078K(3892416K), 0.0049625 secs]
257.079: [GC 2205638K->2171076K(3892416K), 0.0050626 secs]
257.116: [GC 2205636K->2170930K(3892416K), 0.0049491 secs]
257.151: [GC 2205490K->2171438K(3892416K), 0.0052172 secs]
257.188: [GC 2205998K->2171055K(3892416K), 0.0048753 secs]
257.222: [GC 2205615K->2170907K(3892416K), 0.0055934 secs]
257.259: [GC 2205467K->2170802K(3892416K), 0.0048711 secs]
257.299: [GC 2205362K->2170877K(3892416K), 0.0048743 secs]
257.357: [GC 2205437K->2170891K(3892416K), 0.0048984 secs]
303.520: [GC 2187289K(3892416K), 0.0031646 secs]
393.450: [GC 1866638K->1835816K(3892416K), 0.0079847 secs]
489.957: [GC 1852647K(3892416K), 0.0019766 secs]
497.699: [GC 1853226K(3892416K), 0.0022527 secs]
598.517: [GC 1771774K->1737345K(3892416K), 0.0086085 secs]
767.557: [GC 1771852K->1737237K(3892416K), 0.0087474 secs]
791.939: [GC 1771795K->1737387K(3892416K), 0.0065254 secs]
816.262: [GC 1771947K->1738436K(3892416K), 0.0089825 secs]
840.647: [GC 1772996K->1739283K(3892416K), 0.0101207 secs]
852.925: [GC 1773843K->1740615K(3892416K), 0.0077098 secs]
877.261: [GC 1775175K->1740748K(3892416K), 0.0088019 secs]
889.512: [GC 1775308K->1740683K(3892416K), 0.0101566 secs]
901.726: [GC 1775243K->1741003K(3892416K), 0.0066707 secs]
913.978: [GC 1775563K->1741561K(3892416K), 0.0093478 secs]
938.501: [GC 1776121K->1742096K(3892416K), 0.0073824 secs]
950.744: [GC 1776656K->1742159K(3892416K), 0.0068519 secs]
962.952: [GC 1776719K->1743358K(3892416K), 0.0085876 secs]
975.162: [GC 1777918K->1743318K(3892416K), 0.0065145 secs]
987.372: [GC 1777878K->1743315K(3892416K), 0.0065565 secs]
999.678: [GC 1777821K->1743815K(3892416K), 0.0068525 secs]
1022.885: [GC 1778375K->1743902K(3892416K), 0.0061030 secs]
1036.194: [GC 1778462K->1744712K(3892416K), 0.0077631 secs]
1048.410: [GC 1779217K->1747045K(3892416K), 0.0078965 secs]
1060.616: [GC 1781605K->1745956K(3892416K), 0.0075639 secs]
1072.825: [GC 1780516K->1746524K(3892416K), 0.0071171 secs]
1085.032: [GC 1781083K->1747683K(3892416K), 0.0070238 secs]
1097.233: [GC 1782243K->1747094K(3892416K), 0.0076072 secs]
1109.440: [GC 1781654K->1747406K(3892416K), 0.0067544 secs]
1121.647: [GC 1781966K->1748396K(3892416K), 0.0063994 secs]
1133.891: [GC 1782956K->1749426K(3892416K), 0.0069994 secs]
1157.092: [GC 1783984K->1748618K(3892416K), 0.0067332 secs]
1170.377: [GC 1783178K->1750412K(3892416K), 0.0064709 secs]
1182.575: [GC 1784972K->1751467K(3892416K), 0.0112317 secs]
1194.783: [GC 1786027K->1752020K(3892416K), 0.0070036 secs]
1206.997: [GC 1786580K->1751814K(3892416K), 0.0067862 secs]
1219.186: [GC 1786374K->1751727K(3892416K), 0.0077785 secs]
1231.591: [GC 1786287K->1752453K(3892416K), 0.0070238 secs]
1244.015: [GC 1787013K->1752221K(3892416K), 0.0067419 secs]
1256.219: [GC 1786781K->1753008K(3892416K), 0.0068484 secs]
1268.424: [GC 1787568K->1753354K(3892416K), 0.0069937 secs]
1280.617: [GC 1787914K->1753918K(3892416K), 0.0066848 secs]
1292.799: [GC 1788478K->1754586K(3892416K), 0.0060353 secs]
1304.997: [GC 1789146K->1755917K(3892416K), 0.0078455 secs]
1317.197: [GC 1790477K->1756357K(3892416K), 0.0066123 secs]
1329.394: [GC 1790917K->1756383K(3892416K), 0.0070113 secs]
1329.528: [GC 1790939K->1756694K(3892416K), 0.0067098 secs]
1341.736: [GC 1791254K->1758778K(3892416K), 0.0061386 secs]
1353.934: [GC 1793338K->1759663K(3892416K), 0.0069571 secs]
1366.078: [GC 1794223K->1759885K(3892416K), 0.0064465 secs]
1378.286: [GC 1794445K->1760021K(3892416K), 0.0070610 secs]
1390.495: [GC 1794581K->1760502K(3892416K), 0.0076723 secs]
1402.712: [GC 1795062K->1760746K(3892416K), 0.0070123 secs]
1415.110: [GC 1795306K->1761264K(3892416K), 0.0065748 secs]
1427.345: [GC 1795824K->1761838K(3892416K), 0.0072656 secs]
1439.540: [GC 1796398K->1762434K(3892416K), 0.0066607 secs]
1451.891: [GC 1796923K->1763954K(3892416K), 0.0074905 secs]
1464.087: [GC 1798514K->1763647K(3892416K), 0.0068294 secs]
1476.271: [GC 1798207K->1764254K(3892416K), 0.0064536 secs]
1488.446: [GC 1798814K->1765042K(3892416K), 0.0067031 secs]
1488.585: [GC 1799602K->1766113K(3892416K), 0.0065581 secs]
1500.730: [GC 1800673K->1766999K(3892416K), 0.0055033 secs]
1512.960: [GC 1801559K->1767593K(3892416K), 0.0072672 secs]
1525.166: [GC 1802153K->1768147K(3892416K), 0.0085665 secs]
1537.355: [GC 1802707K->1768197K(3892416K), 0.0074279 secs]
1549.553: [GC 1802757K->1769092K(3892416K), 0.0074799 secs]
1561.758: [GC 1803652K->1769884K(3892416K), 0.0076588 secs]
1573.969: [GC 1804444K->1771462K(3892416K), 0.0082053 secs]
1574.114: [GC 1806022K->1771276K(3892416K), 0.0074876 secs]
1586.254: [GC 1805836K->1772362K(3892416K), 0.0062409 secs]
1598.450: [GC 1806922K->1773045K(3892416K), 0.0067627 secs]
1610.651: [GC 1807605K->1774401K(3892416K), 0.0090553 secs]
1622.855: [GC 1808961K->1774100K(3892416K), 0.0080209 secs]
1635.038: [GC 1808660K->1776161K(3892416K), 0.0067823 secs]
1635.185: [GC 1810721K->1776879K(3892416K), 0.0068182 secs]
1647.347: [GC 1811439K->1777431K(3892416K), 0.0067396 secs]
1659.551: [GC 1811991K->1778277K(3892416K), 0.0071707 secs]
1671.784: [GC 1812837K->1778670K(3892416K), 0.0098907 secs]
1684.088: [GC 1813230K->1779286K(3892416K), 0.0067579 secs]
1696.502: [GC 1813846K->1780548K(3892416K), 0.0067547 secs]
1697.573: [GC 1815108K->1781667K(3892416K), 0.0069045 secs]
1709.936: [GC 1816227K->1781671K(3892416K), 0.0070860 secs]
1722.274: [GC 1816231K->1782286K(3892416K), 0.0065209 secs]
1734.491: [GC 1816846K->1783184K(3892416K), 0.0080010 secs]
1747.879: [GC 1817713K->1783732K(3892416K), 0.0066046 secs]
1760.102: [GC 1818292K->1784988K(3892416K), 0.0068817 secs]
1760.167: [GC 1819548K->1785021K(3892416K), 0.0065491 secs]
1772.535: [GC 1819581K->1786255K(3892416K), 0.0063266 secs]
1784.993: [GC 1820815K->1786818K(3892416K), 0.0085982 secs]
1797.293: [GC 1821378K->1787109K(3892416K), 0.0071175 secs]
1809.640: [GC 1821669K->1787792K(3892416K), 0.0065536 secs]
1809.693: [GC 1822352K->1789212K(3892416K), 0.0079635 secs]
1822.055: [GC 1823772K->1790378K(3892416K), 0.0062929 secs]
1834.286: [GC 1824938K->1791459K(3892416K), 0.0078487 secs]
1846.533: [GC 1825746K->1792684K(3892416K), 0.0074379 secs]
1846.713: [GC 1827244K->1793811K(3892416K), 0.0071197 secs]
1858.870: [GC 1828371K->1794051K(3892416K), 0.0056793 secs]
1871.082: [GC 1828611K->1795064K(3892416K), 0.0074128 secs]
1883.278: [GC 1829624K->1795580K(3892416K), 0.0080129 secs]
1895.448: [GC 1830140K->1796727K(3892416K), 0.0067182 secs]
1895.516: [GC 1831287K->1797103K(3892416K), 0.0070373 secs]
1907.716: [GC 1831663K->1798085K(3892416K), 0.0058301 secs]
1919.912: [GC 1832645K->1798488K(3892416K), 0.0080450 secs]
1932.109: [GC 1833048K->1800588K(3892416K), 0.0121974 secs]
1932.205: [GC 1835148K->1800973K(3892416K), 0.0196019 secs]
1944.405: [GC 1835533K->1801666K(3892416K), 0.0062233 secs]
1956.599: [GC 1836226K->1802562K(3892416K), 0.0072150 secs]
1968.782: [GC 1837122K->1802874K(3892416K), 0.0068163 secs]
1968.833: [GC 1837434K->1804623K(3892416K), 0.0077271 secs]
1981.027: [GC 1839183K->1805116K(3892416K), 0.0061338 secs]
1993.276: [GC 1839676K->1805806K(3892416K), 0.0067926 secs]
2005.477: [GC 1840206K->1807203K(3892416K), 0.0071739 secs]
2005.608: [GC 1841751K->1808854K(3892416K), 0.0072153 secs]
2017.748: [GC 1843414K->1808728K(3892416K), 0.0054244 secs]
2029.954: [GC 1843288K->1809159K(3892416K), 0.0066591 secs]
2042.143: [GC 1843719K->1810522K(3892416K), 0.0220169 secs]
2042.258: [GC 1845082K->1812022K(3892416K), 0.0186795 secs]
2054.443: [GC 1846582K->1812485K(3892416K), 0.0063545 secs]
2066.643: [GC 1847045K->1813367K(3892416K), 0.0063500 secs]
2078.834: [GC 1847927K->1815077K(3892416K), 0.0186686 secs]
2078.894: [GC 1849637K->1814791K(3892416K), 0.0401556 secs]
2091.128: [GC 1849351K->1816330K(3892416K), 0.0062541 secs]
2103.340: [GC 1850890K->1817007K(3892416K), 0.0070203 secs]
2115.527: [GC 1851567K->1818290K(3892416K), 0.0072121 secs]
2115.591: [GC 1852850K->1819026K(3892416K), 0.0083942 secs]
2127.818: [GC 1853586K->1820156K(3892416K), 0.0059564 secs]
2140.018: [GC 1854574K->1821366K(3892416K), 0.0293162 secs]
2140.142: [GC 1855829K->1822102K(3892416K), 0.0068647 secs]
2152.300: [GC 1856662K->1823197K(3892416K), 0.0055950 secs]
2164.502: [GC 1857757K->1823506K(3892416K), 0.0061575 secs]
2176.697: [GC 1858066K->1825705K(3892416K), 0.0070620 secs]
2176.762: [GC 1860265K->1826176K(3892416K), 0.0077579 secs]
2189.497: [GC 1860736K->1827083K(3892416K), 0.0060408 secs]
2189.600: [GC 1861643K->1829503K(3892416K), 0.0072342 secs]
2201.763: [GC 1864063K->1829981K(3892416K), 0.0060799 secs]
2213.986: [GC 1864530K->1830629K(3892416K), 0.0064587 secs]
2226.196: [GC 1865189K->1832031K(3892416K), 0.0069244 secs]
2226.263: [GC 1866591K->1831938K(3892416K), 0.0227405 secs]
2238.494: [GC 1866498K->1833555K(3892416K), 0.0060607 secs]
2251.334: [GC 1868115K->1834359K(3892416K), 0.0069334 secs]
2251.503: [GC 1868919K->1835948K(3892416K), 0.0222946 secs]
2265.222: [GC 1870508K->1837119K(3892416K), 0.0057582 secs]
2279.228: [GC 1871679K->1838493K(3892416K), 0.0078160 secs]
2291.492: [GC 1873053K->1838319K(3892416K), 0.0115450 secs]
2291.583: [GC 1872879K->1838753K(3892416K), 0.0071191 secs]
2303.785: [GC 1873313K->1839809K(3892416K), 0.0076146 secs]
2316.009: [GC 1874369K->1839911K(3892416K), 0.0131708 secs]
2316.834: [GC 1874471K->1841300K(3892416K), 0.0340988 secs]
2329.902: [GC 1875860K->1842321K(3892416K), 0.0059750 secs]
2342.123: [GC 1876881K->1843526K(3892416K), 0.0068849 secs]
2342.171: [GC 1878086K->1844190K(3892416K), 0.0290526 secs]
2354.438: [GC 1878750K->1845713K(3892416K), 0.0062605 secs]
2366.623: [GC 1880273K->1846677K(3892416K), 0.0064334 secs]
2366.686: [GC 1881237K->1847455K(3892416K), 0.0069189 secs]
2378.899: [GC 1882015K->1848815K(3892416K), 0.0058480 secs]
2391.086: [GC 1883375K->1850277K(3892416K), 0.0066585 secs]
2391.131: [GC 1884837K->1850786K(3892416K), 0.0061197 secs]
2403.333: [GC 1885346K->1851747K(3892416K), 0.0058230 secs]
2415.520: [GC 1886307K->1852439K(3892416K), 0.0058708 secs]
2439.877: [GC 1886988K->1853605K(3892416K), 0.0067012 secs]
2524.317: [GC 1888165K->1855016K(3892416K), 0.0213652 secs]
2608.772: [GC 1889298K->1853595K(3892416K), 0.0079792 secs]
2693.211: [GC 1888155K->1853101K(3892416K), 0.0311966 secs]
2765.639: [GC 1887661K->1853522K(3892416K), 0.0076617 secs]
2765.684: [GC 1888082K->1854389K(3892416K), 0.0056832 secs]
2789.851: [GC 1888949K->1853644K(3892416K), 0.0056813 secs]
2850.181: [GC 1888204K->1854998K(3892416K), 0.0077724 secs]
2922.575: [GC 1889558K->1854238K(3892416K), 0.0073686 secs]
2934.927: [GC 1888798K->1854327K(3892416K), 0.0056883 secs]
3010.313: [GC 1888887K->1855730K(3892416K), 0.0078356 secs]
3043.525: [GC 1890290K->1854244K(3892416K), 0.0153283 secs]
3091.809: [GC 1888804K->1855770K(3892416K), 0.0071364 secs]
3103.920: [GC 1890330K->1856104K(3892416K), 0.0262953 secs]
3176.377: [GC 1890664K->1856393K(3892416K), 0.0079238 secs]
3224.678: [GC 1890953K->1856792K(3892416K), 0.0068926 secs]
3248.890: [GC 1891352K->1858257K(3892416K), 0.0062473 secs]
3333.331: [GC 1892817K->1859173K(3892416K), 0.0102939 secs]
3357.501: [GC 1893724K->1858130K(3892416K), 0.0063304 secs]
3369.658: [GC 1892690K->1857753K(3892416K), 0.0057140 secs]
3417.972: [GC 1892299K->1858830K(3892416K), 0.0070973 secs]
3502.413: [GC 1893390K->1858849K(3892416K), 0.0075883 secs]
3574.829: [GC 1893409K->1858488K(3892416K), 0.0069699 secs]
3574.926: [GC 1893048K->1859457K(3892416K), 0.0052605 secs]
3659.364: [GC 1894017K->1859719K(3892416K), 0.0081322 secs]
3719.715: [GC 1894279K->1859084K(3892416K), 0.0068862 secs]
3743.933: [GC 1893633K->1859240K(3892416K), 0.0063144 secs]
3768.099: [GC 1893800K->1859600K(3892416K), 0.0066280 secs]
3780.213: [GC 1894160K->1859699K(3892416K), 0.0055709 secs]
3828.511: [GC 1894259K->1860820K(3892416K), 0.0064064 secs]
3863.592: [GC 1895380K->1877100K(3892416K), 0.1418587 secs]
3863.900: [GC 1911660K->1889052K(3892416K), 0.0248344 secs]
3863.952: [GC 1923612K->1893427K(3892416K), 0.0537690 secs]
3864.031: [GC 1927987K->1892404K(3892416K), 0.0065017 secs]
3864.611: [GC 1926964K->1908992K(3892416K), 0.2859404 secs]
3865.077: [GC 1943552K->1921999K(3892416K), 0.0733500 secs]
3865.176: [GC 1956559K->1925201K(3892416K), 0.0116403 secs]
3865.214: [GC 1959761K->1925437K(3892416K), 0.0072769 secs]
3865.604: [GC 1959997K->1941480K(3892416K), 0.0893845 secs]
3865.884: [GC 1976040K->1954629K(3892416K), 0.0431839 secs]
3865.957: [GC 1989189K->1957812K(3892416K), 0.0156868 secs]
3866.000: [GC 1992372K->1957336K(3892416K), 0.0069917 secs]
3866.153: [GC 1991896K->1964690K(3892416K), 0.0194181 secs]
3866.803: [GC 1999250K->1985292K(3892416K), 0.7007872 secs]
3867.550: [GC 2019852K->1991351K(3892416K), 0.0654606 secs]
3867.647: [GC 2025911K->1995671K(3892416K), 0.0356129 secs]
3867.864: [GC 2030231K->1995710K(3892416K), 0.0077826 secs]
3868.248: [GC 2030270K->2021052K(3892416K), 0.1071759 secs]
3868.382: [GC 2055612K->2025142K(3892416K), 0.0164822 secs]
3868.429: [GC 2059702K->2023986K(3892416K), 0.0156105 secs]
3868.787: [GC 2058546K->2036382K(3892416K), 0.0385017 secs]
3869.035: [GC 2070942K->2051053K(3892416K), 0.0401120 secs]
3869.104: [GC 2085613K->2055393K(3892416K), 0.0755919 secs]
3869.209: [GC 2089953K->2053727K(3892416K), 0.0071306 secs]
3869.491: [GC 2088287K->2067933K(3892416K), 0.0787904 secs]
3869.780: [GC 2102493K->2070145K(3892416K), 0.0240727 secs]
3870.166: [GC 2104705K->2094637K(3892416K), 0.0646373 secs]
3870.258: [GC 2129197K->2098249K(3892416K), 0.0145768 secs]
3870.302: [GC 2132809K->2097620K(3892416K), 0.0073352 secs]
3870.599: [GC 2132180K->2108073K(3892416K), 0.0265343 secs]
3870.897: [GC 2142633K->2126296K(3892416K), 0.0416771 secs]
3870.966: [GC 2160856K->2130485K(3892416K), 0.0143103 secs]
3871.010: [GC 2165045K->2129617K(3892416K), 0.0085171 secs]
3871.406: [GC 2164177K->2147050K(3892416K), 0.0559095 secs]
3871.597: [GC 2181610K->2158357K(3892416K), 0.0271898 secs]
3871.652: [GC 2192917K->2160494K(3892416K), 0.0151089 secs]
3871.695: [GC 2195054K->2161314K(3892416K), 0.0071171 secs]
3871.933: [GC 2195874K->2172746K(3892416K), 0.0266808 secs]
3872.290: [GC 2207306K->2179281K(3892416K), 0.0235483 secs]
3872.589: [GC 2213841K->2198711K(3892416K), 0.0425729 secs]
3872.658: [GC 2233271K->2203007K(3892416K), 0.0266873 secs]
3872.713: [GC 2237567K->2201766K(3892416K), 0.0070677 secs]
3873.146: [GC 2236326K->2220668K(3892416K), 0.0423195 secs]
3873.289: [GC 2255228K->2229574K(3892416K), 0.0237693 secs]
3873.341: [GC 2264134K->2232747K(3892416K), 0.0137853 secs]
3873.382: [GC 2267307K->2232914K(3892416K), 0.0070665 secs]
3874.114: [GC 2267474K->2259590K(3892416K), 0.0512796 secs]
3874.193: [GC 2294150K->2263381K(3892416K), 0.0264066 secs]
3874.246: [GC 2297941K->2262380K(3892416K), 0.0124777 secs]
3874.470: [GC 2296940K->2271266K(3892416K), 0.0206064 secs]
3874.556: [GC 2305826K->2276718K(3892416K), 0.0155685 secs]
3875.013: [GC 2311278K->2293206K(3892416K), 0.0356165 secs]
3875.212: [GC 2327766K->2306678K(3892416K), 0.0279919 secs]
3875.267: [GC 2341238K->2311017K(3892416K), 0.0207481 secs]
3875.313: [GC 2345577K->2309421K(3892416K), 0.0071569 secs]
3875.769: [GC 2343981K->2329061K(3892416K), 0.0388798 secs]
3875.917: [GC 2363621K->2338737K(3892416K), 0.0283329 secs]
3875.972: [GC 2373297K->2341910K(3892416K), 0.0127327 secs]
3876.011: [GC 2376470K->2341745K(3892416K), 0.0069504 secs]
3876.491: [GC 2376305K->2365584K(3892416K), 0.0451862 secs]
3876.579: [GC 2400144K->2371061K(3892416K), 0.0148574 secs]
3876.621: [GC 2405621K->2374240K(3892416K), 0.0125402 secs]
3876.660: [GC 2408800K->2374075K(3892416K), 0.0073843 secs]
3876.843: [GC 2408635K->2382434K(3892416K), 0.0203472 secs]
3877.422: [GC 2416994K->2408555K(3892416K), 0.0592241 secs]
3877.510: [GC 2443115K->2413170K(3892416K), 0.0130466 secs]
3877.548: [GC 2447730K->2415247K(3892416K), 0.0112038 secs]
3877.609: [GC 2433951K(3892416K), 0.0669526 secs]
3877.813: [GC 2449807K->2415171K(3892416K), 0.0072778 secs]
3878.220: [GC 2449731K->2443565K(3892416K), 0.0494248 secs]
3878.295: [GC 2478125K->2447930K(3892416K), 0.0114507 secs]
3878.332: [GC 2482490K->2446647K(3892416K), 0.0079568 secs]
3878.553: [GC 2481207K->2451058K(3892416K), 0.0122070 secs]
3878.929: [GC 2485618K->2475669K(3892416K), 0.0445203 secs]
3878.999: [GC 2510229K->2479997K(3892416K), 0.0145540 secs]
3879.039: [GC 2514557K->2478599K(3892416K), 0.0070989 secs]
3879.206: [GC 2513159K->2486616K(3892416K), 0.0179841 secs]
3879.542: [GC 2521176K->2490841K(3892416K), 0.0142930 secs]
3879.878: [GC 2525401K->2513086K(3892416K), 0.0404748 secs]
3879.944: [GC 2547646K->2516319K(3892416K), 0.0127872 secs]
3879.983: [GC 2550879K->2516133K(3892416K), 0.0120431 secs]
3880.305: [GC 2550693K->2527122K(3892416K), 0.0228989 secs]
3880.567: [GC 2561682K->2545427K(3892416K), 0.0329484 secs]
3880.625: [GC 2579987K->2548584K(3892416K), 0.0116900 secs]
3880.662: [GC 2583144K->2548418K(3892416K), 0.0068198 secs]
3881.027: [GC 2582978K->2562660K(3892416K), 0.0269714 secs]
3881.249: [GC 2597220K->2577705K(3892416K), 0.0295333 secs]
3881.304: [GC 2612265K->2580868K(3892416K), 0.0119575 secs]
3881.341: [GC 2615428K->2580376K(3892416K), 0.0064334 secs]
3881.521: [GC 2614936K->2588465K(3892416K), 0.0251212 secs]
3882.011: [GC 2623025K->2604161K(3892416K), 0.0362836 secs]
3882.188: [GC 2638721K->2616576K(3892416K), 0.0224672 secs]
3882.236: [GC 2651136K->2620889K(3892416K), 0.0110774 secs]
3882.272: [GC 2655449K->2619640K(3892416K), 0.0065764 secs]
3882.701: [GC 2654200K->2639611K(3892416K), 0.0345103 secs]
3882.855: [GC 2674171K->2648777K(3892416K), 0.0173183 secs]
3882.897: [GC 2683337K->2651953K(3892416K), 0.0115309 secs]
3882.933: [GC 2686513K->2651465K(3892416K), 0.0071527 secs]
3883.430: [GC 2686025K->2677179K(3892416K), 0.0505390 secs]
3883.506: [GC 2711739K->2681525K(3892416K), 0.0117128 secs]
3883.542: [GC 2716085K->2681802K(3892416K), 0.0298050 secs]
3883.882: [GC 2716362K->2696244K(3892416K), 0.0372833 secs]
3883.951: [GC 2730804K->2699783K(3892416K), 0.0107827 secs]
3884.421: [GC 2734343K->2718216K(3892416K), 0.0314282 secs]
3884.561: [GC 2752776K->2727363K(3892416K), 0.0185714 secs]
3884.605: [GC 2761923K->2730504K(3892416K), 0.0105684 secs]
3884.826: [GC 2765064K->2735238K(3892416K), 0.0118924 secs]
3885.173: [GC 2769798K->2758299K(3892416K), 0.0420210 secs]
3885.239: [GC 2792859K->2762453K(3892416K), 0.0116085 secs]
3885.275: [GC 2797013K->2761668K(3892416K), 0.0070633 secs]
3885.828: [GC 2796228K->2781395K(3892416K), 0.0306065 secs]
3886.038: [GC 2815955K->2790630K(3892416K), 0.0175541 secs]
3886.082: [GC 2825190K->2792780K(3892416K), 0.0133308 secs]
3886.240: [GC 2827340K->2796308K(3892416K), 0.0097285 secs]
3886.491: [GC 2830868K->2814246K(3892416K), 0.0285895 secs]
3886.544: [GC 2848806K->2818413K(3892416K), 0.0108106 secs]
3886.960: [GC 2852973K->2831650K(3892416K), 0.0245009 secs]
3887.164: [GC 2866210K->2845239K(3892416K), 0.0222908 secs]
3887.211: [GC 2879799K->2848381K(3892416K), 0.0109081 secs]
3887.372: [GC 2882941K->2850112K(3892416K), 0.0106829 secs]
3887.745: [GC 2884672K->2875669K(3892416K), 0.0424911 secs]
3887.813: [GC 2910229K->2880003K(3892416K), 0.0107317 secs]
3887.850: [GC 2914563K->2878704K(3892416K), 0.0070193 secs]
3888.259: [GC 2913264K->2899759K(3892416K), 0.0362977 secs]
3888.379: [GC 2934319K->2908057K(3892416K), 0.0170749 secs]
3888.422: [GC 2942617K->2911244K(3892416K), 0.0107432 secs]
3888.640: [GC 2945804K->2917489K(3892416K), 0.0160710 secs]
3888.911: [GC 2952049K->2934420K(3892416K), 0.0273088 secs]
3888.965: [GC 2968980K->2938579K(3892416K), 0.0144270 secs]
3889.271: [GC 2973139K->2944742K(3892416K), 0.0151714 secs]
3889.587: [GC 2979302K->2966923K(3892416K), 0.0318319 secs]
3889.642: [GC 3001483K->2970913K(3892416K), 0.0107673 secs]
3889.678: [GC 3005473K->2970146K(3892416K), 0.0063939 secs]
3889.987: [GC 2997851K(3892416K), 0.0294057 secs]
3890.075: [GC 3004706K->2987959K(3892416K), 0.0280718 secs]
3890.240: [GC 3003546K->2980653K(3892416K), 0.0241253 secs]
3890.289: [GC 3013158K->2981775K(3892416K), 0.0140008 secs]
3890.329: [GC 3011733K->2977395K(3892416K), 0.0069789 secs]
3890.875: [GC 2946579K->2940074K(3892416K), 0.0644923 secs]
3890.966: [GC 2974393K->2944207K(3892416K), 0.0201817 secs]
3891.014: [GC 2976625K->2941150K(3892416K), 0.0070854 secs]
3891.249: [GC 2938130K->2913884K(3892416K), 0.0235496 secs]
3891.366: [GC 2944030K->2917356K(3892416K), 0.0577710 secs]
3891.716: [GC 2947583K->2919081K(3892416K), 0.0299583 secs]
3892.072: [GC 2901228K->2889154K(3892416K), 0.0420963 secs]
3892.139: [GC 2922196K->2891921K(3892416K), 0.0139155 secs]
3892.180: [GC 2922889K->2886763K(3892416K), 0.0058217 secs]
3892.535: [GC 2838109K->2818027K(3892416K), 0.0348759 secs]
3892.765: [GC 2800536K->2780446K(3892416K), 0.0323233 secs]
3892.825: [GC 2806250K->2775889K(3892416K), 0.0133282 secs]
3892.866: [GC 2802125K->2766371K(3892416K), 0.0082454 secs]
3893.329: [GC 2651126K->2638523K(3892416K), 0.0394010 secs]
3893.429: [GC 2665281K->2637414K(3892416K), 0.0165124 secs]
3893.472: [GC 2663440K->2633094K(3892416K), 0.0116929 secs]
3893.583: [GC 2658386K->2623615K(3892416K), 0.0070248 secs]
3893.759: [GC 2622444K->2599157K(3892416K), 0.0216955 secs]
3894.160: [GC 2633685K->2611071K(3892416K), 0.0265070 secs]
3894.288: [GC 2622152K(3892416K), 0.0098458 secs]
3894.413: [GC 2645631K->2628623K(3892416K), 0.0358358 secs]
3894.474: [GC 2663183K->2632939K(3892416K), 0.0130104 secs]
3894.514: [GC 2667499K->2631691K(3892416K), 0.0061518 secs]
3894.931: [GC 2666251K->2649437K(3892416K), 0.0421948 secs]
3895.109: [GC 2683997K->2660694K(3892416K), 0.0241757 secs]
3895.160: [GC 2695254K->2664906K(3892416K), 0.0126682 secs]
3895.202: [GC 2699466K->2664050K(3892416K), 0.0078667 secs]
3895.941: [GC 2698610K->2690011K(3892416K), 0.0506028 secs]
3896.020: [GC 2724571K->2693809K(3892416K), 0.0145823 secs]
3896.062: [GC 2728369K->2695660K(3892416K), 0.0104071 secs]
3896.233: [GC 2730220K->2700331K(3892416K), 0.0146326 secs]
3896.402: [GC 2734891K->2708570K(3892416K), 0.0199322 secs]
3896.875: [GC 2743130K->2724423K(3892416K), 0.0349904 secs]
3897.097: [GC 2758983K->2738108K(3892416K), 0.0334449 secs]
3897.157: [GC 2772668K->2742443K(3892416K), 0.0171750 secs]
3897.201: [GC 2777003K->2740859K(3892416K), 0.0061133 secs]
3897.692: [GC 2775419K->2764426K(3892416K), 0.0485181 secs]
3897.778: [GC 2798986K->2769990K(3892416K), 0.0152359 secs]
3897.820: [GC 2804550K->2774220K(3892416K), 0.0118350 secs]
3897.988: [GC 2808780K->2773361K(3892416K), 0.0073965 secs]
3898.447: [GC 2807921K->2801287K(3892416K), 0.0479537 secs]
3898.521: [GC 2835847K->2805138K(3892416K), 0.0135678 secs]
3898.561: [GC 2839698K->2804453K(3892416K), 0.0069221 secs]
3898.704: [GC 2839013K->2809403K(3892416K), 0.0152907 secs]
3898.821: [GC 2843963K->2816880K(3892416K), 0.0202148 secs]
3899.335: [GC 2851440K->2837495K(3892416K), 0.0474582 secs]
3899.487: [GC 2872055K->2847168K(3892416K), 0.0216247 secs]
3899.536: [GC 2881728K->2851512K(3892416K), 0.0111069 secs]
3899.573: [GC 2886072K->2850252K(3892416K), 0.0330484 secs]
3900.099: [GC 2884812K->2872845K(3892416K), 0.0357496 secs]
3900.201: [GC 2907405K->2879441K(3892416K), 0.0156060 secs]
3900.242: [GC 2914001K->2883658K(3892416K), 0.0115299 secs]
3900.398: [GC 2918218K->2882469K(3892416K), 0.0067884 secs]
3900.859: [GC 2917029K->2910710K(3892416K), 0.0423891 secs]
3900.926: [GC 2945270K->2914509K(3892416K), 0.0107596 secs]
3900.962: [GC 2949069K->2913799K(3892416K), 0.0070261 secs]
3901.102: [GC 2948359K->2918502K(3892416K), 0.0130043 secs]
3901.188: [GC 2953062K->2924176K(3892416K), 0.0151191 secs]
3901.824: [GC 2958736K->2951926K(3892416K), 0.0484947 secs]
3901.898: [GC 2986486K->2956176K(3892416K), 0.0120623 secs]
3901.936: [GC 2990736K->2955037K(3892416K), 0.0067592 secs]
3902.178: [GC 2989597K->2960960K(3892416K), 0.0148594 secs]
3902.589: [GC 2995520K->2983158K(3892416K), 0.0584551 secs]
3902.672: [GC 3017718K->2987353K(3892416K), 0.0182125 secs]
3902.716: [GC 3021913K->2986155K(3892416K), 0.0064308 secs]
3903.247: [GC 3020715K->3002172K(3892416K), 0.0845676 secs]
3903.559: [GC 3036732K->3014418K(3892416K), 0.0640032 secs]
3903.647: [GC 3048978K->3018391K(3892416K), 0.0251808 secs]
3903.696: [GC 3052951K->3017242K(3892416K), 0.0063586 secs]
3904.011: [GC 3051802K->3029972K(3892416K), 0.0550012 secs]
3904.067: [GC 3030664K(3892416K), 0.0057916 secs]
3904.351: [GC 3060195K->3029613K(3892416K), 0.0295574 secs]
3904.750: [GC 2996331K->2984169K(3892416K), 0.0589624 secs]
3904.834: [GC 3016691K->2986270K(3892416K), 0.0116175 secs]
3904.872: [GC 3014076K->2978337K(3892416K), 0.0066559 secs]
3905.221: [GC 2962920K->2941456K(3892416K), 0.0268768 secs]
3905.458: [GC 2944689K->2924623K(3892416K), 0.0276299 secs]
3905.512: [GC 2957761K->2927544K(3892416K), 0.0120854 secs]
3905.551: [GC 2961295K->2925405K(3892416K), 0.0070081 secs]
3906.099: [GC 2901151K->2892379K(3892416K), 0.0473504 secs]
3906.175: [GC 2922552K->2892365K(3892416K), 0.0132083 secs]
3906.214: [GC 2923742K->2890487K(3892416K), 0.0095633 secs]
3906.387: [GC 2921675K->2891432K(3892416K), 0.0130377 secs]
3906.539: [GC 2922374K->2896918K(3892416K), 0.0218838 secs]
3906.937: [GC 2892964K->2870619K(3892416K), 0.0263813 secs]
3907.218: [GC 2820257K->2803501K(3892416K), 0.0323429 secs]
3907.276: [GC 2823590K->2793356K(3892416K), 0.0126865 secs]
3907.316: [GC 2813098K->2777281K(3892416K), 0.0071970 secs]
3907.716: [GC 2609337K->2589251K(3892416K), 0.0270936 secs]
3907.848: [GC 2600333K(3892416K), 0.0102804 secs]
3907.910: [GC 2623811K->2601892K(3892416K), 0.0251760 secs]
3907.960: [GC 2636452K->2606096K(3892416K), 0.0112083 secs]
3907.998: [GC 2640656K->2604902K(3892416K), 0.0066043 secs]
3908.538: [GC 2639462K->2631744K(3892416K), 0.0416842 secs]
3908.605: [GC 2666304K->2635535K(3892416K), 0.0106996 secs]
3908.642: [GC 2670095K->2634828K(3892416K), 0.0072862 secs]
3908.848: [GC 2669388K->2642437K(3892416K), 0.0170541 secs]
3908.936: [GC 2676997K->2647894K(3892416K), 0.0138035 secs]
3909.447: [GC 2682454K->2667316K(3892416K), 0.0351158 secs]
3909.591: [GC 2701876K->2677057K(3892416K), 0.0184437 secs]
3909.635: [GC 2711617K->2680333K(3892416K), 0.0110040 secs]
3909.671: [GC 2714893K->2679810K(3892416K), 0.0070068 secs]
3910.236: [GC 2714370K->2706618K(3892416K), 0.0401688 secs]
3910.303: [GC 2741178K->2710992K(3892416K), 0.0111005 secs]
3910.339: [GC 2745552K->2711155K(3892416K), 0.0096406 secs]
3910.532: [GC 2745715K->2713645K(3892416K), 0.0196202 secs]
3910.926: [GC 2748205K->2740379K(3892416K), 0.0400662 secs]
3910.990: [GC 2774939K->2743455K(3892416K), 0.0106310 secs]
3911.026: [GC 2778015K->2743307K(3892416K), 0.0069577 secs]
3911.191: [GC 2777867K->2749567K(3892416K), 0.0168235 secs]
3911.260: [GC 2784127K->2754132K(3892416K), 0.0118786 secs]
3911.898: [GC 2788692K->2782437K(3892416K), 0.0419549 secs]
3911.965: [GC 2816997K->2786658K(3892416K), 0.0108539 secs]
3912.001: [GC 2821218K->2785599K(3892416K), 0.0065405 secs]
3912.194: [GC 2820159K->2788610K(3892416K), 0.0106351 secs]
3912.569: [GC 2823170K->2814951K(3892416K), 0.0421098 secs]
3912.635: [GC 2849511K->2819139K(3892416K), 0.0110540 secs]
3912.671: [GC 2853699K->2817935K(3892416K), 0.0062252 secs]
3912.926: [GC 2852495K->2824768K(3892416K), 0.0160284 secs]
3913.270: [GC 2859328K->2847116K(3892416K), 0.0313858 secs]
3913.331: [GC 2881676K->2852318K(3892416K), 0.0372704 secs]
3913.393: [GC 2886878K->2851794K(3892416K), 0.0067724 secs]
3913.568: [GC 2886354K->2860049K(3892416K), 0.0144039 secs]
3913.906: [GC 2894609K->2866748K(3892416K), 0.0158712 secs]
3914.245: [GC 2901308K->2888366K(3892416K), 0.0314885 secs]
3914.300: [GC 2922926K->2892665K(3892416K), 0.0104565 secs]
3914.335: [GC 2927225K->2891083K(3892416K), 0.0069356 secs]
3914.704: [GC 2925643K->2903197K(3892416K), 0.0194197 secs]
3915.233: [GC 2937757K->2920472K(3892416K), 0.0270862 secs]
3915.284: [GC 2955032K->2923634K(3892416K), 0.0119142 secs]
3915.320: [GC 2958194K->2923142K(3892416K), 0.0067191 secs]
3915.698: [GC 2957702K->2939865K(3892416K), 0.0263903 secs]
3915.895: [GC 2974425K->2952194K(3892416K), 0.0207594 secs]
3915.940: [GC 2986754K->2955364K(3892416K), 0.0102490 secs]
3915.974: [GC 2989924K->2955199K(3892416K), 0.0063083 secs]
3916.174: [GC 2989759K->2964189K(3892416K), 0.0198357 secs]
3916.635: [GC 2998749K->2979765K(3892416K), 0.0268604 secs]
3916.814: [GC 3014325K->2992305K(3892416K), 0.0208674 secs]
3916.859: [GC 3026865K->2995558K(3892416K), 0.0101993 secs]
3916.893: [GC 3030118K->2995037K(3892416K), 0.0064937 secs]
3917.336: [GC 3029597K->3015515K(3892416K), 0.0729645 secs]
3917.482: [GC 3050075K->3024639K(3892416K), 0.1922941 secs]
3917.699: [GC 3059199K->3028851K(3892416K), 0.1277207 secs]
3917.852: [GC 3063411K->3027649K(3892416K), 0.0066017 secs]
3918.400: [GC 3062209K->3051476K(3892416K), 0.2873904 secs]
3918.740: [GC 3086036K->3056968K(3892416K), 0.0801102 secs]
3918.845: [GC 3091528K->3061331K(3892416K), 0.0782657 secs]
3918.947: [GC 3095891K->3059984K(3892416K), 0.0065514 secs]
3919.133: [GC 3094544K->3068027K(3892416K), 0.1653141 secs]
3919.860: [GC 3102587K->3092502K(3892416K), 0.3914270 secs]
3920.278: [GC 3127062K->3096983K(3892416K), 0.0659856 secs]
3920.368: [GC 3131543K->3098920K(3892416K), 0.0973041 secs]
3920.685: [GC 3133480K->3103290K(3892416K), 0.0681149 secs]
3921.016: [GC 3137850K->3127004K(3892416K), 0.3889745 secs]
3921.428: [GC 3161564K->3130117K(3892416K), 0.0848376 secs]
3921.538: [GC 3164677K->3130300K(3892416K), 0.0066245 secs]
3921.556: [GC 3146917K(3892416K), 0.0122038 secs]
3921.875: [GC 3116911K->3094457K(3892416K), 0.2687827 secs]
3922.347: [GC 3105248K->3087596K(3892416K), 0.2509429 secs]
3922.622: [GC 3121899K->3091539K(3892416K), 0.0563675 secs]
3922.704: [GC 3121823K->3086061K(3892416K), 0.0063830 secs]
3922.923: [GC 3080622K->3056891K(3892416K), 0.0420489 secs]
3923.212: [GC 3088619K->3056788K(3892416K), 0.0491917 secs]
3923.580: [GC 3052436K->3042668K(3892416K), 0.0889230 secs]
3923.695: [GC 3075182K->3043773K(3892416K), 0.0428010 secs]
3923.765: [GC 3075443K->3040730K(3892416K), 0.0065042 secs]
3924.096: [GC 3022318K->3000817K(3892416K), 0.0902068 secs]
3924.382: [GC 2989613K->2971414K(3892416K), 0.0417384 secs]
3924.450: [GC 3001484K->2969055K(3892416K), 0.0232296 secs]
3924.501: [GC 2997481K->2963752K(3892416K), 0.0070389 secs]
3924.931: [GC 2859748K->2846012K(3892416K), 0.0643188 secs]
3925.075: [GC 2871099K->2845357K(3892416K), 0.0366643 secs]
3925.138: [GC 2879306K->2848964K(3892416K), 0.0284102 secs]
3925.194: [GC 2883524K->2847773K(3892416K), 0.0069600 secs]
3925.461: [GC 2882333K->2860506K(3892416K), 0.0471041 secs]
3925.817: [GC 2895066K->2866123K(3892416K), 0.0175865 secs]
3926.140: [GC 2871589K->2858676K(3892416K), 0.0719247 secs]
3926.220: [GC 2870447K(3892416K), 0.0105222 secs]
3926.248: [GC 2893236K->2862979K(3892416K), 0.0124126 secs]
3926.286: [GC 2897539K->2861734K(3892416K), 0.0060488 secs]
3926.659: [GC 2896294K->2874467K(3892416K), 0.0472596 secs]
3926.958: [GC 2909027K->2890325K(3892416K), 0.0430117 secs]
3927.027: [GC 2924885K->2894525K(3892416K), 0.0266552 secs]
3927.081: [GC 2929085K->2893331K(3892416K), 0.0063256 secs]
3927.540: [GC 2927891K->2914205K(3892416K), 0.0746788 secs]
3927.695: [GC 2948765K->2921830K(3892416K), 0.0414770 secs]
3927.763: [GC 2956390K->2926045K(3892416K), 0.0145287 secs]
3927.870: [GC 2960605K->2925833K(3892416K), 0.0073009 secs]
3928.047: [GC 2960393K->2936630K(3892416K), 0.0487770 secs]
3928.497: [GC 2971190K->2951257K(3892416K), 0.0662784 secs]
3928.721: [GC 2985817K->2965924K(3892416K), 0.0459164 secs]
3928.793: [GC 3000484K->2970251K(3892416K), 0.0180836 secs]
3928.838: [GC 3004811K->2969004K(3892416K), 0.0062352 secs]
3929.322: [GC 3003564K->2991242K(3892416K), 0.0719873 secs]
3929.439: [GC 3025802K->2997394K(3892416K), 0.0381675 secs]
3929.504: [GC 3031954K->3001613K(3892416K), 0.0258450 secs]
3929.705: [GC 3036173K->3001823K(3892416K), 0.0077932 secs]
3930.102: [GC 3036383K->3027885K(3892416K), 0.0873851 secs]
3930.214: [GC 3062445K->3032003K(3892416K), 0.0228835 secs]
3930.262: [GC 3066563K->3030514K(3892416K), 0.0061107 secs]
3930.486: [GC 3065074K->3041052K(3892416K), 0.0444623 secs]
3930.559: [GC 3075612K->3045698K(3892416K), 0.0222879 secs]
3931.087: [GC 3080258K->3065297K(3892416K), 0.0844457 secs]
3931.241: [GC 3099857K->3073694K(3892416K), 0.0301036 secs]
3931.297: [GC 3108254K->3077982K(3892416K), 0.0139129 secs]
3931.337: [GC 3112542K->3076423K(3892416K), 0.0061059 secs]
3931.868: [GC 3110983K->3104080K(3892416K), 0.3031725 secs]
3932.196: [GC 3138640K->3107876K(3892416K), 0.0924987 secs]
3932.315: [GC 3142436K->3106870K(3892416K), 0.0062730 secs]
3932.590: [GC 3141430K->3115199K(3892416K), 0.1456865 secs]
3932.983: [GC 3149759K->3135650K(3892416K), 0.4610400 secs]
3933.468: [GC 3170210K->3139842K(3892416K), 0.0134629 secs]
3933.507: [GC 3174402K->3138330K(3892416K), 0.0061963 secs]
3933.959: [GC 3172890K->3151108K(3892416K), 0.0235727 secs]
3934.007: [GC 3185668K->3154925K(3892416K), 0.0111496 secs]
3934.607: [GC 3189485K->3179261K(3892416K), 0.0384122 secs]
3934.671: [GC 3213821K->3182864K(3892416K), 0.0111887 secs]
3934.708: [GC 3217424K->3184131K(3892416K), 0.0107060 secs]
3934.937: [GC 3218691K->3189626K(3892416K), 0.0135935 secs]
3935.267: [GC 3224186K->3212286K(3892416K), 0.0399571 secs]
3935.331: [GC 3246846K->3216417K(3892416K), 0.0118446 secs]
3935.369: [GC 3250977K->3215247K(3892416K), 0.0066017 secs]
3935.694: [GC 3249807K->3228766K(3892416K), 0.0273694 secs]
3935.925: [GC 3263326K->3244677K(3892416K), 0.0287845 secs]
3935.979: [GC 3279237K->3248875K(3892416K), 0.0114135 secs]
3936.016: [GC 3283435K->3247686K(3892416K), 0.0073987 secs]
3936.254: [GC 3282246K->3259235K(3892416K), 0.0211628 secs]
3936.382: [GC 3293795K->3261603K(3892416K), 0.0108571 secs]
3936.835: [GC 3296163K->3276292K(3892416K), 0.0277549 secs]
3937.021: [GC 3310852K->3288617K(3892416K), 0.0215483 secs]
3937.068: [GC 3323177K->3292938K(3892416K), 0.0105976 secs]
3937.103: [GC 3327498K->3291699K(3892416K), 0.0064754 secs]
3937.519: [GC 3319396K(3892416K), 0.0074773 secs]
3937.626: [GC 3326259K->3313816K(3892416K), 0.0343743 secs]
3937.762: [GC 3344418K->3317140K(3892416K), 0.0187763 secs]
3937.806: [GC 3346947K->3316599K(3892416K), 0.0114485 secs]
3937.843: [GC 3346104K->3310354K(3892416K), 0.0064173 secs]
3938.375: [GC 3299248K->3291516K(3892416K), 0.0478097 secs]
3938.450: [GC 3320957K->3290195K(3892416K), 0.0120749 secs]
3938.489: [GC 3317389K->3283365K(3892416K), 0.0074087 secs]
3938.604: [GC 3313764K->3282499K(3892416K), 0.0140681 secs]
3938.732: [GC 3315895K->3289844K(3892416K), 0.0178315 secs]
3939.244: [GC 3249549K->3236704K(3892416K), 0.0448228 secs]
3939.372: [GC 3269754K->3243266K(3892416K), 0.0197023 secs]
3939.419: [GC 3273930K->3243714K(3892416K), 0.0114915 secs]
3939.457: [GC 3274133K->3238324K(3892416K), 0.0061569 secs]
3939.991: [GC 3228061K->3220797K(3892416K), 0.0515769 secs]
3940.070: [GC 3251622K->3220862K(3892416K), 0.0122682 secs]
3940.111: [GC 3252341K->3216774K(3892416K), 0.0062226 secs]
3940.360: [GC 3249288K->3221721K(3892416K), 0.0187805 secs]
3940.694: [GC 3225467K->3212646K(3892416K), 0.0384074 secs]
3940.758: [GC 3243792K->3213425K(3892416K), 0.0126794 secs]
3940.798: [GC 3244814K->3208731K(3892416K), 0.0059895 secs]
3941.051: [GC 3113392K->3091361K(3892416K), 0.0219845 secs]
3941.099: [GC 3112071K->3081332K(3892416K), 0.0116909 secs]
3941.718: [GC 2950421K->2939990K(3892416K), 0.0408632 secs]
3941.786: [GC 2974550K->2943593K(3892416K), 0.0128901 secs]
3941.826: [GC 2978153K->2945204K(3892416K), 0.0116688 secs]
3942.074: [GC 2979764K->2950504K(3892416K), 0.0127080 secs]
3942.208: [GC 2961583K(3892416K), 0.0101553 secs]
3942.413: [GC 2985064K->2972795K(3892416K), 0.0343640 secs]
3942.472: [GC 3007355K->2976930K(3892416K), 0.0107920 secs]
3942.509: [GC 3011490K->2975772K(3892416K), 0.0058791 secs]
3942.868: [GC 3010332K->2990593K(3892416K), 0.0283691 secs]
3943.068: [GC 3025153K->3004223K(3892416K), 0.0240711 secs]
3943.118: [GC 3038783K->3008428K(3892416K), 0.0107977 secs]
3943.154: [GC 3042988K->3006905K(3892416K), 0.0059112 secs]
3943.428: [GC 3041465K->3019956K(3892416K), 0.0208649 secs]
3943.697: [GC 3054516K->3022405K(3892416K), 0.0106229 secs]
3944.063: [GC 3056965K->3046931K(3892416K), 0.0405543 secs]
3944.128: [GC 3081491K->3051211K(3892416K), 0.0117006 secs]
3944.165: [GC 3085771K->3049641K(3892416K), 0.0060215 secs]
3944.500: [GC 3084201K->3062226K(3892416K), 0.0222465 secs]
3944.734: [GC 3096786K->3078378K(3892416K), 0.0262677 secs]
3944.785: [GC 3112938K->3082583K(3892416K), 0.0110906 secs]
3944.823: [GC 3117143K->3081388K(3892416K), 0.0060373 secs]
3945.275: [GC 3115948K->3102677K(3892416K), 0.0349311 secs]
3945.396: [GC 3137237K->3110492K(3892416K), 0.0169254 secs]
3945.438: [GC 3145052K->3114714K(3892416K), 0.0104289 secs]
3945.528: [GC 3149274K->3113865K(3892416K), 0.0066200 secs]
3945.732: [GC 3148425K->3127170K(3892416K), 0.0213363 secs]
3946.252: [GC 3161730K->3134099K(3892416K), 0.0160743 secs]
3946.572: [GC 3168659K->3155434K(3892416K), 0.0300478 secs]
3946.626: [GC 3189994K->3159742K(3892416K), 0.0103404 secs]
3946.662: [GC 3194302K->3158506K(3892416K), 0.0062435 secs]
3946.988: [GC 3193066K->3171778K(3892416K), 0.0248344 secs]
3947.218: [GC 3206338K->3187452K(3892416K), 0.0238364 secs]
3947.266: [GC 3222012K->3191654K(3892416K), 0.0100796 secs]
3947.301: [GC 3226214K->3190136K(3892416K), 0.0068551 secs]
3947.716: [GC 3224696K->3210332K(3892416K), 0.0333233 secs]
3947.848: [GC 3244892K->3219796K(3892416K), 0.0179697 secs]
3947.891: [GC 3254356K->3224014K(3892416K), 0.0106954 secs]
3947.929: [GC 3258574K->3222855K(3892416K), 0.0070684 secs]
3948.179: [GC 3257415K->3235540K(3892416K), 0.0227228 secs]
3948.647: [GC 3270100K->3245155K(3892416K), 0.0211506 secs]
3948.930: [GC 3279715K->3262221K(3892416K), 0.0275445 secs]
3948.983: [GC 3296781K->3266532K(3892416K), 0.0110970 secs]
3949.019: [GC 3301092K->3265295K(3892416K), 0.0065135 secs]
3949.480: [GC 3299855K->3286226K(3892416K), 0.0407907 secs]
3949.603: [GC 3320786K->3293840K(3892416K), 0.0152843 secs]
3949.643: [GC 3328400K->3298057K(3892416K), 0.0101419 secs]
3949.821: [GC 3332617K->3298299K(3892416K), 0.0074032 secs]
3950.221: [GC 3332859K->3324108K(3892416K), 0.0377993 secs]
3950.285: [GC 3358668K->3328189K(3892416K), 0.0106993 secs]
3950.322: [GC 3362749K->3327041K(3892416K), 0.0062784 secs]
3950.578: [GC 3361601K->3338625K(3892416K), 0.0212228 secs]
3950.634: [GC 3373185K->3343081K(3892416K), 0.0115085 secs]
3951.046: [GC 3376318K(3892416K), 0.0091245 secs]
3951.069: [GC 3377641K->3358963K(3892416K), 0.0267931 secs]
3951.257: [GC 3372334K->3349942K(3892416K), 0.0237042 secs]
3951.306: [GC 3382608K->3352341K(3892416K), 0.0101088 secs]
3951.340: [GC 3381099K->3344977K(3892416K), 0.0061447 secs]
3951.838: [GC 3323095K->3313474K(3892416K), 0.0394343 secs]
3951.905: [GC 3345575K->3315504K(3892416K), 0.0116605 secs]
3951.943: [GC 3343069K->3311272K(3892416K), 0.0099283 secs]
3952.168: [GC 3343969K->3313078K(3892416K), 0.0112426 secs]
3952.526: [GC 3284199K->3272650K(3892416K), 0.0410784 secs]
3952.592: [GC 3305931K->3275510K(3892416K), 0.0118051 secs]
3952.630: [GC 3309110K->3273711K(3892416K), 0.0080171 secs]
3952.891: [GC 3275847K->3253835K(3892416K), 0.0254355 secs]
3952.943: [GC 3286956K->3256215K(3892416K), 0.0127817 secs]
3953.482: [GC 3131367K->3117305K(3892416K), 0.0438144 secs]
3953.593: [GC 3146483K->3118609K(3892416K), 0.0171326 secs]
3953.639: [GC 3147477K->3116063K(3892416K), 0.0136403 secs]
3953.838: [GC 3144761K->3111517K(3892416K), 0.0076713 secs]
3954.223: [GC 3109373K->3100597K(3892416K), 0.0451361 secs]
3954.294: [GC 3135157K->3104737K(3892416K), 0.0139139 secs]
3954.335: [GC 3133572K->3097836K(3892416K), 0.0074035 secs]
3954.654: [GC 3010320K->2987414K(3892416K), 0.0253136 secs]
3954.898: [GC 3021974K->3004497K(3892416K), 0.0299820 secs]
3954.936: [GC 3015575K(3892416K), 0.0102060 secs]
3954.965: [GC 3039057K->3008696K(3892416K), 0.0118224 secs]
3955.003: [GC 3043256K->3007512K(3892416K), 0.0063047 secs]
3955.281: [GC 3042072K->3020832K(3892416K), 0.0257447 secs]
3955.334: [GC 3055392K->3024655K(3892416K), 0.0112500 secs]
3955.948: [GC 3059215K->3049556K(3892416K), 0.0428564 secs]
3956.018: [GC 3084116K->3053158K(3892416K), 0.0140098 secs]
3956.059: [GC 3087718K->3052900K(3892416K), 0.0062640 secs]
3956.334: [GC 3087460K->3060531K(3892416K), 0.0187661 secs]
3956.688: [GC 3095091K->3081922K(3892416K), 0.0352845 secs]
3956.748: [GC 3116482K->3086138K(3892416K), 0.0110967 secs]
3956.786: [GC 3120698K->3084949K(3892416K), 0.0059972 secs]
3957.172: [GC 3119509K->3101576K(3892416K), 0.0376521 secs]
3957.355: [GC 3136136K->3113349K(3892416K), 0.0219576 secs]
3957.403: [GC 3147909K->3117562K(3892416K), 0.0128183 secs]
3957.441: [GC 3152122K->3116366K(3892416K), 0.0063917 secs]
3957.730: [GC 3150926K->3129727K(3892416K), 0.0236757 secs]
3957.997: [GC 3164287K->3132441K(3892416K), 0.0113584 secs]
3958.394: [GC 3167001K->3156869K(3892416K), 0.0386216 secs]
3958.457: [GC 3191429K->3161089K(3892416K), 0.0113619 secs]
3958.494: [GC 3195649K->3159553K(3892416K), 0.0060738 secs]
3958.841: [GC 3194113K->3172673K(3892416K), 0.0245391 secs]
3959.077: [GC 3207233K->3188405K(3892416K), 0.0312954 secs]
3959.134: [GC 3222965K->3192608K(3892416K), 0.0115944 secs]
3959.172: [GC 3227168K->3191088K(3892416K), 0.0059215 secs]
3959.761: [GC 3225648K->3212862K(3892416K), 0.0373833 secs]
3959.870: [GC 3247422K->3219914K(3892416K), 0.0157426 secs]
3959.913: [GC 3254474K->3224133K(3892416K), 0.0119876 secs]
3960.034: [GC 3258693K->3224284K(3892416K), 0.0069401 secs]
3960.216: [GC 3258844K->3236174K(3892416K), 0.0229358 secs]
3960.573: [GC 3270734K->3245896K(3892416K), 0.0234489 secs]
3960.860: [GC 3280456K->3265181K(3892416K), 0.0359574 secs]
3960.922: [GC 3299741K->3269504K(3892416K), 0.0127317 secs]
3960.962: [GC 3304064K->3267919K(3892416K), 0.0059991 secs]
3961.402: [GC 3302479K->3286405K(3892416K), 0.0359551 secs]
3961.562: [GC 3320965K->3296601K(3892416K), 0.0211442 secs]
3961.609: [GC 3331161K->3300813K(3892416K), 0.0111153 secs]
3961.647: [GC 3335373K->3299291K(3892416K), 0.0061537 secs]
3962.179: [GC 3333851K->3326788K(3892416K), 0.0382002 secs]
3962.241: [GC 3361348K->3330585K(3892416K), 0.0113770 secs]
3962.278: [GC 3365145K->3329653K(3892416K), 0.0059324 secs]
3962.482: [GC 3364213K->3337999K(3892416K), 0.0188892 secs]
3962.583: [GC 3372559K->3344483K(3892416K), 0.0164463 secs]
3963.000: [GC 3379043K->3359650K(3892416K), 0.0340712 secs]
3963.213: [GC 3394210K->3373689K(3892416K), 0.0274769 secs]
3963.267: [GC 3408249K->3378028K(3892416K), 0.0116226 secs]
3963.306: [GC 3412588K->3376438K(3892416K), 0.0062265 secs]
3963.762: [GC 3410998K->3400529K(3892416K), 0.0488725 secs]
3963.902: [GC 3435089K->3409071K(3892416K), 0.0184409 secs]
3963.946: [GC 3443631K->3413287K(3892416K), 0.0132930 secs]
3963.984: [GC 3447847K->3411764K(3892416K), 0.0058567 secs]
3964.584: [GC 3446324K->3439377K(3892416K), 0.0377775 secs]
3964.646: [GC 3473937K->3443171K(3892416K), 0.0104065 secs]
3964.682: [GC 3477731K->3442769K(3892416K), 0.0062759 secs]
3964.904: [GC 3477329K->3451629K(3892416K), 0.0184046 secs]
3964.986: [GC 3486189K->3456623K(3892416K), 0.0126550 secs]
3965.316: [GC 3480827K(3892416K), 0.0070049 secs]
3965.463: [GC 3486247K->3469101K(3892416K), 0.0359936 secs]
3965.656: [GC 3487059K->3464063K(3892416K), 0.0246526 secs]
3965.706: [GC 3498005K->3467789K(3892416K), 0.0114860 secs]
3965.745: [GC 3501822K->3465674K(3892416K), 0.0058561 secs]
3966.305: [GC 3487209K->3479037K(3892416K), 0.0444392 secs]
3966.376: [GC 3511495K->3480737K(3892416K), 0.0224319 secs]
3966.424: [GC 3512103K->3477260K(3892416K), 0.0065353 secs]
3966.686: [GC 3509880K->3482908K(3892416K), 0.0197661 secs]
3967.035: [GC 3493595K->3480163K(3892416K), 0.0404693 secs]
3967.101: [GC 3512327K->3482011K(3892416K), 0.0113009 secs]
3967.139: [GC 3513668K->3477562K(3892416K), 0.0059122 secs]
3967.437: [GC 3474546K->3453871K(3892416K), 0.0279798 secs]
3967.492: [GC 3487430K->3456692K(3892416K), 0.0134055 secs]
3968.013: [GC 3466002K->3451657K(3892416K), 0.0409680 secs]
3968.112: [GC 3485359K->3457018K(3892416K), 0.0157728 secs]
3968.154: [GC 3490188K->3459799K(3892416K), 0.0117679 secs]
3968.350: [GC 3492497K->3458628K(3892416K), 0.0111223 secs]
3968.741: [GC 3375543K->3366358K(3892416K), 0.0408539 secs]
3968.807: [GC 3390429K->3360012K(3892416K), 0.0145845 secs]
3968.849: [GC 3382576K->3346841K(3892416K), 0.0082358 secs]
3969.184: [GC 3253692K->3231426K(3892416K), 0.0221006 secs]
3969.437: [GC 3223555K->3204928K(3892416K), 0.0262309 secs]
3969.491: [GC 3239488K->3209130K(3892416K), 0.0108369 secs]
3969.529: [GC 3243690K->3207610K(3892416K), 0.0059734 secs]
3969.628: [GC 3218674K(3892416K), 0.0095918 secs]
3969.828: [GC 3242170K->3221333K(3892416K), 0.0222610 secs]
3969.875: [GC 3255893K->3225147K(3892416K), 0.0114950 secs]
3970.470: [GC 3259707K->3250410K(3892416K), 0.0410456 secs]
3970.537: [GC 3284970K->3254011K(3892416K), 0.0140271 secs]
3970.578: [GC 3288571K->3253380K(3892416K), 0.0058689 secs]
3970.860: [GC 3287940K->3262520K(3892416K), 0.0175367 secs]
3971.160: [GC 3297080K->3281660K(3892416K), 0.0315321 secs]
3971.217: [GC 3316220K->3285856K(3892416K), 0.0104440 secs]
3971.254: [GC 3320416K->3284335K(3892416K), 0.0143228 secs]
3971.721: [GC 3318895K->3303449K(3892416K), 0.0305914 secs]
3971.887: [GC 3338009K->3313676K(3892416K), 0.0189319 secs]
3971.933: [GC 3348236K->3317889K(3892416K), 0.0125081 secs]
3971.970: [GC 3352449K->3316379K(3892416K), 0.0083577 secs]
3972.227: [GC 3350939K->3329827K(3892416K), 0.0213043 secs]
3972.363: [GC 3364387K->3332948K(3892416K), 0.0119132 secs]
3972.730: [GC 3367508K->3342623K(3892416K), 0.0210442 secs]
3972.984: [GC 3377183K->3359950K(3892416K), 0.0282674 secs]
3973.038: [GC 3394510K->3364281K(3892416K), 0.0133273 secs]
3973.076: [GC 3398841K->3363037K(3892416K), 0.0075751 secs]
3973.469: [GC 3397597K->3381330K(3892416K), 0.0281247 secs]
3973.634: [GC 3415890K->3392068K(3892416K), 0.0214717 secs]
3973.680: [GC 3426628K->3396268K(3892416K), 0.0104696 secs]
3973.716: [GC 3430828K->3395081K(3892416K), 0.0065013 secs]
3974.193: [GC 3429641K->3420452K(3892416K), 0.0374930 secs]
3974.258: [GC 3455012K->3424938K(3892416K), 0.0110832 secs]
3974.295: [GC 3459498K->3428259K(3892416K), 0.0107599 secs]
3974.410: [GC 3462819K->3429151K(3892416K), 0.0076896 secs]
3974.570: [GC 3463711K->3438921K(3892416K), 0.0185053 secs]
3974.948: [GC 3473481K->3449469K(3892416K), 0.0216843 secs]
3975.230: [GC 3484029K->3468852K(3892416K), 0.0314234 secs]
3975.286: [GC 3503412K->3473169K(3892416K), 0.0106242 secs]
3975.322: [GC 3507729K->3471929K(3892416K), 0.0072589 secs]
3975.897: [GC 3506489K->3488328K(3892416K), 0.0271972 secs]
3976.077: [GC 3522888K->3500859K(3892416K), 0.0217372 secs]
3976.123: [GC 3535419K->3505065K(3892416K), 0.0106435 secs]
3976.159: [GC 3539625K->3503878K(3892416K), 0.0065674 secs]
3976.625: [GC 3537072K(3892416K), 0.0083198 secs]
3976.645: [GC 3538438K->3527906K(3892416K), 0.0353612 secs]
3976.723: [GC 3552044K->3522462K(3892416K), 0.0125239 secs]
3976.761: [GC 3552477K->3522139K(3892416K), 0.0110277 secs]
3976.894: [GC 3552499K->3519010K(3892416K), 0.0089241 secs]
3977.045: [GC 3532580K->3508143K(3892416K), 0.0186291 secs]
3977.217: [GC 3501725K->3474929K(3892416K), 0.0254624 secs]
3977.709: [GC 3414496K->3396349K(3892416K), 0.0329561 secs]
3977.869: [GC 3403790K->3379220K(3892416K), 0.0235095 secs]
3977.919: [GC 3403472K->3372150K(3892416K), 0.0104443 secs]
3977.956: [GC 3402882K->3368151K(3892416K), 0.0073618 secs]
3978.484: [GC 3279907K->3272559K(3892416K), 0.0447984 secs]
3978.556: [GC 3299132K->3268361K(3892416K), 0.0118677 secs]
3978.595: [GC 3296146K->3261238K(3892416K), 0.0069500 secs]
3978.843: [GC 3261830K->3234749K(3892416K), 0.0205759 secs]
3979.151: [GC 3173850K->3160694K(3892416K), 0.0380777 secs]
3979.217: [GC 3186678K->3156333K(3892416K), 0.0118282 secs]
3979.257: [GC 3172128K->3136041K(3892416K), 0.0063820 secs]
3979.529: [GC 3142221K->3121117K(3892416K), 0.0216404 secs]
3979.556: [GC 3128724K(3892416K), 0.0076534 secs]
3979.586: [GC 3155677K->3124932K(3892416K), 0.0112772 secs]
3980.113: [GC 3159492K->3145954K(3892416K), 0.0361004 secs]
3980.206: [GC 3180514K->3151961K(3892416K), 0.0144610 secs]
3980.247: [GC 3186521K->3156153K(3892416K), 0.0111775 secs]
3980.284: [GC 3190713K->3155363K(3892416K), 0.0066065 secs]
3980.813: [GC 3189923K->3181676K(3892416K), 0.0428103 secs]
3980.883: [GC 3216236K->3186133K(3892416K), 0.0113792 secs]
3980.921: [GC 3220693K->3186399K(3892416K), 0.0086977 secs]
3980.957: [GC 3220959K->3188071K(3892416K), 0.0067759 secs]
3981.530: [GC 3222631K->3215769K(3892416K), 0.0440976 secs]
3981.599: [GC 3250329K->3218759K(3892416K), 0.0106496 secs]
3981.636: [GC 3253319K->3219092K(3892416K), 0.0068375 secs]
3981.761: [GC 3253652K->3223060K(3892416K), 0.0124591 secs]
3981.893: [GC 3257620K->3231591K(3892416K), 0.0171759 secs]
3982.371: [GC 3266151K->3251715K(3892416K), 0.0349128 secs]
3982.510: [GC 3286275K->3261169K(3892416K), 0.0186041 secs]
3982.556: [GC 3295729K->3265570K(3892416K), 0.0111092 secs]
3982.593: [GC 3300130K->3264793K(3892416K), 0.0066258 secs]
3983.093: [GC 3299353K->3291241K(3892416K), 0.0408259 secs]
3983.161: [GC 3325801K->3295694K(3892416K), 0.0110027 secs]
3983.199: [GC 3330254K->3295570K(3892416K), 0.0094446 secs]
3983.500: [GC 3330130K->3306287K(3892416K), 0.0219258 secs]
3983.844: [GC 3340847K->3324830K(3892416K), 0.0295513 secs]
3983.900: [GC 3359390K->3329015K(3892416K), 0.0104482 secs]
3983.937: [GC 3363575K->3327918K(3892416K), 0.0083593 secs]
3984.352: [GC 3362478K->3345990K(3892416K), 0.0278393 secs]
3984.405: [GC 3380550K->3349852K(3892416K), 0.0116460 secs]
3984.808: [GC 3384412K->3359519K(3892416K), 0.0199486 secs]
3985.144: [GC 3394079K->3376086K(3892416K), 0.0283649 secs]
3985.197: [GC 3410646K->3380240K(3892416K), 0.0111380 secs]
3985.234: [GC 3414800K->3378744K(3892416K), 0.0060049 secs]
3985.764: [GC 3413304K->3400305K(3892416K), 0.0357701 secs]
3985.888: [GC 3434865K->3407326K(3892416K), 0.0162035 secs]
3985.931: [GC 3441886K->3411542K(3892416K), 0.0108561 secs]
3986.116: [GC 3446102K->3411764K(3892416K), 0.0075119 secs]
3986.528: [GC 3446324K->3437600K(3892416K), 0.0400662 secs]
3986.593: [GC 3472160K->3441743K(3892416K), 0.0106794 secs]
3986.629: [GC 3476303K->3440894K(3892416K), 0.0080043 secs]
3986.915: [GC 3475454K->3452502K(3892416K), 0.0233222 secs]
3986.966: [GC 3487062K->3456332K(3892416K), 0.0121271 secs]
3987.405: [GC 3490892K->3473004K(3892416K), 0.0336713 secs]
3987.589: [GC 3507564K->3484423K(3892416K), 0.0238117 secs]
3987.639: [GC 3518983K->3488701K(3892416K), 0.0122362 secs]
3987.677: [GC 3523261K->3487147K(3892416K), 0.0060244 secs]
3988.203: [GC 3521707K->3513821K(3892416K), 0.0436698 secs]
3988.273: [GC 3548381K->3517622K(3892416K), 0.0119408 secs]
3988.311: [GC 3552182K->3517488K(3892416K), 0.0066627 secs]
3988.511: [GC 3547917K(3892416K), 0.0082089 secs]
3988.583: [GC 3552048K->3525254K(3892416K), 0.0186904 secs]
3988.909: [GC 3551721K->3537758K(3892416K), 0.0375867 secs]
3988.972: [GC 3572248K->3541916K(3892416K), 0.0128597 secs]
3989.012: [GC 3576323K->3540226K(3892416K), 0.0059157 secs]
3989.330: [GC 3558314K->3537875K(3892416K), 0.0288095 secs]
3989.385: [GC 3569889K->3539154K(3892416K), 0.0118795 secs]
3989.921: [GC 3526943K->3512315K(3892416K), 0.0492462 secs]
3990.028: [GC 3545611K->3517416K(3892416K), 0.0160762 secs]
3990.073: [GC 3550578K->3520188K(3892416K), 0.0122185 secs]
3990.274: [GC 3553833K->3520223K(3892416K), 0.0086082 secs]
3990.668: [GC 3446529K->3436992K(3892416K), 0.0494328 secs]
3990.744: [GC 3458839K->3428423K(3892416K), 0.0114013 secs]
3990.783: [GC 3449256K->3413197K(3892416K), 0.0058750 secs]
3991.117: [GC 3369908K->3348368K(3892416K), 0.0254948 secs]
3991.361: [GC 3326535K->3307514K(3892416K), 0.0261593 secs]
3991.413: [GC 3342074K->3311717K(3892416K), 0.0101380 secs]
3991.429: [GC 3320707K(3892416K), 0.0069978 secs]
3991.456: [GC 3346277K->3310197K(3892416K), 0.0058904 secs]
3991.780: [GC 3344757K->3324301K(3892416K), 0.0224361 secs]
3991.828: [GC 3358861K->3328114K(3892416K), 0.0108074 secs]
3992.413: [GC 3362674K->3353216K(3892416K), 0.0381280 secs]
3992.476: [GC 3387776K->3356809K(3892416K), 0.0157080 secs]
3992.517: [GC 3391369K->3356229K(3892416K), 0.0072416 secs]
3992.789: [GC 3390789K->3364728K(3892416K), 0.0181936 secs]
3993.087: [GC 3399288K->3384615K(3892416K), 0.0343047 secs]
3993.146: [GC 3419175K->3388811K(3892416K), 0.0115299 secs]
3993.184: [GC 3423371K->3387291K(3892416K), 0.0058291 secs]
3993.589: [GC 3421851K->3405393K(3892416K), 0.0322678 secs]
3993.758: [GC 3439953K->3415914K(3892416K), 0.0234204 secs]
3993.808: [GC 3450474K->3420126K(3892416K), 0.0114145 secs]
3993.845: [GC 3454686K->3418607K(3892416K), 0.0058846 secs]
3994.128: [GC 3453167K->3432610K(3892416K), 0.0252113 secs]
3994.394: [GC 3467170K->3435677K(3892416K), 0.0115819 secs]
3994.770: [GC 3470237K->3459556K(3892416K), 0.0378474 secs]
3994.833: [GC 3494116K->3463807K(3892416K), 0.0101451 secs]
3994.869: [GC 3498367K->3462256K(3892416K), 0.0058612 secs]
3995.211: [GC 3496816K->3476040K(3892416K), 0.0258598 secs]
3995.433: [GC 3510600K->3490817K(3892416K), 0.0236612 secs]
3995.481: [GC 3525377K->3495022K(3892416K), 0.0102499 secs]
3995.516: [GC 3529582K->3493503K(3892416K), 0.0060546 secs]
3995.992: [GC 3528063K->3515867K(3892416K), 0.0354484 secs]
3996.076: [GC 3550427K->3520902K(3892416K), 0.0128818 secs]
3996.114: [GC 3555462K->3525142K(3892416K), 0.0117775 secs]
3996.275: [GC 3559702K->3527740K(3892416K), 0.0116983 secs]
3996.500: [GC 3562300K->3542344K(3892416K), 0.0372121 secs]
3996.562: [GC 3576904K->3546705K(3892416K), 0.0143879 secs]
3997.037: [GC 3581265K->3561760K(3892416K), 0.0367521 secs]
3997.194: [GC 3596320K->3607045K(3892416K), 0.0389507 secs]
3997.457: [Full GC 3607045K->2950413K(3892416K), 10.2906912 secs]
4007.760: [GC 2966781K(4160256K), 0.0083490 secs]
4009.010: [GC 3223053K->2988427K(4160256K), 0.0395495 secs]
4010.371: [GC 3261067K->3008818K(4160256K), 0.0532437 secs]
4011.598: [GC 3281458K->3026784K(4160256K), 0.0461801 secs]
4013.256: [GC 3299424K->3054358K(4160256K), 0.0555939 secs]
4014.101: [GC 3201646K(4160256K), 0.0732182 secs]
4014.675: [GC 3326998K->3092542K(4160256K), 0.0680273 secs]
4016.006: [GC 3342787K->3084989K(4160256K), 0.0448311 secs]
4016.081: [GC 3134085K(4160256K), 0.0496099 secs]
4017.280: [GC 3357629K->3104926K(4160256K), 0.0488559 secs]
4018.584: [GC 3377566K->3127229K(4160256K), 0.0561898 secs]
4019.806: [GC 3399869K->3144809K(4160256K), 0.0445017 secs]
4021.386: [GC 3417449K->3169635K(4160256K), 0.0706604 secs]
4022.840: [GC 3442275K->3188726K(4160256K), 0.0463292 secs]
4024.766: [GC 3461366K->3206540K(4160256K), 0.0439090 secs]
4026.373: [GC 3479180K->3246496K(4160256K), 0.0734793 secs]
4026.492: [GC 3295592K(4160256K), 0.0332428 secs]
4027.718: [GC 3519027K->3260757K(4160256K), 0.0376530 secs]
4029.185: [GC 3502654K->3247859K(4160256K), 0.0409946 secs]
4029.810: [GC 3318777K(4160256K), 0.0627848 secs]
4031.027: [GC 3520499K->3266720K(4160256K), 0.0452503 secs]
4032.395: [GC 3539360K->3285056K(4160256K), 0.0442862 secs]
4033.775: [GC 3557696K->3311782K(4160256K), 0.1549237 secs]
4035.038: [GC 3584422K->3341312K(4160256K), 0.0580461 secs]
4036.393: [GC 3613952K->3363372K(4160256K), 0.0484229 secs]
4037.920: [GC 3636012K->3380133K(4160256K), 0.0427115 secs]
4039.274: [GC 3652773K->3402754K(4160256K), 0.0479678 secs]
4040.464: [GC 3675394K->3424089K(4160256K), 0.0470486 secs]
4041.246: [GC 3598652K(4160256K), 0.0705520 secs]
4041.721: [GC 3696729K->3443636K(4160256K), 0.0444847 secs]
4043.410: [GC 3709195K->3462180K(4160256K), 0.0502795 secs]
4044.705: [GC 3687628K->3434926K(4160256K), 0.0442827 secs]
4045.237: [GC 3522208K(4160256K), 0.0780271 secs]
4046.037: [GC 3707566K->3458047K(4160256K), 0.0491750 secs]
4047.357: [GC 3730687K->3466828K(4160256K), 0.0316989 secs]
4049.084: [GC 3739468K->3498163K(4160256K), 0.0506503 secs]
4050.447: [GC 3770803K->3526207K(4160256K), 0.0501811 secs]
4051.653: [GC 3798847K->3547104K(4160256K), 0.0788013 secs]
4053.342: [GC 3819744K->3562559K(4160256K), 0.0398388 secs]
4054.248: [GC 3835199K->3553287K(4160256K), 0.0108378 secs]
4055.017: [GC 3825927K->3560348K(4160256K), 0.0175403 secs]
4055.996: [GC 3832988K->3562580K(4160256K), 0.0073272 secs]
4057.801: [GC 3835220K->3550192K(4160256K), 0.0049927 secs]
4058.340: [GC 3746892K(4160256K), 0.0564961 secs]
4058.607: [GC 3822832K->3556785K(4160256K), 0.0058503 secs]
4059.387: [GC 3829425K->3565587K(4160256K), 0.0275651 secs]
4060.332: [GC 3837293K->3555837K(4160256K), 0.0047169 secs]
4061.061: [GC 3827094K->3549674K(4160256K), 0.0054285 secs]
4061.831: [GC 3822098K->3557846K(4160256K), 0.0061758 secs]
4062.627: [GC 3815792K->3547054K(4160256K), 0.0064016 secs]
4063.269: [GC 3765380K->3485329K(4160256K), 0.0172680 secs]
4063.527: [GC 3583634K(4160256K), 0.0607829 secs]
4064.081: [GC 3757969K->3481871K(4160256K), 0.0056469 secs]
4064.856: [GC 3754511K->3491206K(4160256K), 0.0063811 secs]
4065.542: [GC 3763846K->3487836K(4160256K), 0.0058788 secs]
4066.393: [GC 3760476K->3482645K(4160256K), 0.0052419 secs]
4067.149: [GC 3755285K->3483652K(4160256K), 0.0059484 secs]
4068.037: [GC 3756292K->3493030K(4160256K), 0.0065761 secs]
4068.639: [GC 3765670K->3486208K(4160256K), 0.0045777 secs]
4069.366: [GC 3758848K->3481801K(4160256K), 0.0056409 secs]
4070.134: [GC 3754441K->3490356K(4160256K), 0.0077259 secs]
4070.895: [GC 3762996K->3491001K(4160256K), 0.0064584 secs]
4071.558: [GC 3763641K->3484714K(4160256K), 0.0048297 secs]
4072.287: [GC 3757354K->3481475K(4160256K), 0.0056713 secs]
4073.048: [GC 3754115K->3489207K(4160256K), 0.0065883 secs]
4073.709: [GC 3761847K->3487668K(4160256K), 0.0059298 secs]
4074.497: [GC 3760308K->3485618K(4160256K), 0.0069395 secs]
4075.269: [GC 3758258K->3485154K(4160256K), 0.0060972 secs]
4076.077: [GC 3757794K->3493087K(4160256K), 0.0067259 secs]
4076.833: [GC 3765727K->3486268K(4160256K), 0.0047688 secs]
4077.559: [GC 3758908K->3481871K(4160256K), 0.0055770 secs]
4078.327: [GC 3754511K->3490197K(4160256K), 0.0073048 secs]
4078.932: [GC 3762837K->3491828K(4160256K), 0.0064003 secs]
4079.701: [GC 3764468K->3480704K(4160256K), 0.0051242 secs]
4080.471: [GC 3753344K->3486964K(4160256K), 0.0059292 secs]
4080.946: [GC 3657274K(4160256K), 0.0683371 secs]
4081.306: [GC 3759602K->3492963K(4160256K), 0.0065049 secs]
4081.842: [GC 3765603K->3491776K(4160256K), 0.0077890 secs]
4082.641: [GC 3764414K->3481063K(4160256K), 0.0054885 secs]
4083.393: [GC 3751321K->3485637K(4160256K), 0.0071899 secs]
4084.218: [GC 3758273K->3494948K(4160256K), 0.0075809 secs]
4084.944: [GC 3767575K->3484063K(4160256K), 0.0048955 secs]
4085.130: [GC 3756383K->3476104K(4160256K), 0.0052027 secs]
4085.434: [GC 3748616K->3476095K(4160256K), 0.0053214 secs]
4085.702: [GC 3748735K->3480049K(4160256K), 0.0055604 secs]
4085.889: [GC 3752689K->3481281K(4160256K), 0.0057137 secs]
4086.107: [GC 3752983K->3482800K(4160256K), 0.0060607 secs]
4086.421: [GC 3750305K->3479207K(4160256K), 0.0063679 secs]
4086.629: [GC 3741218K->3469775K(4160256K), 0.0059699 secs]
4086.922: [GC 3736993K->3466434K(4160256K), 0.0062335 secs]
4087.333: [GC 3730617K->3462808K(4160256K), 0.0118356 secs]
4087.546: [GC 3570803K(4160256K), 0.0321732 secs]
4087.721: [GC 3735448K->3458928K(4160256K), 0.0059712 secs]
4088.118: [GC 3731568K->3449104K(4160256K), 0.0069680 secs]
4088.837: [GC 3721744K->3452057K(4160256K), 0.0067669 secs]
4089.582: [GC 3724697K->3458341K(4160256K), 0.0063150 secs]
4090.327: [GC 3730981K->3465206K(4160256K), 0.0065966 secs]
4090.981: [GC 3737846K->3461100K(4160256K), 0.0060408 secs]
4091.742: [GC 3733740K->3460937K(4160256K), 0.0398715 secs]
4092.503: [GC 3733577K->3459117K(4160256K), 0.0124754 secs]
4093.279: [GC 3731757K->3467628K(4160256K), 0.0079010 secs]
4093.969: [GC 3740268K->3457725K(4160256K), 0.0050337 secs]
4094.664: [GC 3730365K->3452219K(4160256K), 0.0053641 secs]
4095.397: [GC 3724859K->3456883K(4160256K), 0.0060126 secs]
4096.142: [GC 3729523K->3465440K(4160256K), 0.0066675 secs]
4096.750: [GC 3738080K->3458264K(4160256K), 0.0046813 secs]
4097.459: [GC 3730904K->3454228K(4160256K), 0.0055039 secs]
4098.203: [GC 3726868K->3461253K(4160256K), 0.0063131 secs]
4098.869: [GC 3733893K->3463560K(4160256K), 0.0061922 secs]
4099.557: [GC 3736200K->3457472K(4160256K), 0.0048910 secs]
4100.288: [GC 3730112K->3456147K(4160256K), 0.0070074 secs]
4101.059: [GC 3728787K->3464934K(4160256K), 0.0076742 secs]
4101.659: [GC 3737574K->3459747K(4160256K), 0.0055677 secs]
4102.380: [GC 3732387K->3452247K(4160256K), 0.0052868 secs]
4103.114: [GC 3724887K->3458763K(4160256K), 0.0059446 secs]
4103.866: [GC 3731403K->3467163K(4160256K), 0.0066745 secs]
4104.499: [GC 3739803K->3458563K(4160256K), 0.0046004 secs]
4105.256: [GC 3731203K->3453342K(4160256K), 0.0053002 secs]
4106.024: [GC 3725982K->3458370K(4160256K), 0.0061097 secs]
4106.825: [GC 3731010K->3464880K(4160256K), 0.0065177 secs]
4107.416: [GC 3737520K->3458727K(4160256K), 0.0046857 secs]
4108.138: [GC 3731367K->3453216K(4160256K), 0.0053092 secs]
4108.903: [GC 3725856K->3459210K(4160256K), 0.0060344 secs]
4109.706: [GC 3731850K->3465847K(4160256K), 0.0121297 secs]
4110.319: [GC 3738487K->3458744K(4160256K), 0.0068904 secs]
4111.043: [GC 3731384K->3453541K(4160256K), 0.0053163 secs]
4111.539: [GC 3634626K(4160256K), 0.0745181 secs]
4111.867: [GC 3726181K->3459855K(4160256K), 0.0074686 secs]
4112.669: [GC 3732495K->3470097K(4160256K), 0.0075254 secs]
4113.212: [GC 3742737K->3458464K(4160256K), 0.0048724 secs]
4113.368: [GC 3731104K->3450044K(4160256K), 0.0048609 secs]
4113.672: [GC 3722668K->3450957K(4160256K), 0.0052582 secs]
4113.908: [GC 3723565K->3452818K(4160256K), 0.0053731 secs]
4114.123: [GC 3725458K->3454931K(4160256K), 0.0056797 secs]
4114.438: [GC 3727570K->3458275K(4160256K), 0.0060661 secs]
4114.640: [GC 3730915K->3459166K(4160256K), 0.0063003 secs]
4114.866: [GC 3731806K->3461541K(4160256K), 0.0058105 secs]
4115.186: [GC 3733793K->3463613K(4160256K), 0.0075161 secs]
4115.635: [GC 3736252K->3468357K(4160256K), 0.0061979 secs]
4115.903: [GC 3740965K->3464934K(4160256K), 0.0055725 secs]
4116.262: [GC 3737570K->3456183K(4160256K), 0.0066761 secs]
4116.992: [GC 3728779K->3457051K(4160256K), 0.0055110 secs]
4117.756: [GC 3729691K->3463619K(4160256K), 0.0061729 secs]
4118.550: [GC 3736160K->3469755K(4160256K), 0.0070020 secs]
4119.177: [GC 3742099K->3463122K(4160256K), 0.0046408 secs]
4119.899: [GC 3735732K->3457553K(4160256K), 0.0053461 secs]
4120.211: [GC 3575487K(4160256K), 0.0789206 secs]
4120.738: [GC 3730193K->3462643K(4160256K), 0.0067069 secs]
4121.519: [GC 3735283K->3467454K(4160256K), 0.0063852 secs]
4122.149: [GC 3740094K->3465001K(4160256K), 0.0075729 secs]
4122.913: [GC 3737641K->3462815K(4160256K), 0.0053573 secs]
4123.683: [GC 3735455K->3462386K(4160256K), 0.0064176 secs]
4124.465: [GC 3735026K->3467031K(4160256K), 0.0063615 secs]
4125.096: [GC 3739671K->3461882K(4160256K), 0.0058593 secs]
4125.867: [GC 3734522K->3462143K(4160256K), 0.0052842 secs]
4126.637: [GC 3734783K->3460846K(4160256K), 0.0058185 secs]
4127.425: [GC 3733486K->3469351K(4160256K), 0.0066591 secs]
4128.034: [GC 3741991K->3465878K(4160256K), 0.0068448 secs]
4128.486: [GC 3738518K->3455838K(4160256K), 0.0068439 secs]
4128.719: [GC 3728478K->3450473K(4160256K), 0.0059407 secs]
4129.350: [GC 3723113K->3449351K(4160256K), 0.0047643 secs]
4129.624: [GC 3721991K->3450091K(4160256K), 0.0047788 secs]
4130.151: [GC 3722731K->3449625K(4160256K), 0.0146342 secs]
4130.379: [GC 3722265K->3450009K(4160256K), 0.0049414 secs]
4130.646: [GC 3722649K->3450244K(4160256K), 0.0052326 secs]
4131.320: [GC 3722884K->3449808K(4160256K), 0.0044561 secs]
4131.606: [GC 3722448K->3449556K(4160256K), 0.0046011 secs]
4131.880: [GC 3722196K->3449667K(4160256K), 0.0045745 secs]
4132.225: [GC 3722307K->3449776K(4160256K), 0.0046113 secs]
4132.856: [GC 3722416K->3449373K(4160256K), 0.0046572 secs]
4134.114: [GC 3722013K->3449843K(4160256K), 0.0047175 secs]
4134.387: [GC 3722483K->3450330K(4160256K), 0.0054962 secs]
4162.855: [GC 3722970K->3453015K(4160256K), 0.0057727 secs]
4409.955: [GC 3590501K(4160256K), 0.0225769 secs]
4476.791: [GC 3714884K->3446290K(4160256K), 0.0099975 secs]
4526.214: [GC 3566816K(4160256K), 0.0364439 secs]
4533.885: [GC 3594632K(4160256K), 0.0443382 secs]
4575.424: [GC 2344238K->2073674K(4160256K), 0.0130178 secs]
4673.711: [GC 2017629K->1749739K(4160256K), 0.0122086 secs]
4722.792: [GC 1877614K(4160256K), 0.0468578 secs]
4772.008: [GC 2022379K->1754048K(4160256K), 0.0133388 secs]
4858.521: [GC 2026688K->1755231K(4160256K), 0.0134318 secs]
4944.597: [GC 2027871K->1759686K(4160256K), 0.0152211 secs]
4988.340: [GC 1888432K(4160256K), 0.0415796 secs]
5030.855: [GC 2021776K->1753045K(4160256K), 0.0240535 secs]
5067.867: [GC 1887380K(4160256K), 0.0518052 secs]
5116.855: [GC 2025685K->1758542K(4160256K), 0.0268701 secs]
5191.557: [GC 2031182K->1755746K(4160256K), 0.0225018 secs]
5271.619: [GC 2028386K->1756123K(4160256K), 0.0222514 secs]
5351.180: [GC 2028763K->1764227K(4160256K), 0.0247748 secs]
5431.147: [GC 2036867K->1763987K(4160256K), 0.0260102 secs]
5510.845: [GC 2036627K->1763012K(4160256K), 0.0210050 secs]
5590.328: [GC 2035652K->1762695K(4160256K), 0.0251763 secs]
5624.761: [GC 1898526K(4160256K), 0.0475666 secs]
5656.651: [GC 2015540K->1749209K(4160256K), 0.0228030 secs]
5736.195: [GC 2021849K->1754441K(4160256K), 0.0244823 secs]
5801.622: [GC 2027081K->1750927K(4160256K), 0.0221814 secs]
5863.149: [GC 2023567K->1755203K(4160256K), 0.0177657 secs]
5937.206: [GC 2027843K->1755236K(4160256K), 0.0193052 secs]
5999.949: [GC 2027876K->1754719K(4160256K), 0.0185169 secs]
6085.415: [GC 2027359K->1760160K(4160256K), 0.0187375 secs]
6412.642: [GC 2032800K->1760433K(4160256K), 0.0284932 secs]
6581.889: [GC 2033073K->1763184K(4160256K), 0.0295131 secs]
6754.150: [GC 2035824K->1759364K(4160256K), 0.0192006 secs]
7137.130: [GC 2032004K->1762591K(4160256K), 0.0180919 secs]
7463.063: [GC 2035231K->1757368K(4160256K), 0.0238989 secs]
7743.777: [GC 2030008K->1784678K(4160256K), 0.0293047 secs]
7745.262: [GC 2057318K->1796892K(4160256K), 0.1425518 secs]
7746.851: [GC 2069532K->1814437K(4160256K), 0.1027355 secs]
7747.912: [GC 2087077K->1824416K(4160256K), 0.0792029 secs]
7749.490: [GC 2097056K->1848944K(4160256K), 0.0874528 secs]
7750.783: [GC 2121584K->1864089K(4160256K), 0.0616280 secs]
7752.052: [GC 2136729K->1887310K(4160256K), 0.0775322 secs]
7753.689: [GC 2159950K->1905990K(4160256K), 0.0893508 secs]
7755.231: [GC 2178630K->1921981K(4160256K), 0.0557238 secs]
7756.493: [GC 2194621K->1940906K(4160256K), 0.0587136 secs]
7757.741: [GC 2213546K->1966382K(4160256K), 0.0743260 secs]
7758.837: [GC 2239022K->1979322K(4160256K), 0.0389420 secs]
7760.174: [GC 2251962K->1995447K(4160256K), 0.0631360 secs]
7761.697: [GC 2268087K->2013596K(4160256K), 0.0493405 secs]
7762.900: [GC 2286236K->2035314K(4160256K), 0.0957569 secs]
7764.617: [GC 2307954K->2058176K(4160256K), 0.0764777 secs]
7765.807: [GC 2330816K->2077044K(4160256K), 0.0529771 secs]
7767.336: [GC 2349684K->2103443K(4160256K), 0.0547177 secs]
7768.969: [GC 2376083K->2121406K(4160256K), 0.0471798 secs]
7770.212: [GC 2394046K->2140643K(4160256K), 0.0482058 secs]
7771.860: [GC 2413283K->2160651K(4160256K), 0.0465685 secs]
7773.142: [GC 2433291K->2171938K(4160256K), 0.0362974 secs]
7774.594: [GC 2444578K->2210955K(4160256K), 0.0682425 secs]
7775.687: [GC 2483595K->2228723K(4160256K), 0.0642903 secs]
7776.917: [GC 2501363K->2246230K(4160256K), 0.0428725 secs]
7778.367: [GC 2518870K->2264867K(4160256K), 0.0458677 secs]
7779.907: [GC 2537507K->2283061K(4160256K), 0.0524592 secs]
7781.143: [GC 2555701K->2303892K(4160256K), 0.0433799 secs]
7782.532: [GC 2576532K->2336114K(4160256K), 0.0608165 secs]
7783.646: [GC 2608754K->2349252K(4160256K), 0.0337005 secs]
7784.950: [GC 2621892K->2371127K(4160256K), 0.0428298 secs]
7786.423: [GC 2643767K->2388832K(4160256K), 0.0407887 secs]
7787.668: [GC 2661472K->2410564K(4160256K), 0.0514296 secs]
7789.117: [GC 2683204K->2430934K(4160256K), 0.0443872 secs]
7790.563: [GC 2703574K->2449426K(4160256K), 0.0413199 secs]
7791.797: [GC 2722066K->2470974K(4160256K), 0.0607479 secs]
7792.082: [GC 2607608K(4160256K), 0.1076820 secs]
7793.091: [GC 2743614K->2495023K(4160256K), 0.0559502 secs]
7794.216: [GC 2767663K->2507666K(4160256K), 0.0376011 secs]
7795.485: [GC 2780306K->2528396K(4160256K), 0.0449517 secs]
7797.000: [GC 2801036K->2548714K(4160256K), 0.0454880 secs]
7798.262: [GC 2821354K->2569593K(4160256K), 0.0448735 secs]
7799.765: [GC 2842233K->2587326K(4160256K), 0.0433847 secs]
7801.006: [GC 2859966K->2599972K(4160256K), 0.0351258 secs]
7802.427: [GC 2872612K->2634623K(4160256K), 0.0892456 secs]
7803.605: [GC 2907263K->2664482K(4160256K), 0.0582921 secs]
7804.883: [GC 2937122K->2682087K(4160256K), 0.0436515 secs]
7806.465: [GC 2954727K->2703761K(4160256K), 0.0479376 secs]
7807.826: [GC 2976401K->2721033K(4160256K), 0.0734841 secs]
7809.140: [GC 2993673K->2739821K(4160256K), 0.0452275 secs]
7810.139: [GC 3012461K->2756439K(4160256K), 0.0442513 secs]
7811.743: [GC 3029079K->2784056K(4160256K), 0.0840541 secs]
7813.138: [GC 3056696K->2801541K(4160256K), 0.0454783 secs]
7814.704: [GC 3074181K->2821770K(4160256K), 0.0457019 secs]
7815.972: [GC 3094410K->2843334K(4160256K), 0.0469293 secs]
7816.855: [GC 2990901K(4160256K), 0.0783244 secs]
7817.498: [GC 3111158K->2879689K(4160256K), 0.0737432 secs]
7818.730: [GC 3062487K->2802097K(4160256K), 0.0348535 secs]
7820.208: [GC 2987565K->2735398K(4160256K), 0.0514579 secs]
7821.534: [GC 3000011K->2746090K(4160256K), 0.0657319 secs]
7822.834: [GC 3018730K->2763558K(4160256K), 0.0486641 secs]
7824.426: [GC 3027367K->2775922K(4160256K), 0.0565708 secs]
7825.879: [GC 3045232K->2786306K(4160256K), 0.0426278 secs]
7827.243: [GC 3041881K->2787524K(4160256K), 0.0482035 secs]
7827.614: [GC 2902297K(4160256K), 0.0959413 secs]
7828.416: [GC 3060164K->2803669K(4160256K), 0.0439876 secs]
7829.934: [GC 3076309K->2831389K(4160256K), 0.0604769 secs]
7831.271: [GC 3104029K->2853257K(4160256K), 0.0656947 secs]
7832.847: [GC 3125897K->2875932K(4160256K), 0.0484707 secs]
7834.098: [GC 3148572K->2888688K(4160256K), 0.1143729 secs]
7835.652: [GC 3161328K->2926738K(4160256K), 0.0773292 secs]
7836.646: [GC 3199378K->2939662K(4160256K), 0.0367098 secs]
7838.109: [GC 3212302K->2959585K(4160256K), 0.0561529 secs]
7839.483: [GC 3232225K->2978945K(4160256K), 0.0480614 secs]
7841.091: [GC 3251585K->2999914K(4160256K), 0.0473324 secs]
7842.475: [GC 3272554K->3036933K(4160256K), 0.0751839 secs]
7843.511: [GC 3309573K->3049572K(4160256K), 0.0418211 secs]
7844.885: [GC 3322212K->3069340K(4160256K), 0.0478007 secs]
7846.394: [GC 3341980K->3088497K(4160256K), 0.0544448 secs]
7847.611: [GC 3361137K->3108701K(4160256K), 0.0468555 secs]
7848.896: [GC 3381341K->3140385K(4160256K), 0.0661963 secs]
7849.195: [GC 3249692K(4160256K), 0.0744834 secs]
7850.066: [GC 3293725K->3040398K(4160256K), 0.0522545 secs]
7851.342: [GC 3307962K->3054633K(4160256K), 0.0466573 secs]
7852.843: [GC 3288898K->3034087K(4160256K), 0.0444251 secs]
7854.053: [GC 3302031K->3048211K(4160256K), 0.0454392 secs]
7855.582: [GC 3306637K->3052123K(4160256K), 0.0446291 secs]
7856.569: [GC 3319586K->3060745K(4160256K), 0.0359981 secs]
7857.224: [GC 3175520K(4160256K), 0.0892116 secs]
7858.248: [GC 3333385K->3089517K(4160256K), 0.0680126 secs]
7859.486: [GC 3362157K->3107425K(4160256K), 0.0455088 secs]
7860.691: [GC 3380065K->3126480K(4160256K), 0.1058016 secs]
7862.371: [GC 3399120K->3149920K(4160256K), 0.0621177 secs]
7863.596: [GC 3422560K->3166261K(4160256K), 0.0465621 secs]
7864.840: [GC 3438901K->3187712K(4160256K), 0.0506323 secs]
7866.034: [GC 3460352K->3202460K(4160256K), 0.0448898 secs]
7867.469: [GC 3475100K->3225574K(4160256K), 0.0764915 secs]
7868.946: [GC 3498214K->3243360K(4160256K), 0.0506750 secs]
7870.256: [GC 3516000K->3268844K(4160256K), 0.0601055 secs]
7871.489: [GC 3541484K->3284179K(4160256K), 0.0562443 secs]
7872.702: [GC 3556819K->3301711K(4160256K), 0.0473946 secs]
7873.937: [GC 3574351K->3321161K(4160256K), 0.0788459 secs]
7875.283: [GC 3593801K->3344349K(4160256K), 0.1011781 secs]
7876.750: [GC 3616989K->3363134K(4160256K), 0.0624811 secs]
7877.985: [GC 3635774K->3376995K(4160256K), 1.0701739 secs]
7880.359: [GC 3649635K->3413999K(4160256K), 1.0140585 secs]
7882.538: [GC 3686639K->3446583K(4160256K), 1.1428363 secs]
7884.839: [GC 3719223K->3463362K(4160256K), 0.0428808 secs]
7885.557: [GC 3572670K(4160256K), 0.0765601 secs]
7886.400: [GC 3706116K->3453103K(4160256K), 0.0521837 secs]
7887.457: [GC 3713899K->3456743K(4160256K), 0.0402842 secs]
7888.749: [GC 3653558K->3400842K(4160256K), 0.0454655 secs]
7890.277: [GC 3646139K->3393847K(4160256K), 0.0460710 secs]
7891.469: [GC 3665932K->3414573K(4160256K), 0.0454623 secs]
7892.878: [GC 3676503K->3439459K(4160256K), 0.2259568 secs]
7893.389: [GC 3554232K(4160256K), 0.0966152 secs]
7894.228: [GC 3712099K->3457766K(4160256K), 0.0530769 secs]
7895.524: [GC 3730406K->3477661K(4160256K), 0.0476416 secs]
7896.822: [GC 3750301K->3491898K(4160256K), 0.0403898 secs]
7898.274: [GC 3764538K->3517555K(4160256K), 0.1140255 secs]
7899.640: [GC 3790195K->3545949K(4160256K), 0.0593996 secs]
7900.818: [GC 3818589K->3570205K(4160256K), 0.0671736 secs]
7902.126: [GC 3842845K->3595881K(4160256K), 0.0766150 secs]
7903.833: [GC 3868521K->3619907K(4160256K), 0.0567126 secs]
7905.143: [GC 3892547K->3649452K(4160256K), 0.0619987 secs]
7906.328: [GC 3922092K->3670680K(4160256K), 0.0526728 secs]
7907.018: [GC 3889334K(4160256K), 0.0622623 secs]
7907.224: [GC 3943320K->3685575K(4160256K), 0.0349798 secs]
7908.002: [GC 3889429K->3605337K(4160256K), 0.0089857 secs]
7908.823: [GC 3848000K->3577764K(4160256K), 0.0106415 secs]
7909.613: [GC 3842487K->3563580K(4160256K), 0.0131842 secs]
7910.365: [GC 3835037K->3559542K(4160256K), 0.0054333 secs]
7911.126: [GC 3805911K->3540457K(4160256K), 0.0070241 secs]
7911.856: [GC 3813097K->3546329K(4160256K), 0.0076130 secs]
7912.019: [GC 3639592K(4160256K), 0.0326847 secs]
7912.533: [GC 3818969K->3537411K(4160256K), 0.0048692 secs]
7913.297: [GC 3810051K->3536151K(4160256K), 0.0069491 secs]
7914.070: [GC 3808791K->3541353K(4160256K), 0.0080780 secs]
7914.746: [GC 3813993K->3536871K(4160256K), 0.0058551 secs]
7915.615: [GC 3809511K->3536692K(4160256K), 0.0073776 secs]
7916.377: [GC 3809332K->3537939K(4160256K), 0.0059430 secs]
7917.203: [GC 3810579K->3545901K(4160256K), 0.0077528 secs]
7917.893: [GC 3818541K->3538026K(4160256K), 0.0068147 secs]
7918.641: [GC 3810666K->3534615K(4160256K), 0.0071088 secs]
7919.452: [GC 3807255K->3540247K(4160256K), 0.0326338 secs]
7920.166: [GC 3812887K->3544031K(4160256K), 0.0072483 secs]
7920.895: [GC 3816671K->3539651K(4160256K), 0.0072005 secs]
7921.653: [GC 3812291K->3537316K(4160256K), 0.0069587 secs]
7922.418: [GC 3809956K->3540312K(4160256K), 0.0064670 secs]
7922.965: [GC 3812952K->3546631K(4160256K), 0.0066476 secs]
7923.748: [GC 3819271K->3532887K(4160256K), 0.0068150 secs]
7924.501: [GC 3805527K->3537815K(4160256K), 0.0076184 secs]
7925.312: [GC 3810455K->3542612K(4160256K), 0.0078535 secs]
7925.917: [GC 3815252K->3537539K(4160256K), 0.0047788 secs]
7926.461: [GC 3745267K(4160256K), 0.0592174 secs]
7926.707: [GC 3810179K->3533326K(4160256K), 0.0054991 secs]
7927.492: [GC 3793291K->3528848K(4160256K), 0.0075030 secs]
7928.190: [GC 3778659K->3508121K(4160256K), 0.0073397 secs]
7928.924: [GC 3764824K->3483976K(4160256K), 0.0068721 secs]
7929.691: [GC 3749375K->3479052K(4160256K), 0.0072098 secs]
7930.497: [GC 3749880K->3485986K(4160256K), 0.0076447 secs]
7931.128: [GC 3755734K->3474786K(4160256K), 0.0068262 secs]
7931.863: [GC 3726124K->3447905K(4160256K), 0.0053698 secs]
7932.153: [GC 3551747K(4160256K), 0.0663285 secs]
7932.715: [GC 3720545K->3456511K(4160256K), 0.0070710 secs]
7933.472: [GC 3729151K->3462194K(4160256K), 0.0079590 secs]
7934.070: [GC 3734834K->3453106K(4160256K), 0.0048330 secs]
7934.797: [GC 3725746K->3449271K(4160256K), 0.0055427 secs]
7935.558: [GC 3721911K->3457296K(4160256K), 0.0062233 secs]
7936.240: [GC 3729936K->3460009K(4160256K), 0.0073596 secs]
7936.727: [GC 3732649K->3451484K(4160256K), 0.0050081 secs]
7936.926: [GC 3724124K->3445877K(4160256K), 0.0069279 secs]
7937.244: [GC 3718517K->3447899K(4160256K), 0.0067916 secs]
7937.511: [GC 3720539K->3451176K(4160256K), 0.0071515 secs]
7937.710: [GC 3723816K->3452236K(4160256K), 0.0077239 secs]
7938.036: [GC 3724876K->3455285K(4160256K), 0.0074308 secs]
7938.255: [GC 3727925K->3456734K(4160256K), 0.0073827 secs]
7938.499: [GC 3729374K->3457823K(4160256K), 0.0076559 secs]
7938.833: [GC 3730463K->3462299K(4160256K), 0.0086322 secs]
7939.292: [GC 3734939K->3458847K(4160256K), 0.0076967 secs]
7939.514: [GC 3731487K->3454649K(4160256K), 0.0073099 secs]
7940.928: [GC 3727289K->3453365K(4160256K), 0.0068634 secs]
7941.675: [GC 3726005K->3455107K(4160256K), 0.0070960 secs]
7942.432: [GC 3727747K->3462162K(4160256K), 0.0075283 secs]
7943.201: [GC 3734802K->3467545K(4160256K), 0.0076255 secs]
7944.090: [GC 3740185K->3455543K(4160256K), 0.0071277 secs]
7944.797: [GC 3728183K->3454542K(4160256K), 0.0056303 secs]
7945.536: [GC 3727182K->3462080K(4160256K), 0.0075241 secs]
7946.225: [GC 3734720K->3468059K(4160256K), 0.0074911 secs]
7946.621: [GC 3634587K(4160256K), 0.0396893 secs]
7946.921: [GC 3740683K->3458504K(4160256K), 0.0067284 secs]
7947.647: [GC 3731142K->3456070K(4160256K), 0.0070164 secs]
7948.403: [GC 3728705K->3463381K(4160256K), 0.0073522 secs]
7949.102: [GC 3736002K->3462577K(4160256K), 0.0074151 secs]
7949.827: [GC 3735183K->3456768K(4160256K), 0.0067624 secs]
7950.559: [GC 3729374K->3458758K(4160256K), 0.0072371 secs]
7951.325: [GC 3731398K->3465828K(4160256K), 0.0075668 secs]
7951.971: [GC 3738466K->3461793K(4160256K), 0.0059741 secs]
7952.737: [GC 3734433K->3455257K(4160256K), 0.0068092 secs]
7953.475: [GC 3727897K->3458406K(4160256K), 0.0059298 secs]
7953.773: [GC 3568530K(4160256K), 0.0733173 secs]
7954.334: [GC 3731046K->3467888K(4160256K), 0.0073641 secs]
7954.921: [GC 3740528K->3458755K(4160256K), 0.0047855 secs]
7955.655: [GC 3731395K->3455874K(4160256K), 0.0069071 secs]
7956.393: [GC 3728514K->3462788K(4160256K), 0.0072945 secs]
7956.999: [GC 3735428K->3462349K(4160256K), 0.0062781 secs]
7957.807: [GC 3734989K->3456654K(4160256K), 0.0069372 secs]
7958.574: [GC 3729294K->3456359K(4160256K), 0.0070604 secs]
7959.350: [GC 3728999K->3460376K(4160256K), 0.0062647 secs]
7960.101: [GC 3733016K->3465980K(4160256K), 0.0072865 secs]
7960.934: [GC 3738620K->3457245K(4160256K), 0.0050190 secs]
7961.675: [GC 3729885K->3456811K(4160256K), 0.0056636 secs]
7962.441: [GC 3729451K->3463195K(4160256K), 0.0072493 secs]
7963.100: [GC 3735835K->3460202K(4160256K), 0.0061402 secs]
7963.859: [GC 3732842K->3457409K(4160256K), 0.0049779 secs]
7964.593: [GC 3730049K->3457065K(4160256K), 0.0073509 secs]
7965.352: [GC 3729705K->3460688K(4160256K), 0.0062810 secs]
7966.015: [GC 3733328K->3463030K(4160256K), 0.0061514 secs]
7966.457: [GC 3735670K->3457335K(4160256K), 0.0061152 secs]
7966.637: [GC 3729975K->3450404K(4160256K), 0.0050029 secs]
7966.933: [GC 3723044K->3452798K(4160256K), 0.0054959 secs]
7967.221: [GC 3725438K->3454712K(4160256K), 0.0055462 secs]
7967.388: [GC 3727352K->3459906K(4160256K), 0.0073198 secs]
7967.712: [GC 3732546K->3457511K(4160256K), 0.0059853 secs]
7967.907: [GC 3730151K->3464408K(4160256K), 0.0075684 secs]
7968.191: [GC 3737048K->3465910K(4160256K), 0.0060353 secs]
7968.537: [GC 3738550K->3462919K(4160256K), 0.0063233 secs]
7968.992: [GC 3735559K->3464885K(4160256K), 0.0057207 secs]
7969.172: [GC 3737525K->3453846K(4160256K), 0.0066649 secs]
7969.742: [GC 3726486K->3455028K(4160256K), 0.0051370 secs]
7970.493: [GC 3727668K->3459722K(4160256K), 0.0058124 secs]
7971.264: [GC 3732362K->3467402K(4160256K), 0.0064340 secs]
7972.000: [GC 3740042K->3475867K(4160256K), 0.0074741 secs]
7972.731: [GC 3748507K->3457723K(4160256K), 0.0058115 secs]
7973.504: [GC 3730363K->3459189K(4160256K), 0.0058952 secs]
7974.270: [GC 3731829K->3466430K(4160256K), 0.0071896 secs]
7974.797: [GC 3648430K(4160256K), 0.0786817 secs]
7975.116: [GC 3739070K->3472921K(4160256K), 0.0074917 secs]
7975.800: [GC 3745208K->3463293K(4160256K), 0.0047682 secs]
7976.543: [GC 3734692K->3457550K(4160256K), 0.0055071 secs]
7977.326: [GC 3728950K->3463160K(4160256K), 0.0074876 secs]
7978.109: [GC 3734998K->3468450K(4160256K), 0.0076624 secs]
7978.740: [GC 3740417K->3455931K(4160256K), 0.0065697 secs]
7979.495: [GC 3728507K->3456300K(4160256K), 0.0072980 secs]
7980.272: [GC 3728940K->3461636K(4160256K), 0.0061229 secs]
7981.025: [GC 3734220K->3467766K(4160256K), 0.0064831 secs]
7981.685: [GC 3738883K->3457771K(4160256K), 0.0046710 secs]
7981.795: [GC 3575873K(4160256K), 0.0481772 secs]
7981.957: [GC 3730411K->3447207K(4160256K), 0.0047415 secs]
7982.235: [GC 3719847K->3444901K(4160256K), 0.0046235 secs]
7982.870: [GC 3717541K->3444651K(4160256K), 0.0047313 secs]
7983.401: [GC 3717291K->3444467K(4160256K), 0.0045995 secs]
7983.651: [GC 3717107K->3444577K(4160256K), 0.0046873 secs]
7983.878: [GC 3717217K->3444731K(4160256K), 0.0050822 secs]
7984.168: [GC 3717371K->3444796K(4160256K), 0.0070071 secs]
7984.875: [GC 3717436K->3444501K(4160256K), 0.0049728 secs]
7985.151: [GC 3717141K->3444602K(4160256K), 0.0045610 secs]
7985.424: [GC 3717242K->3444788K(4160256K), 0.0126910 secs]
7985.857: [GC 3717428K->3444414K(4160256K), 0.0065854 secs]
7987.272: [GC 3717054K->3444302K(4160256K), 0.0045183 secs]
7987.651: [GC 3716942K->3444764K(4160256K), 0.0066887 secs]
7987.930: [GC 3717404K->3445001K(4160256K), 0.0065902 secs]
7996.424: [GC 3583352K(4160256K), 0.0657845 secs]
8064.764: [GC 3712741K->3444869K(4160256K), 0.0091807 secs]
8113.639: [GC 3566281K(4160256K), 0.0421419 secs]
8121.009: [GC 3583059K(4160256K), 0.0421143 secs]
8174.912: [GC 2014003K->1746064K(4160256K), 0.0142112 secs]
8211.883: [GC 1874664K(4160256K), 0.0451422 secs]
8219.287: [GC 1876594K(4160256K), 0.0418660 secs]
8272.840: [GC 2016411K->1747856K(4160256K), 0.0099356 secs]
8321.708: [GC 1883638K(4160256K), 0.0446592 secs]
8358.934: [GC 2020496K->1753253K(4160256K), 0.0124081 secs]
8447.867: [GC 2025893K->1758877K(4160256K), 0.0139299 secs]
8531.181: [GC 2031517K->1760339K(4160256K), 0.0202042 secs]
8617.807: [GC 2032979K->1763221K(4160256K), 0.0337149 secs]
8703.624: [GC 2035861K->1764179K(4160256K), 0.0279211 secs]
8777.519: [GC 2036819K->1761675K(4160256K), 0.0214553 secs]
8822.180: [GC 1899137K(4160256K), 0.0491121 secs]
8864.097: [GC 2019796K->1752666K(4160256K), 0.0235522 secs]
8937.651: [GC 2025306K->1758841K(4160256K), 0.0303323 secs]
9011.239: [GC 2031481K->1753044K(4160256K), 0.0394106 secs]
9073.082: [GC 2025684K->1759674K(4160256K), 0.0219534 secs]
9147.131: [GC 2032314K->1759958K(4160256K), 0.0174566 secs]
9220.689: [GC 2032598K->1762598K(4160256K), 0.0175457 secs]
9282.123: [GC 2035238K->1765932K(4160256K), 0.0165441 secs]
9355.959: [GC 2038572K->1766122K(4160256K), 0.0172442 secs]
9417.505: [GC 2038762K->1769245K(4160256K), 0.0376688 secs]
9479.757: [GC 2041885K->1767677K(4160256K), 0.0184919 secs]
9542.460: [GC 2040317K->1772462K(4160256K), 0.0201105 secs]
9604.257: [GC 2045102K->1774711K(4160256K), 0.0199749 secs]
10026.751: [GC 2047351K->1779241K(4160256K), 0.0374407 secs]
10533.369: [GC 2051881K->1780555K(4160256K), 0.0376344 secs]
10864.498: [GC 2053195K->1774340K(4160256K), 0.0204925 secs]
11250.647: [GC 2046980K->1776870K(4160256K), 0.0288268 secs]
11576.545: [GC 2049510K->1775181K(4160256K), 0.0203617 secs]
11594.722: [GC 2047821K->1820788K(4160256K), 0.1541642 secs]
11595.847: [GC 2093428K->1830109K(4160256K), 0.0766441 secs]
11597.670: [GC 2102749K->1853399K(4160256K), 0.0691611 secs]
11598.988: [GC 2126039K->1865594K(4160256K), 0.0468125 secs]
11600.211: [GC 2138234K->1883711K(4160256K), 0.0557777 secs]
11601.733: [GC 2156351K->1900142K(4160256K), 0.0533155 secs]
11603.259: [GC 2172782K->1918948K(4160256K), 0.0558046 secs]
11604.521: [GC 2191588K->1942298K(4160256K), 0.0716303 secs]
11605.677: [GC 2214938K->1961128K(4160256K), 0.0713471 secs]
11606.855: [GC 2233768K->1971672K(4160256K), 0.0534149 secs]
11608.192: [GC 2244312K->1994900K(4160256K), 0.0724853 secs]
11609.688: [GC 2267540K->2013960K(4160256K), 0.0486570 secs]
11610.930: [GC 2286600K->2032965K(4160256K), 0.0478959 secs]
11612.439: [GC 2305605K->2057720K(4160256K), 0.0615831 secs]
11613.542: [GC 2330360K->2074629K(4160256K), 0.0731727 secs]
11615.321: [GC 2347269K->2095047K(4160256K), 0.0571523 secs]
11616.576: [GC 2367687K->2117064K(4160256K), 0.0802016 secs]
11617.825: [GC 2389704K->2139867K(4160256K), 0.0614099 secs]
11619.494: [GC 2412507K->2156860K(4160256K), 0.0453141 secs]
11620.781: [GC 2429500K->2170909K(4160256K), 0.0715925 secs]
11622.135: [GC 2443549K->2206815K(4160256K), 0.2227467 secs]
11623.369: [GC 2479455K->2224870K(4160256K), 0.0650452 secs]
11624.630: [GC 2497510K->2242458K(4160256K), 0.1073045 secs]
11626.249: [GC 2515098K->2260645K(4160256K), 0.1100390 secs]
11627.807: [GC 2533285K->2280724K(4160256K), 0.2003981 secs]
11629.254: [GC 2553364K->2304705K(4160256K), 0.4498016 secs]
11631.079: [GC 2577345K->2340466K(4160256K), 0.5823902 secs]
11632.709: [GC 2613106K->2354494K(4160256K), 0.3092373 secs]
11634.294: [GC 2627134K->2374963K(4160256K), 0.5346437 secs]
11636.390: [GC 2647603K->2398209K(4160256K), 0.2281056 secs]
11637.887: [GC 2670849K->2411902K(4160256K), 0.1162315 secs]
11639.471: [GC 2684542K->2436224K(4160256K), 0.1593220 secs]
11640.991: [GC 2708864K->2448882K(4160256K), 0.0751615 secs]
11642.353: [GC 2721522K->2491907K(4160256K), 0.3380471 secs]
11642.946: [GC 2623085K(4160256K), 0.1073712 secs]
11643.737: [GC 2764547K->2512667K(4160256K), 0.0628008 secs]
11645.097: [GC 2785307K->2531875K(4160256K), 0.0567485 secs]
11646.477: [GC 2804515K->2557935K(4160256K), 0.0983355 secs]
11648.056: [GC 2830575K->2580570K(4160256K), 0.0653964 secs]
11649.357: [GC 2853210K->2599011K(4160256K), 0.2538009 secs]
11651.380: [GC 2871651K->2619921K(4160256K), 0.0882459 secs]
11652.596: [GC 2892561K->2627513K(4160256K), 0.1469030 secs]
11654.142: [GC 2900153K->2662574K(4160256K), 0.2202755 secs]
11655.547: [GC 2935214K->2696594K(4160256K), 0.1753966 secs]
11656.949: [GC 2969234K->2714528K(4160256K), 0.0660430 secs]
11658.551: [GC 2987168K->2734353K(4160256K), 0.1116795 secs]
11660.126: [GC 3006993K->2749923K(4160256K), 0.0630369 secs]
11661.500: [GC 3022563K->2790521K(4160256K), 0.1588397 secs]
11662.653: [GC 3063161K->2810931K(4160256K), 0.0814633 secs]
11664.131: [GC 3083571K->2835776K(4160256K), 0.1053273 secs]
11664.976: [GC 2994283K(4160256K), 0.0762894 secs]
11665.672: [GC 3108416K->2859265K(4160256K), 0.1253268 secs]
11667.345: [GC 3125765K->2871666K(4160256K), 0.0643903 secs]
11668.670: [GC 3136196K->2884748K(4160256K), 0.0852279 secs]
11670.193: [GC 3054902K->2819688K(4160256K), 0.0875968 secs]
11671.349: [GC 2977054K->2718761K(4160256K), 0.0669042 secs]
11672.897: [GC 2981667K->2733240K(4160256K), 0.0805800 secs]
11673.373: [GC 2853489K(4160256K), 0.0957232 secs]
11674.389: [GC 3005880K->2751763K(4160256K), 0.0591414 secs]
11675.640: [GC 3024403K->2768871K(4160256K), 0.0606305 secs]
11677.443: [GC 3041511K->2786452K(4160256K), 0.0491468 secs]
11678.807: [GC 3059092K->2801601K(4160256K), 0.0891298 secs]
11680.217: [GC 3074241K->2819424K(4160256K), 0.0860532 secs]
11681.306: [GC 3092064K->2836128K(4160256K), 0.0980783 secs]
11682.812: [GC 3108768K->2860628K(4160256K), 0.1458876 secs]
11684.216: [GC 3133268K->2879970K(4160256K), 0.0579352 secs]
11685.832: [GC 3152610K->2898733K(4160256K), 0.0702085 secs]
11687.106: [GC 3171373K->2924584K(4160256K), 0.1049340 secs]
11688.783: [GC 3197224K->2960945K(4160256K), 0.1130053 secs]
11689.880: [GC 3233585K->2965695K(4160256K), 0.0359519 secs]
11691.285: [GC 3238335K->2982543K(4160256K), 0.0617951 secs]
11692.868: [GC 3255183K->3000947K(4160256K), 0.0845833 secs]
11694.134: [GC 3273587K->3019545K(4160256K), 0.1012967 secs]
11695.792: [GC 3292185K->3061668K(4160256K), 0.2905097 secs]
11696.466: [GC 3181917K(4160256K), 0.0827308 secs]
11697.008: [GC 3318425K->3062454K(4160256K), 0.0617078 secs]
11698.359: [GC 3320638K->3064277K(4160256K), 0.0590686 secs]
11700.045: [GC 3329943K->3076816K(4160256K), 0.0746948 secs]
11701.334: [GC 3349134K->3099110K(4160256K), 0.0941751 secs]
11702.791: [GC 3238669K->3000537K(4160256K), 0.0735447 secs]
11703.801: [GC 3224941K->2965059K(4160256K), 0.0535535 secs]
11704.475: [GC 3085308K(4160256K), 0.0922290 secs]
11705.174: [GC 3237699K->2986854K(4160256K), 0.0631767 secs]
11706.827: [GC 3259494K->3012512K(4160256K), 0.1405377 secs]
11708.152: [GC 3285152K->3031773K(4160256K), 0.0485512 secs]
11709.664: [GC 3304413K->3049260K(4160256K), 0.0874890 secs]
11710.687: [GC 3321900K->3063675K(4160256K), 0.1068773 secs]
11712.297: [GC 3336315K->3089597K(4160256K), 0.2061699 secs]
11713.683: [GC 3362237K->3110030K(4160256K), 0.0870615 secs]
11714.959: [GC 3382670K->3131824K(4160256K), 0.0667646 secs]
11716.527: [GC 3404464K->3154988K(4160256K), 0.1424113 secs]
11717.877: [GC 3427628K->3168247K(4160256K), 0.0610285 secs]
11719.286: [GC 3440887K->3204474K(4160256K), 0.1526305 secs]
11720.692: [GC 3477114K->3228284K(4160256K), 0.0833783 secs]
11721.985: [GC 3500924K->3245617K(4160256K), 0.1188377 secs]
11723.300: [GC 3518257K->3262806K(4160256K), 0.0857943 secs]
11724.653: [GC 3535446K->3279431K(4160256K), 0.1449357 secs]
11726.138: [GC 3552071K->3298983K(4160256K), 0.1086304 secs]
11727.619: [GC 3571623K->3322807K(4160256K), 0.1504275 secs]
11729.201: [GC 3595447K->3338198K(4160256K), 0.1296957 secs]
11730.497: [GC 3610838K->3352623K(4160256K), 0.0882706 secs]
11731.252: [GC 3489267K(4160256K), 0.0750421 secs]
11731.921: [GC 3623979K->3373612K(4160256K), 0.1616085 secs]
11733.516: [GC 3644489K->3385096K(4160256K), 0.0534114 secs]
11734.909: [GC 3608759K->3357633K(4160256K), 0.0736723 secs]
11736.266: [GC 3617317K->3371596K(4160256K), 0.0850175 secs]
11737.744: [GC 3558877K->3305669K(4160256K), 0.1391416 secs]
11739.615: [GC 3576285K->3320413K(4160256K), 0.0676197 secs]
11740.929: [GC 3592493K->3331132K(4160256K), 0.1133671 secs]
11742.412: [GC 3602061K->3369096K(4160256K), 0.1687577 secs]
11742.944: [GC 3489344K(4160256K), 0.0996344 secs]
11743.764: [GC 3641736K->3390336K(4160256K), 0.4230611 secs]
11745.418: [GC 3662976K->3410564K(4160256K), 0.3373049 secs]
11747.221: [GC 3683204K->3457452K(4160256K), 1.5945260 secs]
11749.787: [GC 3730092K->3470909K(4160256K), 1.1905000 secs]
11752.172: [GC 3743549K->3490929K(4160256K), 2.0056630 secs]
11755.776: [GC 3763569K->3508845K(4160256K), 1.3162040 secs]
11758.207: [GC 3781485K->3525633K(4160256K), 1.5426688 secs]
11760.883: [GC 3798273K->3545432K(4160256K), 1.7771850 secs]
11764.137: [GC 3818072K->3580912K(4160256K), 2.9822727 secs]
11767.802: [GC 3723025K(4160256K), 0.0594692 secs]
11768.475: [GC 3849690K->3588325K(4160256K), 0.9010522 secs]
11770.567: [GC 3843430K->3589558K(4160256K), 1.3629306 secs]
11773.110: [GC 3769959K->3522662K(4160256K), 0.0678557 secs]
11774.401: [GC 3779315K->3523588K(4160256K), 0.0426310 secs]
11775.021: [GC 3616508K(4160256K), 0.0708182 secs]
11776.221: [GC 3796228K->3549074K(4160256K), 0.0611350 secs]
11777.061: [GC 3821714K->3564192K(4160256K), 0.0327127 secs]
11777.809: [GC 3836832K->3554816K(4160256K), 0.0096836 secs]
11778.582: [GC 3827456K->3560576K(4160256K), 0.0100168 secs]
11779.275: [GC 3833216K->3835305K(4160256K), 0.1380957 secs]
11782.056: [Full GC 3835305K->3438728K(4160256K), 13.8848468 secs]
11796.097: [GC 3520875K(4160256K), 0.0258069 secs]
11796.777: [GC 3711368K->3450053K(4160256K), 0.0052900 secs]
11797.532: [GC 3722693K->3450326K(4160256K), 0.0059558 secs]
11798.324: [GC 3722966K->3459594K(4160256K), 0.0066697 secs]
11798.978: [GC 3732234K->3452792K(4160256K), 0.0050074 secs]
11799.714: [GC 3725432K->3449164K(4160256K), 0.0055719 secs]
11800.482: [GC 3721804K->3454611K(4160256K), 0.0063885 secs]
11801.229: [GC 3727251K->3461881K(4160256K), 0.0066624 secs]
11801.916: [GC 3734521K->3453756K(4160256K), 0.0050167 secs]
11802.665: [GC 3726396K->3451886K(4160256K), 0.0062653 secs]
11803.445: [GC 3724526K->3457745K(4160256K), 0.0064869 secs]
11804.076: [GC 3730385K->3456305K(4160256K), 0.0066184 secs]
11804.876: [GC 3728945K->3450995K(4160256K), 0.0052717 secs]
11805.644: [GC 3723635K->3452838K(4160256K), 0.0060834 secs]
11806.455: [GC 3725478K->3463851K(4160256K), 0.0075822 secs]
11806.824: [GC 3666596K(4160256K), 0.0264066 secs]
11807.092: [GC 3736491K->3454457K(4160256K), 0.0157218 secs]
11807.849: [GC 3727094K->3449056K(4160256K), 0.0057518 secs]
11808.624: [GC 3721695K->3455672K(4160256K), 0.0063763 secs]
11810.484: [GC 3728244K->3462576K(4160256K), 0.0065514 secs]
11811.120: [GC 3735179K->3450027K(4160256K), 0.0068432 secs]
11811.857: [GC 3712671K->3439371K(4160256K), 0.0057451 secs]
11812.112: [GC 3538089K(4160256K), 0.0636014 secs]
11812.677: [GC 3712011K->3447132K(4160256K), 0.0064318 secs]
11813.276: [GC 3719772K->3448966K(4160256K), 0.0073202 secs]
11814.004: [GC 3721606K->3438504K(4160256K), 0.0053461 secs]
11814.767: [GC 3711144K->3446596K(4160256K), 0.0072451 secs]
11815.564: [GC 3719236K->3452285K(4160256K), 0.0074991 secs]
11816.176: [GC 3724925K->3440758K(4160256K), 0.0068869 secs]
11816.919: [GC 3713398K->3441659K(4160256K), 0.0070456 secs]
11817.676: [GC 3714299K->3446559K(4160256K), 0.0064661 secs]
11818.294: [GC 3719199K->3448750K(4160256K), 0.0071877 secs]
11819.007: [GC 3721390K->3440197K(4160256K), 0.0068355 secs]
11819.800: [GC 3712837K->3442848K(4160256K), 0.0082031 secs]
11820.564: [GC 3715488K->3448769K(4160256K), 0.0065944 secs]
11821.124: [GC 3721409K->3446029K(4160256K), 0.0075411 secs]
11821.919: [GC 3718669K->3443076K(4160256K), 0.0053448 secs]
11822.659: [GC 3715716K->3444239K(4160256K), 0.0062820 secs]
11823.472: [GC 3716879K->3451461K(4160256K), 0.0067842 secs]
11824.137: [GC 3724101K->3444435K(4160256K), 0.0051149 secs]
11824.323: [GC 3717075K->3435773K(4160256K), 0.0050491 secs]
11824.630: [GC 3708413K->3436896K(4160256K), 0.0054279 secs]
11824.900: [GC 3709536K->3439188K(4160256K), 0.0055517 secs]
11825.088: [GC 3711828K->3444005K(4160256K), 0.0059205 secs]
11825.305: [GC 3716645K->3441964K(4160256K), 0.0058763 secs]
11825.624: [GC 3714604K->3448098K(4160256K), 0.0076075 secs]
11825.834: [GC 3720738K->3450383K(4160256K), 0.0071752 secs]
11826.113: [GC 3723023K->3449619K(4160256K), 0.0064417 secs]
11826.523: [GC 3722259K->3451166K(4160256K), 0.0062566 secs]
11826.867: [GC 3723806K->3450582K(4160256K), 0.0056232 secs]
11827.158: [GC 3723222K->3440647K(4160256K), 0.0047624 secs]
11827.566: [GC 3600442K(4160256K), 0.0614817 secs]
11827.940: [GC 3713287K->3443502K(4160256K), 0.0072679 secs]
11828.687: [GC 3716141K->3450784K(4160256K), 0.0175316 secs]
11829.451: [GC 3723424K->3455734K(4160256K), 0.0081492 secs]
11830.155: [GC 3728374K->3445145K(4160256K), 0.0067108 secs]
11830.845: [GC 3717773K->3444036K(4160256K), 0.0070424 secs]
11831.586: [GC 3716670K->3450102K(4160256K), 0.0061986 secs]
11832.350: [GC 3722727K->3455812K(4160256K), 0.0069715 secs]
11832.907: [GC 3725313K->3446053K(4160256K), 0.0069565 secs]
11833.165: [GC 3553563K(4160256K), 0.0696928 secs]
11833.683: [GC 3718693K->3441707K(4160256K), 0.0054382 secs]
11834.419: [GC 3714347K->3446618K(4160256K), 0.0062044 secs]
11835.142: [GC 3719258K->3453129K(4160256K), 0.0064699 secs]
11835.840: [GC 3725769K->3445373K(4160256K), 0.0048554 secs]
11836.558: [GC 3718013K->3443686K(4160256K), 0.0070562 secs]
11837.311: [GC 3716326K->3450985K(4160256K), 0.0072464 secs]
11837.914: [GC 3723625K->3452680K(4160256K), 0.0063785 secs]
11838.626: [GC 3725320K->3444626K(4160256K), 0.0051582 secs]
11839.361: [GC 3717266K->3446562K(4160256K), 0.0069488 secs]
11840.140: [GC 3719202K->3452417K(4160256K), 0.0063897 secs]
11840.907: [GC 3725057K->3445190K(4160256K), 0.0045931 secs]
11841.625: [GC 3717830K->3441611K(4160256K), 0.0054808 secs]
11842.375: [GC 3714251K->3446221K(4160256K), 0.0060809 secs]
11843.078: [GC 3718861K->3453416K(4160256K), 0.0075485 secs]
11843.748: [GC 3726056K->3444777K(4160256K), 0.0048795 secs]
11844.491: [GC 3717417K->3443096K(4160256K), 0.0070354 secs]
11845.262: [GC 3715736K->3450245K(4160256K), 0.0067031 secs]
11846.013: [GC 3722885K->3453346K(4160256K), 0.0065386 secs]
11846.682: [GC 3725986K->3442587K(4160256K), 0.0071187 secs]
11847.413: [GC 3715227K->3442820K(4160256K), 0.0069956 secs]
11848.171: [GC 3715460K->3450353K(4160256K), 0.0076418 secs]
11848.921: [GC 3722993K->3451658K(4160256K), 0.0064786 secs]
11849.660: [GC 3724298K->3445668K(4160256K), 0.0048426 secs]
11850.393: [GC 3718308K->3441424K(4160256K), 0.0054738 secs]
11851.142: [GC 3714064K->3449694K(4160256K), 0.0073529 secs]
11851.652: [GC 3631792K(4160256K), 0.0759517 secs]
11851.970: [GC 3722334K->3452516K(4160256K), 0.0074144 secs]
11852.477: [GC 3725154K->3445864K(4160256K), 0.0048336 secs]
11852.646: [GC 3718504K->3438745K(4160256K), 0.0065485 secs]
11852.957: [GC 3711383K->3439319K(4160256K), 0.0073490 secs]
11853.248: [GC 3711959K->3442431K(4160256K), 0.0069189 secs]
11853.419: [GC 3715071K->3444054K(4160256K), 0.0057926 secs]
11853.739: [GC 3716694K->3446473K(4160256K), 0.0075556 secs]
11853.934: [GC 3719112K->3450795K(4160256K), 0.0064443 secs]
11854.173: [GC 3723435K->3450152K(4160256K), 0.0073400 secs]
11854.509: [GC 3722741K->3452319K(4160256K), 0.0074683 secs]
11854.967: [GC 3724943K->3454027K(4160256K), 0.0073654 secs]
11855.195: [GC 3726665K->3450890K(4160256K), 0.0055042 secs]
11855.604: [GC 3723530K->3441719K(4160256K), 0.0049260 secs]
11856.336: [GC 3714353K->3446699K(4160256K), 0.0055331 secs]
11857.102: [GC 3719305K->3454409K(4160256K), 0.0076271 secs]
11857.916: [GC 3721645K->3453775K(4160256K), 0.0069930 secs]
11858.122: [GC 3565870K(4160256K), 0.0368134 secs]
11858.566: [GC 3726415K->3447494K(4160256K), 0.0049285 secs]
11859.295: [GC 3720134K->3441394K(4160256K), 0.0069003 secs]
11860.053: [GC 3714034K->3446651K(4160256K), 0.0060652 secs]
11860.839: [GC 3719291K->3452347K(4160256K), 0.0065552 secs]
11861.618: [GC 3724987K->3445076K(4160256K), 0.0045324 secs]
11862.347: [GC 3717716K->3440446K(4160256K), 0.0055517 secs]
11863.123: [GC 3713086K->3444824K(4160256K), 0.0059362 secs]
11863.905: [GC 3717464K->3454012K(4160256K), 0.0069625 secs]
11864.633: [GC 3726652K->3445908K(4160256K), 0.0048942 secs]
11865.372: [GC 3718548K->3441102K(4160256K), 0.0054131 secs]
11866.133: [GC 3713742K->3444752K(4160256K), 0.0060504 secs]
11866.945: [GC 3717392K->3451777K(4160256K), 0.0072727 secs]
11867.557: [GC 3724417K->3445874K(4160256K), 0.0049234 secs]
11867.790: [GC 3718514K->3435262K(4160256K), 0.0048426 secs]
11868.057: [GC 3707902K->3433430K(4160256K), 0.0070642 secs]
11868.700: [GC 3706070K->3432705K(4160256K), 0.0047274 secs]
11869.003: [GC 3705345K->3432635K(4160256K), 0.0048310 secs]
11869.484: [GC 3705275K->3432992K(4160256K), 0.0049885 secs]
11869.705: [GC 3705632K->3433108K(4160256K), 0.0050164 secs]
11869.983: [GC 3705748K->3432822K(4160256K), 0.0047775 secs]
11870.673: [GC 3705462K->3432581K(4160256K), 0.0046238 secs]
11870.947: [GC 3705221K->3432516K(4160256K), 0.0046534 secs]
11871.217: [GC 3705156K->3432815K(4160256K), 0.0051745 secs]
11871.641: [GC 3705455K->3432718K(4160256K), 0.0046774 secs]
11872.453: [GC 3705358K->3432683K(4160256K), 0.0065065 secs]
11873.404: [GC 3705323K->3432907K(4160256K), 0.0050828 secs]
11873.677: [GC 3705547K->3433203K(4160256K), 0.0048756 secs]
11880.631: [GC 3593529K(4160256K), 0.0800287 secs]
11890.078: [GC 3701504K->3460332K(4160256K), 0.0212443 secs]
11890.391: [GC 3579288K(4160256K), 0.0879387 secs]
11897.822: [GC 3609570K(4160256K), 0.0845952 secs]
11963.927: [GC 2028851K->1755834K(4160256K), 0.0405937 secs]
12013.164: [GC 1882312K(4160256K), 0.0440178 secs]
12062.621: [GC 2028474K->1744057K(4160256K), 0.0103866 secs]
12106.804: [GC 1886470K(4160256K), 0.0424520 secs]
12148.554: [GC 2006726K->1738041K(4160256K), 0.0140460 secs]
12185.339: [GC 1872342K(4160256K), 0.0485650 secs]
12192.751: [GC 1875516K(4160256K), 0.0443763 secs]
12234.503: [GC 2008044K->1737929K(4160256K), 0.0156778 secs]
12320.441: [GC 2010569K->1745715K(4160256K), 0.0167125 secs]
12394.480: [GC 2018355K->1748313K(4160256K), 0.0228553 secs]
12470.339: [GC 2020953K->1751209K(4160256K), 0.0176506 secs]
12544.446: [GC 2023849K->1747635K(4160256K), 0.0238899 secs]
12619.379: [GC 2020275K->1749927K(4160256K), 0.0223367 secs]
12681.008: [GC 2022567K->1752367K(4160256K), 0.0221580 secs]
12757.499: [GC 2025007K->1758997K(4160256K), 0.0219095 secs]
12819.563: [GC 2031637K->1762242K(4160256K), 0.0217533 secs]
12881.295: [GC 2034882K->1763576K(4160256K), 0.0208613 secs]
12943.323: [GC 2036216K->1761771K(4160256K), 0.0212465 secs]
13173.269: [GC 2034411K->1766341K(4160256K), 0.0247270 secs]
13499.350: [GC 2038981K->1770753K(4160256K), 0.0186368 secs]
13888.483: [GC 2043393K->1772340K(4160256K), 0.0496368 secs]
14331.663: [GC 2044980K->1766745K(4160256K), 0.0423529 secs]
14777.990: [GC 2039385K->1766114K(4160256K), 0.3165363 secs]
15164.867: [GC 2038754K->1767475K(4160256K), 0.0298146 secs]
15226.486: [GC 2040115K->1762803K(4160256K), 0.1019866 secs]
15288.055: [GC 2035443K->1766821K(4160256K), 0.0121566 secs]
15349.556: [GC 2039461K->1768782K(4160256K), 0.0108612 secs]
15410.332: [GC 2041422K->1770850K(4160256K), 0.0172404 secs]
15471.121: [GC 2043490K->1773826K(4160256K), 0.0116813 secs]
15481.150: [GC 2046466K->1806143K(4160256K), 0.5366534 secs]
15483.198: [GC 2078783K->1834568K(4160256K), 0.6803120 secs]
15485.074: [GC 2107208K->1849271K(4160256K), 0.2838365 secs]
15486.734: [GC 2121911K->1879036K(4160256K), 0.1869528 secs]
15488.047: [GC 2151676K->1888421K(4160256K), 0.0904249 secs]
15489.541: [GC 2161061K->1906615K(4160256K), 0.0829967 secs]
15490.960: [GC 2179255K->1923331K(4160256K), 0.2331490 secs]
15492.392: [GC 2195971K->1943739K(4160256K), 0.0905583 secs]
15493.874: [GC 2216379K->1960810K(4160256K), 0.0829604 secs]
15495.298: [GC 2233450K->1978582K(4160256K), 0.0699568 secs]
15496.567: [GC 2251222K->2018542K(4160256K), 0.0995071 secs]
15497.746: [GC 2291182K->2035037K(4160256K), 0.0701300 secs]
15499.013: [GC 2307677K->2048351K(4160256K), 0.0442622 secs]
15500.296: [GC 2320991K->2067669K(4160256K), 0.0740675 secs]
15501.936: [GC 2340309K->2094265K(4160256K), 0.1844551 secs]
15503.245: [GC 2366905K->2112481K(4160256K), 0.0662820 secs]
15504.855: [GC 2385121K->2143774K(4160256K), 0.1035302 secs]
15506.184: [GC 2416414K->2159521K(4160256K), 0.0472750 secs]
15507.459: [GC 2432161K->2174990K(4160256K), 0.0663756 secs]
15509.003: [GC 2447630K->2192833K(4160256K), 0.0591613 secs]
15510.284: [GC 2465473K->2210857K(4160256K), 0.0527077 secs]
15511.806: [GC 2483497K->2230526K(4160256K), 0.0931244 secs]
15512.793: [GC 2503166K->2244245K(4160256K), 0.0553970 secs]
15514.237: [GC 2516885K->2262016K(4160256K), 0.0567706 secs]
15515.497: [GC 2534656K->2283287K(4160256K), 0.0909897 secs]
15516.774: [GC 2555927K->2303841K(4160256K), 0.0458539 secs]
15518.291: [GC 2576481K->2323188K(4160256K), 0.0513514 secs]
15519.822: [GC 2595828K->2350234K(4160256K), 0.0703028 secs]
15521.080: [GC 2622874K->2371244K(4160256K), 0.0861484 secs]
15522.411: [GC 2643884K->2394397K(4160256K), 0.1030129 secs]
15523.561: [GC 2667037K->2405950K(4160256K), 0.0558842 secs]
15524.844: [GC 2678590K->2426170K(4160256K), 0.0786647 secs]
15526.334: [GC 2698810K->2444607K(4160256K), 0.2015624 secs]
15527.763: [GC 2717247K->2462287K(4160256K), 0.0636835 secs]
15529.230: [GC 2734927K->2479122K(4160256K), 0.0419677 secs]
15530.517: [GC 2751762K->2495981K(4160256K), 0.0647544 secs]
15531.849: [GC 2768621K->2518576K(4160256K), 0.1011964 secs]
15532.319: [GC 2666714K(4160256K), 0.1900869 secs]
15532.903: [GC 2791216K->2540625K(4160256K), 0.0959638 secs]
15534.380: [GC 2813265K->2569458K(4160256K), 0.0897536 secs]
15535.710: [GC 2842098K->2588282K(4160256K), 0.0917213 secs]
15537.256: [GC 2860922K->2605707K(4160256K), 0.0998243 secs]
15538.537: [GC 2878347K->2623093K(4160256K), 0.1005453 secs]
15540.087: [GC 2895733K->2664585K(4160256K), 0.1204858 secs]
15541.162: [GC 2937225K->2677062K(4160256K), 0.0420498 secs]
15542.683: [GC 2949702K->2698392K(4160256K), 0.1279275 secs]
15544.166: [GC 2971032K->2719462K(4160256K), 0.1660944 secs]
15545.510: [GC 2992102K->2743721K(4160256K), 0.1354591 secs]
15547.103: [GC 3016361K->2759070K(4160256K), 0.0577267 secs]
15548.316: [GC 3031710K->2772188K(4160256K), 0.0593547 secs]
15549.697: [GC 3044828K->2808359K(4160256K), 0.1482539 secs]
15550.883: [GC 3080999K->2825124K(4160256K), 0.1222886 secs]
15551.700: [GC 2973262K(4160256K), 0.0785447 secs]
15552.249: [GC 3039092K->2783498K(4160256K), 0.0640873 secs]
15553.743: [GC 3044034K->2791571K(4160256K), 0.0956110 secs]
15555.277: [GC 3054424K->2804604K(4160256K), 0.0635747 secs]
15556.516: [GC 3034136K->2781244K(4160256K), 0.0594394 secs]
15557.864: [GC 2970842K->2723695K(4160256K), 0.0619500 secs]
15559.025: [GC 2955731K->2695512K(4160256K), 0.0493976 secs]
15559.706: [GC 2816217K(4160256K), 0.0926171 secs]
15560.404: [GC 2968152K->2714144K(4160256K), 0.0851269 secs]
15561.960: [GC 2986784K->2731942K(4160256K), 0.0458754 secs]
15563.365: [GC 3004582K->2750033K(4160256K), 0.0517744 secs]
15564.872: [GC 3022673K->2767903K(4160256K), 0.0756060 secs]
15566.087: [GC 3040543K->2781634K(4160256K), 0.1600799 secs]
15567.570: [GC 3054274K->2816692K(4160256K), 0.0883691 secs]
15568.694: [GC 3089332K->2849407K(4160256K), 0.1446978 secs]
15570.013: [GC 3122047K->2874963K(4160256K), 0.1068866 secs]
15571.578: [GC 3147603K->2893403K(4160256K), 0.0452234 secs]
15573.123: [GC 3166043K->2909262K(4160256K), 0.0477211 secs]
15574.345: [GC 3181902K->2928234K(4160256K), 0.1065146 secs]
15575.723: [GC 3200874K->2954216K(4160256K), 0.1379408 secs]
15576.925: [GC 3226856K->2967035K(4160256K), 0.0896549 secs]
15578.331: [GC 3239675K->2988341K(4160256K), 0.1140012 secs]
15579.892: [GC 3260981K->3007334K(4160256K), 0.0599182 secs]
15581.091: [GC 3279974K->3030670K(4160256K), 0.3693566 secs]
15582.579: [GC 3303310K->3046892K(4160256K), 0.1312589 secs]
15583.865: [GC 3319532K->3068772K(4160256K), 0.1012820 secs]
15584.850: [GC 3227875K(4160256K), 0.0760014 secs]
15585.469: [GC 3340649K->3085406K(4160256K), 0.1004802 secs]
15586.939: [GC 3344282K->3091758K(4160256K), 0.1879599 secs]
15588.315: [GC 3272499K->3024515K(4160256K), 0.0602248 secs]
15589.448: [GC 3265905K->3016688K(4160256K), 0.0947717 secs]
15590.880: [GC 3283891K->3034202K(4160256K), 0.0606170 secs]
15592.182: [GC 3304813K->3051381K(4160256K), 0.0495461 secs]
15593.707: [GC 3307179K->3054080K(4160256K), 0.1403921 secs]
15594.395: [GC 3169291K(4160256K), 0.0939291 secs]
15595.108: [GC 3326720K->3076589K(4160256K), 0.0621110 secs]
15596.536: [GC 3349229K->3110552K(4160256K), 0.6881097 secs]
15598.223: [GC 3383192K->3124629K(4160256K), 0.1161689 secs]
15599.580: [GC 3397269K->3140705K(4160256K), 0.1336906 secs]
15601.279: [GC 3413345K->3158346K(4160256K), 0.2437305 secs]
15602.747: [GC 3430986K->3177333K(4160256K), 0.2085903 secs]
15604.486: [GC 3449973K->3193205K(4160256K), 0.1289641 secs]
15605.783: [GC 3465845K->3209574K(4160256K), 0.2934745 secs]
15607.510: [GC 3482214K->3240497K(4160256K), 0.2126459 secs]
15609.052: [GC 3513137K->3280949K(4160256K), 0.9132307 secs]
15611.185: [GC 3553589K->3295150K(4160256K), 0.0883774 secs]
15612.499: [GC 3567790K->3311627K(4160256K), 0.1832732 secs]
15613.898: [GC 3584267K->3331432K(4160256K), 0.1875055 secs]
15615.196: [GC 3604072K->3352287K(4160256K), 0.4844806 secs]
15617.158: [GC 3624927K->3385277K(4160256K), 0.8485485 secs]
15619.301: [GC 3657917K->3404418K(4160256K), 0.7012163 secs]
15620.596: [GC 3563521K(4160256K), 0.0754068 secs]
15621.264: [GC 3676872K->3422485K(4160256K), 0.7121138 secs]
15623.546: [GC 3586629K->3356003K(4160256K), 0.0796179 secs]
15624.567: [GC 3603873K->3345540K(4160256K), 0.0374459 secs]
15625.907: [GC 3609934K->3354305K(4160256K), 0.0423574 secs]
15627.488: [GC 3604419K->3350404K(4160256K), 0.0436390 secs]
15628.089: [GC 3465617K(4160256K), 0.0942822 secs]
15628.793: [GC 3623044K->3368655K(4160256K), 0.0469120 secs]
15630.169: [GC 3641295K->3397285K(4160256K), 0.0646739 secs]
15631.352: [GC 3669925K->3413711K(4160256K), 0.1345806 secs]
15632.792: [GC 3686351K->3439766K(4160256K), 0.2003869 secs]
15634.464: [GC 3712406K->3454460K(4160256K), 0.2210571 secs]
15635.904: [GC 3727100K->3476854K(4160256K), 0.1243682 secs]
15637.176: [GC 3749494K->3498826K(4160256K), 0.1669462 secs]
15638.492: [GC 3771466K->3516057K(4160256K), 0.0685106 secs]
15640.195: [GC 3788697K->3541054K(4160256K), 0.1920889 secs]
15641.558: [GC 3813694K->3564957K(4160256K), 0.3228561 secs]
15643.112: [GC 3837597K->3587733K(4160256K), 0.3462999 secs]
15644.640: [GC 3860373K->3600618K(4160256K), 0.0377441 secs]
15646.437: [GC 3873258K->3627600K(4160256K), 0.6027855 secs]
15648.351: [GC 3900240K->3664812K(4160256K), 1.4778471 secs]
15650.205: [GC 3752594K(4160256K), 0.0643480 secs]
15650.984: [GC 3865493K->3615323K(4160256K), 0.0494319 secs]
15651.890: [GC 3873507K->3617560K(4160256K), 0.0263874 secs]
15652.651: [GC 3881721K->3597201K(4160256K), 0.0108577 secs]
15653.438: [GC 3867429K->3601093K(4160256K), 0.0102695 secs]
15654.082: [GC 3828664K->3554547K(4160256K), 0.0134745 secs]
15654.924: [GC 3827187K->3545728K(4160256K), 0.0059693 secs]
15655.186: [GC 3644570K(4160256K), 0.0610362 secs]
15655.753: [GC 3818368K->3551461K(4160256K), 0.0073519 secs]
15656.554: [GC 3824101K->3555060K(4160256K), 0.0065491 secs]
15657.245: [GC 3827700K->3549146K(4160256K), 0.0047576 secs]
15658.000: [GC 3821786K->3547385K(4160256K), 0.0072124 secs]
15658.775: [GC 3820025K->3554441K(4160256K), 0.0077781 secs]
15659.486: [GC 3827081K->3552270K(4160256K), 0.0060992 secs]
15660.218: [GC 3824910K->3547868K(4160256K), 0.0068080 secs]
15660.992: [GC 3820508K->3548234K(4160256K), 0.0060623 secs]
15661.798: [GC 3820874K->3556663K(4160256K), 0.0070863 secs]
15662.460: [GC 3829303K->3549977K(4160256K), 0.0065777 secs]
15663.200: [GC 3822617K->3546016K(4160256K), 0.0076790 secs]
15663.990: [GC 3818656K->3551892K(4160256K), 0.0064276 secs]
15664.751: [GC 3824532K->3557063K(4160256K), 0.0074516 secs]
15665.436: [GC 3829703K->3546359K(4160256K), 0.0069718 secs]
15666.208: [GC 3818999K->3545965K(4160256K), 0.0056255 secs]
15666.993: [GC 3818605K->3552208K(4160256K), 0.0062932 secs]
15667.787: [GC 3824848K->3557642K(4160256K), 0.0075908 secs]
15668.383: [GC 3830282K->3549765K(4160256K), 0.0075899 secs]
15668.839: [GC 3725525K(4160256K), 0.0649336 secs]
15669.179: [GC 3820957K->3547052K(4160256K), 0.0069917 secs]
15669.970: [GC 3802448K->3536041K(4160256K), 0.0066348 secs]
15670.592: [GC 3790053K->3515773K(4160256K), 0.0056906 secs]
15671.445: [GC 3769580K->3491970K(4160256K), 0.0068221 secs]
15672.232: [GC 3761478K->3493663K(4160256K), 0.0073009 secs]
15673.007: [GC 3765597K->3498006K(4160256K), 0.0076720 secs]
15673.716: [GC 3766273K->3482022K(4160256K), 0.0072239 secs]
15674.446: [GC 3717586K->3447812K(4160256K), 0.0068926 secs]
15674.741: [GC 3558094K(4160256K), 0.0684747 secs]
15675.274: [GC 3720452K->3453548K(4160256K), 0.0064411 secs]
15675.854: [GC 3726188K->3451324K(4160256K), 0.0072769 secs]
15676.703: [GC 3723964K->3443279K(4160256K), 0.0052486 secs]
15677.472: [GC 3715919K->3449861K(4160256K), 0.0070187 secs]
15678.233: [GC 3722501K->3457757K(4160256K), 0.0074812 secs]
15678.830: [GC 3730397K->3445191K(4160256K), 0.0068070 secs]
15679.538: [GC 3717831K->3444206K(4160256K), 0.0068359 secs]
15680.284: [GC 3716846K->3450513K(4160256K), 0.0062396 secs]
15681.028: [GC 3723153K->3456081K(4160256K), 0.0072769 secs]
15681.572: [GC 3728721K->3447928K(4160256K), 0.0047974 secs]
15681.759: [GC 3720568K->3441595K(4160256K), 0.0068894 secs]
15682.081: [GC 3714235K->3443256K(4160256K), 0.0069815 secs]
15682.356: [GC 3715896K->3445706K(4160256K), 0.0055401 secs]
15682.548: [GC 3718346K->3447932K(4160256K), 0.0075039 secs]
15682.805: [GC 3720572K->3448004K(4160256K), 0.0059799 secs]
15683.101: [GC 3720644K->3451352K(4160256K), 0.0063891 secs]
15683.312: [GC 3723992K->3453280K(4160256K), 0.0061537 secs]
15683.626: [GC 3725920K->3455054K(4160256K), 0.0062961 secs]
15684.004: [GC 3727694K->3459846K(4160256K), 0.0062387 secs]
15684.344: [GC 3732486K->3451853K(4160256K), 0.0069051 secs]
15684.669: [GC 3724493K->3444942K(4160256K), 0.0068480 secs]
15685.400: [GC 3717582K->3449329K(4160256K), 0.0063310 secs]
15686.140: [GC 3721969K->3455560K(4160256K), 0.0070690 secs]
15686.885: [GC 3728200K->3464060K(4160256K), 0.0066325 secs]
15687.529: [GC 3736700K->3454659K(4160256K), 0.0046335 secs]
15688.216: [GC 3727299K->3449975K(4160256K), 0.0068416 secs]
15688.941: [GC 3722615K->3455228K(4160256K), 0.0064536 secs]
15689.689: [GC 3727868K->3461109K(4160256K), 0.0065341 secs]
15690.271: [GC 3733749K->3454548K(4160256K), 0.0065491 secs]
15690.992: [GC 3727188K->3450465K(4160256K), 0.0069391 secs]
15691.735: [GC 3723105K->3456129K(4160256K), 0.0074837 secs]
15692.412: [GC 3728769K->3462195K(4160256K), 0.0078734 secs]
15693.066: [GC 3734835K->3455889K(4160256K), 0.0067108 secs]
15693.551: [GC 3642351K(4160256K), 0.0735530 secs]
15693.860: [GC 3728529K->3452044K(4160256K), 0.0072191 secs]
15694.616: [GC 3724671K->3459692K(4160256K), 0.0071126 secs]
15695.267: [GC 3732300K->3456030K(4160256K), 0.0058419 secs]
15696.113: [GC 3728631K->3454481K(4160256K), 0.0068426 secs]
15696.859: [GC 3727096K->3453441K(4160256K), 0.0070293 secs]
15697.666: [GC 3726062K->3461304K(4160256K), 0.0071194 secs]
15698.258: [GC 3733943K->3450459K(4160256K), 0.0067842 secs]
15698.976: [GC 3723099K->3450883K(4160256K), 0.0056518 secs]
15699.721: [GC 3723523K->3456428K(4160256K), 0.0071402 secs]
15700.426: [GC 3729041K->3459453K(4160256K), 0.0074116 secs]
15701.118: [GC 3732091K->3452543K(4160256K), 0.0067300 secs]
15701.887: [GC 3725117K->3450091K(4160256K), 0.0056479 secs]
15702.197: [GC 3565326K(4160256K), 0.0743706 secs]
15702.715: [GC 3722731K->3456340K(4160256K), 0.0062169 secs]
15703.429: [GC 3728980K->3462471K(4160256K), 0.0062509 secs]
15704.691: [GC 3735111K->3452844K(4160256K), 0.0068737 secs]
15705.429: [GC 3725484K->3451989K(4160256K), 0.0069850 secs]
15706.202: [GC 3724629K->3458261K(4160256K), 0.0071649 secs]
15706.943: [GC 3730901K->3460612K(4160256K), 0.0074379 secs]
15707.656: [GC 3733252K->3453281K(4160256K), 0.0067040 secs]
15708.407: [GC 3725921K->3452726K(4160256K), 0.0069455 secs]
15709.172: [GC 3725366K->3457351K(4160256K), 0.0073721 secs]
15709.926: [GC 3729991K->3460411K(4160256K), 0.0063468 secs]
15710.387: [GC 3733051K->3453296K(4160256K), 0.0066402 secs]
15710.567: [GC 3725936K->3445672K(4160256K), 0.0054901 secs]
15710.898: [GC 3718312K->3447929K(4160256K), 0.0054773 secs]
15711.246: [GC 3720569K->3450737K(4160256K), 0.0073737 secs]
15711.416: [GC 3723377K->3451012K(4160256K), 0.0057932 secs]
15711.757: [GC 3723652K->3455041K(4160256K), 0.0071701 secs]
15711.955: [GC 3727681K->3459501K(4160256K), 0.0067044 secs]
15712.200: [GC 3732141K->3461413K(4160256K), 0.0073314 secs]
15712.541: [GC 3734053K->3464302K(4160256K), 0.0061171 secs]
15713.016: [GC 3736942K->3459591K(4160256K), 0.0059622 secs]
15713.242: [GC 3732231K->3459149K(4160256K), 0.0069725 secs]
15713.682: [GC 3731789K->3451746K(4160256K), 0.0071162 secs]
15714.419: [GC 3724386K->3454985K(4160256K), 0.0057945 secs]
15715.182: [GC 3727625K->3460875K(4160256K), 0.0063503 secs]
15715.969: [GC 3733515K->3468300K(4160256K), 0.0066672 secs]
15716.626: [GC 3740940K->3459796K(4160256K), 0.0048435 secs]
15717.354: [GC 3732436K->3455559K(4160256K), 0.0073413 secs]
15718.122: [GC 3728199K->3461766K(4160256K), 0.0071110 secs]
15718.904: [GC 3734406K->3467037K(4160256K), 0.0064731 secs]
15719.580: [GC 3739677K->3459781K(4160256K), 0.0046097 secs]
15720.314: [GC 3732421K->3455192K(4160256K), 0.0073109 secs]
15721.095: [GC 3727832K->3462369K(4160256K), 0.0073711 secs]
15721.898: [GC 3735009K->3466254K(4160256K), 0.0065742 secs]
15722.570: [GC 3738894K->3459842K(4160256K), 0.0081511 secs]
15722.969: [GC 3612848K(4160256K), 0.0750861 secs]
15723.380: [GC 3732440K->3455506K(4160256K), 0.0069712 secs]
15724.177: [GC 3727827K->3460885K(4160256K), 0.0071040 secs]
15724.958: [GC 3733396K->3465947K(4160256K), 0.0073317 secs]
15725.500: [GC 3738494K->3458371K(4160256K), 0.0046771 secs]
15725.728: [GC 3730984K->3447354K(4160256K), 0.0067817 secs]
15726.017: [GC 3719994K->3446082K(4160256K), 0.0046739 secs]
15726.686: [GC 3718585K->3445780K(4160256K), 0.0047685 secs]
15727.239: [GC 3718420K->3445814K(4160256K), 0.0066232 secs]
15727.500: [GC 3718454K->3445753K(4160256K), 0.0062512 secs]
15727.730: [GC 3718393K->3445682K(4160256K), 0.0066495 secs]
15728.020: [GC 3718321K->3445732K(4160256K), 0.0044660 secs]
15728.752: [GC 3718072K->3445381K(4160256K), 0.0067031 secs]
15729.035: [GC 3713483K->3440877K(4160256K), 0.0046764 secs]
15729.306: [GC 3713517K->3440986K(4160256K), 0.0048172 secs]
15729.456: [GC 3561155K(4160256K), 0.0476888 secs]
15729.787: [GC 3713626K->3440680K(4160256K), 0.0046315 secs]
15731.281: [GC 3713320K->3440561K(4160256K), 0.0087368 secs]
15731.609: [GC 3713201K->3441148K(4160256K), 0.0066284 secs]
15731.889: [GC 3713788K->3441465K(4160256K), 0.0048307 secs]
15741.087: [GC 3574302K(4160256K), 0.0649304 secs]
15747.990: [GC 3708681K->3448367K(4160256K), 0.0129222 secs]
15772.609: [GC 3576399K(4160256K), 0.0629830 secs]
15779.792: [GC 3594875K(4160256K), 0.0655103 secs]
15833.972: [GC 2209091K->1940699K(4160256K), 0.0148513 secs]
15932.258: [GC 2021668K->1752564K(4160256K), 0.0148205 secs]
15981.565: [GC 1886764K(4160256K), 0.0521548 secs]
16018.601: [GC 2025204K->1758329K(4160256K), 0.0152949 secs]
16104.827: [GC 2030969K->1762613K(4160256K), 0.0473032 secs]
16192.415: [GC 2035253K->1762625K(4160256K), 0.0146332 secs]
16283.467: [GC 2035265K->1770736K(4160256K), 0.0159065 secs]
16358.018: [GC 2043376K->1764402K(4160256K), 0.0754828 secs]
16431.997: [GC 2037042K->1769128K(4160256K), 0.0290465 secs]
16505.803: [GC 2041768K->1772998K(4160256K), 0.0221009 secs]
16567.727: [GC 2045638K->1775913K(4160256K), 0.0204989 secs]
16689.802: [GC 2048553K->1775484K(4160256K), 0.0207943 secs]
16915.445: [GC 1909670K(4160256K), 0.0119578 secs]
17137.898: [GC 2027658K->1759060K(4160256K), 0.0603957 secs]
17543.419: [GC 2031700K->1758762K(4160256K), 0.0513145 secs]
18030.640: [GC 2031402K->1758847K(4160256K), 0.0826426 secs]
18478.866: [GC 2031487K->1755550K(4160256K), 0.0586690 secs]
18790.246: [GC 2028190K->1756181K(4160256K), 0.0872870 secs]
18852.561: [GC 2028821K->1753976K(4160256K), 0.0478680 secs]
18914.380: [GC 2026616K->1756931K(4160256K), 0.0089440 secs]
18989.640: [GC 2029571K->1760760K(4160256K), 0.0148266 secs]
19051.674: [GC 2033400K->1761606K(4160256K), 0.0108118 secs]
19113.050: [GC 2034246K->1765109K(4160256K), 0.0119264 secs]
19161.848: [GC 2037749K->1768572K(4160256K), 0.0118330 secs]
19222.742: [GC 2041212K->1770336K(4160256K), 0.0232292 secs]
19283.569: [GC 2042976K->1767784K(4160256K), 0.0498023 secs]
19339.439: [GC 2040424K->1791244K(4160256K), 0.1775855 secs]
19340.967: [GC 2063884K->1836679K(4160256K), 0.4799450 secs]
19342.639: [GC 2109319K->1856128K(4160256K), 0.1232796 secs]
19344.044: [GC 2128768K->1864377K(4160256K), 0.0641729 secs]
19345.365: [GC 2137017K->1883614K(4160256K), 0.0976726 secs]
19346.962: [GC 2156254K->1906876K(4160256K), 0.1123607 secs]
19348.280: [GC 2179516K->1914791K(4160256K), 0.1214778 secs]
19349.921: [GC 2187431K->1945324K(4160256K), 0.1321633 secs]
19351.183: [GC 2217964K->1953876K(4160256K), 0.0385017 secs]
19352.664: [GC 2226516K->1985286K(4160256K), 0.1463027 secs]
19353.966: [GC 2257926K->2000041K(4160256K), 0.0764453 secs]
19355.243: [GC 2272681K->2017734K(4160256K), 0.0713176 secs]
19356.724: [GC 2290374K->2035943K(4160256K), 0.1004167 secs]
19358.520: [GC 2308583K->2055844K(4160256K), 0.1340646 secs]
19359.794: [GC 2328484K->2082921K(4160256K), 0.6972400 secs]
19361.978: [GC 2355561K->2118600K(4160256K), 1.0569198 secs]
19364.137: [GC 2391240K->2134824K(4160256K), 0.4515175 secs]
19365.793: [GC 2407464K->2156490K(4160256K), 0.6875779 secs]
19368.043: [GC 2429130K->2175261K(4160256K), 0.8573398 secs]
19370.062: [GC 2447901K->2199652K(4160256K), 0.8684810 secs]
19372.257: [GC 2472292K->2232195K(4160256K), 1.4043255 secs]
19374.636: [GC 2504835K->2252132K(4160256K), 1.2566460 secs]
19377.132: [GC 2524772K->2270185K(4160256K), 0.9684310 secs]
19379.526: [GC 2542825K->2289499K(4160256K), 1.0837741 secs]
19381.975: [GC 2562139K->2307732K(4160256K), 0.6100184 secs]
19384.002: [GC 2580372K->2326470K(4160256K), 0.3304729 secs]
19385.658: [GC 2599110K->2341395K(4160256K), 0.1734643 secs]
19387.124: [GC 2614035K->2365720K(4160256K), 0.1982820 secs]
19388.332: [GC 2638360K->2386230K(4160256K), 0.1701204 secs]
19390.108: [GC 2658870K->2415624K(4160256K), 0.2230106 secs]
19391.586: [GC 2688264K->2435824K(4160256K), 0.0897771 secs]
19393.094: [GC 2708464K->2456542K(4160256K), 0.0823042 secs]
19394.361: [GC 2729182K->2470176K(4160256K), 0.0941180 secs]
19395.851: [GC 2742816K->2488773K(4160256K), 0.0996880 secs]
19396.992: [GC 2761413K->2499850K(4160256K), 0.1027522 secs]
19398.476: [GC 2772490K->2520569K(4160256K), 0.2585312 secs]
19399.864: [GC 2793209K->2552100K(4160256K), 0.1895549 secs]
19401.216: [GC 2824740K->2569106K(4160256K), 0.0763994 secs]
19402.692: [GC 2841746K->2587104K(4160256K), 0.0841295 secs]
19404.240: [GC 2859744K->2608225K(4160256K), 0.0525034 secs]
19405.461: [GC 2880865K->2630422K(4160256K), 0.0565660 secs]
19406.764: [GC 2903062K->2657722K(4160256K), 0.0805707 secs]
19407.400: [GC 2794494K(4160256K), 0.1138661 secs]
19407.923: [GC 2930362K->2672139K(4160256K), 0.0798116 secs]
19409.234: [GC 2944779K->2688976K(4160256K), 0.0802747 secs]
19410.746: [GC 2961616K->2710553K(4160256K), 0.1283750 secs]
19412.041: [GC 2983193K->2729632K(4160256K), 0.0861603 secs]
19413.686: [GC 3002272K->2772330K(4160256K), 0.5086932 secs]
19415.049: [GC 3044970K->2785031K(4160256K), 0.0380026 secs]
19416.510: [GC 3057671K->2805758K(4160256K), 0.0893697 secs]
19417.859: [GC 3078398K->2823955K(4160256K), 0.2617907 secs]
19419.543: [GC 3096595K->2849956K(4160256K), 0.0997364 secs]
19421.111: [GC 3122596K->2867986K(4160256K), 0.1157305 secs]
19423.244: [GC 3140626K->2885747K(4160256K), 0.0827985 secs]
19424.507: [GC 3158387K->2904990K(4160256K), 0.2938516 secs]
19425.742: [GC 3177630K->2921896K(4160256K), 0.0733263 secs]
19427.236: [GC 3194536K->2935707K(4160256K), 0.0809681 secs]
19428.559: [GC 3208347K->2953468K(4160256K), 0.1428193 secs]
19430.183: [GC 3226108K->2971634K(4160256K), 0.1101301 secs]
19431.474: [GC 3244274K->2991134K(4160256K), 0.0993583 secs]
19433.028: [GC 3263774K->3034085K(4160256K), 0.3165440 secs]
19434.260: [GC 3306725K->3046154K(4160256K), 0.0487228 secs]
19435.750: [GC 3318794K->3068914K(4160256K), 0.1024061 secs]
19437.056: [GC 3341554K->3088088K(4160256K), 0.0912485 secs]
19438.341: [GC 3360728K->3105094K(4160256K), 0.0897123 secs]
19439.921: [GC 3377734K->3126832K(4160256K), 0.1332438 secs]
19441.394: [GC 3399472K->3144769K(4160256K), 0.1147141 secs]
19442.760: [GC 3417409K->3162436K(4160256K), 0.1639045 secs]
19443.281: [GC 3310146K(4160256K), 0.0760640 secs]
19444.033: [GC 3378868K->3125296K(4160256K), 0.0636049 secs]
19445.517: [GC 3286386K->3023542K(4160256K), 0.0526603 secs]
19446.798: [GC 3283190K->3032857K(4160256K), 0.0602745 secs]
19448.373: [GC 3255923K->3007298K(4160256K), 0.1220009 secs]
19449.685: [GC 3202635K->2948541K(4160256K), 0.0533286 secs]
19450.700: [GC 3210478K->2958410K(4160256K), 0.0450688 secs]
19451.297: [GC 3073296K(4160256K), 0.0943191 secs]
19452.161: [GC 3231050K->2982260K(4160256K), 0.0582148 secs]
19453.574: [GC 3254900K->3006808K(4160256K), 0.1091708 secs]
19455.031: [GC 3279448K->3020867K(4160256K), 0.0552834 secs]
19456.216: [GC 3293507K->3060904K(4160256K), 0.1733081 secs]
19457.320: [GC 3333544K->3079985K(4160256K), 0.0507061 secs]
19458.792: [GC 3352625K->3115296K(4160256K), 0.1330392 secs]
19460.202: [GC 3387936K->3135515K(4160256K), 0.1078731 secs]
19461.774: [GC 3408155K->3160197K(4160256K), 0.0946142 secs]
19463.039: [GC 3432837K->3179583K(4160256K), 0.0578066 secs]
19464.273: [GC 3452223K->3206161K(4160256K), 1.0430832 secs]
19466.056: [GC 3353873K(4160256K), 0.0706306 secs]
19466.477: [GC 3473894K->3214972K(4160256K), 1.5400668 secs]
19469.221: [GC 3469849K->3218205K(4160256K), 1.1480204 secs]
19471.849: [GC 3485543K->3231805K(4160256K), 0.8891672 secs]
19473.937: [GC 3497269K->3244516K(4160256K), 1.5475181 secs]
19476.844: [GC 3353278K->3113422K(4160256K), 0.2711000 secs]
19478.359: [GC 3383952K->3130962K(4160256K), 0.2884539 secs]
19478.993: [GC 3234908K(4160256K), 0.0868845 secs]
19479.874: [GC 3403602K->3150760K(4160256K), 0.4515935 secs]
19481.436: [GC 3423400K->3172654K(4160256K), 0.8987017 secs]
19483.512: [GC 3445294K->3191491K(4160256K), 1.9571891 secs]
19486.576: [GC 3464131K->3209832K(4160256K), 1.5101284 secs]
19489.585: [GC 3482472K->3235610K(4160256K), 1.2237925 secs]
19492.242: [GC 3508250K->3250136K(4160256K), 1.1609943 secs]
19494.540: [GC 3522776K->3268086K(4160256K), 1.1797055 secs]
19496.891: [GC 3540726K->3288248K(4160256K), 1.1383728 secs]
19499.266: [GC 3560888K->3309001K(4160256K), 0.9706180 secs]
19501.745: [GC 3581641K->3330806K(4160256K), 0.9188507 secs]
19503.678: [GC 3603446K->3347237K(4160256K), 0.8485238 secs]
19505.702: [GC 3619877K->3370889K(4160256K), 0.7851848 secs]
19508.023: [GC 3643529K->3392415K(4160256K), 0.8202557 secs]
19509.990: [GC 3665055K->3414244K(4160256K), 0.6779329 secs]
19512.252: [GC 3686884K->3447250K(4160256K), 1.0503151 secs]
19514.396: [GC 3719890K->3465181K(4160256K), 0.7579780 secs]
19515.786: [GC 3618364K(4160256K), 0.0695995 secs]
19516.428: [GC 3737815K->3488816K(4160256K), 0.9451017 secs]
19518.872: [GC 3761344K->3507237K(4160256K), 0.8300980 secs]
19520.826: [GC 3740213K->3489373K(4160256K), 0.7193031 secs]
19522.542: [GC 3729076K->3483387K(4160256K), 0.9292613 secs]
19524.935: [GC 3696687K->3446808K(4160256K), 0.2960428 secs]
19526.673: [GC 3703422K->3447300K(4160256K), 0.0710629 secs]
19527.280: [GC 3562185K(4160256K), 0.0960331 secs]
19527.870: [GC 3719940K->3465018K(4160256K), 0.0627271 secs]
19529.330: [GC 3737658K->3492400K(4160256K), 0.5179351 secs]
19531.247: [GC 3765040K->3515233K(4160256K), 0.5610224 secs]
19532.921: [GC 3787873K->3545264K(4160256K), 0.4587613 secs]
19534.648: [GC 3817904K->3563242K(4160256K), 0.1928073 secs]
19536.126: [GC 3835882K->3870185K(4160256K), 0.4951302 secs]
19538.455: [Full GC 3870185K->3418100K(4160256K), 11.0548412 secs]
19549.802: [GC 3505634K(4160256K), 0.0771563 secs]
19551.034: [GC 3690740K->3482181K(4160256K), 0.0737551 secs]
19552.296: [GC 3754821K->3502202K(4160256K), 0.0386890 secs]
19553.035: [GC 3774842K->3496883K(4160256K), 0.0123257 secs]
19553.818: [GC 3769523K->3508365K(4160256K), 0.0256026 secs]
19554.663: [GC 3781005K->3505858K(4160256K), 0.0190781 secs]
19555.420: [GC 3778498K->3498971K(4160256K), 0.0047419 secs]
19556.176: [GC 3771611K->3494200K(4160256K), 0.0055228 secs]
19556.949: [GC 3766840K->3501284K(4160256K), 0.0068968 secs]
19557.631: [GC 3773924K->3506210K(4160256K), 0.0063201 secs]
19558.522: [GC 3778850K->3498067K(4160256K), 0.0051473 secs]
19559.280: [GC 3770707K->3499958K(4160256K), 0.0068615 secs]
19560.061: [GC 3772598K->3505045K(4160256K), 0.0068064 secs]
19560.665: [GC 3777685K->3502059K(4160256K), 0.0057964 secs]
19561.490: [GC 3774699K->3493817K(4160256K), 0.0054045 secs]
19562.042: [GC 3691046K(4160256K), 0.0587809 secs]
19562.330: [GC 3766457K->3501339K(4160256K), 0.0063654 secs]
19563.128: [GC 3773311K->3504214K(4160256K), 0.0064683 secs]
19564.139: [GC 3769346K->3491101K(4160256K), 0.0049600 secs]
19564.906: [GC 3763126K->3486579K(4160256K), 0.0056777 secs]
19565.699: [GC 3744831K->3481783K(4160256K), 0.0078599 secs]
19565.980: [GC 3580543K(4160256K), 0.0642297 secs]
19566.444: [GC 3754423K->3481539K(4160256K), 0.0063548 secs]
19567.262: [GC 3754179K->3471373K(4160256K), 0.0052986 secs]
19568.024: [GC 3744013K->3474738K(4160256K), 0.0068137 secs]
19568.815: [GC 3747378K->3484048K(4160256K), 0.0066101 secs]
19569.408: [GC 3756688K->3483375K(4160256K), 0.0075774 secs]
19570.254: [GC 3756015K->3471890K(4160256K), 0.0052800 secs]
19571.024: [GC 3744530K->3477056K(4160256K), 0.0063054 secs]
19571.834: [GC 3749696K->3480579K(4160256K), 0.0065687 secs]
19572.516: [GC 3753219K->3476123K(4160256K), 0.0057849 secs]
19573.265: [GC 3748763K->3472573K(4160256K), 0.0057162 secs]
19574.043: [GC 3745213K->3481389K(4160256K), 0.0064625 secs]
19574.688: [GC 3754029K->3478406K(4160256K), 0.0059452 secs]
19575.535: [GC 3751046K->3470461K(4160256K), 0.0052913 secs]
19576.304: [GC 3743101K->3476774K(4160256K), 0.0062230 secs]
19577.056: [GC 3749414K->3481257K(4160256K), 0.0064821 secs]
19577.875: [GC 3753897K->3476102K(4160256K), 0.0157872 secs]
19578.644: [GC 3748742K->3471130K(4160256K), 0.0055498 secs]
19579.419: [GC 3743770K->3478469K(4160256K), 0.0064128 secs]
19580.182: [GC 3751109K->3482216K(4160256K), 0.0063035 secs]
19580.541: [GC 3624870K(4160256K), 0.0422442 secs]
19580.914: [GC 3754833K->3475004K(4160256K), 0.0050767 secs]
19581.665: [GC 3747470K->3472286K(4160256K), 0.0057451 secs]
19582.454: [GC 3743441K->3478858K(4160256K), 0.0066126 secs]
19583.081: [GC 3750844K->3478892K(4160256K), 0.0072829 secs]
19583.588: [GC 3749843K->3465260K(4160256K), 0.0206923 secs]
19583.811: [GC 3737890K->3464880K(4160256K), 0.0076643 secs]
19584.136: [GC 3737476K->3466992K(4160256K), 0.0054135 secs]
19584.396: [GC 3739450K->3469579K(4160256K), 0.0056832 secs]
19584.594: [GC 3742185K->3474327K(4160256K), 0.0409773 secs]
19584.968: [GC 3746937K->3471914K(4160256K), 0.0060831 secs]
19585.179: [GC 3744540K->3478556K(4160256K), 0.0263300 secs]
19585.445: [GC 3751194K->3478907K(4160256K), 0.0058965 secs]
19585.796: [GC 3723138K->3449895K(4160256K), 0.0060985 secs]
19585.956: [GC 3557349K(4160256K), 0.0566468 secs]
19586.286: [GC 3722535K->3452503K(4160256K), 0.0058015 secs]
19586.499: [GC 3725143K->3440782K(4160256K), 0.0518860 secs]
19587.255: [GC 3713422K->3439377K(4160256K), 0.0056389 secs]
19587.994: [GC 3712017K->3445461K(4160256K), 0.0060074 secs]
19588.739: [GC 3718101K->3451996K(4160256K), 0.0064132 secs]
19589.471: [GC 3724636K->3451979K(4160256K), 0.0063317 secs]
19590.286: [GC 3724619K->3447457K(4160256K), 0.0051165 secs]
19591.008: [GC 3720097K->3445074K(4160256K), 0.0058134 secs]
19591.758: [GC 3717714K->3450928K(4160256K), 0.0064067 secs]
19592.376: [GC 3723568K->3449014K(4160256K), 0.0452760 secs]
19593.379: [GC 3721654K->3446659K(4160256K), 0.0051973 secs]
19594.123: [GC 3719299K->3445715K(4160256K), 0.0058163 secs]
19594.885: [GC 3718355K->3454566K(4160256K), 0.0067153 secs]
19595.475: [GC 3727206K->3447368K(4160256K), 0.0058208 secs]
19596.369: [GC 3720008K->3444840K(4160256K), 0.0052993 secs]
19597.121: [GC 3717480K->3446969K(4160256K), 0.0072813 secs]
19597.909: [GC 3719609K->3456168K(4160256K), 0.0068506 secs]
19598.833: [GC 3728808K->3449391K(4160256K), 0.0047624 secs]
19599.563: [GC 3722031K->3443641K(4160256K), 0.0057534 secs]
19600.321: [GC 3716281K->3450897K(4160256K), 0.0063599 secs]
19600.995: [GC 3723537K->3454217K(4160256K), 0.0062521 secs]
19601.755: [GC 3726857K->3446921K(4160256K), 0.0067509 secs]
19602.496: [GC 3719561K->3445293K(4160256K), 0.0058798 secs]
19603.264: [GC 3717933K->3453724K(4160256K), 0.0076274 secs]
19604.094: [GC 3726364K->3447210K(4160256K), 0.0045841 secs]
19604.824: [GC 3719850K->3442683K(4160256K), 0.0052521 secs]
19605.329: [GC 3623115K(4160256K), 0.0725482 secs]
19605.663: [GC 3715323K->3446951K(4160256K), 0.0058394 secs]
19606.410: [GC 3719575K->3454539K(4160256K), 0.0064366 secs]
19607.026: [GC 3727177K->3450846K(4160256K), 0.0058349 secs]
19608.036: [GC 3723476K->3445165K(4160256K), 0.0055350 secs]
19608.802: [GC 3717763K->3446696K(4160256K), 0.0074831 secs]
19609.593: [GC 3719303K->3453640K(4160256K), 0.0065107 secs]
19610.219: [GC 3726273K->3451376K(4160256K), 0.0058426 secs]
19611.230: [GC 3724013K->3443122K(4160256K), 0.0052739 secs]
19611.991: [GC 3715761K->3446937K(4160256K), 0.0058808 secs]
19612.777: [GC 3719543K->3455516K(4160256K), 0.0065030 secs]
19613.392: [GC 3728075K->3450916K(4160256K), 0.0060350 secs]
19613.775: [GC 3565655K(4160256K), 0.0774129 secs]
19613.970: [GC 3723556K->3445262K(4160256K), 0.0052335 secs]
19614.152: [GC 3717902K->3440934K(4160256K), 0.0053285 secs]
19614.475: [GC 3713574K->3443828K(4160256K), 0.0055940 secs]
19614.772: [GC 3716468K->3446262K(4160256K), 0.0058737 secs]
19614.938: [GC 3718902K->3447019K(4160256K), 0.0069484 secs]
19615.279: [GC 3719659K->3449458K(4160256K), 0.0070822 secs]
19615.488: [GC 3722098K->3453867K(4160256K), 0.0073436 secs]
19615.767: [GC 3726507K->3457930K(4160256K), 0.0246382 secs]
19616.177: [GC 3730570K->3456773K(4160256K), 0.0062467 secs]
19616.586: [GC 3729413K->3451310K(4160256K), 0.0048156 secs]
19616.829: [GC 3723950K->3441441K(4160256K), 0.0051162 secs]
19617.498: [GC 3714081K->3446233K(4160256K), 0.0657669 secs]
19618.324: [GC 3718873K->3452742K(4160256K), 0.0060251 secs]
19619.108: [GC 3725382K->3460052K(4160256K), 0.0067329 secs]
19619.746: [GC 3732692K->3455895K(4160256K), 0.0060841 secs]
19620.551: [GC 3728535K->3452897K(4160256K), 0.0053968 secs]
19621.301: [GC 3725537K->3452018K(4160256K), 0.0061534 secs]
19622.083: [GC 3724658K->3459951K(4160256K), 0.0065187 secs]
19622.783: [GC 3732591K->3455092K(4160256K), 0.0062502 secs]
19623.670: [GC 3727732K->3451325K(4160256K), 0.0050963 secs]
19624.439: [GC 3723965K->3452195K(4160256K), 0.0067675 secs]
19625.227: [GC 3724835K->3455815K(4160256K), 0.0063820 secs]
19625.909: [GC 3728455K->3454818K(4160256K), 0.0062640 secs]
19626.772: [GC 3727458K->3450809K(4160256K), 0.0052027 secs]
19627.544: [GC 3723449K->3451047K(4160256K), 0.0057294 secs]
19628.316: [GC 3723687K->3458451K(4160256K), 0.0064471 secs]
19629.041: [GC 3731091K->3451818K(4160256K), 0.0045132 secs]
19629.433: [GC 3724458K->3442034K(4160256K), 0.0057647 secs]
19629.666: [GC 3714674K->3440067K(4160256K), 0.0047140 secs]
19630.344: [GC 3712707K->3439693K(4160256K), 0.0047547 secs]
19630.625: [GC 3712333K->3439675K(4160256K), 0.0046271 secs]
19631.179: [GC 3712315K->3439840K(4160256K), 0.0047746 secs]
19631.395: [GC 3712480K->3440428K(4160256K), 0.0068724 secs]
19631.670: [GC 3713068K->3440660K(4160256K), 0.0052768 secs]
19632.388: [GC 3713300K->3440110K(4160256K), 0.0046957 secs]
19632.674: [GC 3712750K->3439872K(4160256K), 0.0057076 secs]
19632.951: [GC 3712512K->3439986K(4160256K), 0.0047031 secs]
19633.307: [GC 3712626K->3440214K(4160256K), 0.0054718 secs]
19633.976: [GC 3712854K->3439807K(4160256K), 0.0050379 secs]
19635.167: [GC 3712447K->3440024K(4160256K), 0.0069901 secs]
19635.445: [GC 3712664K->3440275K(4160256K), 0.0048272 secs]
19651.560: [GC 3712915K->3458883K(4160256K), 0.0141644 secs]
19676.769: [GC 3731523K->3456556K(4160256K), 0.0163039 secs]
19731.385: [GC 3572929K(4160256K), 0.0412708 secs]
19787.392: [GC 3719368K->3449298K(4160256K), 0.0138440 secs]
19836.652: [GC 3569638K(4160256K), 0.0450652 secs]
19844.039: [GC 3601602K(4160256K), 0.0480117 secs]
19886.135: [GC 2087941K->1817980K(4160256K), 0.0350074 secs]
19972.270: [GC 2012445K->1747169K(4160256K), 0.0160813 secs]
20009.344: [GC 1875290K(4160256K), 0.0492131 secs]
20046.642: [GC 2019809K->1751041K(4160256K), 0.0302181 secs]
20090.861: [GC 1882765K(4160256K), 0.0444418 secs]
20132.754: [GC 2015759K->1747163K(4160256K), 0.0399632 secs]
20169.629: [GC 1882614K(4160256K), 0.0520381 secs]
20206.586: [GC 2019803K->1745466K(4160256K), 0.0156230 secs]
20395.200: [GC 1881914K(4160256K), 0.0209646 secs]
20644.146: [GC 2014283K->1753932K(4160256K), 0.0499107 secs]
21104.335: [GC 2026572K->1744462K(4160256K), 0.6857614 secs]
21540.066: [GC 2017102K->1747250K(4160256K), 0.2498890 secs]
21941.958: [GC 2019890K->1743817K(4160256K), 0.0829152 secs]
22373.420: [GC 2016457K->1741514K(4160256K), 0.0403692 secs]
22447.506: [GC 2014154K->1740905K(4160256K), 0.0869784 secs]
22521.071: [GC 2013545K->1743790K(4160256K), 0.0132339 secs]
22594.682: [GC 2016430K->1747120K(4160256K), 0.0440351 secs]
22656.176: [GC 2019760K->1752131K(4160256K), 0.0196295 secs]
22729.792: [GC 2024771K->1750012K(4160256K), 0.0250987 secs]
22791.312: [GC 2022652K->1755958K(4160256K), 0.0401463 secs]
22852.844: [GC 2028598K->1758143K(4160256K), 0.1918605 secs]
22926.541: [GC 2030783K->1761581K(4160256K), 0.0675280 secs]
22987.983: [GC 2034221K->1766985K(4160256K), 0.1173530 secs]
23048.923: [GC 2039625K->1763879K(4160256K), 0.0353089 secs]
23100.912: [GC 2036519K->1764852K(4160256K), 0.0568255 secs]
23158.732: [GC 2037492K->1769254K(4160256K), 0.0634208 secs]
23220.488: [GC 2041894K->1776174K(4160256K), 0.0430232 secs]
23243.641: [GC 2048814K->1799000K(4160256K), 0.3155844 secs]
23245.513: [GC 2071640K->1833163K(4160256K), 0.2806020 secs]
23246.999: [GC 2105803K->1847648K(4160256K), 0.1317672 secs]
23248.294: [GC 2120288K->1874235K(4160256K), 0.1585055 secs]
23249.656: [GC 2146875K->1882327K(4160256K), 0.0363599 secs]
23250.938: [GC 2154967K->1909127K(4160256K), 0.1318936 secs]
23252.606: [GC 2181767K->1925172K(4160256K), 0.0692358 secs]
23253.857: [GC 2197812K->1943401K(4160256K), 0.5064869 secs]
23255.804: [GC 2216041K->1960575K(4160256K), 0.9417473 secs]
23258.082: [GC 2233215K->1972711K(4160256K), 0.4005044 secs]
23259.667: [GC 2245351K->2007326K(4160256K), 0.8310024 secs]
23261.503: [GC 2279966K->2035970K(4160256K), 0.5687547 secs]
23263.383: [GC 2308610K->2071302K(4160256K), 0.8752659 secs]
23265.423: [GC 2343942K->2090962K(4160256K), 0.6339379 secs]
23267.580: [GC 2363602K->2114265K(4160256K), 0.7332166 secs]
23269.444: [GC 2386905K->2133413K(4160256K), 0.5866289 secs]
23271.153: [GC 2406053K->2150804K(4160256K), 0.5575676 secs]
23273.099: [GC 2423444K->2164846K(4160256K), 0.4215265 secs]
23274.760: [GC 2437486K->2188898K(4160256K), 0.8056138 secs]
23277.033: [GC 2461538K->2207178K(4160256K), 0.3696738 secs]
23278.562: [GC 2479818K->2228595K(4160256K), 0.3581175 secs]
23280.252: [GC 2501235K->2260520K(4160256K), 1.0015590 secs]
23282.233: [GC 2533160K->2276454K(4160256K), 0.4136656 secs]
23283.841: [GC 2549094K->2294299K(4160256K), 0.5319913 secs]
23285.795: [GC 2566939K->2315875K(4160256K), 0.6053901 secs]
23287.610: [GC 2588515K->2337097K(4160256K), 0.7409637 secs]
23289.802: [GC 2609737K->2360001K(4160256K), 0.7471831 secs]
23291.836: [GC 2632641K->2375496K(4160256K), 0.4480431 secs]
23293.560: [GC 2648136K->2395767K(4160256K), 0.9313444 secs]
23295.471: [GC 2668407K->2414166K(4160256K), 0.5718013 secs]
23297.218: [GC 2686806K->2432053K(4160256K), 0.4717229 secs]
23299.106: [GC 2704693K->2457547K(4160256K), 1.1586918 secs]
23301.608: [GC 2730187K->2476886K(4160256K), 0.6147946 secs]
23303.389: [GC 2749526K->2491280K(4160256K), 0.5200871 secs]
23305.312: [GC 2763920K->2510254K(4160256K), 0.4098692 secs]
23306.774: [GC 2782894K->2520025K(4160256K), 0.5078269 secs]
23308.566: [GC 2792665K->2554595K(4160256K), 0.7260113 secs]
23309.687: [GC 2707506K(4160256K), 0.1265690 secs]
23310.441: [GC 2827235K->2593545K(4160256K), 1.2268397 secs]
23312.818: [GC 2866185K->2611472K(4160256K), 0.4522567 secs]
23314.725: [GC 2884112K->2632921K(4160256K), 0.4102784 secs]
23316.591: [GC 2905561K->2649041K(4160256K), 0.3156460 secs]
23318.085: [GC 2921681K->2668976K(4160256K), 0.4601859 secs]
23319.793: [GC 2941616K->2695955K(4160256K), 0.4496730 secs]
23321.305: [GC 2968595K->2710380K(4160256K), 0.4186999 secs]
23323.044: [GC 2983020K->2728308K(4160256K), 0.4909524 secs]
23325.044: [GC 3000948K->2747552K(4160256K), 0.3500206 secs]
23326.005: [GC 2938689K(4160256K), 0.0786977 secs]
23326.637: [GC 3020192K->2771730K(4160256K), 0.4619573 secs]
23328.465: [GC 2883189K->2654877K(4160256K), 0.0893162 secs]
23329.446: [GC 2899233K->2639118K(4160256K), 0.0758840 secs]
23330.931: [GC 2859677K->2607986K(4160256K), 0.0796150 secs]
23332.194: [GC 2847691K->2593173K(4160256K), 0.0581715 secs]
23332.833: [GC 2713318K(4160256K), 0.0980536 secs]
23333.524: [GC 2865813K->2613943K(4160256K), 0.0616462 secs]
23335.004: [GC 2886583K->2632622K(4160256K), 0.1054305 secs]
23336.404: [GC 2905262K->2651926K(4160256K), 0.0708968 secs]
23337.704: [GC 2924566K->2672932K(4160256K), 0.1001364 secs]
23338.787: [GC 2945572K->2696191K(4160256K), 0.2465455 secs]
23340.428: [GC 2968831K->2723533K(4160256K), 0.5695552 secs]
23342.203: [GC 2996173K->2746866K(4160256K), 0.3381667 secs]
23343.996: [GC 3019506K->2764742K(4160256K), 0.4274274 secs]
23345.584: [GC 3037382K->2784981K(4160256K), 0.5584028 secs]
23347.568: [GC 3057621K->2826390K(4160256K), 0.5296664 secs]
23349.015: [GC 3099030K->2841615K(4160256K), 0.3060628 secs]
23350.721: [GC 3114255K->2862450K(4160256K), 0.6086467 secs]
23352.542: [GC 3135090K->2883209K(4160256K), 2.1110258 secs]
23355.797: [GC 3155849K->2915877K(4160256K), 0.3128076 secs]
23357.561: [GC 3188517K->2940370K(4160256K), 0.7438765 secs]
23359.616: [GC 3213010K->2952332K(4160256K), 0.3654909 secs]
23361.229: [GC 3224972K->2971971K(4160256K), 0.4283774 secs]
23362.633: [GC 3244611K->2990813K(4160256K), 0.3143865 secs]
23364.303: [GC 3263453K->3018066K(4160256K), 0.9705763 secs]
23366.549: [GC 3290706K->3037445K(4160256K), 0.5645648 secs]
23368.395: [GC 3310085K->3054454K(4160256K), 0.2990695 secs]
23369.919: [GC 3327094K->3098317K(4160256K), 0.9189995 secs]
23371.962: [GC 3370957K->3116072K(4160256K), 0.3792547 secs]
23373.456: [GC 3388712K->3136672K(4160256K), 0.3437867 secs]
23375.238: [GC 3409312K->3157055K(4160256K), 0.1956207 secs]
23376.619: [GC 3429695K->3171081K(4160256K), 0.5037236 secs]
23377.809: [GC 3318531K(4160256K), 0.0796256 secs]
23378.448: [GC 3439934K->3212362K(4160256K), 1.1794319 secs]
23380.648: [GC 3449117K->3203101K(4160256K), 0.2204266 secs]
23382.026: [GC 3434909K->3179542K(4160256K), 0.0476432 secs]
23383.534: [GC 3448293K->3197126K(4160256K), 0.1050999 secs]
23385.080: [GC 3467155K->3215098K(4160256K), 0.4314082 secs]
23386.686: [GC 3472116K->3218483K(4160256K), 0.1907354 secs]
23388.037: [GC 3464126K->3217673K(4160256K), 0.0822270 secs]
23389.274: [GC 3482284K->3223029K(4160256K), 0.6180031 secs]
23390.501: [GC 3337712K(4160256K), 0.0899493 secs]
23391.192: [GC 3495669K->3244925K(4160256K), 0.1620485 secs]
23392.878: [GC 3517565K->3265236K(4160256K), 0.2174827 secs]
23394.231: [GC 3537876K->3292644K(4160256K), 0.1446221 secs]
23395.556: [GC 3565284K->3306225K(4160256K), 0.5280975 secs]
23397.220: [GC 3578865K->3323030K(4160256K), 0.1450749 secs]
23398.556: [GC 3595670K->3349924K(4160256K), 0.1192610 secs]
23400.072: [GC 3622564K->3381758K(4160256K), 1.8368101 secs]
23403.257: [GC 3654398K->3418946K(4160256K), 3.1155406 secs]
23407.458: [GC 3691586K->3434822K(4160256K), 0.6126359 secs]
23409.256: [GC 3707462K->3456245K(4160256K), 1.8209456 secs]
23412.152: [GC 3728885K->3480070K(4160256K), 2.6153921 secs]
23415.958: [GC 3752710K->3500529K(4160256K), 2.1208001 secs]
23419.573: [GC 3773169K->3519523K(4160256K), 1.5454498 secs]
23422.293: [GC 3792163K->3539904K(4160256K), 2.3756228 secs]
23425.095: [GC 3676432K(4160256K), 0.0642864 secs]
23426.041: [GC 3659052K->3418170K(4160256K), 0.3275223 secs]
23427.508: [GC 3653500K->3398980K(4160256K), 0.3332398 secs]
23429.138: [GC 3593826K->3341117K(4160256K), 0.0796067 secs]
23430.767: [GC 3585707K->3336851K(4160256K), 0.4095837 secs]
23431.557: [GC 3440613K(4160256K), 0.0839858 secs]
23432.396: [GC 3609491K->3357182K(4160256K), 0.1522960 secs]
23433.608: [GC 3629822K->3377590K(4160256K), 0.3124160 secs]
23435.133: [GC 3650230K->3395870K(4160256K), 0.2136504 secs]
23436.850: [GC 3668510K->3423365K(4160256K), 0.2305168 secs]
23438.252: [GC 3696005K->3435918K(4160256K), 0.4562770 secs]
23440.053: [GC 3708558K->3480839K(4160256K), 0.8698287 secs]
23442.026: [GC 3753479K->3501703K(4160256K), 0.4208526 secs]
23443.564: [GC 3774343K->3519213K(4160256K), 2.0611033 secs]
23447.087: [GC 3791853K->3556352K(4160256K), 2.1345094 secs]
23450.357: [GC 3828992K->3580472K(4160256K), 2.1016842 secs]
23453.646: [GC 3853112K->3601677K(4160256K), 1.8260819 secs]
23456.494: [GC 3798277K(4160256K), 0.0611017 secs]
23456.613: [GC 3874317K->3619319K(4160256K), 0.8355471 secs]
23458.972: [GC 3847107K->3621187K(4160256K), 0.8338636 secs]
23461.213: [GC 3886395K->3642177K(4160256K), 1.6464601 secs]
23463.964: [GC 3844633K->3595772K(4160256K), 0.4865396 secs]
23465.288: [GC 3868412K->3609142K(4160256K), 0.2269715 secs]
23465.753: [GC 3707518K(4160256K), 0.0665414 secs]
23466.299: [GC 3881782K->3595345K(4160256K), 0.0088657 secs]
23467.068: [GC 3867985K->3603902K(4160256K), 0.0092098 secs]
23467.972: [GC 3876542K->3602320K(4160256K), 0.5453138 secs]
23469.276: [GC 3874960K->3594116K(4160256K), 0.0052066 secs]
23470.032: [GC 3866756K->3599535K(4160256K), 0.0060235 secs]
23470.856: [GC 3872175K->3605796K(4160256K), 0.0063820 secs]
23471.414: [GC 3878436K->3598578K(4160256K), 0.0049936 secs]
23472.159: [GC 3871218K->3595650K(4160256K), 0.0056370 secs]
23472.957: [GC 3868290K->3600864K(4160256K), 0.0063298 secs]
23473.670: [GC 3873504K->3602423K(4160256K), 0.0062807 secs]
23474.327: [GC 3875063K->3596759K(4160256K), 0.0050251 secs]
23475.092: [GC 3869399K->3598356K(4160256K), 0.0058285 secs]
23475.893: [GC 3870996K->3605363K(4160256K), 0.0186468 secs]
23476.514: [GC 3878003K->3596706K(4160256K), 0.0231600 secs]
23477.275: [GC 3869346K->3593739K(4160256K), 0.0055318 secs]
23478.062: [GC 3866379K->3601993K(4160256K), 0.0117435 secs]
23478.824: [GC 3874633K->3606066K(4160256K), 0.0276664 secs]
23479.457: [GC 3878706K->3598042K(4160256K), 0.0049712 secs]
23480.214: [GC 3870682K->3596592K(4160256K), 0.0070591 secs]
23480.998: [GC 3869232K->3602859K(4160256K), 0.0067130 secs]
23481.589: [GC 3827687K(4160256K), 0.0669276 secs]
23481.728: [GC 3875499K->3610797K(4160256K), 0.0096640 secs]
23482.375: [GC 3851826K->3561354K(4160256K), 0.0052618 secs]
23483.131: [GC 3804075K->3534624K(4160256K), 0.0058958 secs]
23483.926: [GC 3782802K->3518257K(4160256K), 0.0066983 secs]
23484.525: [GC 3789659K->3510948K(4160256K), 0.0044770 secs]
23485.257: [GC 3782704K->3506182K(4160256K), 0.0055536 secs]
23486.040: [GC 3765335K->3497129K(4160256K), 0.0062675 secs]
23486.792: [GC 3759851K->3493525K(4160256K), 0.0067313 secs]
23487.427: [GC 3729322K->3449879K(4160256K), 0.0048641 secs]
23487.706: [GC 3559143K(4160256K), 0.0696611 secs]
23488.258: [GC 3722519K->3447792K(4160256K), 0.0059914 secs]
23489.031: [GC 3720432K->3456884K(4160256K), 0.0067178 secs]
23489.634: [GC 3729524K->3453017K(4160256K), 0.0059244 secs]
23490.395: [GC 3725657K->3444813K(4160256K), 0.0052849 secs]
23491.182: [GC 3717453K->3451499K(4160256K), 0.0069625 secs]
23491.946: [GC 3724139K->3459135K(4160256K), 0.0066877 secs]
23492.539: [GC 3731775K->3450846K(4160256K), 0.0196923 secs]
23493.284: [GC 3723486K->3446129K(4160256K), 0.0057095 secs]
23494.040: [GC 3718769K->3452411K(4160256K), 0.0074757 secs]
23494.768: [GC 3725051K->3455634K(4160256K), 0.0063913 secs]
23495.237: [GC 3728274K->3446355K(4160256K), 0.0065960 secs]
23495.431: [GC 3718995K->3442272K(4160256K), 0.0050578 secs]
23495.746: [GC 3714912K->3443889K(4160256K), 0.0053028 secs]
23496.027: [GC 3716529K->3448732K(4160256K), 0.0069638 secs]
23496.224: [GC 3721372K->3450864K(4160256K), 0.0056405 secs]
23496.488: [GC 3723504K->3453540K(4160256K), 0.0072031 secs]
23496.777: [GC 3726180K->3451159K(4160256K), 0.0080296 secs]
23496.994: [GC 3723799K->3455526K(4160256K), 0.0061979 secs]
23497.316: [GC 3728166K->3455885K(4160256K), 0.0075447 secs]
23497.750: [GC 3728525K->3457926K(4160256K), 0.0074773 secs]
23498.046: [GC 3730566K->3455341K(4160256K), 0.0056117 secs]
23498.428: [GC 3727981K->3447729K(4160256K), 0.0067624 secs]
23499.173: [GC 3720369K->3450728K(4160256K), 0.0059337 secs]
23499.919: [GC 3723368K->3459336K(4160256K), 0.0200579 secs]
23500.689: [GC 3731976K->3462741K(4160256K), 0.0082945 secs]
23501.308: [GC 3735381K->3452693K(4160256K), 0.0065658 secs]
23502.011: [GC 3725333K->3452154K(4160256K), 0.0083307 secs]
23502.761: [GC 3724794K->3455457K(4160256K), 0.0061364 secs]
23503.480: [GC 3728097K->3459832K(4160256K), 0.0067015 secs]
23504.050: [GC 3732472K->3455014K(4160256K), 0.0048018 secs]
23504.790: [GC 3727654K->3451184K(4160256K), 0.0054965 secs]
23505.562: [GC 3723824K->3458817K(4160256K), 0.0072150 secs]
23506.180: [GC 3731457K->3461554K(4160256K), 0.0076992 secs]
23506.832: [GC 3734194K->3454442K(4160256K), 0.0050180 secs]
23507.324: [GC 3640812K(4160256K), 0.0727278 secs]
23507.640: [GC 3727082K->3454803K(4160256K), 0.0070421 secs]
23508.438: [GC 3727414K->3462826K(4160256K), 0.0064366 secs]
23508.999: [GC 3735466K->3458660K(4160256K), 0.0201593 secs]
23509.738: [GC 3731297K->3453412K(4160256K), 0.0053211 secs]
23510.497: [GC 3726050K->3456766K(4160256K), 0.0059006 secs]
23511.292: [GC 3729385K->3464019K(4160256K), 0.0071826 secs]
23511.861: [GC 3736651K->3451599K(4160256K), 0.0067445 secs]
23512.594: [GC 3724208K->3452693K(4160256K), 0.0072352 secs]
23513.359: [GC 3725294K->3457991K(4160256K), 0.0062233 secs]
23513.984: [GC 3730630K->3461595K(4160256K), 0.0071774 secs]
23514.696: [GC 3734182K->3454103K(4160256K), 0.0062663 secs]
23515.494: [GC 3724583K->3449874K(4160256K), 0.0055623 secs]
23515.808: [GC 3565024K(4160256K), 0.0745178 secs]
23516.349: [GC 3722514K->3455884K(4160256K), 0.0061107 secs]
23517.012: [GC 3728524K->3459929K(4160256K), 0.0072701 secs]
23517.721: [GC 3732569K->3452421K(4160256K), 0.0049770 secs]
23518.486: [GC 3725061K->3451451K(4160256K), 0.0060443 secs]
23519.273: [GC 3724091K->3457486K(4160256K), 0.0065748 secs]
23519.948: [GC 3730126K->3457681K(4160256K), 0.0086162 secs]
23520.642: [GC 3730321K->3456138K(4160256K), 0.0067948 secs]
23521.391: [GC 3728778K->3449213K(4160256K), 0.0056604 secs]
23522.159: [GC 3721853K->3457635K(4160256K), 0.0064411 secs]
23522.839: [GC 3730275K->3457438K(4160256K), 0.0063984 secs]
23523.223: [GC 3730078K->3449465K(4160256K), 0.0066931 secs]
23523.418: [GC 3722105K->3445387K(4160256K), 0.0068028 secs]
23523.741: [GC 3718027K->3447954K(4160256K), 0.0053108 secs]
23524.036: [GC 3720594K->3450222K(4160256K), 0.0070007 secs]
23524.203: [GC 3722862K->3450018K(4160256K), 0.0057104 secs]
23524.542: [GC 3722658K->3454028K(4160256K), 0.0059532 secs]
23524.743: [GC 3726668K->3456069K(4160256K), 0.0066989 secs]
23525.022: [GC 3728709K->3457945K(4160256K), 0.0060453 secs]
23525.398: [GC 3730585K->3460428K(4160256K), 0.0077323 secs]
23525.843: [GC 3733068K->3459600K(4160256K), 0.0058512 secs]
23526.031: [GC 3732240K->3451308K(4160256K), 0.0066640 secs]
23526.621: [GC 3723948K->3450221K(4160256K), 0.0052701 secs]
23527.396: [GC 3722861K->3456459K(4160256K), 0.0069494 secs]
23528.177: [GC 3729099K->3463513K(4160256K), 0.0072089 secs]
23528.855: [GC 3736153K->3469414K(4160256K), 0.0079677 secs]
23529.569: [GC 3742054K->3456962K(4160256K), 0.0071046 secs]
23530.326: [GC 3729602K->3453954K(4160256K), 0.0059125 secs]
23531.111: [GC 3726594K->3460034K(4160256K), 0.0066864 secs]
23531.855: [GC 3732674K->3464536K(4160256K), 0.0077563 secs]
23532.509: [GC 3737176K->3458230K(4160256K), 0.0054423 secs]
23533.293: [GC 3730870K->3454132K(4160256K), 0.0057011 secs]
23534.092: [GC 3726772K->3460757K(4160256K), 0.0073346 secs]
23534.863: [GC 3733397K->3466659K(4160256K), 0.0066309 secs]
23535.507: [GC 3739299K->3458502K(4160256K), 0.0059673 secs]
23536.272: [GC 3731142K->3455434K(4160256K), 0.0071261 secs]
23537.057: [GC 3728074K->3461597K(4160256K), 0.0061582 secs]
23537.738: [GC 3734237K->3466826K(4160256K), 0.0075434 secs]
23538.237: [GC 3739466K->3451600K(4160256K), 0.0048653 secs]
23538.457: [GC 3724240K->3446127K(4160256K), 0.0046094 secs]
23538.760: [GC 3718767K->3445602K(4160256K), 0.0067005 secs]
23539.397: [GC 3718242K->3445186K(4160256K), 0.0049096 secs]
23539.981: [GC 3717826K->3445087K(4160256K), 0.0069664 secs]
23540.227: [GC 3717727K->3445551K(4160256K), 0.0067198 secs]
23540.478: [GC 3718191K->3445532K(4160256K), 0.0051405 secs]
23540.608: [GC 3570116K(4160256K), 0.0548344 secs]
23540.836: [GC 3718119K->3445214K(4160256K), 0.0047848 secs]
23541.540: [GC 3717736K->3444928K(4160256K), 0.0049968 secs]
23541.820: [GC 3717563K->3445151K(4160256K), 0.0048660 secs]
23542.144: [GC 3717783K->3444858K(4160256K), 0.0045783 secs]
23542.746: [GC 3717172K->3444286K(4160256K), 0.0045379 secs]
23544.083: [GC 3715713K->3443441K(4160256K), 0.0066624 secs]
23544.356: [GC 3715826K->3443555K(4160256K), 0.0048092 secs]
23544.634: [GC 3715923K->3442928K(4160256K), 0.0045366 secs]
23561.411: [GC 3715472K->3460548K(4160256K), 0.0160063 secs]
23659.667: [GC 3730147K->3464636K(4160256K), 0.0330116 secs]
23696.485: [GC 3587546K(4160256K), 0.0599974 secs]
23703.816: [GC 3601547K(4160256K), 0.0428564 secs]
23745.555: [GC 2443015K->2168127K(4160256K), 0.0105578 secs]
24002.897: [GC 2017575K->1748069K(4160256K), 0.0131631 secs]
24204.890: [GC 1878872K(4160256K), 0.0298303 secs]
24212.148: [GC 1878878K(4160256K), 0.0100726 secs]
24410.206: [GC 2018112K->1746643K(4160256K), 0.0160896 secs]
24627.322: [GC 1884190K(4160256K), 0.0162224 secs]
24844.528: [GC 2019283K->1745680K(4160256K), 0.0125851 secs]
25278.764: [GC 2018320K->1748685K(4160256K), 0.0131669 secs]
25704.734: [GC 2021325K->1749265K(4160256K), 0.0211083 secs]
26004.904: [GC 2021905K->1745976K(4160256K), 0.1487581 secs]
26079.390: [GC 2018407K->1746957K(4160256K), 0.0454928 secs]
26164.811: [GC 2019597K->1749705K(4160256K), 0.0200563 secs]
26250.532: [GC 2022345K->1751627K(4160256K), 0.0152817 secs]
26324.105: [GC 2024267K->1755946K(4160256K), 0.0167362 secs]
26397.690: [GC 2028586K->1762221K(4160256K), 0.0471163 secs]
26462.246: [GC 2034861K->1760853K(4160256K), 0.0776246 secs]
26532.696: [GC 2033493K->1769233K(4160256K), 0.2727077 secs]
26594.629: [GC 2041873K->1766463K(4160256K), 0.2543195 secs]
26669.106: [GC 2039103K->1774088K(4160256K), 0.0384209 secs]
26731.653: [GC 2046728K->1773572K(4160256K), 0.1022576 secs]
26793.231: [GC 2046212K->1779863K(4160256K), 0.0802042 secs]
26854.633: [GC 2052503K->1778388K(4160256K), 0.1357015 secs]
26906.773: [GC 2051028K->1783986K(4160256K), 0.1732596 secs]
26964.898: [GC 2056626K->1780956K(4160256K), 0.1402975 secs]
27026.207: [GC 2053596K->1781822K(4160256K), 0.2193682 secs]
27087.572: [GC 2054462K->1784688K(4160256K), 0.1022249 secs]
27148.531: [GC 2057328K->1792369K(4160256K), 0.0937508 secs]
27152.593: [GC 2065009K->1816898K(4160256K), 1.8009107 secs]
27156.078: [GC 2089538K->1843996K(4160256K), 0.8122223 secs]
27158.120: [GC 2116636K->1861560K(4160256K), 0.3012754 secs]
27159.894: [GC 2134200K->1879545K(4160256K), 0.2402023 secs]
27161.427: [GC 2152185K->1890690K(4160256K), 0.0999157 secs]
27162.846: [GC 2163330K->1907734K(4160256K), 0.0891298 secs]
27163.948: [GC 2180374K->1929521K(4160256K), 0.1705431 secs]
27165.323: [GC 2202161K->1945845K(4160256K), 0.0914769 secs]
27166.820: [GC 2218485K->1962162K(4160256K), 0.0762580 secs]
27168.318: [GC 2234802K->1979324K(4160256K), 0.0906789 secs]
27169.585: [GC 2251964K->1991421K(4160256K), 0.0996678 secs]
27171.071: [GC 2264061K->2014635K(4160256K), 0.1502110 secs]
27172.301: [GC 2287275K->2022546K(4160256K), 0.0966258 secs]
27173.880: [GC 2295186K->2071874K(4160256K), 0.3744554 secs]
27175.331: [GC 2344514K->2102905K(4160256K), 0.3321596 secs]
27176.978: [GC 2375545K->2127694K(4160256K), 0.1716073 secs]
27178.534: [GC 2400334K->2146936K(4160256K), 0.1795830 secs]
27179.660: [GC 2419576K->2161096K(4160256K), 0.1139319 secs]
27181.337: [GC 2433736K->2189157K(4160256K), 0.2898596 secs]
27182.745: [GC 2461797K->2207265K(4160256K), 0.1551090 secs]
27184.266: [GC 2479905K->2224914K(4160256K), 0.1861154 secs]
27185.906: [GC 2497554K->2243545K(4160256K), 0.0979715 secs]
27187.449: [GC 2516185K->2262597K(4160256K), 0.2354412 secs]
27188.865: [GC 2535237K->2280949K(4160256K), 0.2069072 secs]
27190.210: [GC 2553589K->2307351K(4160256K), 0.2006759 secs]
27191.576: [GC 2579991K->2321282K(4160256K), 0.1274420 secs]
27192.926: [GC 2593922K->2341847K(4160256K), 0.1427972 secs]
27194.528: [GC 2614487K->2366318K(4160256K), 0.1635010 secs]
27195.851: [GC 2638958K->2385214K(4160256K), 0.2114300 secs]
27197.549: [GC 2657854K->2401460K(4160256K), 0.1133071 secs]
27198.816: [GC 2674100K->2411218K(4160256K), 0.0608104 secs]
27200.053: [GC 2683858K->2442426K(4160256K), 0.1245805 secs]
27201.205: [GC 2715066K->2455693K(4160256K), 0.0519713 secs]
27202.443: [GC 2728333K->2471562K(4160256K), 0.1151500 secs]
27204.049: [GC 2744202K->2488368K(4160256K), 0.1325251 secs]
27205.757: [GC 2761008K->2503618K(4160256K), 0.0950747 secs]
27207.061: [GC 2776258K->2520422K(4160256K), 0.2969642 secs]
27208.781: [GC 2793062K->2540118K(4160256K), 0.0782378 secs]
27209.773: [GC 2812758K->2553473K(4160256K), 0.0389876 secs]
27211.227: [GC 2826113K->2575076K(4160256K), 0.1412346 secs]
27212.583: [GC 2847716K->2595211K(4160256K), 0.0709475 secs]
27213.855: [GC 2867851K->2612053K(4160256K), 0.0521150 secs]
27215.365: [GC 2884693K->2629354K(4160256K), 0.1155054 secs]
27216.875: [GC 2901994K->2645688K(4160256K), 0.1021646 secs]
27218.164: [GC 2918328K->2669011K(4160256K), 0.1184278 secs]
27219.338: [GC 2941651K->2687318K(4160256K), 0.0457218 secs]
27220.546: [GC 2959958K->2707490K(4160256K), 0.0677993 secs]
27221.999: [GC 2980130K->2725606K(4160256K), 0.0447070 secs]
27223.478: [GC 2998246K->2745198K(4160256K), 0.0647807 secs]
27224.699: [GC 3017838K->2762826K(4160256K), 0.2849555 secs]
27226.268: [GC 3035466K->2794117K(4160256K), 0.1089081 secs]
27227.361: [GC 3066757K->2809258K(4160256K), 0.0450101 secs]
27228.608: [GC 3081898K->2826341K(4160256K), 0.0475271 secs]
27230.056: [GC 3098981K->2850967K(4160256K), 0.0586148 secs]
27231.271: [GC 3123607K->2870676K(4160256K), 0.0623608 secs]
27232.832: [GC 3143316K->2889337K(4160256K), 0.0501054 secs]
27234.046: [GC 3161977K->2901287K(4160256K), 0.0438382 secs]
27235.612: [GC 3173927K->2940347K(4160256K), 0.1938881 secs]
27236.817: [GC 3212987K->2959914K(4160256K), 0.0597646 secs]
27238.135: [GC 3232554K->2980146K(4160256K), 0.0609057 secs]
27239.548: [GC 3252786K->2999765K(4160256K), 0.0677598 secs]
27241.099: [GC 3272405K->3018829K(4160256K), 0.0468969 secs]
27242.324: [GC 3291469K->3036724K(4160256K), 0.0490246 secs]
27243.624: [GC 3309364K->3067315K(4160256K), 0.0957771 secs]
27244.780: [GC 3339955K->3084022K(4160256K), 0.0412156 secs]
27246.020: [GC 3356662K->3101027K(4160256K), 0.0442894 secs]
27247.581: [GC 3373667K->3126502K(4160256K), 0.2985502 secs]
27249.047: [GC 3399142K->3146923K(4160256K), 0.2200000 secs]
27250.747: [GC 3419563K->3167019K(4160256K), 0.0679314 secs]
27251.801: [GC 3439659K->3176311K(4160256K), 0.0345658 secs]
27253.013: [GC 3448951K->3200944K(4160256K), 0.0572042 secs]
27254.492: [GC 3473584K->3220482K(4160256K), 0.0463581 secs]
27255.682: [GC 3493122K->3242930K(4160256K), 0.1045277 secs]
27257.158: [GC 3515570K->3274251K(4160256K), 0.3342648 secs]
27258.545: [GC 3546891K->3290899K(4160256K), 0.5831696 secs]
27260.356: [GC 3563539K->3310022K(4160256K), 0.3656176 secs]
27262.111: [GC 3582662K->3335996K(4160256K), 0.1819031 secs]
27263.666: [GC 3608636K->3357195K(4160256K), 0.0879955 secs]
27265.250: [GC 3629835K->3396394K(4160256K), 0.3010650 secs]
27266.497: [GC 3669034K->3412396K(4160256K), 0.4101553 secs]
27268.262: [GC 3685036K->3430411K(4160256K), 0.1966364 secs]
27269.735: [GC 3703051K->3452708K(4160256K), 0.2142944 secs]
27271.104: [GC 3725348K->3473619K(4160256K), 0.1943875 secs]
27272.784: [GC 3746259K->3491221K(4160256K), 0.1477485 secs]
27274.222: [GC 3763861K->3507799K(4160256K), 0.1101281 secs]
27275.615: [GC 3780439K->3523722K(4160256K), 0.1268560 secs]
27276.800: [GC 3796362K->3542369K(4160256K), 0.1071862 secs]
27277.497: [GC 3684330K(4160256K), 0.0813623 secs]
27278.174: [GC 3814990K->3566957K(4160256K), 0.1845189 secs]
27279.750: [GC 3837672K->3585962K(4160256K), 0.2406093 secs]
27281.302: [GC 3856877K->3615022K(4160256K), 0.3264273 secs]
27282.918: [GC 3887279K->3639933K(4160256K), 0.1373282 secs]
27284.186: [GC 3912524K->3659109K(4160256K), 0.0940885 secs]
27285.482: [GC 3931648K->3677259K(4160256K), 0.1196760 secs]
27286.701: [GC 3949758K->3691653K(4160256K), 0.1093828 secs]
27288.021: [GC 3960312K->3709628K(4160256K), 0.0986027 secs]
27289.706: [GC 3957621K->3707788K(4160256K), 0.0640430 secs]
27289.839: [GC 3806067K(4160256K), 0.0807385 secs]
27291.023: [GC 3980428K->3727469K(4160256K), 0.1123007 secs]
27292.179: [GC 4000109K->3747997K(4160256K), 0.0913194 secs]
27293.575: [GC 4020637K->3767986K(4160256K), 0.0993394 secs]
27295.033: [GC 4040626K->3787686K(4160256K), 0.0994593 secs]
27296.472: [GC 4060326K->3803605K(4160256K), 0.0755781 secs]
27297.395: [GC 4032925K(4160256K), 0.0680418 secs]
27297.988: [GC 3942434K->3711012K(4160256K), 0.0757747 secs]
27299.124: [GC 3567839K->3311725K(4160256K), 0.0446499 secs]
27300.360: [GC 3538085K->3282563K(4160256K), 0.0450630 secs]
27300.745: [GC 3320783K(4160256K), 0.0422580 secs]
27301.990: [GC 3555203K->3300424K(4160256K), 0.0464421 secs]
27303.108: [GC 3573064K->3315144K(4160256K), 0.0381854 secs]
27304.401: [GC 3587784K->3336206K(4160256K), 0.0538107 secs]
27306.125: [GC 3608846K->3357407K(4160256K), 0.0479322 secs]
27307.558: [GC 3630047K->3378669K(4160256K), 0.0599015 secs]
27308.371: [GC 3537011K(4160256K), 0.0733058 secs]
27308.754: [GC 3621699K->3643071K(4160256K), 0.1166163 secs]
27310.168: [Full GC 3616178K->3308448K(4160256K), 9.6106416 secs]
27320.227: [GC 3346670K(4160256K), 0.0234848 secs]
27321.265: [GC 3581088K->3372353K(4160256K), 0.0696159 secs]
27322.526: [GC 3644993K->3397258K(4160256K), 0.0650661 secs]
27323.740: [GC 3669898K->3423294K(4160256K), 0.0518883 secs]
27325.266: [GC 3695934K->3450838K(4160256K), 0.0621193 secs]
27326.733: [GC 3723478K->3469197K(4160256K), 0.0741098 secs]
27327.455: [GC 3671219K(4160256K), 0.0799700 secs]
27327.952: [GC 3739162K->3493676K(4160256K), 0.0614897 secs]
27329.291: [GC 3744445K->3496374K(4160256K), 0.0532032 secs]
27329.812: [GC 3556436K(4160256K), 0.0564515 secs]
27330.761: [GC 3769014K->3535305K(4160256K), 0.0840005 secs]
27331.461: [GC 3807945K->3549308K(4160256K), 0.0287415 secs]
27332.231: [GC 3821948K->3535800K(4160256K), 0.0079359 secs]
27333.024: [GC 3808440K->3542841K(4160256K), 0.0099020 secs]
27333.875: [GC 3815481K->3538276K(4160256K), 0.0090084 secs]
27334.612: [GC 3810916K->3531499K(4160256K), 0.0069539 secs]
27335.384: [GC 3804139K->3538435K(4160256K), 0.0081976 secs]
27336.122: [GC 3811075K->3542829K(4160256K), 0.0072220 secs]
27336.506: [GC 3690792K(4160256K), 0.0237135 secs]
27336.879: [GC 3814341K->3538070K(4160256K), 0.0068339 secs]
27337.666: [GC 3810522K->3530812K(4160256K), 0.0056915 secs]
27338.484: [GC 3744557K->3477949K(4160256K), 0.0073606 secs]
27338.631: [GC 3532581K(4160256K), 0.0335077 secs]
27339.201: [GC 3750589K->3479209K(4160256K), 0.0061588 secs]
27340.283: [GC 3751849K->3473123K(4160256K), 0.0052409 secs]
27341.061: [GC 3745763K->3476093K(4160256K), 0.0073602 secs]
27341.994: [GC 3748733K->3482175K(4160256K), 0.0096675 secs]
27342.607: [GC 3754815K->3476454K(4160256K), 0.0048131 secs]
27343.370: [GC 3749094K->3471838K(4160256K), 0.0077993 secs]
27344.171: [GC 3744478K->3477740K(4160256K), 0.0084382 secs]
27344.918: [GC 3750380K->3482356K(4160256K), 0.0074715 secs]
27345.641: [GC 3754996K->3474544K(4160256K), 0.0071508 secs]
27346.204: [GC 3682150K(4160256K), 0.0494168 secs]
27346.452: [GC 3747184K->3475144K(4160256K), 0.0071155 secs]
27347.274: [GC 3747743K->3480756K(4160256K), 0.0064860 secs]
27347.938: [GC 3753354K->3481255K(4160256K), 0.0074218 secs]
27348.687: [GC 3743731K->3462603K(4160256K), 0.0069584 secs]
27349.438: [GC 3716687K->3447158K(4160256K), 0.0072451 secs]
27349.642: [GC 3523710K(4160256K), 0.0491288 secs]
27350.283: [GC 3719798K->3452747K(4160256K), 0.0075549 secs]
27350.916: [GC 3725387K->3443357K(4160256K), 0.0066755 secs]
27351.654: [GC 3715997K->3444241K(4160256K), 0.0069824 secs]
27352.445: [GC 3716881K->3451096K(4160256K), 0.0071874 secs]
27353.145: [GC 3723736K->3452316K(4160256K), 0.0075764 secs]
27353.930: [GC 3724956K->3448394K(4160256K), 0.0069366 secs]
27354.705: [GC 3721034K->3446530K(4160256K), 0.0074892 secs]
27355.527: [GC 3719170K->3452144K(4160256K), 0.0074369 secs]
27356.157: [GC 3724784K->3446246K(4160256K), 0.0048166 secs]
27356.903: [GC 3718886K->3442996K(4160256K), 0.0054972 secs]
27357.698: [GC 3715636K->3451622K(4160256K), 0.0073971 secs]
27358.482: [GC 3724262K->3455706K(4160256K), 0.0075969 secs]
27358.814: [GC 3642048K(4160256K), 0.0271327 secs]
27359.161: [GC 3728248K->3446863K(4160256K), 0.0048163 secs]
27359.902: [GC 3719499K->3443960K(4160256K), 0.0071457 secs]
27360.689: [GC 3716598K->3449223K(4160256K), 0.0082416 secs]
27361.383: [GC 3721860K->3450231K(4160256K), 0.0061771 secs]
27361.980: [GC 3722868K->3445300K(4160256K), 0.0051729 secs]
27362.045: [GC 3535304K(4160256K), 0.0429138 secs]
27362.227: [GC 3717940K->3438595K(4160256K), 0.0054122 secs]
27362.550: [GC 3711235K->3443846K(4160256K), 0.0086139 secs]
27362.824: [GC 3716486K->3445405K(4160256K), 0.0059545 secs]
27363.024: [GC 3718045K->3444983K(4160256K), 0.0059151 secs]
27363.336: [GC 3717623K->3449493K(4160256K), 0.0075931 secs]
27363.587: [GC 3722133K->3450365K(4160256K), 0.0074452 secs]
27363.817: [GC 3723005K->3451762K(4160256K), 0.0060280 secs]
27364.144: [GC 3724402K->3456124K(4160256K), 0.0077813 secs]
27364.624: [GC 3728764K->3452651K(4160256K), 0.0061155 secs]
27364.853: [GC 3725291K->3451140K(4160256K), 0.0071912 secs]
27365.365: [GC 3723780K->3445440K(4160256K), 0.0070052 secs]
27366.111: [GC 3718080K->3448320K(4160256K), 0.0056842 secs]
27366.858: [GC 3720960K->3457148K(4160256K), 0.0075661 secs]
27367.617: [GC 3729788K->3461480K(4160256K), 0.0076624 secs]
27368.307: [GC 3734120K->3454494K(4160256K), 0.0057842 secs]
27369.027: [GC 3727134K->3449889K(4160256K), 0.0070953 secs]
27369.773: [GC 3722529K->3455724K(4160256K), 0.0074010 secs]
27370.483: [GC 3728364K->3460817K(4160256K), 0.0073804 secs]
27371.239: [GC 3733457K->3449010K(4160256K), 0.0068003 secs]
27371.970: [GC 3721650K->3449847K(4160256K), 0.0072829 secs]
27372.749: [GC 3722487K->3459055K(4160256K), 0.0076784 secs]
27373.377: [GC 3731695K->3458947K(4160256K), 0.0062987 secs]
27374.218: [GC 3731587K->3448156K(4160256K), 0.0077627 secs]
27374.773: [GC 3656820K(4160256K), 0.0626780 secs]
27375.014: [GC 3720796K->3451366K(4160256K), 0.0070286 secs]
27375.786: [GC 3724006K->3459723K(4160256K), 0.0078654 secs]
27376.355: [GC 3732362K->3459163K(4160256K), 0.0071778 secs]
27377.192: [GC 3731803K->3446282K(4160256K), 0.0077137 secs]
27377.945: [GC 3718922K->3452192K(4160256K), 0.0059292 secs]
27378.746: [GC 3724832K->3459022K(4160256K), 0.0066316 secs]
27379.446: [GC 3731660K->3449253K(4160256K), 0.0068060 secs]
27379.710: [GC 3553496K(4160256K), 0.0669699 secs]
27380.236: [GC 3721893K->3448226K(4160256K), 0.0056293 secs]
27380.985: [GC 3720866K->3456846K(4160256K), 0.0072015 secs]
27381.638: [GC 3729486K->3458887K(4160256K), 0.0076313 secs]
27382.413: [GC 3731527K->3450663K(4160256K), 0.0050071 secs]
27383.189: [GC 3723303K->3450035K(4160256K), 0.0070180 secs]
27383.963: [GC 3722675K->3457851K(4160256K), 0.0078994 secs]
27384.683: [GC 3730491K->3456574K(4160256K), 0.0066649 secs]
27385.423: [GC 3729214K->3455150K(4160256K), 0.0067406 secs]
27386.157: [GC 3727790K->3450750K(4160256K), 0.0057422 secs]
27386.928: [GC 3723390K->3456999K(4160256K), 0.0072294 secs]
27387.660: [GC 3729639K->3457135K(4160256K), 0.0063468 secs]
27388.432: [GC 3729775K->3451475K(4160256K), 0.0050222 secs]
27389.174: [GC 3724115K->3450697K(4160256K), 0.0072942 secs]
27389.933: [GC 3723337K->3454624K(4160256K), 0.0063702 secs]
27390.639: [GC 3727264K->3460114K(4160256K), 0.0079905 secs]
27391.103: [GC 3732754K->3448298K(4160256K), 0.0102487 secs]
27391.281: [GC 3720938K->3446434K(4160256K), 0.0066947 secs]
27391.596: [GC 3719074K->3446901K(4160256K), 0.0070379 secs]
27391.906: [GC 3719541K->3449547K(4160256K), 0.0055369 secs]
27392.068: [GC 3722187K->3449539K(4160256K), 0.0056604 secs]
27392.409: [GC 3722179K->3453544K(4160256K), 0.0077605 secs]
27392.610: [GC 3726184K->3458139K(4160256K), 0.0078837 secs]
27392.875: [GC 3730779K->3457178K(4160256K), 0.0061826 secs]
27393.217: [GC 3729818K->3456880K(4160256K), 0.0063096 secs]
27393.679: [GC 3729520K->3458457K(4160256K), 0.0077239 secs]
27393.888: [GC 3731097K->3456993K(4160256K), 0.0073923 secs]
27394.543: [GC 3729633K->3452266K(4160256K), 0.0070989 secs]
27395.032: [GC 3630587K(4160256K), 0.0688737 secs]
27395.366: [GC 3724906K->3454646K(4160256K), 0.0077740 secs]
27396.176: [GC 3727177K->3462199K(4160256K), 0.0075289 secs]
27396.972: [GC 3734783K->3465258K(4160256K), 0.0078516 secs]
27397.697: [GC 3737898K->3461406K(4160256K), 0.0069106 secs]
27398.477: [GC 3734026K->3455005K(4160256K), 0.0070251 secs]
27399.252: [GC 3727645K->3461358K(4160256K), 0.0076964 secs]
27400.070: [GC 3729988K->3462706K(4160256K), 0.0074411 secs]
27400.775: [GC 3733460K->3452740K(4160256K), 0.0070062 secs]
27401.071: [GC 3566511K(4160256K), 0.0735424 secs]
27401.619: [GC 3725380K->3447289K(4160256K), 0.0063452 secs]
27402.411: [GC 3719929K->3457351K(4160256K), 0.0073952 secs]
27403.224: [GC 3729991K->3460067K(4160256K), 0.0074648 secs]
27403.925: [GC 3732707K->3452112K(4160256K), 0.0070123 secs]
27404.703: [GC 3724752K->3447071K(4160256K), 0.0076608 secs]
27405.500: [GC 3719711K->3454169K(4160256K), 0.0060645 secs]
27406.256: [GC 3726809K->3451523K(4160256K), 0.0062156 secs]
27406.773: [GC 3724163K->3450010K(4160256K), 0.0047521 secs]
27406.994: [GC 3722650K->3441074K(4160256K), 0.0067066 secs]
27407.290: [GC 3713714K->3439343K(4160256K), 0.0047326 secs]
27407.946: [GC 3711983K->3439120K(4160256K), 0.0056559 secs]
27408.514: [GC 3711760K->3438947K(4160256K), 0.0067416 secs]
27408.765: [GC 3711587K->3438949K(4160256K), 0.0067807 secs]
27409.008: [GC 3711589K->3439074K(4160256K), 0.0071444 secs]
27409.301: [GC 3711714K->3439371K(4160256K), 0.0066473 secs]
27410.025: [GC 3712011K->3439196K(4160256K), 0.0067217 secs]
27410.306: [GC 3711836K->3438943K(4160256K), 0.0046530 secs]
27410.585: [GC 3711583K->3439171K(4160256K), 0.0067435 secs]
27411.168: [GC 3711811K->3438752K(4160256K), 0.0067348 secs]
27412.545: [GC 3711392K->3438722K(4160256K), 0.0067836 secs]
27412.820: [GC 3711362K->3439419K(4160256K), 0.0067733 secs]
27413.103: [GC 3712059K->3439403K(4160256K), 0.0047800 secs]
27478.386: [GC 3712043K->3447337K(4160256K), 0.0116390 secs]
27762.590: [GC 3559156K(4160256K), 0.0065588 secs]
28165.864: [GC 3713262K->3446159K(4160256K), 0.0130114 secs]
28250.869: [GC 3562445K(4160256K), 0.0528681 secs]
28263.621: [GC 3718799K->3462330K(4160256K), 0.0202658 secs]
28288.839: [GC 3734970K->3468784K(4160256K), 0.0504553 secs]
28314.339: [GC 3741424K->3468118K(4160256K), 0.0160945 secs]
28339.812: [GC 3740758K->3485372K(4160256K), 0.0308986 secs]
28347.048: [GC 3605987K(4160256K), 0.0564781 secs]
28352.951: [GC 2127206K->1861257K(4160256K), 0.0268890 secs]
28378.163: [GC 2106913K->1830908K(4160256K), 0.0135938 secs]
28403.345: [GC 2083688K->1822445K(4160256K), 0.0202905 secs]
28416.254: [GC 2082438K->1812422K(4160256K), 0.0241138 secs]
28441.684: [GC 2053225K->1793027K(4160256K), 0.0194662 secs]
28454.589: [GC 2060626K->1799130K(4160256K), 0.0395966 secs]
28467.233: [GC 1924551K(4160256K), 0.0668599 secs]
28479.985: [GC 2071770K->1798826K(4160256K), 0.0161268 secs]
28487.500: [GC 1934615K(4160256K), 0.0614500 secs]
28492.827: [GC 2027398K->1755323K(4160256K), 0.0183562 secs]
28505.420: [GC 1884861K(4160256K), 0.0756294 secs]
28518.076: [GC 2027963K->1767616K(4160256K), 0.0184300 secs]
28525.610: [GC 1906318K(4160256K), 0.0645517 secs]
28530.931: [GC 2028950K->1765965K(4160256K), 0.0305638 secs]
28556.086: [GC 2038605K->1761967K(4160256K), 0.0157952 secs]
28569.023: [GC 2034607K->1769305K(4160256K), 0.0205810 secs]
28581.913: [GC 2041945K->1774179K(4160256K), 0.0137987 secs]
28607.145: [GC 2046819K->1786303K(4160256K), 0.0293736 secs]
28620.076: [GC 2058943K->1798551K(4160256K), 0.0307851 secs]
28632.873: [GC 2071191K->1787737K(4160256K), 0.0119273 secs]
28658.105: [GC 2060377K->1805429K(4160256K), 0.0185762 secs]
28671.013: [GC 2078069K->1819987K(4160256K), 0.0336318 secs]
28683.984: [GC 2092627K->1808527K(4160256K), 0.0120155 secs]
28709.290: [GC 2081167K->1819597K(4160256K), 0.0173135 secs]
28722.263: [GC 2092237K->1829120K(4160256K), 0.0354907 secs]
28735.102: [GC 2101760K->1825349K(4160256K), 0.0135175 secs]
28760.332: [GC 2097989K->1837576K(4160256K), 0.0176599 secs]
28773.080: [GC 2110216K->1846804K(4160256K), 0.0324490 secs]
28798.364: [GC 2119444K->1838445K(4160256K), 0.0107775 secs]
28823.561: [GC 2111085K->1844394K(4160256K), 0.0114478 secs]
28836.443: [GC 2117034K->1856078K(4160256K), 0.0164226 secs]
28861.690: [GC 2128718K->1863855K(4160256K), 0.0278111 secs]
28874.509: [GC 2136495K->1872619K(4160256K), 0.0267992 secs]
28887.364: [GC 2145259K->1867376K(4160256K), 0.0110841 secs]
28901.379: [GC 2140016K->1871664K(4160256K), 0.0129171 secs]
28926.812: [GC 2144304K->1882307K(4160256K), 0.0211673 secs]
28939.727: [GC 2154947K->1893388K(4160256K), 0.0252584 secs]
28952.628: [GC 2166028K->1904585K(4160256K), 0.0299323 secs]
28965.607: [GC 2177225K->1896096K(4160256K), 0.0113208 secs]
28978.460: [GC 2168736K->1902363K(4160256K), 0.0127811 secs]
28991.209: [GC 2175003K->1909001K(4160256K), 0.0189979 secs]
29004.123: [GC 2181641K->1919404K(4160256K), 0.0175464 secs]
29029.516: [GC 2192044K->1927764K(4160256K), 0.0228829 secs]
29042.311: [GC 2200404K->1937381K(4160256K), 0.0289509 secs]
29344.173: [GC 2210021K->1925432K(4160256K), 0.0107118 secs]
29574.623: [GC 2198072K->1928054K(4160256K), 0.0139126 secs]
29599.513: [GC 2200694K->1928121K(4160256K), 0.0116011 secs]
29624.260: [GC 2200761K->1931385K(4160256K), 0.0109642 secs]
29649.098: [GC 2204025K->1932992K(4160256K), 0.0121833 secs]
29673.932: [GC 2205632K->1937103K(4160256K), 0.0122272 secs]
29698.776: [GC 2209743K->1934279K(4160256K), 0.0130354 secs]
29723.752: [GC 2206919K->1942881K(4160256K), 0.0099295 secs]
29748.470: [GC 2215521K->1946519K(4160256K), 0.0113689 secs]
29773.432: [GC 2219159K->1942240K(4160256K), 0.0135075 secs]
29798.225: [GC 2214880K->1943148K(4160256K), 0.0141166 secs]
29822.993: [GC 2215788K->1943337K(4160256K), 0.0146461 secs]
29847.687: [GC 2215977K->1948243K(4160256K), 0.0119831 secs]
29872.522: [GC 2220883K->1953188K(4160256K), 0.0114203 secs]
29897.314: [GC 2225828K->1945291K(4160256K), 0.0131878 secs]
29922.134: [GC 2217920K->1952381K(4160256K), 0.0133375 secs]
29946.917: [GC 2225021K->1954600K(4160256K), 0.0305407 secs]
29959.737: [GC 2227240K->1958682K(4160256K), 0.0313198 secs]
29984.369: [GC 2231322K->1961525K(4160256K), 0.0295170 secs]
30009.225: [GC 2234165K->1967659K(4160256K), 0.0314221 secs]
30034.143: [GC 2240299K->1963659K(4160256K), 0.0330504 secs]
30059.078: [GC 2236299K->1968559K(4160256K), 0.0127804 secs]
30083.894: [GC 2241199K->1973169K(4160256K), 0.0118542 secs]
30109.007: [GC 2245809K->1969787K(4160256K), 0.0112051 secs]
30133.969: [GC 2242427K->1976225K(4160256K), 0.0477474 secs]
30158.934: [GC 2248865K->1979214K(4160256K), 0.0146204 secs]
30183.815: [GC 2251854K->1978693K(4160256K), 0.0115011 secs]
30208.689: [GC 2251333K->1985632K(4160256K), 0.0118468 secs]
30221.303: [GC 2258272K->1986415K(4160256K), 0.0558643 secs]
30246.180: [GC 2259055K->1985603K(4160256K), 0.0104071 secs]
30271.375: [GC 2258243K->1988595K(4160256K), 0.0144107 secs]
30296.238: [GC 2261235K->1996119K(4160256K), 0.0642261 secs]
30321.270: [GC 2268759K->1989098K(4160256K), 0.0115566 secs]
30346.288: [GC 2261738K->1993105K(4160256K), 0.0149998 secs]
30371.195: [GC 2265745K->1995042K(4160256K), 0.0121079 secs]
30383.797: [GC 2267682K->1998077K(4160256K), 0.0124828 secs]
30408.762: [GC 2270717K->2006799K(4160256K), 0.0141894 secs]
30433.571: [GC 2279439K->2008848K(4160256K), 0.0263960 secs]
30458.454: [GC 2281488K->2012087K(4160256K), 0.0133269 secs]
30483.426: [GC 2284727K->2005249K(4160256K), 0.0108622 secs]
30508.319: [GC 2277889K->2015520K(4160256K), 0.0097285 secs]
30524.207: [GC 2288160K->2019078K(4160256K), 0.0122775 secs]
30545.868: [GC 2291718K->2018606K(4160256K), 0.0108741 secs]
30570.838: [GC 2291246K->2030032K(4160256K), 0.0600487 secs]
30595.765: [GC 2302672K->2022715K(4160256K), 0.0107050 secs]
30620.570: [GC 2295355K->2032405K(4160256K), 0.0100784 secs]
30645.471: [GC 2305045K->2032230K(4160256K), 0.0332136 secs]
30658.385: [GC 2304870K->2037405K(4160256K), 0.0268274 secs]
30683.245: [GC 2310045K->2041407K(4160256K), 0.0108718 secs]
30708.130: [GC 2314047K->2045366K(4160256K), 0.0145534 secs]
30733.166: [GC 2318006K->2047890K(4160256K), 0.0119097 secs]
30758.035: [GC 2320530K->2050030K(4160256K), 0.0327636 secs]
30770.709: [GC 2322670K->2053787K(4160256K), 0.0117413 secs]
30795.616: [GC 2326427K->2062874K(4160256K), 0.0262870 secs]
30820.675: [GC 2335514K->2063595K(4160256K), 0.0113645 secs]
30845.184: [GC 2336235K->2064037K(4160256K), 0.0136098 secs]
30857.648: [GC 2336677K->2067514K(4160256K), 0.0099228 secs]
30882.198: [GC 2340154K->2064796K(4160256K), 0.0103426 secs]
30906.761: [GC 2337436K->2062066K(4160256K), 0.0108564 secs]
30931.290: [GC 2334706K->2068776K(4160256K), 0.0118622 secs]
30943.721: [GC 2341416K->2066051K(4160256K), 0.0110206 secs]
30968.458: [GC 2338691K->2065238K(4160256K), 0.0101691 secs]
31020.792: [GC 2337878K->2097410K(4160256K), 0.0838678 secs]
31022.302: [GC 2370050K->2119700K(4160256K), 0.4208953 secs]
31023.911: [GC 2392340K->2136009K(4160256K), 0.0578932 secs]
31025.334: [GC 2408649K->2164035K(4160256K), 0.0870862 secs]
31026.393: [GC 2436675K->2175273K(4160256K), 0.0686713 secs]
31027.832: [GC 2447913K->2191700K(4160256K), 0.1256620 secs]
31029.308: [GC 2464340K->2209029K(4160256K), 0.0702204 secs]
31030.565: [GC 2481669K->2223614K(4160256K), 0.0544916 secs]
31032.012: [GC 2496254K->2238686K(4160256K), 0.1029565 secs]
31033.425: [GC 2511326K->2252968K(4160256K), 0.0796490 secs]
31034.690: [GC 2525608K->2292396K(4160256K), 0.3092902 secs]
31036.010: [GC 2565036K->2312914K(4160256K), 0.0778488 secs]
31037.290: [GC 2585554K->2329106K(4160256K), 0.1440194 secs]
31038.620: [GC 2601746K->2345847K(4160256K), 0.2556954 secs]
31040.397: [GC 2618487K->2368660K(4160256K), 0.2175478 secs]
31041.732: [GC 2641300K->2390409K(4160256K), 0.0767375 secs]
31043.198: [GC 2663049K->2420460K(4160256K), 0.1097715 secs]
31044.493: [GC 2693100K->2434311K(4160256K), 0.0934747 secs]
31045.826: [GC 2706951K->2451868K(4160256K), 0.0908977 secs]
31047.373: [GC 2724508K->2471260K(4160256K), 0.1304343 secs]
31048.661: [GC 2743900K->2490878K(4160256K), 0.1033426 secs]
31050.209: [GC 2763518K->2512816K(4160256K), 0.1096512 secs]
31051.178: [GC 2785456K->2527250K(4160256K), 0.0812728 secs]
31051.921: [GC 2669732K(4160256K), 0.1116686 secs]
31052.615: [GC 2799890K->2547844K(4160256K), 0.0981938 secs]
31053.912: [GC 2820484K->2568270K(4160256K), 0.1485804 secs]
31055.246: [GC 2840910K->2583041K(4160256K), 0.0547312 secs]
31056.763: [GC 2855681K->2606536K(4160256K), 0.2271239 secs]
31058.556: [GC 2879176K->2629484K(4160256K), 0.1054382 secs]
31059.880: [GC 2902124K->2647766K(4160256K), 0.0486727 secs]
31061.152: [GC 2920406K->2671160K(4160256K), 0.0691149 secs]
31062.304: [GC 2943800K->2678397K(4160256K), 0.0559544 secs]
31063.670: [GC 2951037K->2703817K(4160256K), 0.1107584 secs]
31065.171: [GC 2976457K->2722386K(4160256K), 0.0881202 secs]
31066.452: [GC 2995026K->2739103K(4160256K), 0.0401207 secs]
31068.099: [GC 3011743K->2751733K(4160256K), 0.0727519 secs]
31069.407: [GC 3024373K->2765965K(4160256K), 0.0498280 secs]
31070.739: [GC 3038605K->2786092K(4160256K), 0.0554836 secs]
31071.714: [GC 3058732K->2808761K(4160256K), 0.0831740 secs]
31072.733: [GC 2962205K(4160256K), 0.0772516 secs]
31073.180: [GC 3080878K->2831734K(4160256K), 0.1108927 secs]
31074.561: [GC 3093010K->2840231K(4160256K), 0.0450178 secs]
31076.023: [GC 3097401K->2842302K(4160256K), 0.0992162 secs]
31077.307: [GC 3100215K->2844997K(4160256K), 0.0433192 secs]
31078.777: [GC 2974647K->2742656K(4160256K), 0.0715331 secs]
31079.759: [GC 2963192K->2702782K(4160256K), 0.0331937 secs]
31081.184: [GC 2947165K->2695838K(4160256K), 0.0640177 secs]
31082.558: [GC 2879849K->2626429K(4160256K), 0.0455418 secs]
31083.756: [GC 2887808K->2637978K(4160256K), 0.0472000 secs]
31085.185: [GC 2857737K->2601763K(4160256K), 0.0454254 secs]
31086.376: [GC 2855605K->2596184K(4160256K), 0.0356591 secs]
31087.738: [GC 2866592K->2628805K(4160256K), 0.0737987 secs]
31088.179: [GC 2754848K(4160256K), 0.1048574 secs]
31088.935: [GC 2901445K->2658707K(4160256K), 0.0609987 secs]
31090.209: [GC 2931347K->2675725K(4160256K), 0.0501583 secs]
31091.738: [GC 2948365K->2694656K(4160256K), 0.0482532 secs]
31093.185: [GC 2967296K->2716356K(4160256K), 0.0587460 secs]
31094.412: [GC 2988996K->2737066K(4160256K), 0.0489091 secs]
31095.702: [GC 3009706K->2761886K(4160256K), 0.0534393 secs]
31096.873: [GC 3034526K->2774273K(4160256K), 0.0354128 secs]
31098.126: [GC 3046913K->2794190K(4160256K), 0.0449485 secs]
31099.669: [GC 3066830K->2812260K(4160256K), 0.0492651 secs]
31100.870: [GC 3084900K->2829764K(4160256K), 0.0438414 secs]
31102.359: [GC 3102404K->2847951K(4160256K), 0.0443718 secs]
31103.537: [GC 3120591K->2861864K(4160256K), 0.0352566 secs]
31105.248: [GC 3134504K->2896009K(4160256K), 0.0778347 secs]
31106.383: [GC 3168649K->2924779K(4160256K), 0.0569121 secs]
31107.617: [GC 3197419K->2944985K(4160256K), 0.0559653 secs]
31109.150: [GC 3217625K->2964798K(4160256K), 0.0446499 secs]
31110.696: [GC 3237438K->2979700K(4160256K), 0.0502423 secs]
31111.147: [GC 3094784K(4160256K), 0.0848979 secs]
31111.926: [GC 3224006K->2968385K(4160256K), 0.0424517 secs]
31113.218: [GC 3159228K->2911715K(4160256K), 0.0588030 secs]
31114.344: [GC 3154595K->2895484K(4160256K), 0.0413757 secs]
31115.697: [GC 3163259K->2909099K(4160256K), 0.0436307 secs]
31117.152: [GC 3176478K->2923467K(4160256K), 0.0448555 secs]
31118.348: [GC 3188787K->2938398K(4160256K), 0.0455633 secs]
31118.687: [GC 3058960K(4160256K), 0.0971588 secs]
31119.602: [GC 3211038K->2956293K(4160256K), 0.0438776 secs]
31120.789: [GC 3228933K->2975027K(4160256K), 0.0460566 secs]
31122.477: [GC 3247667K->2999599K(4160256K), 0.0527574 secs]
31123.876: [GC 3272239K->3018302K(4160256K), 0.0501205 secs]
31125.053: [GC 3290942K->3038629K(4160256K), 0.0456891 secs]
31126.150: [GC 3311269K->3057738K(4160256K), 0.0449742 secs]
31127.712: [GC 3330378K->3080529K(4160256K), 0.0549069 secs]
31129.037: [GC 3353169K->3098453K(4160256K), 0.0469899 secs]
31130.547: [GC 3371093K->3120475K(4160256K), 0.0594878 secs]
31131.794: [GC 3393115K->3137765K(4160256K), 0.0638069 secs]
31133.207: [GC 3410405K->3171888K(4160256K), 0.0715764 secs]
31134.272: [GC 3444528K->3184591K(4160256K), 0.0398198 secs]
31135.571: [GC 3457231K->3203143K(4160256K), 0.0446967 secs]
31137.098: [GC 3475783K->3221512K(4160256K), 0.0447811 secs]
31138.299: [GC 3494152K->3238877K(4160256K), 0.0436720 secs]
31139.785: [GC 3511517K->3256619K(4160256K), 0.0437609 secs]
31141.023: [GC 3529259K->3270883K(4160256K), 0.0395572 secs]
31142.408: [GC 3543523K->3305654K(4160256K), 0.0970911 secs]
31143.525: [GC 3578294K->3336580K(4160256K), 0.0588640 secs]
31144.189: [GC 3484543K(4160256K), 0.0753378 secs]
31144.733: [GC 3554817K->3300186K(4160256K), 0.0456175 secs]
31146.252: [GC 3557513K->3304498K(4160256K), 0.0482317 secs]
31147.363: [GC 3574987K->3314955K(4160256K), 0.0328948 secs]
31148.824: [GC 3558023K->3328604K(4160256K), 0.0905654 secs]
31150.086: [GC 3575752K->3331873K(4160256K), 0.0572341 secs]
31151.281: [GC 3602511K->3348896K(4160256K), 0.0604528 secs]
31152.637: [GC 3589369K->3343152K(4160256K), 0.0634256 secs]
31153.068: [GC 3458234K(4160256K), 0.0958721 secs]
31154.014: [GC 3615792K->3364553K(4160256K), 0.0485781 secs]
31155.228: [GC 3637193K->3382694K(4160256K), 0.1346200 secs]
31156.485: [GC 3655334K->3402699K(4160256K), 0.1517443 secs]
31158.209: [GC 3675339K->3437904K(4160256K), 0.1318856 secs]
31159.641: [GC 3710544K->3462249K(4160256K), 0.2284379 secs]
31161.009: [GC 3734889K->3487502K(4160256K), 0.1198813 secs]
31162.573: [GC 3760142K->3504990K(4160256K), 0.0563890 secs]
31163.812: [GC 3777630K->3525655K(4160256K), 0.0547802 secs]
31165.233: [GC 3798295K->3543438K(4160256K), 0.0601972 secs]
31166.723: [GC 3816078K->3565680K(4160256K), 0.0799886 secs]
31168.272: [GC 3838320K->3602276K(4160256K), 0.2203352 secs]
31169.624: [GC 3874916K->3623555K(4160256K), 0.2413145 secs]
31170.228: [GC 3716719K(4160256K), 0.0630285 secs]
31171.159: [GC 3847167K->3591913K(4160256K), 0.1335197 secs]
31172.401: [GC 3844864K->3587220K(4160256K), 0.1750961 secs]
31173.816: [GC 3836402K->3581497K(4160256K), 0.4689278 secs]
31175.565: [GC 3798773K->3538654K(4160256K), 0.1172360 secs]
31176.942: [GC 3769984K->3529750K(4160256K), 0.2107696 secs]
31177.365: [GC 3633874K(4160256K), 0.0861154 secs]
31178.549: [GC 3802390K->3552399K(4160256K), 0.1512020 secs]
31179.853: [GC 3825039K->3579517K(4160256K), 0.4334794 secs]
31181.305: [GC 3852157K->3595199K(4160256K), 0.5411502 secs]
31182.570: [GC 3867839K->3585806K(4160256K), 0.0148061 secs]
31183.342: [GC 3858446K->3596016K(4160256K), 0.5296732 secs]
31184.627: [GC 3868656K->3589485K(4160256K), 0.0063080 secs]
31185.397: [GC 3862125K->3584577K(4160256K), 0.0066245 secs]
31186.172: [GC 3857217K->3585584K(4160256K), 0.0059561 secs]
31186.948: [GC 3858224K->3597164K(4160256K), 0.0073692 secs]
31187.714: [GC 3869804K->3584735K(4160256K), 0.0069497 secs]
31188.434: [GC 3857375K->3584057K(4160256K), 0.0069638 secs]
31189.201: [GC 3856697K->3588894K(4160256K), 0.0061588 secs]
31189.728: [GC 3776749K(4160256K), 0.0528421 secs]
31190.093: [GC 3861453K->3594563K(4160256K), 0.0074003 secs]
31190.788: [GC 3847384K->3563314K(4160256K), 0.0068657 secs]
31191.544: [GC 3831219K->3561168K(4160256K), 0.0071489 secs]
31192.326: [GC 3820852K->3556996K(4160256K), 0.0074234 secs]
31193.006: [GC 3805598K->3529720K(4160256K), 0.0074879 secs]
31193.856: [GC 3773091K->3496827K(4160256K), 0.0067531 secs]
31194.098: [GC 3589988K(4160256K), 0.0598207 secs]
31194.671: [GC 3769467K->3495520K(4160256K), 0.0059584 secs]
31195.474: [GC 3768160K->3504284K(4160256K), 0.0073214 secs]
31196.227: [GC 3776924K->3494288K(4160256K), 0.0066739 secs]
31196.981: [GC 3766928K->3493234K(4160256K), 0.0056020 secs]
31197.746: [GC 3765874K->3500199K(4160256K), 0.0072393 secs]
31198.530: [GC 3772839K->3500705K(4160256K), 0.0064356 secs]
31199.135: [GC 3773345K->3492988K(4160256K), 0.0069436 secs]
31199.873: [GC 3765628K->3495089K(4160256K), 0.0056178 secs]
31200.627: [GC 3767729K->3503257K(4160256K), 0.0071604 secs]
31201.281: [GC 3775897K->3501769K(4160256K), 0.0072021 secs]
31202.146: [GC 3774409K->3495575K(4160256K), 0.0067608 secs]
31202.908: [GC 3768215K->3498159K(4160256K), 0.0070360 secs]
31203.680: [GC 3770799K->3504217K(4160256K), 0.0077374 secs]
31204.401: [GC 3776857K->3496478K(4160256K), 0.0047893 secs]
31205.129: [GC 3769118K->3492362K(4160256K), 0.0055296 secs]
31205.917: [GC 3765002K->3500902K(4160256K), 0.0063519 secs]
31206.611: [GC 3773542K->3504998K(4160256K), 0.0077060 secs]
31207.108: [GC 3691679K(4160256K), 0.0345347 secs]
31207.380: [GC 3777638K->3491256K(4160256K), 0.0066720 secs]
31208.170: [GC 3749362K->3480806K(4160256K), 0.0072660 secs]
31208.954: [GC 3752941K->3488302K(4160256K), 0.0075957 secs]
31209.577: [GC 3760901K->3484185K(4160256K), 0.0059895 secs]
31210.299: [GC 3755740K->3476037K(4160256K), 0.0101425 secs]
31211.048: [GC 3744386K->3479257K(4160256K), 0.0070748 secs]
31211.851: [GC 3745259K->3476798K(4160256K), 0.0066386 secs]
31212.544: [GC 3744790K->3465972K(4160256K), 0.0046142 secs]
31212.660: [GC 3567924K(4160256K), 0.0526279 secs]
31212.829: [GC 3738612K->3458362K(4160256K), 0.0067332 secs]
31213.072: [GC 3731002K->3459752K(4160256K), 0.0067018 secs]
31213.426: [GC 3732392K->3461882K(4160256K), 0.0054959 secs]
31213.611: [GC 3734522K->3462184K(4160256K), 0.0060485 secs]
31213.821: [GC 3734824K->3464626K(4160256K), 0.0059520 secs]
31214.162: [GC 3737266K->3467496K(4160256K), 0.0083474 secs]
31214.379: [GC 3740136K->3467503K(4160256K), 0.0078343 secs]
31214.662: [GC 3740143K->3471647K(4160256K), 0.0061672 secs]
31215.027: [GC 3744287K->3473977K(4160256K), 0.0061008 secs]
31215.478: [GC 3746617K->3472463K(4160256K), 0.0072348 secs]
31215.699: [GC 3745103K->3461044K(4160256K), 0.0066726 secs]
31216.454: [GC 3733684K->3464242K(4160256K), 0.0071075 secs]
31217.192: [GC 3736882K->3469171K(4160256K), 0.0059128 secs]
31217.923: [GC 3741811K->3476164K(4160256K), 0.0066072 secs]
31218.572: [GC 3748804K->3470443K(4160256K), 0.0063737 secs]
31219.319: [GC 3743083K->3469222K(4160256K), 0.0051983 secs]
31220.048: [GC 3741862K->3470043K(4160256K), 0.0058795 secs]
31220.792: [GC 3742683K->3475623K(4160256K), 0.0064455 secs]
31221.360: [GC 3748263K->3473666K(4160256K), 0.0057772 secs]
31222.192: [GC 3746306K->3467426K(4160256K), 0.0069866 secs]
31222.921: [GC 3740066K->3470934K(4160256K), 0.0069532 secs]
31223.676: [GC 3743574K->3477610K(4160256K), 0.0075036 secs]
31224.386: [GC 3750250K->3471214K(4160256K), 0.0046610 secs]
31225.097: [GC 3743854K->3466803K(4160256K), 0.0054096 secs]
31225.834: [GC 3739443K->3473809K(4160256K), 0.0072906 secs]
31226.592: [GC 3746449K->3475967K(4160256K), 0.0068493 secs]
31227.292: [GC 3748607K->3470317K(4160256K), 0.0047974 secs]
31228.011: [GC 3742957K->3467408K(4160256K), 0.0060135 secs]
31228.776: [GC 3740048K->3475126K(4160256K), 0.0072528 secs]
31229.297: [GC 3705317K(4160256K), 0.0671203 secs]
31229.461: [GC 3747766K->3472132K(4160256K), 0.0060469 secs]
31230.274: [GC 3744754K->3468270K(4160256K), 0.0051925 secs]
31231.007: [GC 3740857K->3471065K(4160256K), 0.0070376 secs]
31231.803: [GC 3743703K->3478115K(4160256K), 0.0077464 secs]
31232.484: [GC 3750755K->3471386K(4160256K), 0.0045847 secs]
31233.224: [GC 3744024K->3464843K(4160256K), 0.0070302 secs]
31234.000: [GC 3737482K->3473614K(4160256K), 0.0072967 secs]
31234.779: [GC 3746222K->3479097K(4160256K), 0.0074026 secs]
31235.558: [GC 3751736K->3471181K(4160256K), 0.0055443 secs]
31236.274: [GC 3743819K->3466006K(4160256K), 0.0068272 secs]
31236.554: [GC 3575393K(4160256K), 0.0723487 secs]
31237.093: [GC 3738646K->3471768K(4160256K), 0.0075302 secs]
31237.876: [GC 3744408K->3480954K(4160256K), 0.0076014 secs]
31238.632: [GC 3753594K->3467807K(4160256K), 0.0068625 secs]
31239.358: [GC 3740447K->3465768K(4160256K), 0.0070713 secs]
31240.131: [GC 3738408K->3469473K(4160256K), 0.0106678 secs]
31240.935: [GC 3742113K->3478775K(4160256K), 0.0065924 secs]
31241.747: [GC 3751415K->3471436K(4160256K), 0.0046902 secs]
31241.964: [GC 3744076K->3462866K(4160256K), 0.0050036 secs]
31242.253: [GC 3735506K->3463849K(4160256K), 0.0052303 secs]
31242.468: [GC 3736489K->3466120K(4160256K), 0.0054731 secs]
31242.755: [GC 3738760K->3470399K(4160256K), 0.0074289 secs]
31242.945: [GC 3743039K->3471795K(4160256K), 0.0058525 secs]
31243.271: [GC 3744435K->3473222K(4160256K), 0.0069953 secs]
31243.471: [GC 3745862K->3478519K(4160256K), 0.0062313 secs]
31243.774: [GC 3751159K->3477789K(4160256K), 0.0060283 secs]
31244.184: [GC 3750429K->3481797K(4160256K), 0.0079119 secs]
31244.566: [GC 3754437K->3478472K(4160256K), 0.0059747 secs]
31244.838: [GC 3751112K->3466640K(4160256K), 0.0072384 secs]
31245.560: [GC 3739280K->3470053K(4160256K), 0.0074327 secs]
31246.322: [GC 3742693K->3477412K(4160256K), 0.0060049 secs]
31247.102: [GC 3750052K->3485147K(4160256K), 0.0076980 secs]
31247.797: [GC 3757787K->3475543K(4160256K), 0.0048714 secs]
31248.519: [GC 3748183K->3470460K(4160256K), 0.0053298 secs]
31249.274: [GC 3743100K->3475718K(4160256K), 0.0073243 secs]
31250.051: [GC 3748358K->3481940K(4160256K), 0.0065392 secs]
31250.765: [GC 3754580K->3479033K(4160256K), 0.0064311 secs]
31251.585: [GC 3751673K->3475112K(4160256K), 0.0069876 secs]
31252.360: [GC 3747752K->3474079K(4160256K), 0.0057300 secs]
31253.131: [GC 3746719K->3484956K(4160256K), 0.0075395 secs]
31253.806: [GC 3757596K->3481998K(4160256K), 0.0075370 secs]
31254.627: [GC 3754638K->3474604K(4160256K), 0.0051748 secs]
31255.393: [GC 3747244K->3475329K(4160256K), 0.0057897 secs]
31256.177: [GC 3747969K->3483008K(4160256K), 0.0073766 secs]
31256.913: [GC 3755648K->3471840K(4160256K), 0.0065674 secs]
31257.324: [GC 3744480K->3465548K(4160256K), 0.0048224 secs]
31257.554: [GC 3738188K->3463677K(4160256K), 0.0068962 secs]
31258.266: [GC 3736317K->3463383K(4160256K), 0.0065995 secs]
31258.547: [GC 3736023K->3463297K(4160256K), 0.0093420 secs]
31259.112: [GC 3735937K->3463785K(4160256K), 0.0065283 secs]
31259.308: [GC 3720695K(4160256K), 0.0463969 secs]
31259.378: [GC 3736425K->3463783K(4160256K), 0.0047925 secs]
31259.651: [GC 3735863K->3463397K(4160256K), 0.0150672 secs]
31260.391: [GC 3735616K->3462620K(4160256K), 0.0059369 secs]
31260.684: [GC 3734481K->3461792K(4160256K), 0.0067990 secs]
31260.967: [GC 3734300K->3461674K(4160256K), 0.0067906 secs]
31261.325: [GC 3733968K->3461377K(4160256K), 0.0066739 secs]
31261.979: [GC 3733328K->3460403K(4160256K), 0.0066367 secs]
31263.248: [GC 3731166K->3458884K(4160256K), 0.0047069 secs]
31263.525: [GC 3731515K->3459409K(4160256K), 0.0068538 secs]
31294.367: [GC 3731953K->3461976K(4160256K), 0.0064375 secs]
31991.703: [GC 3733984K->3464466K(4160256K), 0.0110434 secs]
32281.129: [GC 3580481K(4160256K), 0.0227369 secs]
32288.318: [GC 3586251K(4160256K), 0.0060309 secs]
32631.168: [GC 2030483K->1758738K(4160256K), 0.0101476 secs]
32896.722: [GC 1882440K(4160256K), 0.0626357 secs]
32904.011: [GC 1883648K(4160256K), 0.0134883 secs]
33176.391: [GC 2031327K->1758044K(4160256K), 0.1572030 secs]
33241.143: [GC 1888292K(4160256K), 0.0562203 secs]
33292.393: [GC 2030684K->1759387K(4160256K), 0.0790287 secs]
33391.517: [GC 2032027K->1763773K(4160256K), 0.2169150 secs]
33436.307: [GC 1897555K(4160256K), 0.0413227 secs]
33478.698: [GC 2029325K->1759577K(4160256K), 0.2888349 secs]
33565.107: [GC 2032217K->1765388K(4160256K), 0.1748729 secs]
33651.379: [GC 2038028K->1768409K(4160256K), 0.1968885 secs]
33729.484: [GC 2041049K->1771778K(4160256K), 0.3018177 secs]
33812.412: [GC 2044418K->1775463K(4160256K), 0.2755137 secs]
33889.450: [GC 2048103K->1781711K(4160256K), 0.1232604 secs]
33956.285: [GC 2054351K->1775637K(4160256K), 0.0800230 secs]
34036.008: [GC 2048277K->1779572K(4160256K), 0.0589089 secs]
34102.713: [GC 2052212K->1787774K(4160256K), 0.0715860 secs]
34169.549: [GC 2060414K->1787303K(4160256K), 0.2626422 secs]
34212.504: [GC 2059943K->1792319K(4160256K), 0.0904361 secs]
34253.021: [GC 2064959K->1798245K(4160256K), 0.0442272 secs]
34306.651: [GC 2070885K->1797521K(4160256K), 0.0881263 secs]
34347.106: [GC 2070161K->1802074K(4160256K), 0.0603710 secs]
34387.622: [GC 2074714K->1799292K(4160256K), 0.0485483 secs]
34427.758: [GC 2071932K->1807009K(4160256K), 0.0870012 secs]
34467.058: [GC 2079649K->1806652K(4160256K), 0.0538020 secs]
34504.325: [GC 2079292K->1811548K(4160256K), 0.0414167 secs]
34541.566: [GC 2084188K->1819218K(4160256K), 0.0488119 secs]
34591.405: [GC 2091858K->1816827K(4160256K), 0.0447695 secs]
34628.654: [GC 2089467K->1816905K(4160256K), 0.0190172 secs]
34665.775: [GC 2089545K->1818773K(4160256K), 0.0538838 secs]
34703.152: [GC 2091413K->1819215K(4160256K), 0.0777404 secs]
34740.996: [GC 2091855K->1821430K(4160256K), 0.0684420 secs]
34778.298: [GC 2094070K->1819172K(4160256K), 0.0574704 secs]
34815.299: [GC 2091812K->1829259K(4160256K), 0.0454912 secs]
34852.341: [GC 2101899K->1824754K(4160256K), 0.0225307 secs]
34871.484: [GC 2097394K->1867404K(4160256K), 0.2241688 secs]
34872.732: [GC 2140044K->1885495K(4160256K), 0.1114129 secs]
34874.184: [GC 2158135K->1909731K(4160256K), 0.1180063 secs]
34875.809: [GC 2182371K->1941281K(4160256K), 0.1006736 secs]
34877.086: [GC 2213921K->1955694K(4160256K), 0.2740968 secs]
34878.823: [GC 2228334K->1978675K(4160256K), 0.1462064 secs]
34880.339: [GC 2251315K->1990965K(4160256K), 0.0686226 secs]
34881.599: [GC 2263605K->2026307K(4160256K), 0.4135107 secs]
34882.943: [GC 2298947K->2042158K(4160256K), 0.1854131 secs]
34884.387: [GC 2314798K->2060796K(4160256K), 0.1267078 secs]
34885.908: [GC 2333436K->2080252K(4160256K), 0.1220705 secs]
34887.472: [GC 2352892K->2102683K(4160256K), 0.3106882 secs]
34888.944: [GC 2375323K->2121950K(4160256K), 0.1284862 secs]
34890.521: [GC 2394590K->2140900K(4160256K), 0.1505856 secs]
34891.678: [GC 2413540K->2162621K(4160256K), 0.2089707 secs]
34893.481: [GC 2435261K->2204139K(4160256K), 0.4824722 secs]
34895.105: [GC 2476779K->2229625K(4160256K), 0.1553332 secs]
34896.391: [GC 2502265K->2246652K(4160256K), 0.1287701 secs]
34898.054: [GC 2519292K->2269173K(4160256K), 0.3973293 secs]
34899.561: [GC 2541813K->2277383K(4160256K), 0.1417776 secs]
34900.983: [GC 2550023K->2310065K(4160256K), 0.3152014 secs]
34902.436: [GC 2582705K->2344119K(4160256K), 0.3657443 secs]
34903.985: [GC 2616759K->2362415K(4160256K), 0.1842360 secs]
34905.599: [GC 2635055K->2381131K(4160256K), 0.1078260 secs]
34907.312: [GC 2653771K->2398980K(4160256K), 0.1586139 secs]
34908.671: [GC 2671620K->2418615K(4160256K), 0.1465089 secs]
34910.049: [GC 2691255K->2442875K(4160256K), 0.1549038 secs]
34911.328: [GC 2715515K->2456762K(4160256K), 0.0669984 secs]
34912.641: [GC 2729402K->2478083K(4160256K), 0.0860721 secs]
34914.213: [GC 2750723K->2500812K(4160256K), 0.1250709 secs]
34915.538: [GC 2773452K->2520956K(4160256K), 0.1105492 secs]
34917.410: [GC 2657458K(4160256K), 0.1081929 secs]
34918.118: [GC 2793596K->2544516K(4160256K), 0.1512854 secs]
34919.445: [GC 2817156K->2556636K(4160256K), 0.0425617 secs]
34920.719: [GC 2829276K->2591693K(4160256K), 0.1055425 secs]
34921.802: [GC 2864333K->2612022K(4160256K), 0.0675921 secs]
34923.037: [GC 2884662K->2627715K(4160256K), 0.0814656 secs]
34924.486: [GC 2900355K->2645985K(4160256K), 0.0804951 secs]
34925.991: [GC 2918625K->2666211K(4160256K), 0.0668762 secs]
34927.240: [GC 2938851K->2684785K(4160256K), 0.0490752 secs]
34928.725: [GC 2957425K->2723517K(4160256K), 0.1007188 secs]
34929.735: [GC 2996157K->2735632K(4160256K), 0.0494864 secs]
34931.246: [GC 3008272K->2758888K(4160256K), 0.0626661 secs]
34932.498: [GC 3031528K->2781487K(4160256K), 0.0614205 secs]
34933.735: [GC 3054127K->2797832K(4160256K), 0.0446813 secs]
34935.215: [GC 3070472K->2818758K(4160256K), 0.0506404 secs]
34936.587: [GC 3091398K->2829843K(4160256K), 0.0376890 secs]
34937.272: [GC 2977264K(4160256K), 0.0793616 secs]
34937.851: [GC 3087299K->2852137K(4160256K), 0.0923217 secs]
34938.981: [GC 3013727K->2759321K(4160256K), 0.0459758 secs]
34940.251: [GC 2961720K->2706586K(4160256K), 0.0488661 secs]
34941.623: [GC 2971158K->2716667K(4160256K), 0.0448237 secs]
34943.124: [GC 2980967K->2726538K(4160256K), 0.0447859 secs]
34944.562: [GC 2971743K->2719051K(4160256K), 0.0523017 secs]
34946.200: [GC 2903695K->2661827K(4160256K), 0.0610895 secs]
34946.813: [GC 2781947K(4160256K), 0.1004202 secs]
34947.578: [GC 2934467K->2675152K(4160256K), 0.0394834 secs]
34948.881: [GC 2947792K->2693079K(4160256K), 0.0464257 secs]
34950.432: [GC 2965719K->2711773K(4160256K), 0.0468780 secs]
34951.665: [GC 2984413K->2733381K(4160256K), 0.0775794 secs]
34953.266: [GC 3006021K->2750425K(4160256K), 0.0565859 secs]
34954.560: [GC 3023065K->2763598K(4160256K), 0.0541433 secs]
34955.980: [GC 3036238K->2804795K(4160256K), 0.1085473 secs]
34957.068: [GC 3077435K->2821254K(4160256K), 0.0436631 secs]
34958.404: [GC 3093894K->2840838K(4160256K), 0.0511240 secs]
34959.770: [GC 3113478K->2859582K(4160256K), 0.0506153 secs]
34961.319: [GC 3132222K->2878184K(4160256K), 0.0465633 secs]
34962.545: [GC 3150824K->2899607K(4160256K), 0.0952710 secs]
34963.954: [GC 3172247K->2931112K(4160256K), 0.0747593 secs]
34965.048: [GC 3203752K->2942626K(4160256K), 0.0475287 secs]
34966.330: [GC 3215266K->2965178K(4160256K), 0.1287826 secs]
34967.961: [GC 3237818K->2983129K(4160256K), 0.0495323 secs]
34969.176: [GC 3255769K->3001538K(4160256K), 0.0460277 secs]
34969.924: [GC 3121658K(4160256K), 0.0820358 secs]
34970.755: [GC 3241436K->2987404K(4160256K), 0.0436037 secs]
34971.655: [GC 3251831K->2993217K(4160256K), 0.0343419 secs]
34973.087: [GC 3231475K->2982106K(4160256K), 0.0565420 secs]
34974.468: [GC 3200317K->2946054K(4160256K), 0.0443321 secs]
34975.671: [GC 3218131K->2968173K(4160256K), 0.0510958 secs]
34977.220: [GC 3219341K->2989377K(4160256K), 0.0728673 secs]
34978.147: [GC 3250829K->2992420K(4160256K), 0.0473494 secs]
34978.814: [GC 3117999K(4160256K), 0.0942707 secs]
34979.688: [GC 3265060K->3015261K(4160256K), 0.0573367 secs]
34981.035: [GC 3287901K->3037631K(4160256K), 0.0746910 secs]
34982.277: [GC 3310271K->3055837K(4160256K), 0.0441720 secs]
34983.789: [GC 3328477K->3073921K(4160256K), 0.0447744 secs]
34985.006: [GC 3346561K->3087522K(4160256K), 0.0387573 secs]
34986.386: [GC 3360162K->3123977K(4160256K), 0.0840798 secs]
34987.489: [GC 3396617K->3152331K(4160256K), 0.0685738 secs]
34988.812: [GC 3424971K->3170283K(4160256K), 0.0493078 secs]
34990.224: [GC 3442923K->3189170K(4160256K), 0.0447930 secs]
34991.772: [GC 3461810K->3211166K(4160256K), 0.0580234 secs]
34993.007: [GC 3483806K->3232464K(4160256K), 0.0570574 secs]
34994.298: [GC 3505104K->3261185K(4160256K), 0.0662980 secs]
34995.431: [GC 3533825K->3273988K(4160256K), 0.0383981 secs]
34996.676: [GC 3546628K->3294199K(4160256K), 0.0593659 secs]
34998.400: [GC 3566839K->3315593K(4160256K), 0.0594493 secs]
34999.061: [GC 3468472K(4160256K), 0.0791259 secs]
34999.710: [GC 3587847K->3335912K(4160256K), 0.0544727 secs]
35001.077: [GC 3523180K->3285296K(4160256K), 0.0683663 secs]
35002.158: [GC 3494592K->3234725K(4160256K), 0.0527706 secs]
35003.416: [GC 3484481K->3236660K(4160256K), 0.0765175 secs]
35005.000: [GC 3505728K->3248983K(4160256K), 0.0450790 secs]
35005.294: [GC 3363645K(4160256K), 0.0940702 secs]
35006.264: [GC 3521623K->3269851K(4160256K), 0.0515660 secs]
35007.491: [GC 3542491K->3294940K(4160256K), 0.2501671 secs]
35009.145: [GC 3567580K->3330308K(4160256K), 1.0415646 secs]
35011.565: [GC 3602948K->3381494K(4160256K), 1.4302421 secs]
35014.100: [GC 3654134K->3414311K(4160256K), 0.8284081 secs]
35016.151: [GC 3686951K->3441189K(4160256K), 0.1340905 secs]
35017.486: [GC 3713829K->3451463K(4160256K), 0.1414379 secs]
35018.979: [GC 3724103K->3481373K(4160256K), 0.1484531 secs]
35020.452: [GC 3754013K->3496802K(4160256K), 0.1454729 secs]
35021.850: [GC 3769442K->3517014K(4160256K), 0.1856430 secs]
35023.327: [GC 3789654K->3533856K(4160256K), 0.2174022 secs]
35024.043: [GC 3632136K(4160256K), 0.0671165 secs]
35024.709: [GC 3797185K->3545663K(4160256K), 0.1804781 secs]
35026.066: [GC 3799744K->3559281K(4160256K), 0.4166492 secs]
35027.640: [GC 3802504K->3549430K(4160256K), 0.0922315 secs]
35029.128: [GC 3747416K->3502388K(4160256K), 0.1417693 secs]
35030.545: [GC 3760343K->3527419K(4160256K), 0.1218877 secs]
35031.036: [GC 3636618K(4160256K), 0.0904993 secs]
35031.891: [GC 3800059K->3549390K(4160256K), 0.1523845 secs]
35033.138: [GC 3822030K->3573540K(4160256K), 0.1643163 secs]
35034.454: [GC 3846180K->3597165K(4160256K), 0.1625934 secs]
35036.096: [GC 3869805K->3613686K(4160256K), 0.1171061 secs]
35037.621: [GC 3886326K->3638938K(4160256K), 0.2070547 secs]
35038.691: [GC 3911578K->3651818K(4160256K), 0.1289494 secs]
35039.531: [GC 3924458K->3641610K(4160256K), 0.0082836 secs]
35040.293: [GC 3914250K->3646574K(4160256K), 0.0085437 secs]
35040.934: [GC 3919214K->3916727K(4160256K), 0.1114332 secs]
35041.111: [Full GC 3916727K->3436185K(4160256K), 10.2555783 secs]
35051.691: [GC 3507268K(4160256K), 0.0287485 secs]
35052.255: [GC 3708825K->3445683K(4160256K), 0.0053115 secs]
35052.999: [GC 3718323K->3450799K(4160256K), 0.0060283 secs]
35053.847: [GC 3723439K->3456930K(4160256K), 0.0068311 secs]
35054.591: [GC 3729570K->3450983K(4160256K), 0.0051133 secs]
35055.323: [GC 3723623K->3447593K(4160256K), 0.0057178 secs]
35056.081: [GC 3720233K->3453612K(4160256K), 0.0063856 secs]
35056.759: [GC 3726252K->3452525K(4160256K), 0.0062929 secs]
35057.420: [GC 3725165K->3449253K(4160256K), 0.0065886 secs]
35058.162: [GC 3721893K->3449962K(4160256K), 0.0059337 secs]
35058.936: [GC 3722602K->3456775K(4160256K), 0.0065719 secs]
35059.618: [GC 3729415K->3450492K(4160256K), 0.0045321 secs]
35060.094: [GC 3641700K(4160256K), 0.0452131 secs]
35060.370: [GC 3723129K->3445790K(4160256K), 0.0054510 secs]
35061.136: [GC 3718425K->3454209K(4160256K), 0.0159113 secs]
35061.918: [GC 3726847K->3458335K(4160256K), 0.0067419 secs]
35062.553: [GC 3730939K->3450873K(4160256K), 0.0050482 secs]
35063.285: [GC 3713775K->3438382K(4160256K), 0.0058647 secs]
35063.512: [GC 3525891K(4160256K), 0.0565195 secs]
35064.090: [GC 3711022K->3445716K(4160256K), 0.0064385 secs]
35064.691: [GC 3718356K->3449068K(4160256K), 0.0064760 secs]
35065.372: [GC 3721708K->3440999K(4160256K), 0.0052188 secs]
35066.099: [GC 3713639K->3438978K(4160256K), 0.0058894 secs]
35066.856: [GC 3711618K->3446740K(4160256K), 0.0066643 secs]
35067.487: [GC 3719380K->3441436K(4160256K), 0.0046482 secs]
35068.192: [GC 3714076K->3436547K(4160256K), 0.0055321 secs]
35068.943: [GC 3709187K->3442288K(4160256K), 0.0065879 secs]
35069.673: [GC 3714928K->3447710K(4160256K), 0.0066187 secs]
35070.312: [GC 3720350K->3441354K(4160256K), 0.0050296 secs]
35071.036: [GC 3713994K->3439618K(4160256K), 0.0061219 secs]
35071.785: [GC 3712258K->3446823K(4160256K), 0.0065649 secs]
35072.513: [GC 3719463K->3440979K(4160256K), 0.0045081 secs]
35073.215: [GC 3713619K->3436084K(4160256K), 0.0054789 secs]
35073.968: [GC 3708724K->3443109K(4160256K), 0.0060947 secs]
35074.508: [GC 3645128K(4160256K), 0.0605295 secs]
35074.773: [GC 3715749K->3450336K(4160256K), 0.0067153 secs]
35075.406: [GC 3722969K->3442095K(4160256K), 0.0046777 secs]
35076.118: [GC 3714728K->3437206K(4160256K), 0.0056931 secs]
35076.866: [GC 3709846K->3442777K(4160256K), 0.0062515 secs]
35077.608: [GC 3715412K->3446041K(4160256K), 0.0070626 secs]
35078.401: [GC 3716921K->3438810K(4160256K), 0.0049898 secs]
35078.484: [GC 3538180K(4160256K), 0.0514120 secs]
35078.652: [GC 3711450K->3431783K(4160256K), 0.0052736 secs]
35078.935: [GC 3704423K->3434163K(4160256K), 0.0054609 secs]
35079.244: [GC 3706803K->3436728K(4160256K), 0.0057618 secs]
35079.429: [GC 3709368K->3440075K(4160256K), 0.0061973 secs]
35079.640: [GC 3712715K->3440198K(4160256K), 0.0062262 secs]
35079.975: [GC 3712838K->3444186K(4160256K), 0.0064465 secs]
35080.179: [GC 3716826K->3448429K(4160256K), 0.0062534 secs]
35080.443: [GC 3721069K->3445785K(4160256K), 0.0063205 secs]
35080.811: [GC 3718425K->3447785K(4160256K), 0.0077881 secs]
35081.300: [GC 3720425K->3437012K(4160256K), 0.0068288 secs]
35081.651: [GC 3709652K->3434685K(4160256K), 0.0049680 secs]
35082.375: [GC 3707325K->3440219K(4160256K), 0.0057037 secs]
35083.096: [GC 3712859K->3448139K(4160256K), 0.0332832 secs]
35083.867: [GC 3720779K->3453087K(4160256K), 0.0069815 secs]
35084.521: [GC 3725727K->3446071K(4160256K), 0.0047871 secs]
35085.202: [GC 3718711K->3440179K(4160256K), 0.0056040 secs]
35085.918: [GC 3712819K->3446932K(4160256K), 0.0061947 secs]
35086.644: [GC 3719572K->3452370K(4160256K), 0.0064526 secs]
35087.240: [GC 3725010K->3444462K(4160256K), 0.0049064 secs]
35087.947: [GC 3717102K->3441817K(4160256K), 0.0254720 secs]
35088.696: [GC 3714457K->3447762K(4160256K), 0.0062515 secs]
35089.356: [GC 3720402K->3451246K(4160256K), 0.0062877 secs]
35090.043: [GC 3723886K->3443819K(4160256K), 0.0051155 secs]
35090.755: [GC 3716459K->3445083K(4160256K), 0.0077271 secs]
35091.498: [GC 3717723K->3448397K(4160256K), 0.0065289 secs]
35092.046: [GC 3721037K->3448179K(4160256K), 0.0060693 secs]
35092.578: [GC 3628508K(4160256K), 0.0613342 secs]
35092.876: [GC 3720819K->3442852K(4160256K), 0.0053410 secs]
35093.612: [GC 3715492K->3445727K(4160256K), 0.0062265 secs]
35094.359: [GC 3718367K->3451329K(4160256K), 0.0065315 secs]
35094.970: [GC 3723969K->3444886K(4160256K), 0.0048140 secs]
35095.675: [GC 3717526K->3441233K(4160256K), 0.0056518 secs]
35096.411: [GC 3713873K->3447250K(4160256K), 0.0062563 secs]
35097.061: [GC 3719889K->3446163K(4160256K), 0.0062990 secs]
35097.808: [GC 3718802K->3443379K(4160256K), 0.0050838 secs]
35098.088: [GC 3552635K(4160256K), 0.0703384 secs]
35098.618: [GC 3716019K->3442455K(4160256K), 0.0057483 secs]
35099.360: [GC 3715095K->3447952K(4160256K), 0.0063756 secs]
35100.036: [GC 3720592K->3451410K(4160256K), 0.0067451 secs]
35100.758: [GC 3724050K->3444159K(4160256K), 0.0053092 secs]
35101.476: [GC 3716799K->3442226K(4160256K), 0.0058205 secs]
35102.224: [GC 3714866K->3447272K(4160256K), 0.0062262 secs]
35102.911: [GC 3719912K->3449433K(4160256K), 0.0062740 secs]
35103.609: [GC 3722073K->3443787K(4160256K), 0.0051351 secs]
35104.332: [GC 3716427K->3441865K(4160256K), 0.0056668 secs]
35105.077: [GC 3714505K->3446940K(4160256K), 0.0062518 secs]
35105.760: [GC 3719580K->3449183K(4160256K), 0.0065520 secs]
35106.271: [GC 3721823K->3444518K(4160256K), 0.0049699 secs]
35106.451: [GC 3717158K->3436812K(4160256K), 0.0049757 secs]
35106.753: [GC 3709452K->3439187K(4160256K), 0.0054337 secs]
35107.043: [GC 3711827K->3442376K(4160256K), 0.0057060 secs]
35107.219: [GC 3715016K->3444196K(4160256K), 0.0057922 secs]
35107.546: [GC 3716836K->3446593K(4160256K), 0.0062656 secs]
35107.738: [GC 3719233K->3451741K(4160256K), 0.0067740 secs]
35107.998: [GC 3724381K->3450277K(4160256K), 0.0062143 secs]
35108.344: [GC 3722917K->3453112K(4160256K), 0.0062528 secs]
35108.776: [GC 3725752K->3451808K(4160256K), 0.0059398 secs]
35109.004: [GC 3724448K->3442253K(4160256K), 0.0047685 secs]
35109.562: [GC 3714893K->3440811K(4160256K), 0.0052845 secs]
35110.296: [GC 3713451K->3446790K(4160256K), 0.0062396 secs]
35111.049: [GC 3719430K->3455598K(4160256K), 0.0064205 secs]
35111.770: [GC 3728238K->3455536K(4160256K), 0.0066854 secs]
35112.494: [GC 3728176K->3449745K(4160256K), 0.0051360 secs]
35113.221: [GC 3722385K->3447238K(4160256K), 0.0058631 secs]
35113.970: [GC 3719878K->3452059K(4160256K), 0.0061800 secs]
35114.731: [GC 3724699K->3457084K(4160256K), 0.0066056 secs]
35115.123: [GC 3623782K(4160256K), 0.0388202 secs]
35115.462: [GC 3729724K->3449697K(4160256K), 0.0048676 secs]
35116.195: [GC 3722330K->3446569K(4160256K), 0.0055786 secs]
35116.955: [GC 3719200K->3452590K(4160256K), 0.0062008 secs]
35117.741: [GC 3725228K->3458111K(4160256K), 0.0067236 secs]
35118.372: [GC 3730750K->3450298K(4160256K), 0.0049234 secs]
35119.113: [GC 3722938K->3448038K(4160256K), 0.0069237 secs]
35119.868: [GC 3720640K->3452688K(4160256K), 0.0061976 secs]
35120.520: [GC 3725307K->3452637K(4160256K), 0.0060238 secs]
35121.059: [GC 3725275K->3447181K(4160256K), 0.0049670 secs]
35121.275: [GC 3719821K->3438859K(4160256K), 0.0047868 secs]
35121.571: [GC 3706013K->3432156K(4160256K), 0.0048564 secs]
35122.048: [GC 3549238K(4160256K), 0.0461913 secs]
35122.238: [GC 3704796K->3431435K(4160256K), 0.0048605 secs]
35122.798: [GC 3704075K->3431402K(4160256K), 0.0048060 secs]
35123.036: [GC 3704042K->3432019K(4160256K), 0.0048464 secs]
35123.287: [GC 3704659K->3431913K(4160256K), 0.0052993 secs]
35123.592: [GC 3704553K->3431483K(4160256K), 0.0047348 secs]
35124.281: [GC 3704123K->3431511K(4160256K), 0.0047531 secs]
35124.557: [GC 3704151K->3431383K(4160256K), 0.0046800 secs]
35124.843: [GC 3704023K->3431365K(4160256K), 0.0046142 secs]
35125.435: [GC 3704005K->3431220K(4160256K), 0.0045754 secs]
35126.732: [GC 3703860K->3431646K(4160256K), 0.0048342 secs]
35127.001: [GC 3704286K->3431821K(4160256K), 0.0049183 secs]
35127.281: [GC 3704461K->3431864K(4160256K), 0.0047996 secs]
35143.369: [GC 3704504K->3450717K(4160256K), 0.0182003 secs]
35168.410: [GC 3723357K->3458213K(4160256K), 0.0542728 secs]
35213.364: [GC 3583404K(4160256K), 0.0504328 secs]
35254.322: [GC 3718706K->3444765K(4160256K), 0.0110415 secs]
35278.877: [GC 3565939K(4160256K), 0.0507616 secs]
35303.504: [GC 3717405K->3448816K(4160256K), 0.0111691 secs]
35364.755: [GC 3721456K->3449507K(4160256K), 0.0120976 secs]
35396.379: [GC 3595466K(4160256K), 0.0567036 secs]
35426.142: [GC 2364047K->2098541K(4160256K), 0.0128507 secs]
35475.358: [GC 2349391K->2075266K(4160256K), 0.0153068 secs]
35536.638: [GC 2015824K->1741510K(4160256K), 0.0158786 secs]
35561.412: [GC 1869600K(4160256K), 0.0578271 secs]
35586.039: [GC 2014150K->1742586K(4160256K), 0.0171262 secs]
35635.342: [GC 2015226K->1744407K(4160256K), 0.0158135 secs]
35684.456: [GC 2017047K->1748635K(4160256K), 0.0151114 secs]
35733.596: [GC 2021275K->1750151K(4160256K), 0.0156968 secs]
35782.723: [GC 2022791K->1751330K(4160256K), 0.0163812 secs]
35832.237: [GC 2023970K->1749096K(4160256K), 0.0167202 secs]
35881.301: [GC 2021736K->1750849K(4160256K), 0.0178369 secs]
35930.407: [GC 2023489K->1758547K(4160256K), 0.0228001 secs]
35950.013: [GC 1885756K(4160256K), 0.0482170 secs]
35967.400: [GC 2019168K->1743348K(4160256K), 0.0142740 secs]
35992.091: [GC 1877973K(4160256K), 0.0596157 secs]
36016.865: [GC 2015988K->1748713K(4160256K), 0.0201250 secs]
36066.174: [GC 2021353K->1743838K(4160256K), 0.0158895 secs]
36085.726: [GC 1881946K(4160256K), 0.0535509 secs]
36103.056: [GC 2011673K->1740251K(4160256K), 0.0156227 secs]
36152.120: [GC 2012891K->1745262K(4160256K), 0.0233684 secs]
36189.038: [GC 2017902K->1742876K(4160256K), 0.0153821 secs]
36238.215: [GC 2015516K->1743691K(4160256K), 0.0147157 secs]
36275.139: [GC 2016331K->1745843K(4160256K), 0.0160252 secs]
36324.413: [GC 2018483K->1749913K(4160256K), 0.0152821 secs]
36361.343: [GC 2022553K->1749538K(4160256K), 0.0157606 secs]
36398.176: [GC 2022178K->1749757K(4160256K), 0.0151955 secs]
36435.061: [GC 2022397K->1754018K(4160256K), 0.0152311 secs]
36484.174: [GC 2026658K->1756068K(4160256K), 0.0221022 secs]
36521.055: [GC 2028708K->1751929K(4160256K), 0.0143408 secs]
36557.958: [GC 2024569K->1757047K(4160256K), 0.0158703 secs]
36594.830: [GC 2029687K->1755278K(4160256K), 0.0150771 secs]
36631.900: [GC 2027918K->1760149K(4160256K), 0.0143270 secs]
36680.891: [GC 2032789K->1762399K(4160256K), 0.0227950 secs]
36717.863: [GC 2035039K->1767776K(4160256K), 0.0174197 secs]
36754.893: [GC 2040416K->1764045K(4160256K), 0.0129700 secs]
36791.811: [GC 2036685K->1766035K(4160256K), 0.0156782 secs]
36828.684: [GC 2038675K->1769666K(4160256K), 0.0160072 secs]
36853.525: [GC 2042306K->1775418K(4160256K), 0.0180448 secs]
36890.361: [GC 2048058K->1774983K(4160256K), 0.0150890 secs]
36927.376: [GC 2047623K->1776511K(4160256K), 0.0157904 secs]
36964.315: [GC 2049151K->1774390K(4160256K), 0.0171669 secs]
37001.205: [GC 2047030K->1781041K(4160256K), 0.0185704 secs]
37026.011: [GC 2053681K->1782377K(4160256K), 0.0183299 secs]
37062.917: [GC 2055017K->1778772K(4160256K), 0.0133991 secs]
37099.933: [GC 2051412K->1782256K(4160256K), 0.0172487 secs]
37124.912: [GC 2054896K->1788710K(4160256K), 0.0166795 secs]
37161.888: [GC 2061350K->1790290K(4160256K), 0.0161272 secs]
37198.828: [GC 2062930K->1791634K(4160256K), 0.0167622 secs]
37223.626: [GC 2064274K->1794376K(4160256K), 0.0184986 secs]
37260.575: [GC 2067016K->1790965K(4160256K), 0.0126092 secs]
37285.298: [GC 2063605K->1793066K(4160256K), 0.0147115 secs]
37322.207: [GC 2065706K->1800047K(4160256K), 0.0170156 secs]
37346.995: [GC 2072687K->1797673K(4160256K), 0.0159575 secs]
37384.018: [GC 2070313K->1803406K(4160256K), 0.0158321 secs]
37408.728: [GC 2076046K->1801547K(4160256K), 0.0152920 secs]
37445.724: [GC 2074187K->1807490K(4160256K), 0.0159610 secs]
37470.439: [GC 2080130K->1811851K(4160256K), 0.0167093 secs]
37507.629: [GC 2084491K->1811979K(4160256K), 0.0159998 secs]
37532.414: [GC 2084619K->1810298K(4160256K), 0.0146599 secs]
37557.250: [GC 2082938K->1811217K(4160256K), 0.0147596 secs]
37594.372: [GC 2083857K->1814932K(4160256K), 0.0132673 secs]
37619.182: [GC 2087572K->1815756K(4160256K), 0.0164492 secs]
37644.084: [GC 2088396K->1818422K(4160256K), 0.0122022 secs]
37680.972: [GC 2091062K->1819648K(4160256K), 0.0160823 secs]
37705.718: [GC 2092288K->1820071K(4160256K), 0.0142048 secs]
37730.488: [GC 2092711K->1823119K(4160256K), 0.0122673 secs]
37767.653: [GC 2095759K->1826581K(4160256K), 0.0147814 secs]
37792.482: [GC 2099221K->1825806K(4160256K), 0.0154504 secs]
37817.213: [GC 2098446K->1828507K(4160256K), 0.0121570 secs]
37854.212: [GC 2101147K->1837337K(4160256K), 0.0163966 secs]
37879.019: [GC 2109977K->1833166K(4160256K), 0.0150560 secs]
37903.934: [GC 2105806K->1836842K(4160256K), 0.0154495 secs]
37928.677: [GC 2109482K->1833985K(4160256K), 0.0129126 secs]
37953.539: [GC 2106519K->1845937K(4160256K), 0.0177099 secs]
37990.365: [GC 2118577K->1838440K(4160256K), 0.0145335 secs]
38015.168: [GC 2111080K->1841939K(4160256K), 0.0148889 secs]
38039.883: [GC 2114579K->1845483K(4160256K), 0.0140582 secs]
38064.642: [GC 2118123K->1844456K(4160256K), 0.0138026 secs]
38089.511: [GC 2117096K->1847531K(4160256K), 0.0145335 secs]
38114.543: [GC 2120171K->1853017K(4160256K), 0.0134751 secs]
38151.384: [GC 2125565K->1853642K(4160256K), 0.0135697 secs]
38176.127: [GC 2126282K->1860218K(4160256K), 0.0129716 secs]
38200.869: [GC 2132858K->1856048K(4160256K), 0.0124639 secs]
38225.625: [GC 2128688K->1859359K(4160256K), 0.0123988 secs]
38262.603: [GC 2131999K->1860892K(4160256K), 0.0117333 secs]
38287.439: [GC 2133532K->1865179K(4160256K), 0.0126557 secs]
38312.192: [GC 2137819K->1868744K(4160256K), 0.0115267 secs]
38336.968: [GC 2141384K->1863381K(4160256K), 0.0138789 secs]
38361.777: [GC 2136021K->1864157K(4160256K), 0.0117965 secs]
38398.598: [GC 2136797K->1867939K(4160256K), 0.0163193 secs]
38423.384: [GC 2140579K->1866267K(4160256K), 0.0106319 secs]
38448.068: [GC 2138907K->1873208K(4160256K), 0.0116775 secs]
38472.785: [GC 2145848K->1869155K(4160256K), 0.0129668 secs]
38497.490: [GC 2141795K->1873611K(4160256K), 0.0116586 secs]
38522.180: [GC 2146251K->1871961K(4160256K), 0.0126291 secs]
38559.072: [GC 2144601K->1879443K(4160256K), 0.0119770 secs]
38583.903: [GC 2152083K->1875715K(4160256K), 0.0141737 secs]
38608.682: [GC 2148355K->1878787K(4160256K), 0.0151464 secs]
38633.391: [GC 2151427K->1880326K(4160256K), 0.0152692 secs]
38658.376: [GC 2152966K->1885750K(4160256K), 0.0122599 secs]
38683.116: [GC 2158390K->1878425K(4160256K), 0.0122715 secs]
38707.900: [GC 2151065K->1885874K(4160256K), 0.0121525 secs]
38735.498: [GC 2158514K->1893816K(4160256K), 0.0191509 secs]
38736.826: [GC 2166456K->1919917K(4160256K), 0.0500015 secs]
38738.084: [GC 2192557K->1935097K(4160256K), 0.0381790 secs]
38739.463: [GC 2207737K->1957878K(4160256K), 0.0493834 secs]
38740.795: [GC 2230518K->1973736K(4160256K), 0.0433010 secs]
38742.292: [GC 2246376K->1992712K(4160256K), 0.0409526 secs]
38743.584: [GC 2265352K->2005655K(4160256K), 0.0376046 secs]
38744.986: [GC 2278295K->2038543K(4160256K), 0.0617902 secs]
38745.964: [GC 2311183K->2049174K(4160256K), 0.0337146 secs]
38747.247: [GC 2321814K->2066532K(4160256K), 0.0399452 secs]
38748.710: [GC 2339172K->2081381K(4160256K), 0.0392624 secs]
38749.939: [GC 2354021K->2099634K(4160256K), 0.0421197 secs]
38751.389: [GC 2372274K->2118333K(4160256K), 0.0414655 secs]
38752.857: [GC 2390973K->2136292K(4160256K), 0.0443298 secs]
38754.050: [GC 2408932K->2157585K(4160256K), 0.0467625 secs]
38755.279: [GC 2430225K->2181310K(4160256K), 0.0502863 secs]
38756.894: [GC 2453950K->2203055K(4160256K), 0.0542016 secs]
38758.187: [GC 2475695K->2222720K(4160256K), 0.0453106 secs]
38759.716: [GC 2495360K->2240489K(4160256K), 0.0419991 secs]
38760.944: [GC 2513129K->2255698K(4160256K), 0.0398971 secs]
38762.119: [GC 2528338K->2274003K(4160256K), 0.0460505 secs]
38763.390: [GC 2546643K->2286580K(4160256K), 0.0326508 secs]
38764.683: [GC 2559220K->2306131K(4160256K), 0.0444148 secs]
38766.186: [GC 2578771K->2324795K(4160256K), 0.0429956 secs]
38767.383: [GC 2597435K->2343850K(4160256K), 0.0420909 secs]
38768.854: [GC 2616490K->2362137K(4160256K), 0.0409914 secs]
38769.846: [GC 2634777K->2375720K(4160256K), 0.0315539 secs]
38771.449: [GC 2648360K->2408968K(4160256K), 0.0632598 secs]
38771.916: [GC 2545428K(4160256K), 0.1093327 secs]
38772.686: [GC 2681608K->2431968K(4160256K), 0.0459562 secs]
38773.950: [GC 2704608K->2447706K(4160256K), 0.0398099 secs]
38775.495: [GC 2720346K->2467290K(4160256K), 0.0441794 secs]
38776.950: [GC 2739930K->2492118K(4160256K), 0.0534794 secs]
38778.202: [GC 2764758K->2508266K(4160256K), 0.0413253 secs]
38779.433: [GC 2780906K->2538296K(4160256K), 0.0655619 secs]
38780.472: [GC 2810936K->2549135K(4160256K), 0.0309503 secs]
38781.756: [GC 2821775K->2567083K(4160256K), 0.0430258 secs]
38783.199: [GC 2839723K->2584972K(4160256K), 0.0429860 secs]
38784.433: [GC 2857612K->2601985K(4160256K), 0.0420312 secs]
38785.883: [GC 2874625K->2622666K(4160256K), 0.0447336 secs]
38787.270: [GC 2895306K->2638929K(4160256K), 0.0429741 secs]
38788.606: [GC 2911569K->2656840K(4160256K), 0.0445200 secs]
38789.603: [GC 2929480K->2673627K(4160256K), 0.0432987 secs]
38791.025: [GC 2946267K->2700463K(4160256K), 0.0561985 secs]
38792.321: [GC 2973103K->2718341K(4160256K), 0.0454819 secs]
38793.818: [GC 2990981K->2736556K(4160256K), 0.0441368 secs]
38794.417: [GC 2851181K(4160256K), 0.0757827 secs]
38795.090: [GC 3001556K->2747158K(4160256K), 0.0455691 secs]
38796.491: [GC 2890562K->2651602K(4160256K), 0.0682169 secs]
38797.492: [GC 2838600K->2578787K(4160256K), 0.0363570 secs]
38798.786: [GC 2848474K->2592930K(4160256K), 0.0479986 secs]
38800.287: [GC 2838454K->2583655K(4160256K), 0.0471903 secs]
38800.909: [GC 2709197K(4160256K), 0.1011608 secs]
38801.621: [GC 2856295K->2600891K(4160256K), 0.0489524 secs]
38803.259: [GC 2873531K->2618233K(4160256K), 0.0508485 secs]
38804.464: [GC 2890873K->2631947K(4160256K), 0.0378211 secs]
38805.759: [GC 2904587K->2664958K(4160256K), 0.0732419 secs]
38806.891: [GC 2937598K->2680072K(4160256K), 0.0460486 secs]
38808.204: [GC 2952712K->2698431K(4160256K), 0.0527639 secs]
38809.587: [GC 2971071K->2716359K(4160256K), 0.0452888 secs]
38811.077: [GC 2988999K->2734908K(4160256K), 0.0446948 secs]
38812.282: [GC 3007548K->2752281K(4160256K), 0.0442869 secs]
38813.591: [GC 3024921K->2781664K(4160256K), 0.0629516 secs]
38814.719: [GC 3054304K->2795007K(4160256K), 0.0371842 secs]
38815.994: [GC 3067647K->2812545K(4160256K), 0.0442618 secs]
38817.517: [GC 3085185K->2830265K(4160256K), 0.0452038 secs]
38818.774: [GC 3102905K->2847582K(4160256K), 0.0439196 secs]
38820.309: [GC 3120222K->2869168K(4160256K), 0.0574194 secs]
38821.512: [GC 3141808K->2886584K(4160256K), 0.0383971 secs]
38822.886: [GC 3159224K->2921161K(4160256K), 0.0700049 secs]
38823.992: [GC 3193801K->2949739K(4160256K), 0.0567620 secs]
38825.217: [GC 3222379K->2965897K(4160256K), 0.0423356 secs]
38826.912: [GC 3238537K->2984593K(4160256K), 0.0454184 secs]
38828.339: [GC 3257233K->2998682K(4160256K), 0.0414953 secs]
38829.610: [GC 3271322K->3020813K(4160256K), 0.0478427 secs]
38829.944: [GC 3168189K(4160256K), 0.0790075 secs]
38830.702: [GC 3242179K->2988625K(4160256K), 0.0434883 secs]
38831.978: [GC 3232911K->2979009K(4160256K), 0.0484338 secs]
38833.476: [GC 3251625K->2999036K(4160256K), 0.0460329 secs]
38834.876: [GC 3270960K->3012767K(4160256K), 0.0411467 secs]
38836.117: [GC 3234697K->2985274K(4160256K), 0.0463157 secs]
38837.118: [GC 3249882K->2995739K(4160256K), 0.0435877 secs]
38838.490: [GC 3261159K->3013251K(4160256K), 0.0544781 secs]
38839.237: [GC 3133336K(4160256K), 0.0971581 secs]
38839.930: [GC 3285891K->3031668K(4160256K), 0.0461188 secs]
38841.439: [GC 3304308K->3050277K(4160256K), 0.0450970 secs]
38842.716: [GC 3322917K->3067805K(4160256K), 0.0485210 secs]
38843.997: [GC 3340445K->3092957K(4160256K), 0.0575497 secs]
38845.153: [GC 3365597K->3106199K(4160256K), 0.0634436 secs]
38846.428: [GC 3378839K->3124026K(4160256K), 0.0692191 secs]
38848.001: [GC 3396666K->3147021K(4160256K), 0.0535432 secs]
38849.240: [GC 3419661K->3169766K(4160256K), 0.0679295 secs]
38850.739: [GC 3442406K->3206652K(4160256K), 0.0963365 secs]
38851.787: [GC 3479292K->3220139K(4160256K), 0.0371213 secs]
38853.028: [GC 3492779K->3236977K(4160256K), 0.0529104 secs]
38854.535: [GC 3509617K->3258689K(4160256K), 0.0614413 secs]
38855.742: [GC 3531329K->3282723K(4160256K), 0.0781336 secs]
38857.221: [GC 3555363K->3306458K(4160256K), 0.0721011 secs]
38858.337: [GC 3579098K->3326551K(4160256K), 0.0453164 secs]
38859.635: [GC 3599191K->3345381K(4160256K), 0.0469565 secs]
38860.254: [GC 3487299K(4160256K), 0.0744369 secs]
38861.225: [GC 3593895K->3338403K(4160256K), 0.0480425 secs]
38862.396: [GC 3580168K->3330440K(4160256K), 0.0509261 secs]
38863.681: [GC 3599117K->3350734K(4160256K), 0.0498681 secs]
38865.092: [GC 3606638K->3365443K(4160256K), 0.0626610 secs]
38866.583: [GC 3547573K->3300532K(4160256K), 0.0521907 secs]
38867.765: [GC 3573172K->3327824K(4160256K), 0.0508979 secs]
38868.549: [GC 3442448K(4160256K), 0.0912363 secs]
38869.225: [GC 3600464K->3350256K(4160256K), 0.0468141 secs]
38870.417: [GC 3622896K->3374731K(4160256K), 0.0517828 secs]
38871.665: [GC 3647371K->3390246K(4160256K), 0.0468408 secs]
38873.078: [GC 3662886K->3402701K(4160256K), 0.0420290 secs]
38874.425: [GC 3675341K->3448214K(4160256K), 0.0788565 secs]
38875.711: [GC 3720854K->3472635K(4160256K), 0.0509681 secs]
38876.914: [GC 3745275K->3490268K(4160256K), 0.0467904 secs]
38878.187: [GC 3762908K->3506236K(4160256K), 0.0465435 secs]
38879.391: [GC 3778876K->3522734K(4160256K), 0.0454334 secs]
38880.585: [GC 3795374K->3543891K(4160256K), 0.0484338 secs]
38882.083: [GC 3816531K->3574556K(4160256K), 0.0666973 secs]
38883.390: [GC 3847196K->3599395K(4160256K), 0.0529415 secs]
38883.836: [GC 3686730K(4160256K), 0.0635250 secs]
38884.455: [GC 3850262K->3592660K(4160256K), 0.0422586 secs]
38886.045: [GC 3834947K->3597661K(4160256K), 0.0710415 secs]
38887.362: [GC 3831990K->3580227K(4160256K), 0.0497439 secs]
38888.570: [GC 3790374K->3537857K(4160256K), 0.0573030 secs]
38889.172: [GC 3636108K(4160256K), 0.0824944 secs]
38890.114: [GC 3810497K->3563700K(4160256K), 0.0644307 secs]
38891.163: [GC 3836340K->3580695K(4160256K), 0.0351707 secs]
38891.885: [GC 3853335K->3570536K(4160256K), 0.0112650 secs]
38892.617: [GC 3843176K->3855629K(4160256K), 0.0870984 secs]
38895.078: [Full GC 3855629K->3442677K(4160256K), 9.3769256 secs]
38904.658: [GC 3519323K(4160256K), 0.0470932 secs]
38905.293: [GC 3715317K->3459554K(4160256K), 0.0055491 secs]
38905.917: [GC 3732194K->3448020K(4160256K), 0.0047868 secs]
38906.659: [GC 3720660K->3453179K(4160256K), 0.0057740 secs]
38907.408: [GC 3725819K->3459963K(4160256K), 0.0064452 secs]
38908.025: [GC 3732603K->3463069K(4160256K), 0.0064622 secs]
38908.756: [GC 3735709K->3455731K(4160256K), 0.0051883 secs]
38909.495: [GC 3728371K->3457340K(4160256K), 0.0071126 secs]
38910.257: [GC 3729980K->3463227K(4160256K), 0.0064661 secs]
38910.833: [GC 3735867K->3456823K(4160256K), 0.0045045 secs]
38911.526: [GC 3729463K->3451871K(4160256K), 0.0058317 secs]
38912.280: [GC 3724511K->3458240K(4160256K), 0.0064908 secs]
38913.036: [GC 3730880K->3466486K(4160256K), 0.0065857 secs]
38913.733: [GC 3739126K->3457048K(4160256K), 0.0048577 secs]
38914.233: [GC 3648191K(4160256K), 0.0503472 secs]
38914.505: [GC 3729688K->3454212K(4160256K), 0.0057672 secs]
38915.280: [GC 3726792K->3463098K(4160256K), 0.0064513 secs]
38915.929: [GC 3735685K->3459375K(4160256K), 0.0060113 secs]
38916.651: [GC 3731979K->3454693K(4160256K), 0.0052820 secs]
38917.414: [GC 3727322K->3456199K(4160256K), 0.0059224 secs]
38918.174: [GC 3722364K->3456355K(4160256K), 0.0066065 secs]
38918.389: [GC 3549912K(4160256K), 0.0305462 secs]
38918.773: [GC 3728995K->3450470K(4160256K), 0.0044122 secs]
38919.467: [GC 3723110K->3445523K(4160256K), 0.0053516 secs]
38920.200: [GC 3718163K->3451510K(4160256K), 0.0063503 secs]
38920.917: [GC 3724150K->3458521K(4160256K), 0.0063994 secs]
38921.562: [GC 3731161K->3449992K(4160256K), 0.0051319 secs]
38922.293: [GC 3722632K->3447408K(4160256K), 0.0058208 secs]
38923.051: [GC 3720048K->3454176K(4160256K), 0.0064815 secs]
38923.624: [GC 3726816K->3452695K(4160256K), 0.0058804 secs]
38924.392: [GC 3725335K->3447797K(4160256K), 0.0054404 secs]
38925.136: [GC 3720437K->3451475K(4160256K), 0.0061133 secs]
38925.865: [GC 3724115K->3454992K(4160256K), 0.0067515 secs]
38926.463: [GC 3727632K->3449903K(4160256K), 0.0049349 secs]
38927.201: [GC 3722543K->3447030K(4160256K), 0.0056335 secs]
38927.963: [GC 3719670K->3455861K(4160256K), 0.0075219 secs]
38928.598: [GC 3728501K->3457924K(4160256K), 0.0080639 secs]
38929.268: [GC 3730564K->3449326K(4160256K), 0.0049452 secs]
38929.988: [GC 3721966K->3447662K(4160256K), 0.0058708 secs]
38930.544: [GC 3655524K(4160256K), 0.0623300 secs]
38930.799: [GC 3720302K->3454984K(4160256K), 0.0064510 secs]
38931.428: [GC 3727607K->3452698K(4160256K), 0.0059789 secs]
38931.788: [GC 3725338K->3447873K(4160256K), 0.0051040 secs]
38931.999: [GC 3720513K->3443961K(4160256K), 0.0056848 secs]
38932.334: [GC 3716598K->3445043K(4160256K), 0.0053830 secs]
38932.554: [GC 3717679K->3447629K(4160256K), 0.0057781 secs]
38932.757: [GC 3720269K->3450558K(4160256K), 0.0058381 secs]
38933.093: [GC 3723198K->3453048K(4160256K), 0.0061075 secs]
38933.297: [GC 3725688K->3454948K(4160256K), 0.0071758 secs]
38933.544: [GC 3727588K->3459073K(4160256K), 0.0061014 secs]
38933.895: [GC 3731711K->3460979K(4160256K), 0.0061550 secs]
38934.286: [GC 3733618K->3460627K(4160256K), 0.0072159 secs]
38934.542: [GC 3733267K->3447575K(4160256K), 0.0048602 secs]
38935.103: [GC 3720209K->3448057K(4160256K), 0.0055812 secs]
38935.827: [GC 3715211K->3447228K(4160256K), 0.0059924 secs]
38936.100: [GC 3551723K(4160256K), 0.0695857 secs]
38936.627: [GC 3719868K->3452421K(4160256K), 0.0064443 secs]
38937.273: [GC 3725061K->3454298K(4160256K), 0.0063548 secs]
38937.979: [GC 3726938K->3449539K(4160256K), 0.0050899 secs]
38938.681: [GC 3722179K->3449416K(4160256K), 0.0072252 secs]
38939.416: [GC 3722056K->3454141K(4160256K), 0.0064138 secs]
38939.969: [GC 3726781K->3454908K(4160256K), 0.0061300 secs]
38940.675: [GC 3727548K->3445324K(4160256K), 0.0064208 secs]
38941.399: [GC 3717964K->3448164K(4160256K), 0.0060248 secs]
38942.143: [GC 3720804K->3455486K(4160256K), 0.0064635 secs]
38942.726: [GC 3728126K->3449529K(4160256K), 0.0045177 secs]
38943.404: [GC 3722169K->3444916K(4160256K), 0.0053429 secs]
38944.127: [GC 3717556K->3451106K(4160256K), 0.0085030 secs]
38944.861: [GC 3723746K->3459372K(4160256K), 0.0067201 secs]
38945.436: [GC 3732012K->3451457K(4160256K), 0.0047451 secs]
38946.142: [GC 3724097K->3446095K(4160256K), 0.0058140 secs]
38946.889: [GC 3718735K->3452946K(4160256K), 0.0061707 secs]
38947.518: [GC 3725586K->3453462K(4160256K), 0.0060944 secs]
38948.198: [GC 3726102K->3448219K(4160256K), 0.0051890 secs]
38948.913: [GC 3720859K->3448663K(4160256K), 0.0057768 secs]
38949.664: [GC 3721303K->3454280K(4160256K), 0.0063689 secs]
38950.269: [GC 3726920K->3449342K(4160256K), 0.0045491 secs]
38950.979: [GC 3721982K->3444794K(4160256K), 0.0053525 secs]
38951.727: [GC 3717434K->3450943K(4160256K), 0.0060074 secs]
38952.473: [GC 3723583K->3457343K(4160256K), 0.0065873 secs]
38952.965: [GC 3682838K(4160256K), 0.0551016 secs]
38953.198: [GC 3729983K->3450217K(4160256K), 0.0045440 secs]
38953.896: [GC 3722828K->3444447K(4160256K), 0.0070155 secs]
38954.632: [GC 3717074K->3450127K(4160256K), 0.0059641 secs]
38955.392: [GC 3722728K->3456011K(4160256K), 0.0064789 secs]
38956.036: [GC 3728651K->3450269K(4160256K), 0.0044946 secs]
38956.729: [GC 3722907K->3444291K(4160256K), 0.0053358 secs]
38957.456: [GC 3716898K->3448339K(4160256K), 0.0060459 secs]
38958.222: [GC 3720975K->3457357K(4160256K), 0.0065725 secs]
38958.869: [GC 3729996K->3450378K(4160256K), 0.0044923 secs]
38959.078: [GC 3718832K->3437346K(4160256K), 0.0049981 secs]
38959.154: [GC 3550711K(4160256K), 0.0544464 secs]
38959.433: [GC 3709986K->3437611K(4160256K), 0.0051934 secs]
38959.634: [GC 3710251K->3439214K(4160256K), 0.0053358 secs]
38959.911: [GC 3711854K->3442305K(4160256K), 0.0056386 secs]
38960.098: [GC 3714945K->3443611K(4160256K), 0.0058092 secs]
38960.417: [GC 3716251K->3447991K(4160256K), 0.0075915 secs]
38960.616: [GC 3720631K->3450242K(4160256K), 0.0065228 secs]
38960.907: [GC 3722882K->3451843K(4160256K), 0.0061293 secs]
38961.279: [GC 3724483K->3456175K(4160256K), 0.0068881 secs]
38961.685: [GC 3728815K->3449690K(4160256K), 0.0057852 secs]
38961.887: [GC 3722330K->3442658K(4160256K), 0.0046299 secs]
38962.545: [GC 3715298K->3443641K(4160256K), 0.0053782 secs]
38963.286: [GC 3716281K->3451157K(4160256K), 0.0060206 secs]
38964.051: [GC 3723797K->3458407K(4160256K), 0.0065947 secs]
38964.668: [GC 3731047K->3453921K(4160256K), 0.0062993 secs]
38965.403: [GC 3726561K->3449756K(4160256K), 0.0052925 secs]
38966.139: [GC 3722396K->3449210K(4160256K), 0.0058461 secs]
38966.898: [GC 3721850K->3455306K(4160256K), 0.0065485 secs]
38967.586: [GC 3727946K->3459331K(4160256K), 0.0062672 secs]
38968.261: [GC 3731971K->3450427K(4160256K), 0.0050241 secs]
38969.000: [GC 3723067K->3448271K(4160256K), 0.0059641 secs]
38969.764: [GC 3720911K->3454086K(4160256K), 0.0065620 secs]
38970.423: [GC 3726726K->3455562K(4160256K), 0.0062300 secs]
38971.136: [GC 3728202K->3449613K(4160256K), 0.0054471 secs]
38971.889: [GC 3722253K->3448962K(4160256K), 0.0058708 secs]
38972.640: [GC 3721602K->3456044K(4160256K), 0.0065228 secs]
38973.409: [GC 3728684K->3449830K(4160256K), 0.0046960 secs]
38973.672: [GC 3722470K->3440305K(4160256K), 0.0049519 secs]
38973.904: [GC 3712945K->3438710K(4160256K), 0.0047101 secs]
38974.578: [GC 3711350K->3437889K(4160256K), 0.0047573 secs]
38974.855: [GC 3710529K->3438007K(4160256K), 0.0046973 secs]
38975.408: [GC 3710647K->3438381K(4160256K), 0.0048567 secs]
38975.630: [GC 3711021K->3438334K(4160256K), 0.0050616 secs]
38975.900: [GC 3710974K->3438557K(4160256K), 0.0066854 secs]
38976.617: [GC 3711197K->3438184K(4160256K), 0.0046315 secs]
38976.897: [GC 3710824K->3438102K(4160256K), 0.0051890 secs]
38977.167: [GC 3710742K->3438357K(4160256K), 0.0046643 secs]
38977.518: [GC 3710997K->3438563K(4160256K), 0.0048827 secs]
38978.189: [GC 3711203K->3438082K(4160256K), 0.0046800 secs]
38979.365: [GC 3710722K->3438455K(4160256K), 0.0050870 secs]
38979.637: [GC 3711095K->3438297K(4160256K), 0.0046790 secs]
38995.234: [GC 3710937K->3459837K(4160256K), 0.0162154 secs]
38995.926: [GC 3732477K->3465232K(4160256K), 0.0254557 secs]
39013.572: [GC 3615753K(4160256K), 0.0645687 secs]
39057.277: [GC 3736969K->3475025K(4160256K), 0.0276674 secs]
39082.016: [GC 3592815K(4160256K), 0.0530365 secs]
39089.317: [GC 3596038K(4160256K), 0.0492154 secs]
39118.852: [GC 2233251K->1956146K(4160256K), 0.0100280 secs]
39180.245: [GC 2011593K->1742067K(4160256K), 0.0112224 secs]
39204.844: [GC 1866561K(4160256K), 0.0543626 secs]
39229.588: [GC 2014707K->1744783K(4160256K), 0.0118792 secs]
39261.326: [GC 1880866K(4160256K), 0.0540445 secs]
39291.010: [GC 2011406K->1745286K(4160256K), 0.0143231 secs]
39315.557: [GC 1876183K(4160256K), 0.0614929 secs]
39340.141: [GC 2017926K->1744210K(4160256K), 0.0139338 secs]
39389.173: [GC 2016850K->1743316K(4160256K), 0.0165576 secs]
39438.272: [GC 2015956K->1744871K(4160256K), 0.0163520 secs]
39487.400: [GC 2017511K->1749430K(4160256K), 0.0185252 secs]
39536.532: [GC 2022070K->1747207K(4160256K), 0.0191692 secs]
39585.579: [GC 2019847K->1748701K(4160256K), 0.0181631 secs]
39634.856: [GC 2021341K->1754226K(4160256K), 0.0175374 secs]
39683.974: [GC 2026866K->1754718K(4160256K), 0.0170601 secs]
39721.054: [GC 2027358K->1753255K(4160256K), 0.0171243 secs]
39770.101: [GC 2025895K->1754470K(4160256K), 0.0169922 secs]
39819.148: [GC 2027110K->1755441K(4160256K), 0.0173809 secs]
39856.085: [GC 2028081K->1756820K(4160256K), 0.0165781 secs]
39905.137: [GC 2029460K->1761203K(4160256K), 0.0170746 secs]
39942.031: [GC 2033843K->1764262K(4160256K), 0.0182969 secs]
39979.109: [GC 2036902K->1763749K(4160256K), 0.0143677 secs]
40028.551: [GC 2036389K->1765787K(4160256K), 0.0169133 secs]
40047.607: [GC 1907369K(4160256K), 0.0548720 secs]
40065.399: [GC 2021633K->1746972K(4160256K), 0.0141409 secs]
40102.275: [GC 2019612K->1747818K(4160256K), 0.0140373 secs]
40151.310: [GC 2020458K->1750040K(4160256K), 0.0154748 secs]
40188.219: [GC 2022680K->1754993K(4160256K), 0.0162551 secs]
40225.558: [GC 2027633K->1756542K(4160256K), 0.0144892 secs]
40262.413: [GC 2029182K->1762789K(4160256K), 0.0197080 secs]
40299.315: [GC 2035429K->1757694K(4160256K), 0.0138051 secs]
40336.241: [GC 2030334K->1761990K(4160256K), 0.0146146 secs]
40385.373: [GC 2034630K->1758873K(4160256K), 0.0163013 secs]
40410.177: [GC 2031513K->1762951K(4160256K), 0.0147817 secs]
40447.113: [GC 2035591K->1765617K(4160256K), 0.0158218 secs]
40484.021: [GC 2038257K->1772887K(4160256K), 0.0162301 secs]
40508.777: [GC 2045527K->1774037K(4160256K), 0.0233636 secs]
40545.749: [GC 2046671K->1772007K(4160256K), 0.0130906 secs]
40570.636: [GC 2044647K->1773079K(4160256K), 0.0178020 secs]
40607.626: [GC 2045719K->1772823K(4160256K), 0.0133840 secs]
40632.393: [GC 2045463K->1776200K(4160256K), 0.0166047 secs]
40669.644: [GC 2048840K->1782009K(4160256K), 0.0205794 secs]
40694.363: [GC 2054649K->1783408K(4160256K), 0.0124495 secs]
40731.338: [GC 2056048K->1786099K(4160256K), 0.0164072 secs]
40756.085: [GC 2058739K->1786770K(4160256K), 0.0193260 secs]
40793.012: [GC 2059410K->1787524K(4160256K), 0.0162218 secs]
40817.760: [GC 2060164K->1790582K(4160256K), 0.0127612 secs]
40842.464: [GC 2063222K->1789228K(4160256K), 0.0158603 secs]
40879.456: [GC 2061868K->1792934K(4160256K), 0.0174027 secs]
40904.296: [GC 2065574K->1797470K(4160256K), 0.0176464 secs]
40941.088: [GC 2070110K->1803329K(4160256K), 0.0148507 secs]
40989.999: [GC 2075969K->1796976K(4160256K), 0.0152388 secs]
41026.879: [GC 2069616K->1800642K(4160256K), 0.0150983 secs]
41063.879: [GC 2073282K->1796961K(4160256K), 0.0126425 secs]
41100.640: [GC 2069601K->1801342K(4160256K), 0.0151887 secs]
41137.523: [GC 2073982K->1801995K(4160256K), 0.0133735 secs]
41174.247: [GC 2074635K->1802187K(4160256K), 0.0133988 secs]
41199.152: [GC 2074827K->1807805K(4160256K), 0.0145229 secs]
41236.035: [GC 2080445K->1805805K(4160256K), 0.0120749 secs]
41272.857: [GC 2078445K->1810211K(4160256K), 0.0131743 secs]
41309.650: [GC 2082851K->1810784K(4160256K), 0.0132253 secs]
41346.421: [GC 2083424K->1811649K(4160256K), 0.0123808 secs]
41383.160: [GC 2084289K->1812077K(4160256K), 0.0119427 secs]
41419.972: [GC 2084717K->1813059K(4160256K), 0.0130438 secs]
41456.721: [GC 2085699K->1814235K(4160256K), 0.0128747 secs]
41493.512: [GC 2086875K->1815433K(4160256K), 0.0125700 secs]
41518.195: [GC 2088073K->1816527K(4160256K), 0.0123180 secs]
41554.968: [GC 2089167K->1819939K(4160256K), 0.0129244 secs]
41591.742: [GC 2092579K->1820086K(4160256K), 0.0126287 secs]
41628.558: [GC 2092726K->1820993K(4160256K), 0.0128045 secs]
41665.473: [GC 2093633K->1821952K(4160256K), 0.0134382 secs]
41690.342: [GC 2094592K->1824315K(4160256K), 0.0134899 secs]
41727.239: [GC 2096955K->1824894K(4160256K), 0.0126579 secs]
41824.196: [GC 2097534K->1826411K(4160256K), 0.0152657 secs]
42318.890: [GC 2099051K->1830662K(4160256K), 0.0165220 secs]
42587.417: [GC 2103302K->1848941K(4160256K), 0.0410325 secs]
42588.862: [GC 2121581K->1871041K(4160256K), 0.0474607 secs]
42590.329: [GC 2143681K->1883791K(4160256K), 0.0420825 secs]
42591.845: [GC 2156431K->1904521K(4160256K), 0.0477359 secs]
42593.061: [GC 2177161K->1916225K(4160256K), 0.0384779 secs]
42594.322: [GC 2188865K->1942746K(4160256K), 0.0545827 secs]
42595.483: [GC 2215386K->1953384K(4160256K), 0.0333118 secs]
42596.803: [GC 2226024K->1972318K(4160256K), 0.0412278 secs]
42598.241: [GC 2244958K->1989827K(4160256K), 0.0420447 secs]
42599.460: [GC 2262467K->2009220K(4160256K), 0.0419417 secs]
42600.911: [GC 2281860K->2025645K(4160256K), 0.0399536 secs]
42602.206: [GC 2298285K->2039223K(4160256K), 0.0379606 secs]
42603.444: [GC 2311863K->2079532K(4160256K), 0.0666315 secs]
42604.573: [GC 2352172K->2098150K(4160256K), 0.0463712 secs]
42605.978: [GC 2370790K->2113780K(4160256K), 0.0400344 secs]
42607.171: [GC 2386420K->2137459K(4160256K), 0.0479194 secs]
42608.703: [GC 2410099K->2151517K(4160256K), 0.0430678 secs]
42609.920: [GC 2424157K->2173316K(4160256K), 0.0453035 secs]
42610.967: [GC 2445956K->2192212K(4160256K), 0.0421983 secs]
42612.308: [GC 2464852K->2214650K(4160256K), 0.0527603 secs]
42613.619: [GC 2487290K->2234221K(4160256K), 0.0452394 secs]
42615.147: [GC 2506861K->2252571K(4160256K), 0.0423721 secs]
42616.376: [GC 2525211K->2272351K(4160256K), 0.0433754 secs]
42617.668: [GC 2544991K->2305292K(4160256K), 0.0609997 secs]
42618.655: [GC 2577932K->2317497K(4160256K), 0.0315218 secs]
42620.074: [GC 2590137K->2336490K(4160256K), 0.0455303 secs]
42621.372: [GC 2609130K->2357125K(4160256K), 0.0432808 secs]
42622.564: [GC 2629765K->2375120K(4160256K), 0.0414180 secs]
42624.098: [GC 2647760K->2393161K(4160256K), 0.0411659 secs]
42625.542: [GC 2665801K->2411526K(4160256K), 0.0443722 secs]
42626.791: [GC 2684166K->2433626K(4160256K), 0.0442830 secs]
42627.725: [GC 2706266K->2452776K(4160256K), 0.0426573 secs]
42628.350: [GC 2589781K(4160256K), 0.1077250 secs]
42629.116: [GC 2725416K->2471731K(4160256K), 0.0616360 secs]
42630.462: [GC 2744371K->2491304K(4160256K), 0.0439241 secs]
42631.895: [GC 2763944K->2510031K(4160256K), 0.0432400 secs]
42633.119: [GC 2782671K->2531641K(4160256K), 0.0468853 secs]
42634.514: [GC 2804281K->2552455K(4160256K), 0.0444219 secs]
42635.736: [GC 2825095K->2561969K(4160256K), 0.0358827 secs]
42637.081: [GC 2834609K->2605919K(4160256K), 0.0745300 secs]
42638.121: [GC 2878559K->2625712K(4160256K), 0.0461403 secs]
42639.327: [GC 2898352K->2642549K(4160256K), 0.0425306 secs]
42640.803: [GC 2915189K->2660809K(4160256K), 0.0452856 secs]
42642.310: [GC 2933449K->2679065K(4160256K), 0.0444392 secs]
42643.525: [GC 2951705K->2696666K(4160256K), 0.0438504 secs]
42644.905: [GC 2969306K->2730982K(4160256K), 0.0670273 secs]
42645.911: [GC 3003622K->2743963K(4160256K), 0.0352274 secs]
42647.198: [GC 3016603K->2764396K(4160256K), 0.0450768 secs]
42648.632: [GC 3037036K->2784487K(4160256K), 0.0478109 secs]
42649.276: [GC 2937930K(4160256K), 0.0759443 secs]
42649.930: [GC 3055420K->2800450K(4160256K), 0.0430158 secs]
42651.413: [GC 3016545K->2761402K(4160256K), 0.0465162 secs]
42652.638: [GC 3012100K->2753085K(4160256K), 0.0359827 secs]
42653.970: [GC 2923851K->2688779K(4160256K), 0.0742221 secs]
42655.037: [GC 2927067K->2672191K(4160256K), 0.0469620 secs]
42656.220: [GC 2911405K->2657815K(4160256K), 0.0458343 secs]
42657.694: [GC 2930455K->2677310K(4160256K), 0.0467718 secs]
42658.315: [GC 2797872K(4160256K), 0.1016252 secs]
42659.352: [GC 2949950K->2696551K(4160256K), 0.0529819 secs]
42660.615: [GC 2969191K->2714102K(4160256K), 0.0472532 secs]
42661.898: [GC 2986742K->2741560K(4160256K), 0.0630382 secs]
42663.006: [GC 3014200K->2754907K(4160256K), 0.0373506 secs]
42664.268: [GC 3027547K->2772874K(4160256K), 0.0441977 secs]
42665.803: [GC 3045514K->2791070K(4160256K), 0.0448305 secs]
42667.018: [GC 3063710K->2809466K(4160256K), 0.0481564 secs]
42668.528: [GC 3082106K->2827082K(4160256K), 0.0440030 secs]
42669.741: [GC 3099722K->2840726K(4160256K), 0.0352467 secs]
42671.072: [GC 3113366K->2876860K(4160256K), 0.0756778 secs]
42672.210: [GC 3149500K->2898407K(4160256K), 0.0488899 secs]
42673.438: [GC 3171047K->2910757K(4160256K), 0.0404183 secs]
42674.967: [GC 3183397K->2928410K(4160256K), 0.0437442 secs]
42676.478: [GC 3201050K->2947414K(4160256K), 0.0451012 secs]
42677.664: [GC 3220054K->2965758K(4160256K), 0.0449350 secs]
42678.817: [GC 3238398K->2986468K(4160256K), 0.0518318 secs]
42680.001: [GC 3259108K->3000440K(4160256K), 0.0366059 secs]
42681.401: [GC 3273080K->3018703K(4160256K), 0.0442689 secs]
42682.946: [GC 3291343K->3039868K(4160256K), 0.0469572 secs]
42684.176: [GC 3312508K->3059657K(4160256K), 0.0448901 secs]
42684.524: [GC 3207622K(4160256K), 0.0824646 secs]
42685.256: [GC 3286260K->3030001K(4160256K), 0.0426085 secs]
42686.757: [GC 3223032K->2981316K(4160256K), 0.0692900 secs]
42688.140: [GC 3251971K->3002262K(4160256K), 0.0468744 secs]
42689.694: [GC 3272667K->3019415K(4160256K), 0.0450774 secs]
42690.949: [GC 3289014K->3035934K(4160256K), 0.0501208 secs]
42692.263: [GC 3276350K->3032609K(4160256K), 0.0606033 secs]
42693.395: [GC 3303863K->3044453K(4160256K), 0.0343179 secs]
42694.116: [GC 3170499K(4160256K), 0.0981107 secs]
42694.810: [GC 3317093K->3061734K(4160256K), 0.0437913 secs]
42696.297: [GC 3334374K->3079603K(4160256K), 0.0442689 secs]
42697.547: [GC 3352243K->3097085K(4160256K), 0.0456506 secs]
42699.015: [GC 3369725K->3114889K(4160256K), 0.0438420 secs]
42700.048: [GC 3387529K->3129083K(4160256K), 0.0328288 secs]
42701.618: [GC 3401723K->3160736K(4160256K), 0.0656084 secs]
42702.774: [GC 3433376K->3190739K(4160256K), 0.0592723 secs]
42703.968: [GC 3463379K->3209936K(4160256K), 0.0456031 secs]
42705.669: [GC 3482576K->3232012K(4160256K), 0.0466878 secs]
42706.730: [GC 3504652K->3250656K(4160256K), 0.0428914 secs]
42708.006: [GC 3523296K->3271356K(4160256K), 0.0463956 secs]
42709.532: [GC 3543996K->3292150K(4160256K), 0.0470300 secs]
42710.693: [GC 3564790K->3313744K(4160256K), 0.0482013 secs]
42711.988: [GC 3586384K->3337907K(4160256K), 0.0536205 secs]
42713.447: [GC 3610547K->3357578K(4160256K), 0.0459860 secs]
42714.691: [GC 3630218K->3380593K(4160256K), 0.0498122 secs]
42715.850: [GC 3653233K->3402373K(4160256K), 0.0723205 secs]
42717.344: [GC 3675013K->3424991K(4160256K), 0.0590461 secs]
42718.608: [GC 3697631K->3442931K(4160256K), 0.0427423 secs]
42719.518: [GC 3601856K(4160256K), 0.0676450 secs]
42720.068: [GC 3714743K->3479080K(4160256K), 0.0800534 secs]
42721.383: [GC 3693020K->3446576K(4160256K), 0.0539877 secs]
42722.569: [GC 3682725K->3428707K(4160256K), 0.0498687 secs]
42723.780: [GC 3699220K->3445559K(4160256K), 0.0488065 secs]
42724.979: [GC 3715470K->3463546K(4160256K), 0.0498918 secs]
42726.190: [GC 3699560K->3452113K(4160256K), 0.0570064 secs]
42727.600: [GC 3700500K->3451894K(4160256K), 0.0668586 secs]
42727.950: [GC 3566976K(4160256K), 0.0924823 secs]
42729.106: [GC 3724534K->3490191K(4160256K), 0.0783360 secs]
42730.249: [GC 3762831K->3504269K(4160256K), 0.0465075 secs]
42731.480: [GC 3776909K->3525386K(4160256K), 0.0541529 secs]
42732.958: [GC 3798026K->3541045K(4160256K), 0.0534961 secs]
42734.182: [GC 3813685K->3559963K(4160256K), 0.0524287 secs]
42735.271: [GC 3832603K->3577415K(4160256K), 0.0519611 secs]
42736.627: [GC 3850055K->3599396K(4160256K), 0.0666841 secs]
42738.006: [GC 3872036K->3618728K(4160256K), 0.0602957 secs]
42738.809: [GC 3799575K(4160256K), 0.0701758 secs]
42739.170: [GC 3885578K->3628456K(4160256K), 0.0530538 secs]
42740.842: [GC 3847991K->3618811K(4160256K), 0.0812006 secs]
42742.001: [GC 3840434K->3585915K(4160256K), 0.0463504 secs]
42742.724: [GC 3852847K->3593643K(4160256K), 0.0399295 secs]
42743.482: [GC 3829880K->3542913K(4160256K), 0.0067980 secs]
42743.741: [GC 3641555K(4160256K), 0.0617979 secs]
42744.307: [GC 3815553K->3551687K(4160256K), 0.0071351 secs]
42744.886: [GC 3824327K->3539180K(4160256K), 0.0078522 secs]
42745.615: [GC 3811820K->3537121K(4160256K), 0.0055729 secs]
42746.358: [GC 3809761K->3543288K(4160256K), 0.0062140 secs]
42747.033: [GC 3815928K->3544370K(4160256K), 0.0062496 secs]
42747.699: [GC 3817010K->3540108K(4160256K), 0.0050315 secs]
42748.451: [GC 3812748K->3540394K(4160256K), 0.0069882 secs]
42749.215: [GC 3813034K->3545498K(4160256K), 0.0065225 secs]
42749.812: [GC 3818138K->3543602K(4160256K), 0.0056845 secs]
42750.517: [GC 3816242K->3535889K(4160256K), 0.0052444 secs]
42751.271: [GC 3808529K->3542543K(4160256K), 0.0060831 secs]
42752.067: [GC 3815183K->3546507K(4160256K), 0.0071707 secs]
42752.629: [GC 3819147K->3541510K(4160256K), 0.0049452 secs]
42753.370: [GC 3814150K->3537071K(4160256K), 0.0055745 secs]
42754.141: [GC 3809711K->3543252K(4160256K), 0.0062563 secs]
42754.764: [GC 3815892K->3546198K(4160256K), 0.0061248 secs]
42755.501: [GC 3818838K->3539931K(4160256K), 0.0052274 secs]
42756.243: [GC 3812571K->3542826K(4160256K), 0.0058820 secs]
42757.008: [GC 3815466K->3548996K(4160256K), 0.0064837 secs]
42757.506: [GC 3821636K->3545001K(4160256K), 0.0059301 secs]
42757.870: [GC 3682007K(4160256K), 0.0642765 secs]
42758.293: [GC 3815811K->3534577K(4160256K), 0.0052063 secs]
42759.032: [GC 3787086K->3519708K(4160256K), 0.0060459 secs]
42759.765: [GC 3762945K->3497206K(4160256K), 0.0066887 secs]
42760.374: [GC 3750139K->3470549K(4160256K), 0.0047781 secs]
42761.112: [GC 3739281K->3462804K(4160256K), 0.0056748 secs]
42761.885: [GC 3730376K->3466357K(4160256K), 0.0063307 secs]
42762.503: [GC 3736574K->3459979K(4160256K), 0.0059237 secs]
42763.214: [GC 3731249K->3457353K(4160256K), 0.0052287 secs]
42763.494: [GC 3566989K(4160256K), 0.0698788 secs]
42764.031: [GC 3729993K->3458130K(4160256K), 0.0059988 secs]
42764.745: [GC 3730770K->3461670K(4160256K), 0.0066213 secs]
42765.298: [GC 3734310K->3457195K(4160256K), 0.0057788 secs]
42766.033: [GC 3729835K->3455324K(4160256K), 0.0057060 secs]
42766.794: [GC 3727964K->3460566K(4160256K), 0.0062133 secs]
42767.512: [GC 3733206K->3458837K(4160256K), 0.0063634 secs]
42768.113: [GC 3731477K->3456397K(4160256K), 0.0048419 secs]
42768.831: [GC 3729037K->3454527K(4160256K), 0.0057021 secs]
42769.589: [GC 3727167K->3461505K(4160256K), 0.0063679 secs]
42770.197: [GC 3734145K->3462382K(4160256K), 0.0070074 secs]
42770.601: [GC 3735022K->3450809K(4160256K), 0.0049571 secs]
42770.804: [GC 3723449K->3449802K(4160256K), 0.0052900 secs]
42771.117: [GC 3722442K->3453437K(4160256K), 0.0054837 secs]
42771.371: [GC 3726077K->3453308K(4160256K), 0.0060254 secs]
42771.566: [GC 3725948K->3457767K(4160256K), 0.0057165 secs]
42771.900: [GC 3730407K->3460462K(4160256K), 0.0061672 secs]
42772.107: [GC 3733102K->3462339K(4160256K), 0.0065331 secs]
42772.351: [GC 3734979K->3463159K(4160256K), 0.0061210 secs]
42772.698: [GC 3735799K->3464680K(4160256K), 0.0061813 secs]
42773.124: [GC 3737320K->3464090K(4160256K), 0.0055690 secs]
42773.334: [GC 3736730K->3454870K(4160256K), 0.0049266 secs]
42773.872: [GC 3727510K->3454847K(4160256K), 0.0052124 secs]
42774.599: [GC 3727487K->3460164K(4160256K), 0.0058945 secs]
42775.341: [GC 3732804K->3465423K(4160256K), 0.0063894 secs]
42776.025: [GC 3738063K->3467471K(4160256K), 0.0063516 secs]
42776.647: [GC 3740111K->3462404K(4160256K), 0.0050344 secs]
42777.350: [GC 3735044K->3460753K(4160256K), 0.0062666 secs]
42778.078: [GC 3733393K->3466228K(4160256K), 0.0063041 secs]
42778.680: [GC 3738868K->3469782K(4160256K), 0.0062512 secs]
42779.343: [GC 3742422K->3462157K(4160256K), 0.0049843 secs]
42780.060: [GC 3734797K->3459905K(4160256K), 0.0058666 secs]
42780.794: [GC 3732545K->3465684K(4160256K), 0.0062483 secs]
42781.357: [GC 3738324K->3464845K(4160256K), 0.0060889 secs]
42781.746: [GC 3612609K(4160256K), 0.0596728 secs]
42782.128: [GC 3737484K->3460435K(4160256K), 0.0051886 secs]
42782.854: [GC 3733068K->3461978K(4160256K), 0.0059334 secs]
42783.615: [GC 3734585K->3470364K(4160256K), 0.0068083 secs]
42784.170: [GC 3743003K->3462726K(4160256K), 0.0045081 secs]
42784.873: [GC 3735362K->3458309K(4160256K), 0.0063929 secs]
42785.618: [GC 3730946K->3463277K(4160256K), 0.0060575 secs]
42786.293: [GC 3735853K->3470255K(4160256K), 0.0062833 secs]
42786.956: [GC 3742894K->3462252K(4160256K), 0.0048692 secs]
42787.673: [GC 3734891K->3459943K(4160256K), 0.0058455 secs]
42788.426: [GC 3732582K->3467047K(4160256K), 0.0062611 secs]
42788.985: [GC 3739686K->3464514K(4160256K), 0.0057002 secs]
42789.304: [GC 3579383K(4160256K), 0.0658467 secs]
42789.811: [GC 3737154K->3457174K(4160256K), 0.0051460 secs]
42790.570: [GC 3729814K->3461795K(4160256K), 0.0058397 secs]
42791.332: [GC 3734435K->3467013K(4160256K), 0.0063339 secs]
42791.928: [GC 3739653K->3465099K(4160256K), 0.0073798 secs]
42792.688: [GC 3737739K->3461081K(4160256K), 0.0052489 secs]
42793.422: [GC 3733721K->3461855K(4160256K), 0.0058445 secs]
42794.182: [GC 3734495K->3469336K(4160256K), 0.0063561 secs]
42794.758: [GC 3741976K->3465526K(4160256K), 0.0059872 secs]
42795.508: [GC 3738166K->3461019K(4160256K), 0.0051444 secs]
42796.231: [GC 3733659K->3462893K(4160256K), 0.0058939 secs]
42796.990: [GC 3735533K->3468946K(4160256K), 0.0064523 secs]
42797.600: [GC 3741586K->3468742K(4160256K), 0.0060565 secs]
42797.933: [GC 3741382K->3458555K(4160256K), 0.0049798 secs]
42798.147: [GC 3731195K->3454333K(4160256K), 0.0050482 secs]
42798.418: [GC 3726973K->3457084K(4160256K), 0.0055732 secs]
42798.710: [GC 3729724K->3459203K(4160256K), 0.0055222 secs]
42798.886: [GC 3731843K->3460397K(4160256K), 0.0057515 secs]
42799.209: [GC 3733037K->3464539K(4160256K), 0.0059930 secs]
42799.404: [GC 3737179K->3464071K(4160256K), 0.0068301 secs]
42799.676: [GC 3736711K->3470968K(4160256K), 0.0060863 secs]
42800.045: [GC 3743608K->3470358K(4160256K), 0.0063278 secs]
42800.455: [GC 3742998K->3469841K(4160256K), 0.0062752 secs]
42800.659: [GC 3742481K->3459579K(4160256K), 0.0046081 secs]
42801.263: [GC 3732219K->3460621K(4160256K), 0.0054898 secs]
42802.007: [GC 3733261K->3466776K(4160256K), 0.0060148 secs]
42802.786: [GC 3739416K->3473831K(4160256K), 0.0069491 secs]
42803.409: [GC 3746471K->3470676K(4160256K), 0.0061303 secs]
42804.123: [GC 3743316K->3466271K(4160256K), 0.0051582 secs]
42804.865: [GC 3738911K->3467009K(4160256K), 0.0058618 secs]
42805.623: [GC 3739649K->3471688K(4160256K), 0.0063814 secs]
42806.288: [GC 3744328K->3475089K(4160256K), 0.0065398 secs]
42806.987: [GC 3747729K->3467987K(4160256K), 0.0050151 secs]
42807.734: [GC 3740627K->3465569K(4160256K), 0.0057852 secs]
42808.505: [GC 3738209K->3471875K(4160256K), 0.0061235 secs]
42809.194: [GC 3744515K->3477589K(4160256K), 0.0062987 secs]
42809.864: [GC 3750229K->3462118K(4160256K), 0.0049757 secs]
42810.609: [GC 3734758K->3465251K(4160256K), 0.0056489 secs]
42811.376: [GC 3737891K->3471511K(4160256K), 0.0062342 secs]
42812.044: [GC 3744151K->3472068K(4160256K), 0.0061941 secs]
42812.476: [GC 3620343K(4160256K), 0.0419764 secs]
42812.650: [GC 3744708K->3467047K(4160256K), 0.0047092 secs]
42812.865: [GC 3739687K->3457331K(4160256K), 0.0047319 secs]
42813.142: [GC 3729968K->3455161K(4160256K), 0.0047050 secs]
42813.815: [GC 3727756K->3454973K(4160256K), 0.0047313 secs]
42814.365: [GC 3727594K->3454827K(4160256K), 0.0046415 secs]
42814.624: [GC 3727363K->3455279K(4160256K), 0.0047932 secs]
42814.847: [GC 3727917K->3454983K(4160256K), 0.0054840 secs]
42815.127: [GC 3727567K->3455060K(4160256K), 0.0045927 secs]
42815.850: [GC 3727696K->3454639K(4160256K), 0.0046444 secs]
42816.128: [GC 3727279K->3454680K(4160256K), 0.0045619 secs]
42816.398: [GC 3727320K->3454915K(4160256K), 0.0051867 secs]
42816.821: [GC 3727539K->3455092K(4160256K), 0.0047390 secs]
42817.546: [GC 3727723K->3454924K(4160256K), 0.0047983 secs]
42818.602: [GC 3727522K->3454541K(4160256K), 0.0046068 secs]
42818.871: [GC 3727181K->3455163K(4160256K), 0.0067977 secs]
42906.420: [GC 3727803K->3457198K(4160256K), 0.0085110 secs]
43654.159: [GC 3724748K->3455658K(4160256K), 0.0106255 secs]
43967.753: [GC 3574427K(4160256K), 0.0063150 secs]
43974.970: [GC 3577699K(4160256K), 0.0061652 secs]
44053.218: [GC 2022607K->1751506K(4160256K), 0.0096508 secs]
44102.036: [GC 1877428K(4160256K), 0.0435409 secs]
44151.058: [GC 2024146K->1754303K(4160256K), 0.0107432 secs]
44248.780: [GC 2026943K->1758753K(4160256K), 0.0120729 secs]
44292.406: [GC 1904965K(4160256K), 0.0475880 secs]
44334.383: [GC 2022906K->1755624K(4160256K), 0.0116031 secs]
44370.976: [GC 1888198K(4160256K), 0.0507683 secs]
44378.299: [GC 1894305K(4160256K), 0.0447817 secs]
44419.777: [GC 2026094K->1759681K(4160256K), 0.0130489 secs]
44496.155: [GC 2032321K->1760407K(4160256K), 0.0145050 secs]
44578.495: [GC 2033047K->1762530K(4160256K), 0.0265779 secs]
44651.839: [GC 2035170K->1760706K(4160256K), 0.0242751 secs]
44725.131: [GC 2033346K->1767209K(4160256K), 0.0273393 secs]
44798.385: [GC 2039849K->1765260K(4160256K), 0.0230900 secs]
44871.668: [GC 2037900K->1771486K(4160256K), 0.0212369 secs]
44932.778: [GC 2044126K->1773577K(4160256K), 0.0207520 secs]
45006.264: [GC 2046217K->1776495K(4160256K), 0.0229108 secs]
45067.407: [GC 2049135K->1778291K(4160256K), 0.0195015 secs]
45128.527: [GC 2050931K->1780502K(4160256K), 0.0199159 secs]
45190.150: [GC 2053142K->1778827K(4160256K), 0.0188841 secs]
45251.502: [GC 2051467K->1789452K(4160256K), 0.0185425 secs]
45312.818: [GC 2062092K->1788500K(4160256K), 0.0181439 secs]
45449.093: [GC 2061140K->1787417K(4160256K), 0.0199296 secs]
45892.354: [GC 2060057K->1789763K(4160256K), 0.0193331 secs]
46338.806: [GC 2062403K->1789769K(4160256K), 0.0179691 secs]
46427.206: [GC 2062409K->1817054K(4160256K), 0.0563845 secs]
46428.710: [GC 2089694K->1839969K(4160256K), 0.0552478 secs]
46429.957: [GC 2112609K->1853884K(4160256K), 0.0433487 secs]
46431.359: [GC 2126524K->1883252K(4160256K), 0.0729488 secs]
46432.414: [GC 2155892K->1895580K(4160256K), 0.0380671 secs]
46433.844: [GC 2168220K->1911016K(4160256K), 0.0464899 secs]
46435.202: [GC 2183656K->1931390K(4160256K), 0.0478902 secs]
46436.438: [GC 2204030K->1949409K(4160256K), 0.0422015 secs]
46437.848: [GC 2222049K->1965454K(4160256K), 0.0410652 secs]
46439.212: [GC 2238094K->1982298K(4160256K), 0.0418391 secs]
46440.433: [GC 2254938K->2019980K(4160256K), 0.0641597 secs]
46441.520: [GC 2292620K->2036835K(4160256K), 0.0448298 secs]
46442.830: [GC 2309475K->2048861K(4160256K), 0.0329420 secs]
46444.041: [GC 2321501K->2070960K(4160256K), 0.0471038 secs]
46445.630: [GC 2343600K->2092765K(4160256K), 0.0472186 secs]
46447.037: [GC 2365405K->2112964K(4160256K), 0.0455508 secs]
46448.474: [GC 2385604K->2140499K(4160256K), 0.0601988 secs]
46449.638: [GC 2413139K->2153569K(4160256K), 0.0357024 secs]
46451.107: [GC 2426209K->2174891K(4160256K), 0.0458940 secs]
46452.617: [GC 2447531K->2192792K(4160256K), 0.0428327 secs]
46453.814: [GC 2465432K->2212592K(4160256K), 0.0437237 secs]
46455.348: [GC 2485232K->2230809K(4160256K), 0.0420630 secs]
46456.262: [GC 2503449K->2244718K(4160256K), 0.0322450 secs]
46457.689: [GC 2517358K->2262911K(4160256K), 0.0485794 secs]
46458.944: [GC 2535551K->2281280K(4160256K), 0.0422047 secs]
46460.168: [GC 2553920K->2299536K(4160256K), 0.0417374 secs]
46461.717: [GC 2572176K->2320393K(4160256K), 0.0424979 secs]
46463.233: [GC 2593033K->2344918K(4160256K), 0.0449745 secs]
46464.551: [GC 2617558K->2363424K(4160256K), 0.0410283 secs]
46465.877: [GC 2636064K->2386062K(4160256K), 0.0505884 secs]
46467.098: [GC 2658702K->2397810K(4160256K), 0.0317110 secs]
46468.372: [GC 2670450K->2421244K(4160256K), 0.0434062 secs]
46469.806: [GC 2693884K->2438405K(4160256K), 0.0459626 secs]
46471.063: [GC 2711045K->2454273K(4160256K), 0.0386293 secs]
46472.539: [GC 2726913K->2469656K(4160256K), 0.0406008 secs]
46473.854: [GC 2742296K->2484362K(4160256K), 0.0356412 secs]
46475.221: [GC 2757002K->2501460K(4160256K), 0.0407467 secs]
46476.182: [GC 2774100K->2520028K(4160256K), 0.0410155 secs]
46476.928: [GC 2656969K(4160256K), 0.1101554 secs]
46477.654: [GC 2792668K->2546335K(4160256K), 0.0574082 secs]
46478.984: [GC 2818975K->2568927K(4160256K), 0.0492452 secs]
46480.484: [GC 2841567K->2586268K(4160256K), 0.0434725 secs]
46481.708: [GC 2858908K->2604531K(4160256K), 0.0448356 secs]
46483.182: [GC 2877171K->2646557K(4160256K), 0.0736483 secs]
46484.151: [GC 2919197K->2658916K(4160256K), 0.0341258 secs]
46485.548: [GC 2931556K->2679937K(4160256K), 0.0510329 secs]
46486.861: [GC 2952577K->2700396K(4160256K), 0.0478680 secs]
46488.078: [GC 2973036K->2720961K(4160256K), 0.0450296 secs]
46489.557: [GC 2993601K->2738740K(4160256K), 0.0436175 secs]
46490.890: [GC 3011380K->2752148K(4160256K), 0.0396601 secs]
46492.243: [GC 3024788K->2771224K(4160256K), 0.0448337 secs]
46493.241: [GC 3043864K->2787681K(4160256K), 0.0468026 secs]
46494.410: [GC 3023219K(4160256K), 0.0754395 secs]
46494.677: [GC 3060321K->2813931K(4160256K), 0.0569441 secs]
46495.957: [GC 3079447K->2827301K(4160256K), 0.0467503 secs]
46497.645: [GC 3091601K->2839316K(4160256K), 0.0440765 secs]
46498.857: [GC 3092006K->2836821K(4160256K), 0.0433115 secs]
46500.285: [GC 3005928K->2769409K(4160256K), 0.0691348 secs]
46501.279: [GC 2964135K->2704426K(4160256K), 0.0363442 secs]
46502.716: [GC 2956764K->2703490K(4160256K), 0.0473773 secs]
46503.138: [GC 2818519K(4160256K), 0.0938323 secs]
46504.127: [GC 2976130K->2722213K(4160256K), 0.0490711 secs]
46505.346: [GC 2994853K->2739618K(4160256K), 0.0469014 secs]
46506.847: [GC 3012258K->2757283K(4160256K), 0.0490406 secs]
46508.185: [GC 3029923K->2771601K(4160256K), 0.0392935 secs]
46509.545: [GC 3044241K->2789829K(4160256K), 0.0447506 secs]
46510.564: [GC 3062469K->2806028K(4160256K), 0.0428619 secs]
46511.901: [GC 3078668K->2831161K(4160256K), 0.0675305 secs]
46513.239: [GC 3103801K->2849119K(4160256K), 0.0467215 secs]
46514.778: [GC 3121759K->2862321K(4160256K), 0.0408641 secs]
46516.041: [GC 3134961K->2880021K(4160256K), 0.0464828 secs]
46517.455: [GC 3152661K->2915555K(4160256K), 0.0699812 secs]
46518.446: [GC 3188195K->2928502K(4160256K), 0.0358727 secs]
46519.709: [GC 3201142K->2946189K(4160256K), 0.0437009 secs]
46521.202: [GC 3218829K->2966508K(4160256K), 0.0464604 secs]
46522.390: [GC 3239148K->2987073K(4160256K), 0.0460351 secs]
46523.414: [GC 3178790K(4160256K), 0.0797401 secs]
46523.911: [GC 3259713K->3018968K(4160256K), 0.0632659 secs]
46524.933: [GC 3216136K->2956749K(4160256K), 0.0340119 secs]
46526.165: [GC 3228967K->2976036K(4160256K), 0.0440996 secs]
46527.694: [GC 3222884K->2971555K(4160256K), 0.0463738 secs]
46528.917: [GC 3242836K->2992217K(4160256K), 0.0458959 secs]
46530.366: [GC 3219523K->2985848K(4160256K), 0.0710787 secs]
46530.830: [GC 3106357K(4160256K), 0.0994898 secs]
46531.406: [GC 3258488K->2998414K(4160256K), 0.0359135 secs]
46532.845: [GC 3271054K->3018526K(4160256K), 0.0516048 secs]
46534.136: [GC 3291166K->3036679K(4160256K), 0.0450556 secs]
46535.344: [GC 3309319K->3053989K(4160256K), 0.0435915 secs]
46536.839: [GC 3326629K->3071969K(4160256K), 0.0441172 secs]
46538.182: [GC 3344609K->3087168K(4160256K), 0.0403275 secs]
46539.469: [GC 3359808K->3105726K(4160256K), 0.0453019 secs]
46540.599: [GC 3378366K->3122752K(4160256K), 0.0438138 secs]
46541.913: [GC 3395392K->3144303K(4160256K), 0.0547677 secs]
46543.291: [GC 3416943K->3163009K(4160256K), 0.0475906 secs]
46544.662: [GC 3435649K->3177181K(4160256K), 0.0427294 secs]
46545.952: [GC 3449821K->3199439K(4160256K), 0.0508572 secs]
46547.169: [GC 3472079K->3220547K(4160256K), 0.0516766 secs]
46548.353: [GC 3493187K->3238032K(4160256K), 0.0473193 secs]
46549.867: [GC 3510672K->3259328K(4160256K), 0.0522096 secs]
46551.019: [GC 3531968K->3281255K(4160256K), 0.0595029 secs]
46552.243: [GC 3553895K->3304451K(4160256K), 0.0659843 secs]
46553.905: [GC 3577091K->3320430K(4160256K), 0.0617627 secs]
46555.073: [GC 3593070K->3343824K(4160256K), 0.0647370 secs]
46556.448: [GC 3616464K->3370751K(4160256K), 0.0659006 secs]
46557.646: [GC 3643391K->3395189K(4160256K), 0.0669491 secs]
46558.638: [GC 3564996K(4160256K), 0.0743962 secs]
46559.013: [GC 3667829K->3414912K(4160256K), 0.0650706 secs]
46560.423: [GC 3656822K->3409743K(4160256K), 0.0654173 secs]
46561.876: [GC 3623877K->3392413K(4160256K), 0.0822420 secs]
46563.085: [GC 3639129K->3381170K(4160256K), 0.0475354 secs]
46564.307: [GC 3652443K->3404648K(4160256K), 0.0644522 secs]
46565.473: [GC 3677017K->3428505K(4160256K), 0.0601430 secs]
46566.129: [GC 3543537K(4160256K), 0.0891889 secs]
46566.812: [GC 3701145K->3449840K(4160256K), 0.0665324 secs]
46568.151: [GC 3722480K->3460306K(4160256K), 0.0601664 secs]
46569.475: [GC 3732946K->3496770K(4160256K), 0.0974051 secs]
46570.785: [GC 3769410K->3520053K(4160256K), 0.0710270 secs]
46572.007: [GC 3792693K->3537923K(4160256K), 0.0637386 secs]
46573.357: [GC 3810563K->3566118K(4160256K), 0.0912889 secs]
46574.593: [GC 3838758K->3580927K(4160256K), 0.0654773 secs]
46575.863: [GC 3853567K->3598995K(4160256K), 0.0633942 secs]
46577.479: [GC 3871635K->3617535K(4160256K), 0.0639343 secs]
46578.701: [GC 3890175K->3635863K(4160256K), 0.0640914 secs]
46579.252: [GC 3794713K(4160256K), 0.0577145 secs]
46579.773: [GC 3846855K->3592459K(4160256K), 0.0439103 secs]
46581.369: [GC 3824681K->3574970K(4160256K), 0.0506798 secs]
46582.262: [GC 3789845K->3535541K(4160256K), 0.0333381 secs]
46583.007: [GC 3807211K->3524068K(4160256K), 0.0117025 secs]
46583.251: [GC 3617231K(4160256K), 0.0632800 secs]
46583.831: [GC 3796708K->3808514K(4160256K), 0.0805922 secs]
46587.738: [Full GC 3808514K->3444052K(4160256K), 9.5023044 secs]
46597.496: [GC 3537776K(4160256K), 0.0585644 secs]
46598.022: [GC 3716692K->3452510K(4160256K), 0.0050850 secs]
46598.676: [GC 3725150K->3451664K(4160256K), 0.0051110 secs]
46599.430: [GC 3724304K->3455190K(4160256K), 0.0058715 secs]
46600.204: [GC 3727830K->3464733K(4160256K), 0.0066460 secs]
46600.826: [GC 3737373K->3458100K(4160256K), 0.0046248 secs]
46601.553: [GC 3730740K->3453248K(4160256K), 0.0055421 secs]
46602.321: [GC 3725888K->3460510K(4160256K), 0.0063064 secs]
46603.081: [GC 3733150K->3462753K(4160256K), 0.0067608 secs]
46603.653: [GC 3735393K->3456653K(4160256K), 0.0047810 secs]
46604.388: [GC 3729293K->3455823K(4160256K), 0.0058102 secs]
46605.179: [GC 3728463K->3463292K(4160256K), 0.0064744 secs]
46605.790: [GC 3735932K->3463489K(4160256K), 0.0061983 secs]
46606.521: [GC 3736129K->3456661K(4160256K), 0.0053089 secs]
46607.282: [GC 3729301K->3457672K(4160256K), 0.0060402 secs]
46608.082: [GC 3730312K->3465858K(4160256K), 0.0067207 secs]
46608.658: [GC 3738498K->3458608K(4160256K), 0.0048057 secs]
46609.381: [GC 3731248K->3454103K(4160256K), 0.0057602 secs]
46610.142: [GC 3726743K->3459862K(4160256K), 0.0062791 secs]
46610.703: [GC 3657215K(4160256K), 0.0624875 secs]
46610.919: [GC 3732502K->3464742K(4160256K), 0.0065639 secs]
46611.473: [GC 3737276K->3457261K(4160256K), 0.0050068 secs]
46612.220: [GC 3729900K->3454788K(4160256K), 0.0057034 secs]
46612.987: [GC 3727428K->3461332K(4160256K), 0.0065588 secs]
46613.611: [GC 3733970K->3460128K(4160256K), 0.0060341 secs]
46614.300: [GC 3732759K->3455533K(4160256K), 0.0053968 secs]
46615.078: [GC 3721015K->3451616K(4160256K), 0.0061367 secs]
46615.357: [GC 3556274K(4160256K), 0.0665209 secs]
46615.922: [GC 3724256K->3460347K(4160256K), 0.0067547 secs]
46616.469: [GC 3732987K->3450844K(4160256K), 0.0048618 secs]
46617.197: [GC 3723484K->3446227K(4160256K), 0.0057047 secs]
46617.967: [GC 3718867K->3452938K(4160256K), 0.0065604 secs]
46618.572: [GC 3725578K->3454503K(4160256K), 0.0063121 secs]
46619.255: [GC 3727143K->3448938K(4160256K), 0.0052621 secs]
46620.021: [GC 3721578K->3449677K(4160256K), 0.0064026 secs]
46620.787: [GC 3722317K->3455929K(4160256K), 0.0065328 secs]
46621.316: [GC 3728569K->3457404K(4160256K), 0.0062056 secs]
46622.043: [GC 3730044K->3446806K(4160256K), 0.0053987 secs]
46622.795: [GC 3719446K->3452260K(4160256K), 0.0076175 secs]
46623.606: [GC 3724900K->3460454K(4160256K), 0.0068134 secs]
46624.143: [GC 3733094K->3451797K(4160256K), 0.0049401 secs]
46624.331: [GC 3724437K->3443247K(4160256K), 0.0050732 secs]
46624.646: [GC 3715887K->3445212K(4160256K), 0.0073372 secs]
46624.923: [GC 3717852K->3446534K(4160256K), 0.0056588 secs]
46625.116: [GC 3719174K->3449764K(4160256K), 0.0058435 secs]
46625.338: [GC 3722404K->3454542K(4160256K), 0.0062133 secs]
46625.659: [GC 3727182K->3452926K(4160256K), 0.0071017 secs]
46625.865: [GC 3725566K->3455462K(4160256K), 0.0059975 secs]
46626.152: [GC 3728102K->3457349K(4160256K), 0.0062637 secs]
46626.540: [GC 3729989K->3462061K(4160256K), 0.0063131 secs]
46626.883: [GC 3734701K->3458008K(4160256K), 0.0058493 secs]
46627.121: [GC 3730648K->3449644K(4160256K), 0.0075710 secs]
46627.845: [GC 3722284K->3450895K(4160256K), 0.0058208 secs]
46628.599: [GC 3723535K->3456868K(4160256K), 0.0062008 secs]
46629.353: [GC 3729508K->3466501K(4160256K), 0.0074696 secs]
46629.921: [GC 3739141K->3460249K(4160256K), 0.0061822 secs]
46630.651: [GC 3732889K->3454588K(4160256K), 0.0055421 secs]
46631.380: [GC 3727228K->3457493K(4160256K), 0.0061123 secs]
46632.132: [GC 3730133K->3465438K(4160256K), 0.0067688 secs]
46632.684: [GC 3738078K->3457538K(4160256K), 0.0045927 secs]
46633.391: [GC 3730178K->3451815K(4160256K), 0.0073708 secs]
46633.887: [GC 3636180K(4160256K), 0.0730479 secs]
46634.203: [GC 3724455K->3457738K(4160256K), 0.0072743 secs]
46634.961: [GC 3730377K->3465637K(4160256K), 0.0067554 secs]
46635.535: [GC 3738271K->3457494K(4160256K), 0.0047964 secs]
46636.252: [GC 3730134K->3454174K(4160256K), 0.0089578 secs]
46636.997: [GC 3726814K->3457592K(4160256K), 0.0065748 secs]
46637.662: [GC 3730232K->3465214K(4160256K), 0.0063464 secs]
46638.375: [GC 3737851K->3456244K(4160256K), 0.0050270 secs]
46639.107: [GC 3728806K->3454097K(4160256K), 0.0059279 secs]
46639.874: [GC 3720561K->3456090K(4160256K), 0.0063971 secs]
46640.154: [GC 3570832K(4160256K), 0.0575631 secs]
46640.491: [GC 3728730K->3453202K(4160256K), 0.0059882 secs]
46641.252: [GC 3725842K->3445409K(4160256K), 0.0054234 secs]
46641.985: [GC 3718049K->3451882K(4160256K), 0.0060219 secs]
46642.732: [GC 3724522K->3457337K(4160256K), 0.0066361 secs]
46643.311: [GC 3729977K->3450665K(4160256K), 0.0049240 secs]
46644.060: [GC 3723305K->3445829K(4160256K), 0.0054776 secs]
46644.839: [GC 3718469K->3451315K(4160256K), 0.0062922 secs]
46645.603: [GC 3723955K->3460059K(4160256K), 0.0068080 secs]
46646.195: [GC 3732699K->3451937K(4160256K), 0.0047775 secs]
46646.914: [GC 3724577K->3446454K(4160256K), 0.0055790 secs]
46647.670: [GC 3719094K->3452360K(4160256K), 0.0062249 secs]
46648.450: [GC 3725000K->3458525K(4160256K), 0.0065828 secs]
46649.014: [GC 3731165K->3451343K(4160256K), 0.0048326 secs]
46649.733: [GC 3723983K->3446065K(4160256K), 0.0055017 secs]
46650.483: [GC 3718705K->3451555K(4160256K), 0.0062207 secs]
46651.293: [GC 3724195K->3457790K(4160256K), 0.0068150 secs]
46651.761: [GC 3730430K->3451261K(4160256K), 0.0049260 secs]
46651.916: [GC 3723901K->3441775K(4160256K), 0.0051364 secs]
46652.228: [GC 3714415K->3444070K(4160256K), 0.0055257 secs]
46652.482: [GC 3716710K->3445866K(4160256K), 0.0077207 secs]
46652.690: [GC 3718506K->3449733K(4160256K), 0.0062467 secs]
46653.009: [GC 3722373K->3449069K(4160256K), 0.0059407 secs]
46653.209: [GC 3721709K->3457543K(4160256K), 0.0064279 secs]
46653.426: [GC 3730183K->3454802K(4160256K), 0.0071085 secs]
46653.757: [GC 3727442K->3457954K(4160256K), 0.0061239 secs]
46654.201: [GC 3730594K->3461521K(4160256K), 0.0122779 secs]
46654.455: [GC 3734161K->3456398K(4160256K), 0.0058330 secs]
46654.779: [GC 3729038K->3447288K(4160256K), 0.0051354 secs]
46655.508: [GC 3719928K->3451289K(4160256K), 0.0056922 secs]
46656.271: [GC 3723929K->3459944K(4160256K), 0.0117888 secs]
46657.064: [GC 3732584K->3463517K(4160256K), 0.0068304 secs]
46657.677: [GC 3736157K->3457506K(4160256K), 0.0049231 secs]
46658.405: [GC 3730146K->3450457K(4160256K), 0.0054468 secs]
46659.166: [GC 3723097K->3455807K(4160256K), 0.0061377 secs]
46659.943: [GC 3728447K->3461675K(4160256K), 0.0066104 secs]
46660.577: [GC 3734315K->3455891K(4160256K), 0.0046129 secs]
46661.291: [GC 3728531K->3450037K(4160256K), 0.0053785 secs]
46662.065: [GC 3722677K->3454838K(4160256K), 0.0060029 secs]
46662.851: [GC 3727478K->3461795K(4160256K), 0.0066973 secs]
46663.470: [GC 3734435K->3455779K(4160256K), 0.0045478 secs]
46663.855: [GC 3608532K(4160256K), 0.0743125 secs]
46664.264: [GC 3728387K->3449878K(4160256K), 0.0057072 secs]
46665.030: [GC 3722481K->3454831K(4160256K), 0.0058872 secs]
46665.807: [GC 3727438K->3461774K(4160256K), 0.0068044 secs]
46666.473: [GC 3734413K->3455714K(4160256K), 0.0046415 secs]
46666.875: [GC 3728354K->3445341K(4160256K), 0.0050722 secs]
46667.094: [GC 3717981K->3443234K(4160256K), 0.0048320 secs]
46667.412: [GC 3715874K->3443201K(4160256K), 0.0048881 secs]
46668.019: [GC 3715841K->3443335K(4160256K), 0.0049542 secs]
46668.590: [GC 3715974K->3443095K(4160256K), 0.0048349 secs]
46668.826: [GC 3715734K->3443496K(4160256K), 0.0049170 secs]
46669.079: [GC 3716135K->3443429K(4160256K), 0.0052290 secs]
46669.373: [GC 3716068K->3443308K(4160256K), 0.0048743 secs]
46670.074: [GC 3715946K->3443047K(4160256K), 0.0067281 secs]
46670.351: [GC 3715682K->3443089K(4160256K), 0.0047621 secs]
46670.623: [GC 3715729K->3443169K(4160256K), 0.0047467 secs]
46671.208: [GC 3715809K->3442967K(4160256K), 0.0046716 secs]
46672.552: [GC 3709961K->3437213K(4160256K), 0.0048015 secs]
46672.663: [GC 3557639K(4160256K), 0.0548838 secs]
46672.872: [GC 3709853K->3437297K(4160256K), 0.0047983 secs]
46673.142: [GC 3709937K->3437343K(4160256K), 0.0048156 secs]
46696.892: [GC 3560817K(4160256K), 0.0544165 secs]
46941.204: [GC 3703400K->3434770K(4160256K), 0.0097730 secs]
47290.896: [GC 3561761K(4160256K), 0.0051428 secs]
47298.103: [GC 3562972K(4160256K), 0.0044195 secs]
47592.722: [GC 2008599K->1738841K(4160256K), 0.0104408 secs]
47665.903: [GC 1871267K(4160256K), 0.0465980 secs]
47714.719: [GC 2011481K->1740163K(4160256K), 0.0109286 secs]
47812.389: [GC 2012803K->1744512K(4160256K), 0.0119661 secs]
47897.736: [GC 2017152K->1748840K(4160256K), 0.0120835 secs]
47941.524: [GC 1884634K(4160256K), 0.0451669 secs]
47983.087: [GC 2011744K->1745262K(4160256K), 0.0123074 secs]
48068.640: [GC 2017902K->1747893K(4160256K), 0.0144819 secs]
48141.845: [GC 2020533K->1751260K(4160256K), 0.0164691 secs]
48227.186: [GC 2023900K->1752991K(4160256K), 0.0240894 secs]
48300.373: [GC 2025631K->1755985K(4160256K), 0.0225666 secs]
48373.532: [GC 2028625K->1754045K(4160256K), 0.0219428 secs]
48434.861: [GC 2026685K->1759513K(4160256K), 0.0214156 secs]
48508.148: [GC 2032153K->1762046K(4160256K), 0.0200708 secs]
48569.352: [GC 2034686K->1768095K(4160256K), 0.0185926 secs]
48643.035: [GC 2040735K->1762627K(4160256K), 0.0200868 secs]
48704.152: [GC 2035267K->1770347K(4160256K), 0.0193944 secs]
48765.243: [GC 2042987K->1774520K(4160256K), 0.0172907 secs]
48826.257: [GC 2047160K->1773717K(4160256K), 0.0183312 secs]
48887.554: [GC 2046357K->1775703K(4160256K), 0.0178761 secs]
48948.668: [GC 2048343K->1777853K(4160256K), 0.0178183 secs]
49274.631: [GC 2050493K->1777441K(4160256K), 0.0194107 secs]
49396.277: [GC 2050081K->1787876K(4160256K), 0.0209656 secs]
49409.534: [GC 2060516K->1797627K(4160256K), 0.0293043 secs]
49422.481: [GC 2070267K->1828750K(4160256K), 0.0583422 secs]
49423.194: [GC 2101390K->1833643K(4160256K), 0.0210743 secs]
49436.290: [GC 2106283K->1836184K(4160256K), 0.0190919 secs]
49449.628: [GC 2108824K->1858002K(4160256K), 0.0443879 secs]
49450.261: [GC 2130642K->1866648K(4160256K), 0.0380735 secs]
49463.801: [GC 2139288K->1880777K(4160256K), 0.0324416 secs]
49464.466: [GC 2153417K->1896478K(4160256K), 0.0315985 secs]
49477.423: [GC 2169118K->1898942K(4160256K), 0.0188815 secs]
49490.243: [GC 2171582K->1913731K(4160256K), 0.0306199 secs]
49502.833: [GC 2186371K->1921684K(4160256K), 0.0200842 secs]
49527.783: [GC 2194324K->1911779K(4160256K), 0.0114312 secs]
49540.678: [GC 2184419K->1917807K(4160256K), 0.0142612 secs]
49553.608: [GC 2190447K->1941505K(4160256K), 0.0337665 secs]
49554.299: [GC 2214145K->1953038K(4160256K), 0.0233944 secs]
49567.403: [GC 2225678K->1952112K(4160256K), 0.0183289 secs]
49580.420: [GC 2224752K->1974048K(4160256K), 0.0346864 secs]
49581.269: [GC 2246688K->1975357K(4160256K), 0.0226895 secs]
49581.738: [GC 2247997K->1984040K(4160256K), 0.0215127 secs]
49594.879: [GC 2256680K->1985122K(4160256K), 0.0148424 secs]
49607.600: [GC 2257762K->1986651K(4160256K), 0.0132650 secs]
49849.049: [GC 2259291K->1987132K(4160256K), 0.0146984 secs]
49969.901: [GC 2259772K->1990243K(4160256K), 0.0142474 secs]
50102.822: [GC 2262883K->1991455K(4160256K), 0.0189553 secs]
50261.848: [GC 2264095K->1988289K(4160256K), 0.0110200 secs]
50280.063: [GC 2260929K->2021331K(4160256K), 0.0385543 secs]
50281.514: [GC 2293971K->2042737K(4160256K), 0.0430040 secs]
50282.734: [GC 2315377K->2059093K(4160256K), 0.0411098 secs]
50284.262: [GC 2331733K->2073304K(4160256K), 0.0397919 secs]
50285.627: [GC 2345944K->2086626K(4160256K), 0.0403529 secs]
50286.910: [GC 2359266K->2103430K(4160256K), 0.0398231 secs]
50287.952: [GC 2376070K->2123979K(4160256K), 0.0421682 secs]
50289.166: [GC 2396619K->2143904K(4160256K), 0.0431104 secs]
50290.599: [GC 2416544K->2162703K(4160256K), 0.0445515 secs]
50292.018: [GC 2435343K->2180611K(4160256K), 0.0413346 secs]
50293.224: [GC 2453251K->2197042K(4160256K), 0.0396524 secs]
50294.624: [GC 2469682K->2213755K(4160256K), 0.0404340 secs]
50295.764: [GC 2486395K->2226071K(4160256K), 0.0325026 secs]
50297.407: [GC 2498711K->2247195K(4160256K), 0.0464078 secs]
50298.516: [GC 2519835K->2276404K(4160256K), 0.0504742 secs]
50299.918: [GC 2549044K->2305412K(4160256K), 0.0598043 secs]
50301.301: [GC 2578052K->2324850K(4160256K), 0.0474165 secs]
50302.507: [GC 2597490K->2337425K(4160256K), 0.0297280 secs]
50303.844: [GC 2610065K->2369561K(4160256K), 0.0625690 secs]
50304.978: [GC 2642201K->2395738K(4160256K), 0.0521211 secs]
50306.178: [GC 2668378K->2413086K(4160256K), 0.0418782 secs]
50307.659: [GC 2685726K->2431283K(4160256K), 0.0427949 secs]
50309.122: [GC 2703923K->2450538K(4160256K), 0.0434809 secs]
50310.325: [GC 2723178K->2469459K(4160256K), 0.0423276 secs]
50311.518: [GC 2742099K->2493521K(4160256K), 0.0531641 secs]
50312.665: [GC 2766161K->2507583K(4160256K), 0.0338461 secs]
50313.950: [GC 2780223K->2525560K(4160256K), 0.0414465 secs]
50315.440: [GC 2798200K->2552217K(4160256K), 0.0465989 secs]
50316.657: [GC 2824857K->2571627K(4160256K), 0.0405723 secs]
50318.195: [GC 2844267K->2589498K(4160256K), 0.0408840 secs]
50319.427: [GC 2862138K->2603351K(4160256K), 0.0350209 secs]
50320.646: [GC 2875991K->2635442K(4160256K), 0.0634436 secs]
50321.022: [GC 2769077K(4160256K), 0.1101082 secs]
50321.773: [GC 2908082K->2652816K(4160256K), 0.0481750 secs]
50323.022: [GC 2925456K->2666940K(4160256K), 0.0384529 secs]
50324.913: [GC 2939580K->2684274K(4160256K), 0.0413551 secs]
50326.327: [GC 2956914K->2704140K(4160256K), 0.0442304 secs]
50327.576: [GC 2976780K->2721367K(4160256K), 0.0418237 secs]
50329.078: [GC 2994007K->2739465K(4160256K), 0.0425671 secs]
50330.017: [GC 3012105K->2755036K(4160256K), 0.0350914 secs]
50331.506: [GC 3027676K->2776955K(4160256K), 0.0528492 secs]
50332.735: [GC 3049595K->2794792K(4160256K), 0.0454674 secs]
50333.991: [GC 3067432K->2811702K(4160256K), 0.0432702 secs]
50335.506: [GC 3084342K->2828667K(4160256K), 0.0439113 secs]
50337.253: [GC 3101307K->2846366K(4160256K), 0.0445694 secs]
50338.430: [GC 3119006K->2864706K(4160256K), 0.0459652 secs]
50339.429: [GC 3137346K->2886423K(4160256K), 0.0466968 secs]
50340.768: [GC 3159063K->2910528K(4160256K), 0.0541256 secs]
50342.069: [GC 3183168K->2928856K(4160256K), 0.0457192 secs]
50343.560: [GC 3201496K->2947449K(4160256K), 0.0458331 secs]
50344.767: [GC 3220089K->2964918K(4160256K), 0.0446608 secs]
50346.251: [GC 3237558K->2981488K(4160256K), 0.0439767 secs]
50347.164: [GC 3254128K->2995228K(4160256K), 0.0367685 secs]
50347.827: [GC 3137779K(4160256K), 0.0771438 secs]
50348.547: [GC 3196273K->2943783K(4160256K), 0.0505095 secs]
50349.818: [GC 3139055K->2885089K(4160256K), 0.0460633 secs]
50351.015: [GC 3144785K->2891612K(4160256K), 0.0451480 secs]
50352.510: [GC 3143133K->2888312K(4160256K), 0.0503921 secs]
50353.961: [GC 3147199K->2888475K(4160256K), 0.0457869 secs]
50355.268: [GC 3068244K->2813585K(4160256K), 0.0455855 secs]
50356.266: [GC 2997353K->2741171K(4160256K), 0.0438103 secs]
50357.723: [GC 2981459K->2721114K(4160256K), 0.0341193 secs]
50358.388: [GC 2841735K(4160256K), 0.0937800 secs]
50359.121: [GC 2993754K->2741156K(4160256K), 0.0485919 secs]
50360.623: [GC 3013796K->2758682K(4160256K), 0.0491872 secs]
50361.816: [GC 3031322K->2776072K(4160256K), 0.0528181 secs]
50363.297: [GC 3048712K->2793653K(4160256K), 0.0448693 secs]
50364.266: [GC 3066293K->2807434K(4160256K), 0.0465242 secs]
50365.711: [GC 3080074K->2833805K(4160256K), 0.0591703 secs]
50366.990: [GC 3106445K->2846268K(4160256K), 0.0412288 secs]
50368.185: [GC 3118908K->2863106K(4160256K), 0.0445197 secs]
50369.751: [GC 3135746K->2881813K(4160256K), 0.0522343 secs]
50370.896: [GC 3154453K->2896044K(4160256K), 0.0367637 secs]
50372.245: [GC 3168684K->2925742K(4160256K), 0.0633483 secs]
50373.426: [GC 3198382K->2957135K(4160256K), 0.0591504 secs]
50374.672: [GC 3229775K->2976032K(4160256K), 0.0448699 secs]
50376.163: [GC 3248672K->2997172K(4160256K), 0.0484312 secs]
50377.410: [GC 3269812K->3010967K(4160256K), 0.0387384 secs]
50378.689: [GC 3283607K->3054449K(4160256K), 0.0760479 secs]
50379.787: [GC 3327089K->3071780K(4160256K), 0.0442471 secs]
50380.974: [GC 3344420K->3088375K(4160256K), 0.0431406 secs]
50382.454: [GC 3361015K->3105366K(4160256K), 0.0443064 secs]
50383.967: [GC 3378006K->3123860K(4160256K), 0.0450771 secs]
50385.168: [GC 3396500K->3141439K(4160256K), 0.0447990 secs]
50386.138: [GC 3377198K(4160256K), 0.0765842 secs]
50386.472: [GC 3414079K->3165181K(4160256K), 0.0563813 secs]
50387.649: [GC 3386019K->3127068K(4160256K), 0.0364154 secs]
50388.935: [GC 3375976K->3120815K(4160256K), 0.0438282 secs]
50390.437: [GC 3376078K->3121401K(4160256K), 0.0447092 secs]
50391.605: [GC 3392074K->3137428K(4160256K), 0.0443702 secs]
50393.115: [GC 3367768K->3114462K(4160256K), 0.0418497 secs]
50393.637: [GC 3229599K(4160256K), 0.0942931 secs]
50394.076: [GC 3387102K->3127526K(4160256K), 0.0357749 secs]
50395.367: [GC 3400166K->3147589K(4160256K), 0.0454941 secs]
50396.938: [GC 3420229K->3168996K(4160256K), 0.0477872 secs]
50398.130: [GC 3441636K->3190704K(4160256K), 0.0477478 secs]
50399.561: [GC 3463344K->3225447K(4160256K), 0.0661761 secs]
50400.828: [GC 3498087K->3248309K(4160256K), 0.0635462 secs]
50402.117: [GC 3520949K->3262816K(4160256K), 0.0421252 secs]
50403.278: [GC 3535456K->3279228K(4160256K), 0.0448738 secs]
50404.531: [GC 3551868K->3304036K(4160256K), 0.0492837 secs]
50405.950: [GC 3576676K->3309140K(4160256K), 0.0358390 secs]
50407.292: [GC 3581780K->3357551K(4160256K), 0.0784373 secs]
50408.541: [GC 3630191K->3376797K(4160256K), 0.0441615 secs]
50409.713: [GC 3649437K->3399963K(4160256K), 0.0483180 secs]
50410.901: [GC 3672603K->3417396K(4160256K), 0.0456945 secs]
50412.065: [GC 3690036K->3433754K(4160256K), 0.0463991 secs]
50413.434: [GC 3706394K->3453686K(4160256K), 0.0521439 secs]
50414.200: [GC 3601720K(4160256K), 0.0733183 secs]
50414.971: [GC 3725251K->3471280K(4160256K), 0.0422006 secs]
50416.215: [GC 3743541K->3488303K(4160256K), 0.0429478 secs]
50417.592: [GC 3758545K->3498894K(4160256K), 0.0396149 secs]
50418.956: [GC 3698263K->3445431K(4160256K), 0.0478318 secs]
50420.030: [GC 3686968K->3431712K(4160256K), 0.0453921 secs]
50421.208: [GC 3666793K->3411150K(4160256K), 0.0429312 secs]
50422.760: [GC 3683790K->3427407K(4160256K), 0.0407054 secs]
50423.349: [GC 3537063K(4160256K), 0.0907379 secs]
50424.048: [GC 3700047K->3447520K(4160256K), 0.0457243 secs]
50425.658: [GC 3720160K->3480268K(4160256K), 0.0651947 secs]
50427.237: [GC 3752908K->3500153K(4160256K), 0.0497330 secs]
50428.516: [GC 3772793K->3523412K(4160256K), 0.0503572 secs]
50429.791: [GC 3796052K->3545027K(4160256K), 0.0481326 secs]
50431.000: [GC 3817667K->3565728K(4160256K), 0.0479505 secs]
50432.407: [GC 3838368K->3590655K(4160256K), 0.0580740 secs]
50433.849: [GC 3863295K->3612269K(4160256K), 0.0483793 secs]
50434.601: [GC 3884909K->3629038K(4160256K), 0.0284429 secs]
50435.346: [GC 3901678K->3614289K(4160256K), 0.0085309 secs]
50435.927: [GC 3823075K(4160256K), 0.0567318 secs]
50436.165: [GC 3886929K->3620064K(4160256K), 0.0090456 secs]
50436.817: [GC 3875389K->3604233K(4160256K), 0.0142067 secs]
50437.560: [GC 3860218K->3579687K(4160256K), 0.0051803 secs]
50438.323: [GC 3840109K->3568834K(4160256K), 0.0059500 secs]
50439.124: [GC 3829895K->3566405K(4160256K), 0.0066492 secs]
50439.723: [GC 3823169K->3544188K(4160256K), 0.0047627 secs]
50440.455: [GC 3790498K->3513328K(4160256K), 0.0055369 secs]
50440.716: [GC 3612529K(4160256K), 0.0629102 secs]
50441.280: [GC 3785968K->3519685K(4160256K), 0.0063121 secs]
50441.990: [GC 3792325K->3522118K(4160256K), 0.0064388 secs]
50442.569: [GC 3794758K->3517540K(4160256K), 0.0049003 secs]
50443.312: [GC 3790180K->3514853K(4160256K), 0.0059337 secs]
50444.103: [GC 3787493K->3523614K(4160256K), 0.0074202 secs]
50444.718: [GC 3796254K->3519075K(4160256K), 0.0056655 secs]
50445.435: [GC 3791715K->3516143K(4160256K), 0.0054901 secs]
50446.199: [GC 3788783K->3518389K(4160256K), 0.0062172 secs]
50446.950: [GC 3791029K->3522326K(4160256K), 0.0064343 secs]
50447.557: [GC 3794966K->3516454K(4160256K), 0.0047832 secs]
50448.296: [GC 3789094K->3512657K(4160256K), 0.0055289 secs]
50449.059: [GC 3785297K->3519920K(4160256K), 0.0062781 secs]
50449.711: [GC 3792560K->3524467K(4160256K), 0.0063772 secs]
50450.336: [GC 3797107K->3517126K(4160256K), 0.0049702 secs]
50451.068: [GC 3789766K->3515600K(4160256K), 0.0058096 secs]
50451.826: [GC 3788240K->3522157K(4160256K), 0.0064452 secs]
50452.401: [GC 3794797K->3520796K(4160256K), 0.0058310 secs]
50453.120: [GC 3793436K->3512373K(4160256K), 0.0053057 secs]
50453.893: [GC 3785013K->3519434K(4160256K), 0.0061251 secs]
50454.647: [GC 3792074K->3523578K(4160256K), 0.0065305 secs]
50454.997: [GC 3693829K(4160256K), 0.0354734 secs]
50455.292: [GC 3796193K->3517452K(4160256K), 0.0048949 secs]
50456.031: [GC 3786901K->3511227K(4160256K), 0.0056896 secs]
50456.806: [GC 3769668K->3504821K(4160256K), 0.0066931 secs]
50457.352: [GC 3773442K->3505583K(4160256K), 0.0071348 secs]
50458.083: [GC 3775017K->3488068K(4160256K), 0.0052618 secs]
50458.855: [GC 3758857K->3492633K(4160256K), 0.0059263 secs]
50459.632: [GC 3754127K->3489331K(4160256K), 0.0065806 secs]
50460.157: [GC 3760834K->3478692K(4160256K), 0.0044840 secs]
50460.853: [GC 3733936K->3455521K(4160256K), 0.0055793 secs]
50461.137: [GC 3565600K(4160256K), 0.0708000 secs]
50461.671: [GC 3728161K->3461579K(4160256K), 0.0060867 secs]
50462.408: [GC 3734219K->3468562K(4160256K), 0.0064609 secs]
50462.884: [GC 3741202K->3461618K(4160256K), 0.0048426 secs]
50463.077: [GC 3734258K->3453411K(4160256K), 0.0050568 secs]
50463.391: [GC 3726051K->3454855K(4160256K), 0.0053702 secs]
50463.663: [GC 3727495K->3459165K(4160256K), 0.0055401 secs]
50463.856: [GC 3731805K->3460806K(4160256K), 0.0057483 secs]
50464.112: [GC 3733446K->3465435K(4160256K), 0.0174348 secs]
50464.410: [GC 3738075K->3462821K(4160256K), 0.0065988 secs]
50464.622: [GC 3735461K->3466974K(4160256K), 0.0062040 secs]
50464.942: [GC 3739614K->3469485K(4160256K), 0.0062554 secs]
50465.351: [GC 3742125K->3469492K(4160256K), 0.0063782 secs]
50465.633: [GC 3742132K->3464565K(4160256K), 0.0054808 secs]
50465.961: [GC 3737205K->3458024K(4160256K), 0.0068368 secs]
50466.696: [GC 3730664K->3462826K(4160256K), 0.0056357 secs]
50467.441: [GC 3735466K->3466825K(4160256K), 0.0061383 secs]
50468.202: [GC 3739465K->3477667K(4160256K), 0.0067371 secs]
50468.795: [GC 3750307K->3467746K(4160256K), 0.0046101 secs]
50469.487: [GC 3740386K->3461789K(4160256K), 0.0054019 secs]
50470.222: [GC 3734429K->3468214K(4160256K), 0.0061502 secs]
50470.965: [GC 3740854K->3475858K(4160256K), 0.0067024 secs]
50471.487: [GC 3748498K->3468106K(4160256K), 0.0046684 secs]
50472.198: [GC 3740746K->3463359K(4160256K), 0.0057303 secs]
50472.933: [GC 3735999K->3468269K(4160256K), 0.0061309 secs]
50473.629: [GC 3740909K->3474627K(4160256K), 0.0063907 secs]
50474.199: [GC 3747267K->3466482K(4160256K), 0.0051293 secs]
50474.918: [GC 3739122K->3463430K(4160256K), 0.0055584 secs]
50475.670: [GC 3736070K->3469543K(4160256K), 0.0064484 secs]
50476.276: [GC 3742183K->3467905K(4160256K), 0.0062191 secs]
50476.943: [GC 3740545K->3465703K(4160256K), 0.0051142 secs]
50477.679: [GC 3738343K->3464872K(4160256K), 0.0059792 secs]
50478.452: [GC 3737512K->3470408K(4160256K), 0.0064064 secs]
50479.007: [GC 3743048K->3466550K(4160256K), 0.0045045 secs]
50479.709: [GC 3739190K->3462212K(4160256K), 0.0053631 secs]
50480.201: [GC 3648093K(4160256K), 0.0742573 secs]
50480.520: [GC 3734852K->3467087K(4160256K), 0.0059702 secs]
50481.215: [GC 3739721K->3474706K(4160256K), 0.0065430 secs]
50481.835: [GC 3747328K->3466457K(4160256K), 0.0048641 secs]
50482.594: [GC 3739035K->3462449K(4160256K), 0.0054901 secs]
50483.384: [GC 3735062K->3470778K(4160256K), 0.0073981 secs]
50484.150: [GC 3743417K->3473273K(4160256K), 0.0074436 secs]
50484.800: [GC 3745878K->3466449K(4160256K), 0.0048663 secs]
50485.536: [GC 3739087K->3463545K(4160256K), 0.0064369 secs]
50486.301: [GC 3736184K->3469796K(4160256K), 0.0064407 secs]
50487.022: [GC 3742435K->3475779K(4160256K), 0.0064924 secs]
50487.656: [GC 3748418K->3463352K(4160256K), 0.0066328 secs]
50487.949: [GC 3578014K(4160256K), 0.0761906 secs]
50488.467: [GC 3735992K->3462677K(4160256K), 0.0055328 secs]
50489.216: [GC 3735317K->3469907K(4160256K), 0.0061133 secs]
50489.933: [GC 3742547K->3470649K(4160256K), 0.0064853 secs]
50490.403: [GC 3743289K->3466445K(4160256K), 0.0049481 secs]
50490.566: [GC 3739085K->3459831K(4160256K), 0.0062897 secs]
50490.882: [GC 3732471K->3460670K(4160256K), 0.0052788 secs]
50491.170: [GC 3733310K->3462665K(4160256K), 0.0055947 secs]
50491.332: [GC 3735305K->3465637K(4160256K), 0.0058779 secs]
50491.660: [GC 3738277K->3465690K(4160256K), 0.0060475 secs]
50491.858: [GC 3738330K->3472150K(4160256K), 0.0065876 secs]
50492.094: [GC 3744790K->3471300K(4160256K), 0.0060822 secs]
50492.418: [GC 3743940K->3473565K(4160256K), 0.0091255 secs]
50492.850: [GC 3746205K->3478292K(4160256K), 0.0059994 secs]
50493.105: [GC 3750932K->3468473K(4160256K), 0.0055347 secs]
50493.468: [GC 3741113K->3463782K(4160256K), 0.0059702 secs]
50494.210: [GC 3736422K->3467776K(4160256K), 0.0056283 secs]
50494.974: [GC 3740416K->3474637K(4160256K), 0.0062159 secs]
50495.767: [GC 3747277K->3480501K(4160256K), 0.0065754 secs]
50496.369: [GC 3753141K->3472374K(4160256K), 0.0049689 secs]
50497.103: [GC 3745014K->3468026K(4160256K), 0.0055578 secs]
50497.861: [GC 3740666K->3474520K(4160256K), 0.0062233 secs]
50498.654: [GC 3747160K->3479898K(4160256K), 0.0067271 secs]
50499.263: [GC 3752538K->3472704K(4160256K), 0.0046620 secs]
50499.989: [GC 3745344K->3468123K(4160256K), 0.0053586 secs]
50500.759: [GC 3740763K->3473225K(4160256K), 0.0061226 secs]
50501.544: [GC 3745865K->3481784K(4160256K), 0.0066389 secs]
50502.213: [GC 3754424K->3472722K(4160256K), 0.0046957 secs]
50502.948: [GC 3745362K->3468116K(4160256K), 0.0054552 secs]
50503.732: [GC 3740756K->3473217K(4160256K), 0.0061174 secs]
50504.512: [GC 3745857K->3479027K(4160256K), 0.0066486 secs]
50505.199: [GC 3751667K->3473186K(4160256K), 0.0047941 secs]
50505.451: [GC 3745826K->3462129K(4160256K), 0.0047136 secs]
50505.680: [GC 3734769K->3459755K(4160256K), 0.0046979 secs]
50506.343: [GC 3732395K->3459247K(4160256K), 0.0046877 secs]
50506.610: [GC 3731887K->3459490K(4160256K), 0.0047082 secs]
50507.164: [GC 3732130K->3459255K(4160256K), 0.0047893 secs]
50507.381: [GC 3731895K->3459449K(4160256K), 0.0070395 secs]
50507.651: [GC 3732089K->3459846K(4160256K), 0.0047948 secs]
50508.091: [GC 3732486K->3459331K(4160256K), 0.0045959 secs]
50508.652: [GC 3731971K->3459258K(4160256K), 0.0047143 secs]
50508.929: [GC 3731898K->3459409K(4160256K), 0.0046418 secs]
50509.225: [GC 3732049K->3459417K(4160256K), 0.0064590 secs]
50509.822: [GC 3732057K->3459138K(4160256K), 0.0045443 secs]
50511.129: [GC 3731778K->3459242K(4160256K), 0.0046591 secs]
50511.396: [GC 3731882K->3459542K(4160256K), 0.0048147 secs]
50511.667: [GC 3732182K->3459410K(4160256K), 0.0045629 secs]
50585.264: [GC 3576886K(4160256K), 0.0335921 secs]
50853.375: [GC 3726289K->3457379K(4160256K), 0.0101371 secs]
51154.839: [GC 3578771K(4160256K), 0.0059305 secs]
51162.000: [GC 3580800K(4160256K), 0.0052675 secs]
51240.065: [GC 2023918K->1755592K(4160256K), 0.0094372 secs]
51288.842: [GC 1883762K(4160256K), 0.0445242 secs]
51296.039: [GC 1887091K(4160256K), 0.0405806 secs]
51349.720: [GC 2025020K->1754664K(4160256K), 0.0101419 secs]
51386.526: [GC 1888867K(4160256K), 0.0493065 secs]
51393.684: [GC 1893660K(4160256K), 0.0442006 secs]
51435.329: [GC 2024739K->1756089K(4160256K), 0.0110732 secs]
51520.767: [GC 2028729K->1760901K(4160256K), 0.0131323 secs]
51606.038: [GC 2033541K->1765119K(4160256K), 0.0147987 secs]
51691.337: [GC 2037759K->1768622K(4160256K), 0.0159723 secs]
51764.530: [GC 2041262K->1769871K(4160256K), 0.0234393 secs]
51850.093: [GC 2042511K->1768937K(4160256K), 0.0258367 secs]
51923.376: [GC 2041577K->1775903K(4160256K), 0.0249294 secs]
51996.536: [GC 2048543K->1774810K(4160256K), 0.0235920 secs]
52057.633: [GC 2047450K->1780331K(4160256K), 0.0256305 secs]
52130.787: [GC 2052971K->1778353K(4160256K), 0.0209014 secs]
52191.972: [GC 2050993K->1779914K(4160256K), 0.0213687 secs]
52265.174: [GC 2052554K->1783286K(4160256K), 0.0201805 secs]
52326.288: [GC 2055926K->1785045K(4160256K), 0.0203870 secs]
52387.338: [GC 2057685K->1785819K(4160256K), 0.0180788 secs]
52448.570: [GC 2058459K->1792425K(4160256K), 0.0192548 secs]
52510.271: [GC 2065065K->1791423K(4160256K), 0.0187946 secs]
52644.751: [GC 2064063K->1793951K(4160256K), 0.1454999 secs]
53030.896: [GC 2066589K->1799972K(4160256K), 0.1074305 secs]
